[norm] action mean=[-0.01484401  0.          0.01575156  0.        ], std=[7.72976437e-02 1.00000000e-08 8.20558954e-02 1.00000000e-08]  (from phyworld_collision_id1k.h5)
[ckpt] /data1/likun-share/junjxu/.stable_worldmodel/sc_col_reweight_s42/sc_col_reweight_s42_epoch_20_object.ckpt  tag=sc_col_reweight_s42
  rolled out 100 trajs, t=30s
  rolled out 200 trajs, t=53s
  rolled out 300 trajs, t=76s
  rolled out 400 trajs, t=101s
  rolled out 500 trajs, t=127s

[data] 500 trajs, 14500 (frame,pred) pairs, emb dim=192

=== collision AR ROLLOUT (LeWM ID-only FT, history_size=3) ===
--- latent fidelity (pred vs real emb), test trajs, by partition ---
  ID         n=  203  cos=+0.7849  nMSE=0.4633
  r/m-OOD    n=  754  cos=+0.8871  nMSE=0.2512
  v-OOD      n=  290  cos=+0.7088  nMSE=0.6124
  both-OOD   n= 1653  cos=+0.7380  nMSE=0.5988

--- latent fidelity vs horizon (test, aggregate) ---
  h=  1  n=  100  cos=+0.9948  nMSE=0.0144
  h=  2  n=  100  cos=+0.9884  nMSE=0.0299
  h=  4  n=  100  cos=+0.9706  nMSE=0.0710
  h=  8  n=  100  cos=+0.9253  nMSE=0.1795
  h= 16  n=  100  cos=+0.7731  nMSE=0.4994
  h= 28  n=  100  cos=+0.5481  nMSE=1.0568

--- decoded pos/vel ρ from ROLLED-OUT latents (test), by partition ---
  [baseline] probe applied to REAL embs:
  REAL ID                   pos0ρ=+0.921  pos1ρ=+0.946  vel0ρ=+0.657  vel1ρ=+0.764
  REAL r/m-OOD              pos0ρ=+0.847  pos1ρ=+0.811  vel0ρ=+0.792  vel1ρ=+0.747
  REAL v-OOD                pos0ρ=+0.903  pos1ρ=+0.940  vel0ρ=+0.635  vel1ρ=+0.722
  REAL both-OOD             pos0ρ=+0.910  pos1ρ=+0.866  vel0ρ=+0.897  vel1ρ=+0.784
  [rollout] probe applied to PREDICTED embs:
  PRED ID                   pos0ρ=+0.790  pos1ρ=+0.643  vel0ρ=+0.631  vel1ρ=+0.531
  PRED r/m-OOD              pos0ρ=+0.819  pos1ρ=+0.794  vel0ρ=+0.729  vel1ρ=+0.720
  PRED v-OOD                pos0ρ=+0.718  pos1ρ=+0.605  vel0ρ=+0.362  vel1ρ=+0.477
  PRED both-OOD             pos0ρ=+0.760  pos1ρ=+0.744  vel0ρ=+0.754  vel1ρ=+0.656

--- decoded vel ρ from PRED latents vs horizon (test, aggregate) ---
  h=  1  n=  100  vel0ρ=+0.002  vel1ρ=+0.027
  h=  2  n=  100  vel0ρ=+0.042  vel1ρ=+0.065
  h=  4  n=  100  vel0ρ=+0.106  vel1ρ=+0.114
  h=  8  n=  100  vel0ρ=+0.531  vel1ρ=+0.610
  h= 16  n=  100  vel0ρ=+0.831  vel1ρ=+0.725
  h= 28  n=  100  vel0ρ=+0.838  vel1ρ=+0.773

--- [K=4] decoded pos/vel ρ from ROLLED-OUT latents (test), by partition ---
  [K=4] probe applied to PREDICTED embs (stack 4 consecutive predicted latents):
  PRED-K4 ID          pos0ρ=+0.812  pos1ρ=+0.729  vel0ρ=+0.645  vel1ρ=+0.721
  PRED-K4 r/m-OOD     pos0ρ=+0.817  pos1ρ=+0.796  vel0ρ=+0.762  vel1ρ=+0.694
  PRED-K4 v-OOD       pos0ρ=+0.660  pos1ρ=+0.603  vel0ρ=+0.453  vel1ρ=+0.501
  PRED-K4 both-OOD    pos0ρ=+0.762  pos1ρ=+0.729  vel0ρ=+0.743  vel1ρ=+0.667

--- [K=4] decoded vel ρ from PRED latents vs horizon (test, aggregate) ---
  h=  4  n=  100  vel0ρ=+0.300  vel1ρ=-0.067
  h=  8  n=  100  vel0ρ=+0.547  vel1ρ=+0.728
  h= 16  n=  100  vel0ρ=+0.741  vel1ρ=+0.601
  h= 28  n=  100  vel0ρ=+0.817  vel1ρ=+0.763

Total 129s
