[norm] action mean=[ 0.24667731 -0.40296947], std=[0.08836433 0.229554  ]  (from phyworld_parabola_id1k.h5)
[ckpt] /data1/likun-share/junjxu/.stable_worldmodel/sc_par_probeslot_s1234/sc_par_probeslot_s1234_epoch_20_object.ckpt  tag=sc_par_probeslot_s1234
  rolled out 100 trajs, t=33s
  rolled out 200 trajs, t=60s
  rolled out 300 trajs, t=88s
  rolled out 400 trajs, t=115s
  rolled out 500 trajs, t=143s

[data] 500 trajs, 14500 (frame,pred) pairs, emb dim=192
/home/likun-share/junjxu/wm/phyworld/scripts/rollout_eval_id1k.py:242: ConstantInputWarning: An input array is constant; the correlation coefficient is not defined.
  rhos = [pearsonr(vel_all[m][:, d], pv[:, d])[0] for d in range(vel_all.shape[1])]
/home/likun-share/junjxu/wm/phyworld/scripts/rollout_eval_id1k.py:242: NearConstantInputWarning: An input array is nearly constant; the computed correlation coefficient may be inaccurate.
  rhos = [pearsonr(vel_all[m][:, d], pv[:, d])[0] for d in range(vel_all.shape[1])]
/home/likun-share/junjxu/wm/phyworld/scripts/rollout_eval_id1k.py:242: NearConstantInputWarning: An input array is nearly constant; the computed correlation coefficient may be inaccurate.
  rhos = [pearsonr(vel_all[m][:, d], pv[:, d])[0] for d in range(vel_all.shape[1])]
/home/likun-share/junjxu/wm/le-wm/.venv/lib/python3.10/site-packages/sklearn/linear_model/_ridge.py:213: LinAlgWarning: Ill-conditioned matrix (rcond=5.76037e-08): result may not be accurate.
  return linalg.solve(A, Xy, assume_a="pos", overwrite_a=True).T
/home/likun-share/junjxu/wm/le-wm/.venv/lib/python3.10/site-packages/sklearn/linear_model/_ridge.py:213: LinAlgWarning: Ill-conditioned matrix (rcond=5.76037e-08): result may not be accurate.
  return linalg.solve(A, Xy, assume_a="pos", overwrite_a=True).T
/home/likun-share/junjxu/wm/phyworld/scripts/rollout_eval_id1k.py:296: ConstantInputWarning: An input array is constant; the correlation coefficient is not defined.
  rhos = [pearsonr(vel_all[m][:, d], pv[:, d])[0] for d in range(vel_all.shape[1])]
/home/likun-share/junjxu/wm/phyworld/scripts/rollout_eval_id1k.py:296: NearConstantInputWarning: An input array is nearly constant; the computed correlation coefficient may be inaccurate.
  rhos = [pearsonr(vel_all[m][:, d], pv[:, d])[0] for d in range(vel_all.shape[1])]
/home/likun-share/junjxu/wm/phyworld/scripts/rollout_eval_id1k.py:296: NearConstantInputWarning: An input array is nearly constant; the computed correlation coefficient may be inaccurate.
  rhos = [pearsonr(vel_all[m][:, d], pv[:, d])[0] for d in range(vel_all.shape[1])]

=== parabola AR ROLLOUT (LeWM ID-only FT, history_size=3) ===
--- latent fidelity (pred vs real emb), test trajs, by partition ---
  ID         n=  464  cos=+0.9913  nMSE=0.0120
  r/m-OOD    n=  319  cos=+0.9727  nMSE=0.0723
  v-OOD      n=  928  cos=+0.9206  nMSE=0.1688
  both-OOD   n= 1189  cos=+0.9002  nMSE=0.2697

--- latent fidelity vs horizon (test, aggregate) ---
  h=  1  n=  100  cos=+0.9839  nMSE=0.0530
  h=  2  n=  100  cos=+0.9706  nMSE=0.0794
  h=  4  n=  100  cos=+0.9599  nMSE=0.1194
  h=  8  n=  100  cos=+0.9535  nMSE=0.1546
  h= 16  n=  100  cos=+0.8296  nMSE=0.3734
  h= 28  n=  100  cos=+0.9862  nMSE=299089.6875

--- decoded pos/vel ρ from ROLLED-OUT latents (test), by partition ---
  [baseline] probe applied to REAL embs:
  REAL ID                   pos0ρ=+0.950  pos1ρ=+0.985  vel0ρ=+0.147  vel1ρ=+0.988
  REAL r/m-OOD              pos0ρ=+0.917  pos1ρ=+0.979  vel0ρ=+0.437  vel1ρ=+0.984
  REAL v-OOD                pos0ρ=+0.888  pos1ρ=+0.902  vel0ρ=+0.604  vel1ρ=+0.952
  REAL both-OOD             pos0ρ=+0.854  pos1ρ=+0.915  vel0ρ=+0.653  vel1ρ=+0.960
  [rollout] probe applied to PREDICTED embs:
  PRED ID                   pos0ρ=+0.950  pos1ρ=+0.984  vel0ρ=+0.171  vel1ρ=+0.985
  PRED r/m-OOD              pos0ρ=+0.906  pos1ρ=+0.975  vel0ρ=+0.480  vel1ρ=+0.973
  PRED v-OOD                pos0ρ=+0.908  pos1ρ=+0.930  vel0ρ=+0.424  vel1ρ=+0.971
  PRED both-OOD             pos0ρ=+0.861  pos1ρ=+0.931  vel0ρ=+0.619  vel1ρ=+0.968

--- decoded vel ρ from PRED latents vs horizon (test, aggregate) ---
  h=  1  n=  100  vel0ρ=+0.185  vel1ρ=-0.263
  h=  2  n=  100  vel0ρ=+0.333  vel1ρ=+0.042
  h=  4  n=  100  vel0ρ=+0.374  vel1ρ=-0.114
  h=  8  n=  100  vel0ρ=+0.661  vel1ρ=+nan
  h= 16  n=  100  vel0ρ=+0.577  vel1ρ=+0.030
  h= 28  n=  100  vel0ρ=-0.628  vel1ρ=+0.051

--- [K=4] decoded pos/vel ρ from ROLLED-OUT latents (test), by partition ---
  [K=4] probe applied to PREDICTED embs (stack 4 consecutive predicted latents):
  PRED-K4 ID          pos0ρ=+0.941  pos1ρ=+0.988  vel0ρ=+0.739  vel1ρ=+0.990
  PRED-K4 r/m-OOD     pos0ρ=+0.912  pos1ρ=+0.978  vel0ρ=+0.661  vel1ρ=+0.979
  PRED-K4 v-OOD       pos0ρ=+0.917  pos1ρ=+0.952  vel0ρ=+0.672  vel1ρ=+0.977
  PRED-K4 both-OOD    pos0ρ=+0.888  pos1ρ=+0.944  vel0ρ=+0.746  vel1ρ=+0.957

--- [K=4] decoded vel ρ from PRED latents vs horizon (test, aggregate) ---
  h=  4  n=  100  vel0ρ=+0.888  vel1ρ=-0.170
  h=  8  n=  100  vel0ρ=+0.901  vel1ρ=+nan
  h= 16  n=  100  vel0ρ=+0.736  vel1ρ=+0.043
  h= 28  n=  100  vel0ρ=-0.081  vel1ρ=-0.023

Total 146s
