[norm] action mean=[-0.01484401  0.          0.01575156  0.        ], std=[7.72976437e-02 1.00000000e-08 8.20558954e-02 1.00000000e-08]  (from phyworld_collision_id1k.h5)
[ckpt] /data1/likun-share/junjxu/.stable_worldmodel/sc_col_dynmlp_s1234/sc_col_dynmlp_s1234_epoch_20_object.ckpt  tag=sc_col_dynmlp_s1234
  rolled out 100 trajs, t=28s
  rolled out 200 trajs, t=50s
  rolled out 300 trajs, t=70s
  rolled out 400 trajs, t=90s
  rolled out 500 trajs, t=108s

[data] 500 trajs, 14500 (frame,pred) pairs, emb dim=192

=== collision AR ROLLOUT (LeWM ID-only FT, history_size=3) ===
--- latent fidelity (pred vs real emb), test trajs, by partition ---
  ID         n=  203  cos=+0.8690  nMSE=0.2770
  r/m-OOD    n=  754  cos=+0.8076  nMSE=0.3746
  v-OOD      n=  290  cos=+0.7329  nMSE=0.5776
  both-OOD   n= 1653  cos=+0.7118  nMSE=0.5833

--- latent fidelity vs horizon (test, aggregate) ---
  h=  1  n=  100  cos=+0.9960  nMSE=0.0106
  h=  2  n=  100  cos=+0.9912  nMSE=0.0220
  h=  4  n=  100  cos=+0.9764  nMSE=0.0563
  h=  8  n=  100  cos=+0.9374  nMSE=0.1486
  h= 16  n=  100  cos=+0.7645  nMSE=0.5159
  h= 28  n=  100  cos=+0.4268  nMSE=1.1391

--- decoded pos/vel ρ from ROLLED-OUT latents (test), by partition ---
  [baseline] probe applied to REAL embs:
  REAL ID                   pos0ρ=+0.941  pos1ρ=+0.946  vel0ρ=+0.725  vel1ρ=+0.754
  REAL r/m-OOD              pos0ρ=+0.846  pos1ρ=+0.809  vel0ρ=+0.778  vel1ρ=+0.759
  REAL v-OOD                pos0ρ=+0.911  pos1ρ=+0.861  vel0ρ=+0.629  vel1ρ=+0.666
  REAL both-OOD             pos0ρ=+0.905  pos1ρ=+0.862  vel0ρ=+0.897  vel1ρ=+0.779
  [rollout] probe applied to PREDICTED embs:
  PRED ID                   pos0ρ=+0.820  pos1ρ=+0.547  vel0ρ=+0.572  vel1ρ=+0.357
  PRED r/m-OOD              pos0ρ=+0.289  pos1ρ=+0.366  vel0ρ=+0.488  vel1ρ=+0.590
  PRED v-OOD                pos0ρ=+0.739  pos1ρ=+0.501  vel0ρ=+0.590  vel1ρ=+0.365
  PRED both-OOD             pos0ρ=+0.308  pos1ρ=+0.727  vel0ρ=+0.757  vel1ρ=+0.647

--- decoded vel ρ from PRED latents vs horizon (test, aggregate) ---
  h=  1  n=  100  vel0ρ=+0.107  vel1ρ=-0.011
  h=  2  n=  100  vel0ρ=+0.168  vel1ρ=+0.054
  h=  4  n=  100  vel0ρ=+0.286  vel1ρ=+0.142
  h=  8  n=  100  vel0ρ=+0.634  vel1ρ=+0.591
  h= 16  n=  100  vel0ρ=+0.826  vel1ρ=+0.775
  h= 28  n=  100  vel0ρ=+0.457  vel1ρ=+0.709

--- [K=4] decoded pos/vel ρ from ROLLED-OUT latents (test), by partition ---
  [K=4] probe applied to PREDICTED embs (stack 4 consecutive predicted latents):
  PRED-K4 ID          pos0ρ=+0.801  pos1ρ=+0.512  vel0ρ=+0.456  vel1ρ=+0.556
  PRED-K4 r/m-OOD     pos0ρ=+0.344  pos1ρ=+0.474  vel0ρ=+0.564  vel1ρ=+0.507
  PRED-K4 v-OOD       pos0ρ=+0.821  pos1ρ=+0.429  vel0ρ=+0.284  vel1ρ=+0.353
  PRED-K4 both-OOD    pos0ρ=+0.414  pos1ρ=+0.750  vel0ρ=+0.649  vel1ρ=+0.619

--- [K=4] decoded vel ρ from PRED latents vs horizon (test, aggregate) ---
  h=  4  n=  100  vel0ρ=+0.065  vel1ρ=-0.113
  h=  8  n=  100  vel0ρ=+0.463  vel1ρ=+0.671
  h= 16  n=  100  vel0ρ=+0.727  vel1ρ=+0.681
  h= 28  n=  100  vel0ρ=+0.538  vel1ρ=+0.709

Total 109s
