[norm] action mean=[-0.01484401  0.          0.01575156  0.        ], std=[7.72976437e-02 1.00000000e-08 8.20558954e-02 1.00000000e-08]  (from phyworld_collision_id1k.h5)
[ckpt] /data1/likun-share/junjxu/.stable_worldmodel/sc_col_probe_s42/sc_col_probe_s42_epoch_20_object.ckpt  tag=sc_col_probe_s42
  rolled out 100 trajs, t=60s
  rolled out 200 trajs, t=89s
  rolled out 300 trajs, t=116s
  rolled out 400 trajs, t=143s
  rolled out 500 trajs, t=170s

[data] 500 trajs, 14500 (frame,pred) pairs, emb dim=192

=== collision AR ROLLOUT (LeWM ID-only FT, history_size=3) ===
--- latent fidelity (pred vs real emb), test trajs, by partition ---
  ID         n=  203  cos=+0.7609  nMSE=0.4921
  r/m-OOD    n=  754  cos=+0.8609  nMSE=0.2908
  v-OOD      n=  290  cos=+0.6552  nMSE=0.7361
  both-OOD   n= 1653  cos=+0.6883  nMSE=0.6596

--- latent fidelity vs horizon (test, aggregate) ---
  h=  1  n=  100  cos=+0.9915  nMSE=0.0239
  h=  2  n=  100  cos=+0.9819  nMSE=0.0475
  h=  4  n=  100  cos=+0.9521  nMSE=0.1169
  h=  8  n=  100  cos=+0.8870  nMSE=0.2665
  h= 16  n=  100  cos=+0.7296  nMSE=0.5711
  h= 28  n=  100  cos=+0.4948  nMSE=1.0859

--- decoded pos/vel ρ from ROLLED-OUT latents (test), by partition ---
  [baseline] probe applied to REAL embs:
  REAL ID                   pos0ρ=+0.949  pos1ρ=+0.931  vel0ρ=+0.675  vel1ρ=+0.802
  REAL r/m-OOD              pos0ρ=+0.837  pos1ρ=+0.791  vel0ρ=+0.786  vel1ρ=+0.753
  REAL v-OOD                pos0ρ=+0.935  pos1ρ=+0.859  vel0ρ=+0.680  vel1ρ=+0.722
  REAL both-OOD             pos0ρ=+0.907  pos1ρ=+0.856  vel0ρ=+0.901  vel1ρ=+0.775
  [rollout] probe applied to PREDICTED embs:
  PRED ID                   pos0ρ=+0.818  pos1ρ=+0.742  vel0ρ=+0.448  vel1ρ=+0.490
  PRED r/m-OOD              pos0ρ=+0.704  pos1ρ=+0.796  vel0ρ=+0.725  vel1ρ=+0.721
  PRED v-OOD                pos0ρ=+0.704  pos1ρ=+0.728  vel0ρ=+0.303  vel1ρ=+0.462
  PRED both-OOD             pos0ρ=+0.680  pos1ρ=+0.805  vel0ρ=+0.778  vel1ρ=+0.768

--- decoded vel ρ from PRED latents vs horizon (test, aggregate) ---
  h=  1  n=  100  vel0ρ=+0.088  vel1ρ=+0.105
  h=  2  n=  100  vel0ρ=+0.088  vel1ρ=+0.128
  h=  4  n=  100  vel0ρ=+0.083  vel1ρ=+0.156
  h=  8  n=  100  vel0ρ=+0.607  vel1ρ=+0.568
  h= 16  n=  100  vel0ρ=+0.872  vel1ρ=+0.838
  h= 28  n=  100  vel0ρ=+0.857  vel1ρ=+0.840

--- [K=4] decoded pos/vel ρ from ROLLED-OUT latents (test), by partition ---
  [K=4] probe applied to PREDICTED embs (stack 4 consecutive predicted latents):
  PRED-K4 ID          pos0ρ=+0.787  pos1ρ=+0.738  vel0ρ=+0.431  vel1ρ=+0.616
  PRED-K4 r/m-OOD     pos0ρ=+0.744  pos1ρ=+0.824  vel0ρ=+0.703  vel1ρ=+0.735
  PRED-K4 v-OOD       pos0ρ=+0.678  pos1ρ=+0.720  vel0ρ=+0.270  vel1ρ=+0.397
  PRED-K4 both-OOD    pos0ρ=+0.767  pos1ρ=+0.821  vel0ρ=+0.716  vel1ρ=+0.712

--- [K=4] decoded vel ρ from PRED latents vs horizon (test, aggregate) ---
  h=  4  n=  100  vel0ρ=+0.197  vel1ρ=+0.131
  h=  8  n=  100  vel0ρ=+0.566  vel1ρ=+0.621
  h= 16  n=  100  vel0ρ=+0.763  vel1ρ=+0.772
  h= 28  n=  100  vel0ρ=+0.826  vel1ρ=+0.799

Total 172s
