[norm] action mean=[ 0.24667731 -0.40296947], std=[0.08836433 0.229554  ]  (from phyworld_parabola_id1k.h5)
[ckpt] /data1/likun-share/junjxu/.stable_worldmodel/sc_par_cons_s42/sc_par_cons_s42_epoch_20_object.ckpt  tag=sc_par_cons_s42
  rolled out 100 trajs, t=15s
  rolled out 200 trajs, t=27s
  rolled out 300 trajs, t=38s
  rolled out 400 trajs, t=50s
  rolled out 500 trajs, t=61s

[data] 500 trajs, 14500 (frame,pred) pairs, emb dim=192
/home/likun-share/junjxu/wm/phyworld/scripts/rollout_eval_id1k.py:242: ConstantInputWarning: An input array is constant; the correlation coefficient is not defined.
  rhos = [pearsonr(vel_all[m][:, d], pv[:, d])[0] for d in range(vel_all.shape[1])]
/home/likun-share/junjxu/wm/phyworld/scripts/rollout_eval_id1k.py:242: NearConstantInputWarning: An input array is nearly constant; the computed correlation coefficient may be inaccurate.
  rhos = [pearsonr(vel_all[m][:, d], pv[:, d])[0] for d in range(vel_all.shape[1])]
/home/likun-share/junjxu/wm/phyworld/scripts/rollout_eval_id1k.py:242: NearConstantInputWarning: An input array is nearly constant; the computed correlation coefficient may be inaccurate.
  rhos = [pearsonr(vel_all[m][:, d], pv[:, d])[0] for d in range(vel_all.shape[1])]
/home/likun-share/junjxu/wm/phyworld/scripts/rollout_eval_id1k.py:296: ConstantInputWarning: An input array is constant; the correlation coefficient is not defined.
  rhos = [pearsonr(vel_all[m][:, d], pv[:, d])[0] for d in range(vel_all.shape[1])]
/home/likun-share/junjxu/wm/phyworld/scripts/rollout_eval_id1k.py:296: NearConstantInputWarning: An input array is nearly constant; the computed correlation coefficient may be inaccurate.
  rhos = [pearsonr(vel_all[m][:, d], pv[:, d])[0] for d in range(vel_all.shape[1])]
/home/likun-share/junjxu/wm/phyworld/scripts/rollout_eval_id1k.py:296: NearConstantInputWarning: An input array is nearly constant; the computed correlation coefficient may be inaccurate.
  rhos = [pearsonr(vel_all[m][:, d], pv[:, d])[0] for d in range(vel_all.shape[1])]

=== parabola AR ROLLOUT (LeWM ID-only FT, history_size=3) ===
--- latent fidelity (pred vs real emb), test trajs, by partition ---
  ID         n=  464  cos=+0.9877  nMSE=0.0135
  r/m-OOD    n=  319  cos=+0.9469  nMSE=0.1305
  v-OOD      n=  928  cos=+0.8557  nMSE=0.1741
  both-OOD   n= 1189  cos=+0.8202  nMSE=0.3422

--- latent fidelity vs horizon (test, aggregate) ---
  h=  1  n=  100  cos=+0.9827  nMSE=0.0363
  h=  2  n=  100  cos=+0.9656  nMSE=0.0740
  h=  4  n=  100  cos=+0.9405  nMSE=0.1359
  h=  8  n=  100  cos=+0.9199  nMSE=0.2027
  h= 16  n=  100  cos=+0.7822  nMSE=0.2664
  h= 28  n=  100  cos=+0.9230  nMSE=3197655.7500

--- decoded pos/vel ρ from ROLLED-OUT latents (test), by partition ---
  [baseline] probe applied to REAL embs:
  REAL ID                   pos0ρ=+0.949  pos1ρ=+0.983  vel0ρ=+0.276  vel1ρ=+0.986
  REAL r/m-OOD              pos0ρ=+0.918  pos1ρ=+0.978  vel0ρ=+0.490  vel1ρ=+0.984
  REAL v-OOD                pos0ρ=+0.888  pos1ρ=+0.903  vel0ρ=+0.603  vel1ρ=+0.951
  REAL both-OOD             pos0ρ=+0.854  pos1ρ=+0.915  vel0ρ=+0.630  vel1ρ=+0.959
  [rollout] probe applied to PREDICTED embs:
  PRED ID                   pos0ρ=+0.953  pos1ρ=+0.990  vel0ρ=+0.332  vel1ρ=+0.985
  PRED r/m-OOD              pos0ρ=+0.919  pos1ρ=+0.981  vel0ρ=+0.570  vel1ρ=+0.979
  PRED v-OOD                pos0ρ=+0.967  pos1ρ=+0.950  vel0ρ=+0.709  vel1ρ=+0.967
  PRED both-OOD             pos0ρ=+0.932  pos1ρ=+0.930  vel0ρ=+0.742  vel1ρ=+0.959

--- decoded vel ρ from PRED latents vs horizon (test, aggregate) ---
  h=  1  n=  100  vel0ρ=+0.640  vel1ρ=+0.198
  h=  2  n=  100  vel0ρ=+0.597  vel1ρ=-0.407
  h=  4  n=  100  vel0ρ=+0.660  vel1ρ=-0.324
  h=  8  n=  100  vel0ρ=+0.589  vel1ρ=+nan
  h= 16  n=  100  vel0ρ=+0.903  vel1ρ=+0.178
  h= 28  n=  100  vel0ρ=+0.872  vel1ρ=+0.044

--- [K=4] decoded pos/vel ρ from ROLLED-OUT latents (test), by partition ---
  [K=4] probe applied to PREDICTED embs (stack 4 consecutive predicted latents):
  PRED-K4 ID          pos0ρ=+0.922  pos1ρ=+0.981  vel0ρ=+0.532  vel1ρ=+0.982
  PRED-K4 r/m-OOD     pos0ρ=+0.889  pos1ρ=+0.959  vel0ρ=+0.613  vel1ρ=+0.970
  PRED-K4 v-OOD       pos0ρ=+0.945  pos1ρ=+0.918  vel0ρ=+0.553  vel1ρ=+0.933
  PRED-K4 both-OOD    pos0ρ=+0.911  pos1ρ=+0.881  vel0ρ=+0.645  vel1ρ=+0.920

--- [K=4] decoded vel ρ from PRED latents vs horizon (test, aggregate) ---
  h=  4  n=  100  vel0ρ=+0.929  vel1ρ=-0.386
  h=  8  n=  100  vel0ρ=+0.892  vel1ρ=+nan
  h= 16  n=  100  vel0ρ=+0.423  vel1ρ=+0.242
  h= 28  n=  100  vel0ρ=-0.872  vel1ρ=+0.039

Total 62s
