[norm] action mean=[0.24667731 0.        ], std=[8.83643282e-02 1.00000000e-08]  (from phyworld_uniform_motion_id1k.h5)
[ckpt] /data1/likun-share/junjxu/.stable_worldmodel/sc_um_labelfree_s42/sc_um_labelfree_s42_epoch_20_object.ckpt  tag=sc_um_labelfree_s42
  rolled out 100 trajs, t=30s
  rolled out 200 trajs, t=54s
  rolled out 300 trajs, t=75s
  rolled out 400 trajs, t=95s
  rolled out 500 trajs, t=115s

[data] 500 trajs, 14500 (frame,pred) pairs, emb dim=192
/home/likun-share/junjxu/wm/phyworld/scripts/rollout_eval_id1k.py:197: ConstantInputWarning: An input array is constant; the correlation coefficient is not defined.
  rho = pearsonr(vel_all[mask][:, d], pv[:, d])[0]
/home/likun-share/junjxu/wm/phyworld/scripts/rollout_eval_id1k.py:197: ConstantInputWarning: An input array is constant; the correlation coefficient is not defined.
  rho = pearsonr(vel_all[mask][:, d], pv[:, d])[0]
/home/likun-share/junjxu/wm/phyworld/scripts/rollout_eval_id1k.py:197: ConstantInputWarning: An input array is constant; the correlation coefficient is not defined.
  rho = pearsonr(vel_all[mask][:, d], pv[:, d])[0]
/home/likun-share/junjxu/wm/phyworld/scripts/rollout_eval_id1k.py:197: ConstantInputWarning: An input array is constant; the correlation coefficient is not defined.
  rho = pearsonr(vel_all[mask][:, d], pv[:, d])[0]
/home/likun-share/junjxu/wm/phyworld/scripts/rollout_eval_id1k.py:197: ConstantInputWarning: An input array is constant; the correlation coefficient is not defined.
  rho = pearsonr(vel_all[mask][:, d], pv[:, d])[0]
/home/likun-share/junjxu/wm/phyworld/scripts/rollout_eval_id1k.py:197: ConstantInputWarning: An input array is constant; the correlation coefficient is not defined.
  rho = pearsonr(vel_all[mask][:, d], pv[:, d])[0]
/home/likun-share/junjxu/wm/phyworld/scripts/rollout_eval_id1k.py:197: ConstantInputWarning: An input array is constant; the correlation coefficient is not defined.
  rho = pearsonr(vel_all[mask][:, d], pv[:, d])[0]
/home/likun-share/junjxu/wm/phyworld/scripts/rollout_eval_id1k.py:197: ConstantInputWarning: An input array is constant; the correlation coefficient is not defined.
  rho = pearsonr(vel_all[mask][:, d], pv[:, d])[0]
/home/likun-share/junjxu/wm/phyworld/scripts/rollout_eval_id1k.py:242: ConstantInputWarning: An input array is constant; the correlation coefficient is not defined.
  rhos = [pearsonr(vel_all[m][:, d], pv[:, d])[0] for d in range(vel_all.shape[1])]
/home/likun-share/junjxu/wm/phyworld/scripts/rollout_eval_id1k.py:242: ConstantInputWarning: An input array is constant; the correlation coefficient is not defined.
  rhos = [pearsonr(vel_all[m][:, d], pv[:, d])[0] for d in range(vel_all.shape[1])]
/home/likun-share/junjxu/wm/phyworld/scripts/rollout_eval_id1k.py:242: ConstantInputWarning: An input array is constant; the correlation coefficient is not defined.
  rhos = [pearsonr(vel_all[m][:, d], pv[:, d])[0] for d in range(vel_all.shape[1])]
/home/likun-share/junjxu/wm/phyworld/scripts/rollout_eval_id1k.py:242: ConstantInputWarning: An input array is constant; the correlation coefficient is not defined.
  rhos = [pearsonr(vel_all[m][:, d], pv[:, d])[0] for d in range(vel_all.shape[1])]
/home/likun-share/junjxu/wm/phyworld/scripts/rollout_eval_id1k.py:242: ConstantInputWarning: An input array is constant; the correlation coefficient is not defined.
  rhos = [pearsonr(vel_all[m][:, d], pv[:, d])[0] for d in range(vel_all.shape[1])]
/home/likun-share/junjxu/wm/phyworld/scripts/rollout_eval_id1k.py:242: ConstantInputWarning: An input array is constant; the correlation coefficient is not defined.
  rhos = [pearsonr(vel_all[m][:, d], pv[:, d])[0] for d in range(vel_all.shape[1])]
/home/likun-share/junjxu/wm/phyworld/scripts/rollout_eval_id1k.py:288: ConstantInputWarning: An input array is constant; the correlation coefficient is not defined.
  line += f"  vel{d}ρ={pearsonr(vel_all[m][:, d], pv[:, d])[0]:+.3f}"
/home/likun-share/junjxu/wm/phyworld/scripts/rollout_eval_id1k.py:288: ConstantInputWarning: An input array is constant; the correlation coefficient is not defined.
  line += f"  vel{d}ρ={pearsonr(vel_all[m][:, d], pv[:, d])[0]:+.3f}"
/home/likun-share/junjxu/wm/phyworld/scripts/rollout_eval_id1k.py:288: ConstantInputWarning: An input array is constant; the correlation coefficient is not defined.
  line += f"  vel{d}ρ={pearsonr(vel_all[m][:, d], pv[:, d])[0]:+.3f}"
/home/likun-share/junjxu/wm/phyworld/scripts/rollout_eval_id1k.py:288: ConstantInputWarning: An input array is constant; the correlation coefficient is not defined.
  line += f"  vel{d}ρ={pearsonr(vel_all[m][:, d], pv[:, d])[0]:+.3f}"
/home/likun-share/junjxu/wm/phyworld/scripts/rollout_eval_id1k.py:296: ConstantInputWarning: An input array is constant; the correlation coefficient is not defined.
  rhos = [pearsonr(vel_all[m][:, d], pv[:, d])[0] for d in range(vel_all.shape[1])]
/home/likun-share/junjxu/wm/phyworld/scripts/rollout_eval_id1k.py:296: ConstantInputWarning: An input array is constant; the correlation coefficient is not defined.
  rhos = [pearsonr(vel_all[m][:, d], pv[:, d])[0] for d in range(vel_all.shape[1])]
/home/likun-share/junjxu/wm/phyworld/scripts/rollout_eval_id1k.py:296: ConstantInputWarning: An input array is constant; the correlation coefficient is not defined.
  rhos = [pearsonr(vel_all[m][:, d], pv[:, d])[0] for d in range(vel_all.shape[1])]
/home/likun-share/junjxu/wm/phyworld/scripts/rollout_eval_id1k.py:296: ConstantInputWarning: An input array is constant; the correlation coefficient is not defined.
  rhos = [pearsonr(vel_all[m][:, d], pv[:, d])[0] for d in range(vel_all.shape[1])]

=== uniform_motion AR ROLLOUT (LeWM ID-only FT, history_size=3) ===
--- latent fidelity (pred vs real emb), test trajs, by partition ---
  ID         n=  406  cos=+0.9833  nMSE=0.0296
  r/m-OOD    n=  464  cos=+0.9038  nMSE=0.2493
  v-OOD      n=  841  cos=+0.9403  nMSE=0.0673
  both-OOD   n= 1189  cos=+0.8971  nMSE=0.1865

--- latent fidelity vs horizon (test, aggregate) ---
  h=  1  n=  100  cos=+0.9956  nMSE=0.0108
  h=  2  n=  100  cos=+0.9918  nMSE=0.0197
  h=  4  n=  100  cos=+0.9853  nMSE=0.0346
  h=  8  n=  100  cos=+0.9708  nMSE=0.0681
  h= 16  n=  100  cos=+0.9345  nMSE=0.1316
  h= 28  n=  100  cos=+0.8321  nMSE=0.2328

--- decoded pos/vel ρ from ROLLED-OUT latents (test), by partition ---
  [baseline] probe applied to REAL embs:
  REAL ID                   pos0ρ=+0.893  pos1ρ=+0.982  vel0ρ=+0.471  vel1ρ=+nan
  REAL r/m-OOD              pos0ρ=+0.970  pos1ρ=+0.931  vel0ρ=+0.326  vel1ρ=+nan
  REAL v-OOD                pos0ρ=+0.948  pos1ρ=+0.830  vel0ρ=+0.493  vel1ρ=+nan
  REAL both-OOD             pos0ρ=+0.957  pos1ρ=+0.860  vel0ρ=+0.630  vel1ρ=+nan
  [rollout] probe applied to PREDICTED embs:
  PRED ID                   pos0ρ=+0.918  pos1ρ=+0.976  vel0ρ=+0.236  vel1ρ=+nan
  PRED r/m-OOD              pos0ρ=+0.845  pos1ρ=+0.844  vel0ρ=+0.347  vel1ρ=+nan
  PRED v-OOD                pos0ρ=+0.752  pos1ρ=+0.791  vel0ρ=+0.536  vel1ρ=+nan
  PRED both-OOD             pos0ρ=+0.739  pos1ρ=+0.825  vel0ρ=+0.539  vel1ρ=+nan

--- decoded vel ρ from PRED latents vs horizon (test, aggregate) ---
  h=  1  n=  100  vel0ρ=-0.045  vel1ρ=+nan
  h=  2  n=  100  vel0ρ=+0.159  vel1ρ=+nan
  h=  4  n=  100  vel0ρ=+0.250  vel1ρ=+nan
  h=  8  n=  100  vel0ρ=+0.337  vel1ρ=+nan
  h= 16  n=  100  vel0ρ=+0.686  vel1ρ=+nan
  h= 28  n=  100  vel0ρ=+0.613  vel1ρ=+nan

--- [K=4] decoded pos/vel ρ from ROLLED-OUT latents (test), by partition ---
  [K=4] probe applied to PREDICTED embs (stack 4 consecutive predicted latents):
  PRED-K4 ID          pos0ρ=+0.948  pos1ρ=+0.968  vel0ρ=+0.320  vel1ρ=+nan
  PRED-K4 r/m-OOD     pos0ρ=+0.816  pos1ρ=+0.820  vel0ρ=+0.551  vel1ρ=+nan
  PRED-K4 v-OOD       pos0ρ=+0.836  pos1ρ=+0.791  vel0ρ=+0.735  vel1ρ=+nan
  PRED-K4 both-OOD    pos0ρ=+0.806  pos1ρ=+0.823  vel0ρ=+0.851  vel1ρ=+nan

--- [K=4] decoded vel ρ from PRED latents vs horizon (test, aggregate) ---
  h=  4  n=  100  vel0ρ=+0.764  vel1ρ=+nan
  h=  8  n=  100  vel0ρ=+0.743  vel1ρ=+nan
  h= 16  n=  100  vel0ρ=+0.830  vel1ρ=+nan
  h= 28  n=  100  vel0ρ=+0.768  vel1ρ=+nan

Total 116s
