[norm] action mean=[ 0.24667731 -0.40296947], std=[0.08836433 0.229554  ]  (from phyworld_parabola_id1k.h5)
[ckpt] /data1/likun-share/junjxu/.stable_worldmodel/sc_par_probeslot_s42/sc_par_probeslot_s42_epoch_20_object.ckpt  tag=sc_par_probeslot_s42
  rolled out 100 trajs, t=36s
  rolled out 200 trajs, t=64s
  rolled out 300 trajs, t=91s
  rolled out 400 trajs, t=118s
  rolled out 500 trajs, t=144s

[data] 500 trajs, 14500 (frame,pred) pairs, emb dim=192
/home/likun-share/junjxu/wm/phyworld/scripts/rollout_eval_id1k.py:242: ConstantInputWarning: An input array is constant; the correlation coefficient is not defined.
  rhos = [pearsonr(vel_all[m][:, d], pv[:, d])[0] for d in range(vel_all.shape[1])]
/home/likun-share/junjxu/wm/phyworld/scripts/rollout_eval_id1k.py:242: NearConstantInputWarning: An input array is nearly constant; the computed correlation coefficient may be inaccurate.
  rhos = [pearsonr(vel_all[m][:, d], pv[:, d])[0] for d in range(vel_all.shape[1])]
/home/likun-share/junjxu/wm/phyworld/scripts/rollout_eval_id1k.py:242: NearConstantInputWarning: An input array is nearly constant; the computed correlation coefficient may be inaccurate.
  rhos = [pearsonr(vel_all[m][:, d], pv[:, d])[0] for d in range(vel_all.shape[1])]
/home/likun-share/junjxu/wm/le-wm/.venv/lib/python3.10/site-packages/sklearn/linear_model/_ridge.py:213: LinAlgWarning: Ill-conditioned matrix (rcond=5.474e-08): result may not be accurate.
  return linalg.solve(A, Xy, assume_a="pos", overwrite_a=True).T
/home/likun-share/junjxu/wm/le-wm/.venv/lib/python3.10/site-packages/sklearn/linear_model/_ridge.py:213: LinAlgWarning: Ill-conditioned matrix (rcond=5.474e-08): result may not be accurate.
  return linalg.solve(A, Xy, assume_a="pos", overwrite_a=True).T
/home/likun-share/junjxu/wm/phyworld/scripts/rollout_eval_id1k.py:296: ConstantInputWarning: An input array is constant; the correlation coefficient is not defined.
  rhos = [pearsonr(vel_all[m][:, d], pv[:, d])[0] for d in range(vel_all.shape[1])]
/home/likun-share/junjxu/wm/phyworld/scripts/rollout_eval_id1k.py:296: NearConstantInputWarning: An input array is nearly constant; the computed correlation coefficient may be inaccurate.
  rhos = [pearsonr(vel_all[m][:, d], pv[:, d])[0] for d in range(vel_all.shape[1])]
/home/likun-share/junjxu/wm/phyworld/scripts/rollout_eval_id1k.py:296: NearConstantInputWarning: An input array is nearly constant; the computed correlation coefficient may be inaccurate.
  rhos = [pearsonr(vel_all[m][:, d], pv[:, d])[0] for d in range(vel_all.shape[1])]

=== parabola AR ROLLOUT (LeWM ID-only FT, history_size=3) ===
--- latent fidelity (pred vs real emb), test trajs, by partition ---
  ID         n=  464  cos=+0.9922  nMSE=0.0114
  r/m-OOD    n=  319  cos=+0.9661  nMSE=0.0992
  v-OOD      n=  928  cos=+0.8948  nMSE=0.2695
  both-OOD   n= 1189  cos=+0.8980  nMSE=0.2695

--- latent fidelity vs horizon (test, aggregate) ---
  h=  1  n=  100  cos=+0.9890  nMSE=0.0489
  h=  2  n=  100  cos=+0.9793  nMSE=0.0677
  h=  4  n=  100  cos=+0.9684  nMSE=0.0931
  h=  8  n=  100  cos=+0.9587  nMSE=0.1488
  h= 16  n=  100  cos=+0.8035  nMSE=0.5768
  h= 28  n=  100  cos=+0.9857  nMSE=460288.8750

--- decoded pos/vel ρ from ROLLED-OUT latents (test), by partition ---
  [baseline] probe applied to REAL embs:
  REAL ID                   pos0ρ=+0.950  pos1ρ=+0.985  vel0ρ=+0.181  vel1ρ=+0.989
  REAL r/m-OOD              pos0ρ=+0.916  pos1ρ=+0.979  vel0ρ=+0.440  vel1ρ=+0.984
  REAL v-OOD                pos0ρ=+0.888  pos1ρ=+0.903  vel0ρ=+0.609  vel1ρ=+0.952
  REAL both-OOD             pos0ρ=+0.855  pos1ρ=+0.915  vel0ρ=+0.654  vel1ρ=+0.959
  [rollout] probe applied to PREDICTED embs:
  PRED ID                   pos0ρ=+0.949  pos1ρ=+0.984  vel0ρ=+0.190  vel1ρ=+0.988
  PRED r/m-OOD              pos0ρ=+0.908  pos1ρ=+0.972  vel0ρ=+0.477  vel1ρ=+0.984
  PRED v-OOD                pos0ρ=+0.892  pos1ρ=+0.938  vel0ρ=+0.611  vel1ρ=+0.969
  PRED both-OOD             pos0ρ=+0.858  pos1ρ=+0.944  vel0ρ=+0.681  vel1ρ=+0.976

--- decoded vel ρ from PRED latents vs horizon (test, aggregate) ---
  h=  1  n=  100  vel0ρ=+0.589  vel1ρ=+0.112
  h=  2  n=  100  vel0ρ=+0.525  vel1ρ=-0.261
  h=  4  n=  100  vel0ρ=+0.626  vel1ρ=-0.143
  h=  8  n=  100  vel0ρ=+0.676  vel1ρ=+nan
  h= 16  n=  100  vel0ρ=+0.891  vel1ρ=+0.056
  h= 28  n=  100  vel0ρ=-0.006  vel1ρ=-0.065

--- [K=4] decoded pos/vel ρ from ROLLED-OUT latents (test), by partition ---
  [K=4] probe applied to PREDICTED embs (stack 4 consecutive predicted latents):
  PRED-K4 ID          pos0ρ=+0.939  pos1ρ=+0.987  vel0ρ=+0.692  vel1ρ=+0.989
  PRED-K4 r/m-OOD     pos0ρ=+0.922  pos1ρ=+0.972  vel0ρ=+0.638  vel1ρ=+0.976
  PRED-K4 v-OOD       pos0ρ=+0.933  pos1ρ=+0.934  vel0ρ=+0.681  vel1ρ=+0.925
  PRED-K4 both-OOD    pos0ρ=+0.914  pos1ρ=+0.941  vel0ρ=+0.706  vel1ρ=+0.931

--- [K=4] decoded vel ρ from PRED latents vs horizon (test, aggregate) ---
  h=  4  n=  100  vel0ρ=+0.831  vel1ρ=-0.008
  h=  8  n=  100  vel0ρ=+0.755  vel1ρ=+nan
  h= 16  n=  100  vel0ρ=+0.860  vel1ρ=+0.050
  h= 28  n=  100  vel0ρ=+0.650  vel1ρ=-0.041

Total 146s
