[norm] action mean=[ 0.24667731 -0.40296947], std=[0.08836433 0.229554  ]  (from phyworld_parabola_id1k.h5)
[ckpt] /data1/likun-share/junjxu/.stable_worldmodel/sc_par_structpos_s1234/sc_par_structpos_s1234_epoch_20_object.ckpt  tag=sc_par_structpos_s1234
  rolled out 100 trajs, t=30s
  rolled out 200 trajs, t=57s
  rolled out 300 trajs, t=79s
  rolled out 400 trajs, t=102s
  rolled out 500 trajs, t=123s

[data] 500 trajs, 14500 (frame,pred) pairs, emb dim=192
/home/likun-share/junjxu/wm/phyworld/scripts/rollout_eval_id1k.py:242: ConstantInputWarning: An input array is constant; the correlation coefficient is not defined.
  rhos = [pearsonr(vel_all[m][:, d], pv[:, d])[0] for d in range(vel_all.shape[1])]
/home/likun-share/junjxu/wm/phyworld/scripts/rollout_eval_id1k.py:242: NearConstantInputWarning: An input array is nearly constant; the computed correlation coefficient may be inaccurate.
  rhos = [pearsonr(vel_all[m][:, d], pv[:, d])[0] for d in range(vel_all.shape[1])]
/home/likun-share/junjxu/wm/phyworld/scripts/rollout_eval_id1k.py:242: NearConstantInputWarning: An input array is nearly constant; the computed correlation coefficient may be inaccurate.
  rhos = [pearsonr(vel_all[m][:, d], pv[:, d])[0] for d in range(vel_all.shape[1])]
/home/likun-share/junjxu/wm/phyworld/scripts/rollout_eval_id1k.py:296: ConstantInputWarning: An input array is constant; the correlation coefficient is not defined.
  rhos = [pearsonr(vel_all[m][:, d], pv[:, d])[0] for d in range(vel_all.shape[1])]
/home/likun-share/junjxu/wm/phyworld/scripts/rollout_eval_id1k.py:296: NearConstantInputWarning: An input array is nearly constant; the computed correlation coefficient may be inaccurate.
  rhos = [pearsonr(vel_all[m][:, d], pv[:, d])[0] for d in range(vel_all.shape[1])]
/home/likun-share/junjxu/wm/phyworld/scripts/rollout_eval_id1k.py:296: NearConstantInputWarning: An input array is nearly constant; the computed correlation coefficient may be inaccurate.
  rhos = [pearsonr(vel_all[m][:, d], pv[:, d])[0] for d in range(vel_all.shape[1])]

=== parabola AR ROLLOUT (LeWM ID-only FT, history_size=3) ===
--- latent fidelity (pred vs real emb), test trajs, by partition ---
  ID         n=  464  cos=+0.9904  nMSE=0.0139
  r/m-OOD    n=  319  cos=+0.9541  nMSE=0.1363
  v-OOD      n=  928  cos=+0.9031  nMSE=0.1189
  both-OOD   n= 1189  cos=+0.8748  nMSE=0.2853

--- latent fidelity vs horizon (test, aggregate) ---
  h=  1  n=  100  cos=+0.9834  nMSE=0.0440
  h=  2  n=  100  cos=+0.9678  nMSE=0.0829
  h=  4  n=  100  cos=+0.9472  nMSE=0.1396
  h=  8  n=  100  cos=+0.9397  nMSE=0.1746
  h= 16  n=  100  cos=+0.8148  nMSE=0.2280
  h= 28  n=  100  cos=+0.9815  nMSE=267269.7812

--- decoded pos/vel ρ from ROLLED-OUT latents (test), by partition ---
  [baseline] probe applied to REAL embs:
  REAL ID                   pos0ρ=+0.952  pos1ρ=+0.982  vel0ρ=+0.250  vel1ρ=+0.987
  REAL r/m-OOD              pos0ρ=+0.917  pos1ρ=+0.980  vel0ρ=+0.472  vel1ρ=+0.984
  REAL v-OOD                pos0ρ=+0.887  pos1ρ=+0.902  vel0ρ=+0.612  vel1ρ=+0.951
  REAL both-OOD             pos0ρ=+0.854  pos1ρ=+0.914  vel0ρ=+0.628  vel1ρ=+0.958
  [rollout] probe applied to PREDICTED embs:
  PRED ID                   pos0ρ=+0.946  pos1ρ=+0.979  vel0ρ=+0.260  vel1ρ=+0.983
  PRED r/m-OOD              pos0ρ=+0.890  pos1ρ=+0.978  vel0ρ=+0.487  vel1ρ=+0.981
  PRED v-OOD                pos0ρ=+0.847  pos1ρ=+0.915  vel0ρ=+0.629  vel1ρ=+0.954
  PRED both-OOD             pos0ρ=+0.827  pos1ρ=+0.930  vel0ρ=+0.713  vel1ρ=+0.960

--- decoded vel ρ from PRED latents vs horizon (test, aggregate) ---
  h=  1  n=  100  vel0ρ=+0.205  vel1ρ=-0.412
  h=  2  n=  100  vel0ρ=+0.488  vel1ρ=+0.290
  h=  4  n=  100  vel0ρ=+0.770  vel1ρ=+0.037
  h=  8  n=  100  vel0ρ=+0.780  vel1ρ=+nan
  h= 16  n=  100  vel0ρ=+0.877  vel1ρ=+0.071
  h= 28  n=  100  vel0ρ=-0.763  vel1ρ=+0.066

--- [K=4] decoded pos/vel ρ from ROLLED-OUT latents (test), by partition ---
  [K=4] probe applied to PREDICTED embs (stack 4 consecutive predicted latents):
  PRED-K4 ID          pos0ρ=+0.940  pos1ρ=+0.982  vel0ρ=+0.613  vel1ρ=+0.983
  PRED-K4 r/m-OOD     pos0ρ=+0.914  pos1ρ=+0.968  vel0ρ=+0.839  vel1ρ=+0.962
  PRED-K4 v-OOD       pos0ρ=+0.890  pos1ρ=+0.935  vel0ρ=+0.735  vel1ρ=+0.951
  PRED-K4 both-OOD    pos0ρ=+0.877  pos1ρ=+0.942  vel0ρ=+0.806  vel1ρ=+0.945

--- [K=4] decoded vel ρ from PRED latents vs horizon (test, aggregate) ---
  h=  4  n=  100  vel0ρ=+0.878  vel1ρ=+0.101
  h=  8  n=  100  vel0ρ=+0.958  vel1ρ=+nan
  h= 16  n=  100  vel0ρ=+0.912  vel1ρ=+0.056
  h= 28  n=  100  vel0ρ=+0.073  vel1ρ=+0.074

Total 124s
