[norm] action mean=[-0.01484401  0.          0.01575156  0.        ], std=[7.72976437e-02 1.00000000e-08 8.20558954e-02 1.00000000e-08]  (from phyworld_collision_id1k.h5)
[ckpt] /data1/likun-share/junjxu/.stable_worldmodel/sc_col_velocity_s42/sc_col_velocity_s42_epoch_20_object.ckpt  tag=sc_col_velocity_s42
  rolled out 100 trajs, t=35s
  rolled out 200 trajs, t=62s
  rolled out 300 trajs, t=90s
  rolled out 400 trajs, t=121s
  rolled out 500 trajs, t=150s

[data] 500 trajs, 14500 (frame,pred) pairs, emb dim=192

=== collision AR ROLLOUT (LeWM ID-only FT, history_size=3) ===
--- latent fidelity (pred vs real emb), test trajs, by partition ---
  ID         n=  203  cos=+0.7955  nMSE=0.4241
  r/m-OOD    n=  754  cos=+0.8841  nMSE=0.2648
  v-OOD      n=  290  cos=+0.7014  nMSE=0.6360
  both-OOD   n= 1653  cos=+0.7106  nMSE=0.6476

--- latent fidelity vs horizon (test, aggregate) ---
  h=  1  n=  100  cos=+0.9932  nMSE=0.0192
  h=  2  n=  100  cos=+0.9854  nMSE=0.0386
  h=  4  n=  100  cos=+0.9607  nMSE=0.0978
  h=  8  n=  100  cos=+0.9061  nMSE=0.2247
  h= 16  n=  100  cos=+0.7536  nMSE=0.5258
  h= 28  n=  100  cos=+0.5332  nMSE=1.1164

--- decoded pos/vel ρ from ROLLED-OUT latents (test), by partition ---
  [baseline] probe applied to REAL embs:
  REAL ID                   pos0ρ=+0.915  pos1ρ=+0.873  vel0ρ=+0.749  vel1ρ=+0.761
  REAL r/m-OOD              pos0ρ=+0.825  pos1ρ=+0.796  vel0ρ=+0.791  vel1ρ=+0.752
  REAL v-OOD                pos0ρ=+0.964  pos1ρ=+0.873  vel0ρ=+0.709  vel1ρ=+0.688
  REAL both-OOD             pos0ρ=+0.900  pos1ρ=+0.858  vel0ρ=+0.896  vel1ρ=+0.776
  [rollout] probe applied to PREDICTED embs:
  PRED ID                   pos0ρ=+0.720  pos1ρ=+0.694  vel0ρ=+0.560  vel1ρ=+0.611
  PRED r/m-OOD              pos0ρ=+0.817  pos1ρ=+0.787  vel0ρ=+0.794  vel1ρ=+0.692
  PRED v-OOD                pos0ρ=+0.679  pos1ρ=+0.677  vel0ρ=+0.413  vel1ρ=+0.471
  PRED both-OOD             pos0ρ=+0.808  pos1ρ=+0.812  vel0ρ=+0.818  vel1ρ=+0.673

--- decoded vel ρ from PRED latents vs horizon (test, aggregate) ---
  h=  1  n=  100  vel0ρ=+0.219  vel1ρ=-0.135
  h=  2  n=  100  vel0ρ=+0.209  vel1ρ=-0.128
  h=  4  n=  100  vel0ρ=+0.255  vel1ρ=-0.138
  h=  8  n=  100  vel0ρ=+0.721  vel1ρ=+0.629
  h= 16  n=  100  vel0ρ=+0.888  vel1ρ=+0.821
  h= 28  n=  100  vel0ρ=+0.848  vel1ρ=+0.826

--- [K=4] decoded pos/vel ρ from ROLLED-OUT latents (test), by partition ---
  [K=4] probe applied to PREDICTED embs (stack 4 consecutive predicted latents):
  PRED-K4 ID          pos0ρ=+0.719  pos1ρ=+0.776  vel0ρ=+0.633  vel1ρ=+0.842
  PRED-K4 r/m-OOD     pos0ρ=+0.839  pos1ρ=+0.806  vel0ρ=+0.841  vel1ρ=+0.823
  PRED-K4 v-OOD       pos0ρ=+0.611  pos1ρ=+0.677  vel0ρ=+0.315  vel1ρ=+0.650
  PRED-K4 both-OOD    pos0ρ=+0.842  pos1ρ=+0.813  vel0ρ=+0.831  vel1ρ=+0.774

--- [K=4] decoded vel ρ from PRED latents vs horizon (test, aggregate) ---
  h=  4  n=  100  vel0ρ=+0.356  vel1ρ=+0.004
  h=  8  n=  100  vel0ρ=+0.799  vel1ρ=+0.716
  h= 16  n=  100  vel0ρ=+0.793  vel1ρ=+0.806
  h= 28  n=  100  vel0ρ=+0.818  vel1ρ=+0.850

Total 152s
