[norm] action mean=[ 0.24667731 -0.40296947], std=[0.08836433 0.229554  ]  (from phyworld_parabola_id1k.h5)
[ckpt] /data1/likun-share/junjxu/.stable_worldmodel/sc_par_reweight_s42/sc_par_reweight_s42_epoch_20_object.ckpt  tag=sc_par_reweight_s42
  rolled out 100 trajs, t=37s
  rolled out 200 trajs, t=68s
  rolled out 300 trajs, t=96s
  rolled out 400 trajs, t=129s
  rolled out 500 trajs, t=158s

[data] 500 trajs, 14500 (frame,pred) pairs, emb dim=192
/home/likun-share/junjxu/wm/phyworld/scripts/rollout_eval_id1k.py:242: ConstantInputWarning: An input array is constant; the correlation coefficient is not defined.
  rhos = [pearsonr(vel_all[m][:, d], pv[:, d])[0] for d in range(vel_all.shape[1])]
/home/likun-share/junjxu/wm/phyworld/scripts/rollout_eval_id1k.py:242: NearConstantInputWarning: An input array is nearly constant; the computed correlation coefficient may be inaccurate.
  rhos = [pearsonr(vel_all[m][:, d], pv[:, d])[0] for d in range(vel_all.shape[1])]
/home/likun-share/junjxu/wm/phyworld/scripts/rollout_eval_id1k.py:242: NearConstantInputWarning: An input array is nearly constant; the computed correlation coefficient may be inaccurate.
  rhos = [pearsonr(vel_all[m][:, d], pv[:, d])[0] for d in range(vel_all.shape[1])]
/home/likun-share/junjxu/wm/phyworld/scripts/rollout_eval_id1k.py:296: ConstantInputWarning: An input array is constant; the correlation coefficient is not defined.
  rhos = [pearsonr(vel_all[m][:, d], pv[:, d])[0] for d in range(vel_all.shape[1])]
/home/likun-share/junjxu/wm/phyworld/scripts/rollout_eval_id1k.py:296: NearConstantInputWarning: An input array is nearly constant; the computed correlation coefficient may be inaccurate.
  rhos = [pearsonr(vel_all[m][:, d], pv[:, d])[0] for d in range(vel_all.shape[1])]
/home/likun-share/junjxu/wm/phyworld/scripts/rollout_eval_id1k.py:296: NearConstantInputWarning: An input array is nearly constant; the computed correlation coefficient may be inaccurate.
  rhos = [pearsonr(vel_all[m][:, d], pv[:, d])[0] for d in range(vel_all.shape[1])]

=== parabola AR ROLLOUT (LeWM ID-only FT, history_size=3) ===
--- latent fidelity (pred vs real emb), test trajs, by partition ---
  ID         n=  464  cos=+0.9907  nMSE=0.0124
  r/m-OOD    n=  319  cos=+0.9624  nMSE=0.0975
  v-OOD      n=  928  cos=+0.9111  nMSE=0.1589
  both-OOD   n= 1189  cos=+0.8923  nMSE=0.2568

--- latent fidelity vs horizon (test, aggregate) ---
  h=  1  n=  100  cos=+0.9864  nMSE=0.0378
  h=  2  n=  100  cos=+0.9760  nMSE=0.0672
  h=  4  n=  100  cos=+0.9650  nMSE=0.1009
  h=  8  n=  100  cos=+0.9595  nMSE=0.1264
  h= 16  n=  100  cos=+0.7972  nMSE=0.3286
  h= 28  n=  100  cos=+0.9846  nMSE=202450.9219

--- decoded pos/vel ρ from ROLLED-OUT latents (test), by partition ---
  [baseline] probe applied to REAL embs:
  REAL ID                   pos0ρ=+0.951  pos1ρ=+0.983  vel0ρ=+0.243  vel1ρ=+0.988
  REAL r/m-OOD              pos0ρ=+0.917  pos1ρ=+0.980  vel0ρ=+0.465  vel1ρ=+0.984
  REAL v-OOD                pos0ρ=+0.888  pos1ρ=+0.903  vel0ρ=+0.612  vel1ρ=+0.952
  REAL both-OOD             pos0ρ=+0.855  pos1ρ=+0.915  vel0ρ=+0.638  vel1ρ=+0.959
  [rollout] probe applied to PREDICTED embs:
  PRED ID                   pos0ρ=+0.946  pos1ρ=+0.983  vel0ρ=+0.231  vel1ρ=+0.988
  PRED r/m-OOD              pos0ρ=+0.895  pos1ρ=+0.973  vel0ρ=+0.350  vel1ρ=+0.973
  PRED v-OOD                pos0ρ=+0.905  pos1ρ=+0.951  vel0ρ=+0.586  vel1ρ=+0.980
  PRED both-OOD             pos0ρ=+0.858  pos1ρ=+0.950  vel0ρ=+0.696  vel1ρ=+0.968

--- decoded vel ρ from PRED latents vs horizon (test, aggregate) ---
  h=  1  n=  100  vel0ρ=+0.358  vel1ρ=-0.274
  h=  2  n=  100  vel0ρ=+0.520  vel1ρ=+0.277
  h=  4  n=  100  vel0ρ=+0.581  vel1ρ=+0.352
  h=  8  n=  100  vel0ρ=+0.677  vel1ρ=+nan
  h= 16  n=  100  vel0ρ=+0.897  vel1ρ=-0.145
  h= 28  n=  100  vel0ρ=+0.946  vel1ρ=+0.034

--- [K=4] decoded pos/vel ρ from ROLLED-OUT latents (test), by partition ---
  [K=4] probe applied to PREDICTED embs (stack 4 consecutive predicted latents):
  PRED-K4 ID          pos0ρ=+0.937  pos1ρ=+0.987  vel0ρ=+0.712  vel1ρ=+0.987
  PRED-K4 r/m-OOD     pos0ρ=+0.911  pos1ρ=+0.973  vel0ρ=+0.644  vel1ρ=+0.970
  PRED-K4 v-OOD       pos0ρ=+0.930  pos1ρ=+0.968  vel0ρ=+0.831  vel1ρ=+0.974
  PRED-K4 both-OOD    pos0ρ=+0.910  pos1ρ=+0.958  vel0ρ=+0.856  vel1ρ=+0.958

--- [K=4] decoded vel ρ from PRED latents vs horizon (test, aggregate) ---
  h=  4  n=  100  vel0ρ=+0.814  vel1ρ=+0.386
  h=  8  n=  100  vel0ρ=+0.925  vel1ρ=+nan
  h= 16  n=  100  vel0ρ=+0.949  vel1ρ=+0.040
  h= 28  n=  100  vel0ρ=+0.263  vel1ρ=+0.030

Total 160s
