[norm] action mean=[ 0.24667731 -0.40296947], std=[0.08836433 0.229554  ]  (from phyworld_parabola_id1k.h5)
[ckpt] /data1/likun-share/junjxu/.stable_worldmodel/sc_par_reweight_s1234/sc_par_reweight_s1234_epoch_20_object.ckpt  tag=sc_par_reweight_s1234
  rolled out 100 trajs, t=33s
  rolled out 200 trajs, t=59s
  rolled out 300 trajs, t=86s
  rolled out 400 trajs, t=113s
  rolled out 500 trajs, t=141s

[data] 500 trajs, 14500 (frame,pred) pairs, emb dim=192
/home/likun-share/junjxu/wm/phyworld/scripts/rollout_eval_id1k.py:242: ConstantInputWarning: An input array is constant; the correlation coefficient is not defined.
  rhos = [pearsonr(vel_all[m][:, d], pv[:, d])[0] for d in range(vel_all.shape[1])]
/home/likun-share/junjxu/wm/phyworld/scripts/rollout_eval_id1k.py:242: NearConstantInputWarning: An input array is nearly constant; the computed correlation coefficient may be inaccurate.
  rhos = [pearsonr(vel_all[m][:, d], pv[:, d])[0] for d in range(vel_all.shape[1])]
/home/likun-share/junjxu/wm/phyworld/scripts/rollout_eval_id1k.py:242: NearConstantInputWarning: An input array is nearly constant; the computed correlation coefficient may be inaccurate.
  rhos = [pearsonr(vel_all[m][:, d], pv[:, d])[0] for d in range(vel_all.shape[1])]
/home/likun-share/junjxu/wm/phyworld/scripts/rollout_eval_id1k.py:296: ConstantInputWarning: An input array is constant; the correlation coefficient is not defined.
  rhos = [pearsonr(vel_all[m][:, d], pv[:, d])[0] for d in range(vel_all.shape[1])]
/home/likun-share/junjxu/wm/phyworld/scripts/rollout_eval_id1k.py:296: NearConstantInputWarning: An input array is nearly constant; the computed correlation coefficient may be inaccurate.
  rhos = [pearsonr(vel_all[m][:, d], pv[:, d])[0] for d in range(vel_all.shape[1])]
/home/likun-share/junjxu/wm/phyworld/scripts/rollout_eval_id1k.py:296: NearConstantInputWarning: An input array is nearly constant; the computed correlation coefficient may be inaccurate.
  rhos = [pearsonr(vel_all[m][:, d], pv[:, d])[0] for d in range(vel_all.shape[1])]

=== parabola AR ROLLOUT (LeWM ID-only FT, history_size=3) ===
--- latent fidelity (pred vs real emb), test trajs, by partition ---
  ID         n=  464  cos=+0.9886  nMSE=0.0182
  r/m-OOD    n=  319  cos=+0.9631  nMSE=0.1058
  v-OOD      n=  928  cos=+0.9228  nMSE=0.1150
  both-OOD   n= 1189  cos=+0.9061  nMSE=0.2183

--- latent fidelity vs horizon (test, aggregate) ---
  h=  1  n=  100  cos=+0.9865  nMSE=0.0389
  h=  2  n=  100  cos=+0.9778  nMSE=0.0613
  h=  4  n=  100  cos=+0.9702  nMSE=0.0858
  h=  8  n=  100  cos=+0.9598  nMSE=0.1279
  h= 16  n=  100  cos=+0.8292  nMSE=0.2131
  h= 28  n=  100  cos=+0.9849  nMSE=120628.0391

--- decoded pos/vel ρ from ROLLED-OUT latents (test), by partition ---
  [baseline] probe applied to REAL embs:
  REAL ID                   pos0ρ=+0.951  pos1ρ=+0.984  vel0ρ=+0.240  vel1ρ=+0.989
  REAL r/m-OOD              pos0ρ=+0.917  pos1ρ=+0.980  vel0ρ=+0.453  vel1ρ=+0.984
  REAL v-OOD                pos0ρ=+0.888  pos1ρ=+0.903  vel0ρ=+0.598  vel1ρ=+0.952
  REAL both-OOD             pos0ρ=+0.855  pos1ρ=+0.915  vel0ρ=+0.632  vel1ρ=+0.959
  [rollout] probe applied to PREDICTED embs:
  PRED ID                   pos0ρ=+0.947  pos1ρ=+0.984  vel0ρ=+0.114  vel1ρ=+0.986
  PRED r/m-OOD              pos0ρ=+0.908  pos1ρ=+0.972  vel0ρ=+0.440  vel1ρ=+0.981
  PRED v-OOD                pos0ρ=+0.895  pos1ρ=+0.933  vel0ρ=+0.561  vel1ρ=+0.961
  PRED both-OOD             pos0ρ=+0.844  pos1ρ=+0.934  vel0ρ=+0.642  vel1ρ=+0.962

--- decoded vel ρ from PRED latents vs horizon (test, aggregate) ---
  h=  1  n=  100  vel0ρ=+0.292  vel1ρ=-0.210
  h=  2  n=  100  vel0ρ=+0.328  vel1ρ=+0.240
  h=  4  n=  100  vel0ρ=+0.173  vel1ρ=+0.006
  h=  8  n=  100  vel0ρ=+0.545  vel1ρ=+nan
  h= 16  n=  100  vel0ρ=+0.902  vel1ρ=+0.118
  h= 28  n=  100  vel0ρ=-0.552  vel1ρ=+0.043

--- [K=4] decoded pos/vel ρ from ROLLED-OUT latents (test), by partition ---
  [K=4] probe applied to PREDICTED embs (stack 4 consecutive predicted latents):
  PRED-K4 ID          pos0ρ=+0.937  pos1ρ=+0.986  vel0ρ=+0.699  vel1ρ=+0.987
  PRED-K4 r/m-OOD     pos0ρ=+0.929  pos1ρ=+0.968  vel0ρ=+0.759  vel1ρ=+0.977
  PRED-K4 v-OOD       pos0ρ=+0.931  pos1ρ=+0.928  vel0ρ=+0.872  vel1ρ=+0.951
  PRED-K4 both-OOD    pos0ρ=+0.900  pos1ρ=+0.922  vel0ρ=+0.880  vel1ρ=+0.941

--- [K=4] decoded vel ρ from PRED latents vs horizon (test, aggregate) ---
  h=  4  n=  100  vel0ρ=+0.929  vel1ρ=-0.248
  h=  8  n=  100  vel0ρ=+0.905  vel1ρ=+nan
  h= 16  n=  100  vel0ρ=+0.902  vel1ρ=+0.210
  h= 28  n=  100  vel0ρ=+0.773  vel1ρ=+0.044

Total 143s
