[norm] action mean=[0.24667731 0.        ], std=[8.83643282e-02 1.00000000e-08]  (from phyworld_uniform_motion_id1k.h5)
[ckpt] /data1/likun-share/junjxu/.stable_worldmodel/sc_um_probe_s1234/sc_um_probe_s1234_epoch_20_object.ckpt  tag=sc_um_probe_s1234
  rolled out 100 trajs, t=46s
  rolled out 200 trajs, t=72s
  rolled out 300 trajs, t=100s
  rolled out 400 trajs, t=128s
  rolled out 500 trajs, t=154s

[data] 500 trajs, 14500 (frame,pred) pairs, emb dim=192
/home/likun-share/junjxu/wm/phyworld/scripts/rollout_eval_id1k.py:197: ConstantInputWarning: An input array is constant; the correlation coefficient is not defined.
  rho = pearsonr(vel_all[mask][:, d], pv[:, d])[0]
/home/likun-share/junjxu/wm/phyworld/scripts/rollout_eval_id1k.py:197: ConstantInputWarning: An input array is constant; the correlation coefficient is not defined.
  rho = pearsonr(vel_all[mask][:, d], pv[:, d])[0]
/home/likun-share/junjxu/wm/phyworld/scripts/rollout_eval_id1k.py:197: ConstantInputWarning: An input array is constant; the correlation coefficient is not defined.
  rho = pearsonr(vel_all[mask][:, d], pv[:, d])[0]
/home/likun-share/junjxu/wm/phyworld/scripts/rollout_eval_id1k.py:197: ConstantInputWarning: An input array is constant; the correlation coefficient is not defined.
  rho = pearsonr(vel_all[mask][:, d], pv[:, d])[0]
/home/likun-share/junjxu/wm/phyworld/scripts/rollout_eval_id1k.py:197: ConstantInputWarning: An input array is constant; the correlation coefficient is not defined.
  rho = pearsonr(vel_all[mask][:, d], pv[:, d])[0]
/home/likun-share/junjxu/wm/phyworld/scripts/rollout_eval_id1k.py:197: ConstantInputWarning: An input array is constant; the correlation coefficient is not defined.
  rho = pearsonr(vel_all[mask][:, d], pv[:, d])[0]
/home/likun-share/junjxu/wm/phyworld/scripts/rollout_eval_id1k.py:197: ConstantInputWarning: An input array is constant; the correlation coefficient is not defined.
  rho = pearsonr(vel_all[mask][:, d], pv[:, d])[0]
/home/likun-share/junjxu/wm/phyworld/scripts/rollout_eval_id1k.py:197: ConstantInputWarning: An input array is constant; the correlation coefficient is not defined.
  rho = pearsonr(vel_all[mask][:, d], pv[:, d])[0]
/home/likun-share/junjxu/wm/phyworld/scripts/rollout_eval_id1k.py:242: ConstantInputWarning: An input array is constant; the correlation coefficient is not defined.
  rhos = [pearsonr(vel_all[m][:, d], pv[:, d])[0] for d in range(vel_all.shape[1])]
/home/likun-share/junjxu/wm/phyworld/scripts/rollout_eval_id1k.py:242: ConstantInputWarning: An input array is constant; the correlation coefficient is not defined.
  rhos = [pearsonr(vel_all[m][:, d], pv[:, d])[0] for d in range(vel_all.shape[1])]
/home/likun-share/junjxu/wm/phyworld/scripts/rollout_eval_id1k.py:242: ConstantInputWarning: An input array is constant; the correlation coefficient is not defined.
  rhos = [pearsonr(vel_all[m][:, d], pv[:, d])[0] for d in range(vel_all.shape[1])]
/home/likun-share/junjxu/wm/phyworld/scripts/rollout_eval_id1k.py:242: ConstantInputWarning: An input array is constant; the correlation coefficient is not defined.
  rhos = [pearsonr(vel_all[m][:, d], pv[:, d])[0] for d in range(vel_all.shape[1])]
/home/likun-share/junjxu/wm/phyworld/scripts/rollout_eval_id1k.py:242: ConstantInputWarning: An input array is constant; the correlation coefficient is not defined.
  rhos = [pearsonr(vel_all[m][:, d], pv[:, d])[0] for d in range(vel_all.shape[1])]
/home/likun-share/junjxu/wm/phyworld/scripts/rollout_eval_id1k.py:242: ConstantInputWarning: An input array is constant; the correlation coefficient is not defined.
  rhos = [pearsonr(vel_all[m][:, d], pv[:, d])[0] for d in range(vel_all.shape[1])]
/home/likun-share/junjxu/wm/phyworld/scripts/rollout_eval_id1k.py:288: ConstantInputWarning: An input array is constant; the correlation coefficient is not defined.
  line += f"  vel{d}ρ={pearsonr(vel_all[m][:, d], pv[:, d])[0]:+.3f}"
/home/likun-share/junjxu/wm/phyworld/scripts/rollout_eval_id1k.py:288: ConstantInputWarning: An input array is constant; the correlation coefficient is not defined.
  line += f"  vel{d}ρ={pearsonr(vel_all[m][:, d], pv[:, d])[0]:+.3f}"
/home/likun-share/junjxu/wm/phyworld/scripts/rollout_eval_id1k.py:288: ConstantInputWarning: An input array is constant; the correlation coefficient is not defined.
  line += f"  vel{d}ρ={pearsonr(vel_all[m][:, d], pv[:, d])[0]:+.3f}"
/home/likun-share/junjxu/wm/phyworld/scripts/rollout_eval_id1k.py:288: ConstantInputWarning: An input array is constant; the correlation coefficient is not defined.
  line += f"  vel{d}ρ={pearsonr(vel_all[m][:, d], pv[:, d])[0]:+.3f}"
/home/likun-share/junjxu/wm/phyworld/scripts/rollout_eval_id1k.py:296: ConstantInputWarning: An input array is constant; the correlation coefficient is not defined.
  rhos = [pearsonr(vel_all[m][:, d], pv[:, d])[0] for d in range(vel_all.shape[1])]
/home/likun-share/junjxu/wm/phyworld/scripts/rollout_eval_id1k.py:296: ConstantInputWarning: An input array is constant; the correlation coefficient is not defined.
  rhos = [pearsonr(vel_all[m][:, d], pv[:, d])[0] for d in range(vel_all.shape[1])]
/home/likun-share/junjxu/wm/phyworld/scripts/rollout_eval_id1k.py:296: ConstantInputWarning: An input array is constant; the correlation coefficient is not defined.
  rhos = [pearsonr(vel_all[m][:, d], pv[:, d])[0] for d in range(vel_all.shape[1])]
/home/likun-share/junjxu/wm/phyworld/scripts/rollout_eval_id1k.py:296: ConstantInputWarning: An input array is constant; the correlation coefficient is not defined.
  rhos = [pearsonr(vel_all[m][:, d], pv[:, d])[0] for d in range(vel_all.shape[1])]

=== uniform_motion AR ROLLOUT (LeWM ID-only FT, history_size=3) ===
--- latent fidelity (pred vs real emb), test trajs, by partition ---
  ID         n=  406  cos=+0.9777  nMSE=0.0496
  r/m-OOD    n=  464  cos=+0.9063  nMSE=0.2612
  v-OOD      n=  841  cos=+0.9730  nMSE=0.0658
  both-OOD   n= 1189  cos=+0.9346  nMSE=0.1777

--- latent fidelity vs horizon (test, aggregate) ---
  h=  1  n=  100  cos=+0.9902  nMSE=0.0296
  h=  2  n=  100  cos=+0.9826  nMSE=0.0408
  h=  4  n=  100  cos=+0.9698  nMSE=0.0675
  h=  8  n=  100  cos=+0.9514  nMSE=0.1118
  h= 16  n=  100  cos=+0.9363  nMSE=0.1525
  h= 28  n=  100  cos=+0.9413  nMSE=0.1913

--- decoded pos/vel ρ from ROLLED-OUT latents (test), by partition ---
  [baseline] probe applied to REAL embs:
  REAL ID                   pos0ρ=+0.965  pos1ρ=+0.978  vel0ρ=+0.296  vel1ρ=+nan
  REAL r/m-OOD              pos0ρ=+0.960  pos1ρ=+0.927  vel0ρ=+0.333  vel1ρ=+nan
  REAL v-OOD                pos0ρ=+0.953  pos1ρ=+0.826  vel0ρ=+0.602  vel1ρ=+nan
  REAL both-OOD             pos0ρ=+0.957  pos1ρ=+0.864  vel0ρ=+0.638  vel1ρ=+nan
  [rollout] probe applied to PREDICTED embs:
  PRED ID                   pos0ρ=+0.952  pos1ρ=+0.967  vel0ρ=+0.109  vel1ρ=+nan
  PRED r/m-OOD              pos0ρ=+0.889  pos1ρ=+0.861  vel0ρ=+0.083  vel1ρ=+nan
  PRED v-OOD                pos0ρ=+0.960  pos1ρ=+0.812  vel0ρ=+0.568  vel1ρ=+nan
  PRED both-OOD             pos0ρ=+0.920  pos1ρ=+0.805  vel0ρ=+0.633  vel1ρ=+nan

--- decoded vel ρ from PRED latents vs horizon (test, aggregate) ---
  h=  1  n=  100  vel0ρ=-0.157  vel1ρ=+nan
  h=  2  n=  100  vel0ρ=+0.116  vel1ρ=+nan
  h=  4  n=  100  vel0ρ=+0.323  vel1ρ=+nan
  h=  8  n=  100  vel0ρ=+0.177  vel1ρ=+nan
  h= 16  n=  100  vel0ρ=+0.757  vel1ρ=+nan
  h= 28  n=  100  vel0ρ=+0.900  vel1ρ=+nan

--- [K=4] decoded pos/vel ρ from ROLLED-OUT latents (test), by partition ---
  [K=4] probe applied to PREDICTED embs (stack 4 consecutive predicted latents):
  PRED-K4 ID          pos0ρ=+0.950  pos1ρ=+0.977  vel0ρ=+0.578  vel1ρ=+nan
  PRED-K4 r/m-OOD     pos0ρ=+0.893  pos1ρ=+0.894  vel0ρ=+0.708  vel1ρ=+nan
  PRED-K4 v-OOD       pos0ρ=+0.967  pos1ρ=+0.840  vel0ρ=+0.878  vel1ρ=+nan
  PRED-K4 both-OOD    pos0ρ=+0.934  pos1ρ=+0.835  vel0ρ=+0.930  vel1ρ=+nan

--- [K=4] decoded vel ρ from PRED latents vs horizon (test, aggregate) ---
  h=  4  n=  100  vel0ρ=+0.815  vel1ρ=+nan
  h=  8  n=  100  vel0ρ=+0.924  vel1ρ=+nan
  h= 16  n=  100  vel0ρ=+0.902  vel1ρ=+nan
  h= 28  n=  100  vel0ρ=+0.946  vel1ρ=+nan

Total 156s
