[norm] action mean=[-0.01484401  0.          0.01575156  0.        ], std=[7.72976437e-02 1.00000000e-08 8.20558954e-02 1.00000000e-08]  (from phyworld_collision_id1k.h5)
[ckpt] /data1/likun-share/junjxu/.stable_worldmodel/sc_col_cons_s1234/sc_col_cons_s1234_epoch_20_object.ckpt  tag=sc_col_cons_s1234
  rolled out 100 trajs, t=16s
  rolled out 200 trajs, t=28s
  rolled out 300 trajs, t=41s
  rolled out 400 trajs, t=54s
  rolled out 500 trajs, t=66s

[data] 500 trajs, 14500 (frame,pred) pairs, emb dim=192

=== collision AR ROLLOUT (LeWM ID-only FT, history_size=3) ===
--- latent fidelity (pred vs real emb), test trajs, by partition ---
  ID         n=  203  cos=+0.7585  nMSE=0.4580
  r/m-OOD    n=  754  cos=+0.8616  nMSE=0.2910
  v-OOD      n=  290  cos=+0.7083  nMSE=0.5770
  both-OOD   n= 1653  cos=+0.7244  nMSE=0.5958

--- latent fidelity vs horizon (test, aggregate) ---
  h=  1  n=  100  cos=+0.9958  nMSE=0.0112
  h=  2  n=  100  cos=+0.9910  nMSE=0.0227
  h=  4  n=  100  cos=+0.9757  nMSE=0.0583
  h=  8  n=  100  cos=+0.9295  nMSE=0.1702
  h= 16  n=  100  cos=+0.7470  nMSE=0.5704
  h= 28  n=  100  cos=+0.4894  nMSE=1.0286

--- decoded pos/vel ρ from ROLLED-OUT latents (test), by partition ---
  [baseline] probe applied to REAL embs:
  REAL ID                   pos0ρ=+0.909  pos1ρ=+0.921  vel0ρ=+0.657  vel1ρ=+0.735
  REAL r/m-OOD              pos0ρ=+0.828  pos1ρ=+0.812  vel0ρ=+0.773  vel1ρ=+0.755
  REAL v-OOD                pos0ρ=+0.949  pos1ρ=+0.926  vel0ρ=+0.763  vel1ρ=+0.551
  REAL both-OOD             pos0ρ=+0.906  pos1ρ=+0.863  vel0ρ=+0.898  vel1ρ=+0.774
  [rollout] probe applied to PREDICTED embs:
  PRED ID                   pos0ρ=+0.465  pos1ρ=+0.330  vel0ρ=+0.458  vel1ρ=+0.226
  PRED r/m-OOD              pos0ρ=+0.678  pos1ρ=+0.735  vel0ρ=+0.765  vel1ρ=+0.621
  PRED v-OOD                pos0ρ=+0.788  pos1ρ=+0.328  vel0ρ=+0.472  vel1ρ=+0.272
  PRED both-OOD             pos0ρ=+0.711  pos1ρ=+0.695  vel0ρ=+0.772  vel1ρ=+0.598

--- decoded vel ρ from PRED latents vs horizon (test, aggregate) ---
  h=  1  n=  100  vel0ρ=+0.163  vel1ρ=+0.145
  h=  2  n=  100  vel0ρ=+0.157  vel1ρ=+0.167
  h=  4  n=  100  vel0ρ=+0.178  vel1ρ=+0.231
  h=  8  n=  100  vel0ρ=+0.562  vel1ρ=+0.598
  h= 16  n=  100  vel0ρ=+0.839  vel1ρ=+0.719
  h= 28  n=  100  vel0ρ=+0.832  vel1ρ=+0.736

--- [K=4] decoded pos/vel ρ from ROLLED-OUT latents (test), by partition ---
  [K=4] probe applied to PREDICTED embs (stack 4 consecutive predicted latents):
  PRED-K4 ID          pos0ρ=+0.381  pos1ρ=+0.205  vel0ρ=+0.213  vel1ρ=+0.451
  PRED-K4 r/m-OOD     pos0ρ=+0.717  pos1ρ=+0.747  vel0ρ=+0.745  vel1ρ=+0.643
  PRED-K4 v-OOD       pos0ρ=+0.733  pos1ρ=+0.261  vel0ρ=+0.357  vel1ρ=+0.251
  PRED-K4 both-OOD    pos0ρ=+0.741  pos1ρ=+0.680  vel0ρ=+0.703  vel1ρ=+0.617

--- [K=4] decoded vel ρ from PRED latents vs horizon (test, aggregate) ---
  h=  4  n=  100  vel0ρ=+0.182  vel1ρ=-0.156
  h=  8  n=  100  vel0ρ=+0.158  vel1ρ=+0.514
  h= 16  n=  100  vel0ρ=+0.786  vel1ρ=+0.656
  h= 28  n=  100  vel0ρ=+0.781  vel1ρ=+0.629

Total 67s
