[norm] action mean=[-0.01484401  0.          0.01575156  0.        ], std=[7.72976437e-02 1.00000000e-08 8.20558954e-02 1.00000000e-08]  (from phyworld_collision_id1k.h5)
[ckpt] /data1/likun-share/junjxu/.stable_worldmodel/sc_col_probeslot_s1234/sc_col_probeslot_s1234_epoch_20_object.ckpt  tag=sc_col_probeslot_s1234
  rolled out 100 trajs, t=68s
  rolled out 200 trajs, t=96s
  rolled out 300 trajs, t=124s
  rolled out 400 trajs, t=153s
  rolled out 500 trajs, t=179s

[data] 500 trajs, 14500 (frame,pred) pairs, emb dim=192

=== collision AR ROLLOUT (LeWM ID-only FT, history_size=3) ===
--- latent fidelity (pred vs real emb), test trajs, by partition ---
  ID         n=  203  cos=+0.8496  nMSE=0.2735
  r/m-OOD    n=  754  cos=+0.8843  nMSE=0.2440
  v-OOD      n=  290  cos=+0.7606  nMSE=0.4245
  both-OOD   n= 1653  cos=+0.6900  nMSE=0.6459

--- latent fidelity vs horizon (test, aggregate) ---
  h=  1  n=  100  cos=+0.9914  nMSE=0.0258
  h=  2  n=  100  cos=+0.9802  nMSE=0.0531
  h=  4  n=  100  cos=+0.9452  nMSE=0.1339
  h=  8  n=  100  cos=+0.8821  nMSE=0.2891
  h= 16  n=  100  cos=+0.7564  nMSE=0.4949
  h= 28  n=  100  cos=+0.5371  nMSE=1.0287

--- decoded pos/vel ρ from ROLLED-OUT latents (test), by partition ---
  [baseline] probe applied to REAL embs:
  REAL ID                   pos0ρ=+0.966  pos1ρ=+0.959  vel0ρ=+0.751  vel1ρ=+0.799
  REAL r/m-OOD              pos0ρ=+0.846  pos1ρ=+0.818  vel0ρ=+0.796  vel1ρ=+0.764
  REAL v-OOD                pos0ρ=+0.954  pos1ρ=+0.944  vel0ρ=+0.753  vel1ρ=+0.789
  REAL both-OOD             pos0ρ=+0.907  pos1ρ=+0.866  vel0ρ=+0.899  vel1ρ=+0.780
  [rollout] probe applied to PREDICTED embs:
  PRED ID                   pos0ρ=+0.680  pos1ρ=+0.788  vel0ρ=+0.578  vel1ρ=+0.729
  PRED r/m-OOD              pos0ρ=+0.860  pos1ρ=+0.874  vel0ρ=+0.781  vel1ρ=+0.771
  PRED v-OOD                pos0ρ=+0.788  pos1ρ=+0.797  vel0ρ=+0.520  vel1ρ=+0.681
  PRED both-OOD             pos0ρ=+0.838  pos1ρ=+0.833  vel0ρ=+0.859  vel1ρ=+0.773

--- decoded vel ρ from PRED latents vs horizon (test, aggregate) ---
  h=  1  n=  100  vel0ρ=+0.140  vel1ρ=-0.075
  h=  2  n=  100  vel0ρ=+0.156  vel1ρ=-0.050
  h=  4  n=  100  vel0ρ=+0.190  vel1ρ=-0.038
  h=  8  n=  100  vel0ρ=+0.672  vel1ρ=+0.751
  h= 16  n=  100  vel0ρ=+0.903  vel1ρ=+0.872
  h= 28  n=  100  vel0ρ=+0.922  vel1ρ=+0.901

--- [K=4] decoded pos/vel ρ from ROLLED-OUT latents (test), by partition ---
  [K=4] probe applied to PREDICTED embs (stack 4 consecutive predicted latents):
  PRED-K4 ID          pos0ρ=+0.733  pos1ρ=+0.811  vel0ρ=+0.701  vel1ρ=+0.794
  PRED-K4 r/m-OOD     pos0ρ=+0.887  pos1ρ=+0.893  vel0ρ=+0.850  vel1ρ=+0.867
  PRED-K4 v-OOD       pos0ρ=+0.790  pos1ρ=+0.805  vel0ρ=+0.499  vel1ρ=+0.580
  PRED-K4 both-OOD    pos0ρ=+0.871  pos1ρ=+0.842  vel0ρ=+0.874  vel1ρ=+0.736

--- [K=4] decoded vel ρ from PRED latents vs horizon (test, aggregate) ---
  h=  4  n=  100  vel0ρ=+0.295  vel1ρ=-0.073
  h=  8  n=  100  vel0ρ=+0.705  vel1ρ=+0.525
  h= 16  n=  100  vel0ρ=+0.902  vel1ρ=+0.814
  h= 28  n=  100  vel0ρ=+0.884  vel1ρ=+0.861

Total 180s
