[norm] action mean=[0.24667731 0.        ], std=[8.83643282e-02 1.00000000e-08]  (from phyworld_uniform_motion_id1k.h5)
[ckpt] /data1/likun-share/junjxu/.stable_worldmodel/sc_um_velocity_s42/sc_um_velocity_s42_epoch_20_object.ckpt  tag=sc_um_velocity_s42
  rolled out 100 trajs, t=39s
  rolled out 200 trajs, t=67s
  rolled out 300 trajs, t=96s
  rolled out 400 trajs, t=123s
  rolled out 500 trajs, t=150s

[data] 500 trajs, 14500 (frame,pred) pairs, emb dim=192
/home/likun-share/junjxu/wm/phyworld/scripts/rollout_eval_id1k.py:197: ConstantInputWarning: An input array is constant; the correlation coefficient is not defined.
  rho = pearsonr(vel_all[mask][:, d], pv[:, d])[0]
/home/likun-share/junjxu/wm/phyworld/scripts/rollout_eval_id1k.py:197: ConstantInputWarning: An input array is constant; the correlation coefficient is not defined.
  rho = pearsonr(vel_all[mask][:, d], pv[:, d])[0]
/home/likun-share/junjxu/wm/phyworld/scripts/rollout_eval_id1k.py:197: ConstantInputWarning: An input array is constant; the correlation coefficient is not defined.
  rho = pearsonr(vel_all[mask][:, d], pv[:, d])[0]
/home/likun-share/junjxu/wm/phyworld/scripts/rollout_eval_id1k.py:197: ConstantInputWarning: An input array is constant; the correlation coefficient is not defined.
  rho = pearsonr(vel_all[mask][:, d], pv[:, d])[0]
/home/likun-share/junjxu/wm/phyworld/scripts/rollout_eval_id1k.py:197: ConstantInputWarning: An input array is constant; the correlation coefficient is not defined.
  rho = pearsonr(vel_all[mask][:, d], pv[:, d])[0]
/home/likun-share/junjxu/wm/phyworld/scripts/rollout_eval_id1k.py:197: ConstantInputWarning: An input array is constant; the correlation coefficient is not defined.
  rho = pearsonr(vel_all[mask][:, d], pv[:, d])[0]
/home/likun-share/junjxu/wm/phyworld/scripts/rollout_eval_id1k.py:197: ConstantInputWarning: An input array is constant; the correlation coefficient is not defined.
  rho = pearsonr(vel_all[mask][:, d], pv[:, d])[0]
/home/likun-share/junjxu/wm/phyworld/scripts/rollout_eval_id1k.py:197: ConstantInputWarning: An input array is constant; the correlation coefficient is not defined.
  rho = pearsonr(vel_all[mask][:, d], pv[:, d])[0]
/home/likun-share/junjxu/wm/phyworld/scripts/rollout_eval_id1k.py:242: ConstantInputWarning: An input array is constant; the correlation coefficient is not defined.
  rhos = [pearsonr(vel_all[m][:, d], pv[:, d])[0] for d in range(vel_all.shape[1])]
/home/likun-share/junjxu/wm/phyworld/scripts/rollout_eval_id1k.py:242: ConstantInputWarning: An input array is constant; the correlation coefficient is not defined.
  rhos = [pearsonr(vel_all[m][:, d], pv[:, d])[0] for d in range(vel_all.shape[1])]
/home/likun-share/junjxu/wm/phyworld/scripts/rollout_eval_id1k.py:242: ConstantInputWarning: An input array is constant; the correlation coefficient is not defined.
  rhos = [pearsonr(vel_all[m][:, d], pv[:, d])[0] for d in range(vel_all.shape[1])]
/home/likun-share/junjxu/wm/phyworld/scripts/rollout_eval_id1k.py:242: ConstantInputWarning: An input array is constant; the correlation coefficient is not defined.
  rhos = [pearsonr(vel_all[m][:, d], pv[:, d])[0] for d in range(vel_all.shape[1])]
/home/likun-share/junjxu/wm/phyworld/scripts/rollout_eval_id1k.py:242: ConstantInputWarning: An input array is constant; the correlation coefficient is not defined.
  rhos = [pearsonr(vel_all[m][:, d], pv[:, d])[0] for d in range(vel_all.shape[1])]
/home/likun-share/junjxu/wm/phyworld/scripts/rollout_eval_id1k.py:242: ConstantInputWarning: An input array is constant; the correlation coefficient is not defined.
  rhos = [pearsonr(vel_all[m][:, d], pv[:, d])[0] for d in range(vel_all.shape[1])]
/home/likun-share/junjxu/wm/phyworld/scripts/rollout_eval_id1k.py:288: ConstantInputWarning: An input array is constant; the correlation coefficient is not defined.
  line += f"  vel{d}ρ={pearsonr(vel_all[m][:, d], pv[:, d])[0]:+.3f}"
/home/likun-share/junjxu/wm/phyworld/scripts/rollout_eval_id1k.py:288: ConstantInputWarning: An input array is constant; the correlation coefficient is not defined.
  line += f"  vel{d}ρ={pearsonr(vel_all[m][:, d], pv[:, d])[0]:+.3f}"
/home/likun-share/junjxu/wm/phyworld/scripts/rollout_eval_id1k.py:288: ConstantInputWarning: An input array is constant; the correlation coefficient is not defined.
  line += f"  vel{d}ρ={pearsonr(vel_all[m][:, d], pv[:, d])[0]:+.3f}"
/home/likun-share/junjxu/wm/phyworld/scripts/rollout_eval_id1k.py:288: ConstantInputWarning: An input array is constant; the correlation coefficient is not defined.
  line += f"  vel{d}ρ={pearsonr(vel_all[m][:, d], pv[:, d])[0]:+.3f}"
/home/likun-share/junjxu/wm/phyworld/scripts/rollout_eval_id1k.py:296: ConstantInputWarning: An input array is constant; the correlation coefficient is not defined.
  rhos = [pearsonr(vel_all[m][:, d], pv[:, d])[0] for d in range(vel_all.shape[1])]
/home/likun-share/junjxu/wm/phyworld/scripts/rollout_eval_id1k.py:296: ConstantInputWarning: An input array is constant; the correlation coefficient is not defined.
  rhos = [pearsonr(vel_all[m][:, d], pv[:, d])[0] for d in range(vel_all.shape[1])]
/home/likun-share/junjxu/wm/phyworld/scripts/rollout_eval_id1k.py:296: ConstantInputWarning: An input array is constant; the correlation coefficient is not defined.
  rhos = [pearsonr(vel_all[m][:, d], pv[:, d])[0] for d in range(vel_all.shape[1])]
/home/likun-share/junjxu/wm/phyworld/scripts/rollout_eval_id1k.py:296: ConstantInputWarning: An input array is constant; the correlation coefficient is not defined.
  rhos = [pearsonr(vel_all[m][:, d], pv[:, d])[0] for d in range(vel_all.shape[1])]

=== uniform_motion AR ROLLOUT (LeWM ID-only FT, history_size=3) ===
--- latent fidelity (pred vs real emb), test trajs, by partition ---
  ID         n=  406  cos=+0.9794  nMSE=0.0438
  r/m-OOD    n=  464  cos=+0.9391  nMSE=0.1545
  v-OOD      n=  841  cos=+0.9739  nMSE=0.0621
  both-OOD   n= 1189  cos=+0.9356  nMSE=0.1600

--- latent fidelity vs horizon (test, aggregate) ---
  h=  1  n=  100  cos=+0.9901  nMSE=0.0223
  h=  2  n=  100  cos=+0.9849  nMSE=0.0348
  h=  4  n=  100  cos=+0.9739  nMSE=0.0564
  h=  8  n=  100  cos=+0.9597  nMSE=0.0881
  h= 16  n=  100  cos=+0.9382  nMSE=0.1365
  h= 28  n=  100  cos=+0.9534  nMSE=0.1416

--- decoded pos/vel ρ from ROLLED-OUT latents (test), by partition ---
  [baseline] probe applied to REAL embs:
  REAL ID                   pos0ρ=+0.987  pos1ρ=+0.988  vel0ρ=+0.506  vel1ρ=+nan
  REAL r/m-OOD              pos0ρ=+0.977  pos1ρ=+0.933  vel0ρ=+0.303  vel1ρ=+nan
  REAL v-OOD                pos0ρ=+0.961  pos1ρ=+0.832  vel0ρ=+0.488  vel1ρ=+nan
  REAL both-OOD             pos0ρ=+0.963  pos1ρ=+0.866  vel0ρ=+0.641  vel1ρ=+nan
  [rollout] probe applied to PREDICTED embs:
  PRED ID                   pos0ρ=+0.988  pos1ρ=+0.981  vel0ρ=+0.364  vel1ρ=+nan
  PRED r/m-OOD              pos0ρ=+0.967  pos1ρ=+0.899  vel0ρ=+0.308  vel1ρ=+nan
  PRED v-OOD                pos0ρ=+0.960  pos1ρ=+0.830  vel0ρ=+0.462  vel1ρ=+nan
  PRED both-OOD             pos0ρ=+0.934  pos1ρ=+0.832  vel0ρ=+0.536  vel1ρ=+nan

--- decoded vel ρ from PRED latents vs horizon (test, aggregate) ---
  h=  1  n=  100  vel0ρ=+0.060  vel1ρ=+nan
  h=  2  n=  100  vel0ρ=+0.123  vel1ρ=+nan
  h=  4  n=  100  vel0ρ=+0.062  vel1ρ=+nan
  h=  8  n=  100  vel0ρ=+0.024  vel1ρ=+nan
  h= 16  n=  100  vel0ρ=+0.663  vel1ρ=+nan
  h= 28  n=  100  vel0ρ=+0.732  vel1ρ=+nan

--- [K=4] decoded pos/vel ρ from ROLLED-OUT latents (test), by partition ---
  [K=4] probe applied to PREDICTED embs (stack 4 consecutive predicted latents):
  PRED-K4 ID          pos0ρ=+0.989  pos1ρ=+0.982  vel0ρ=+0.852  vel1ρ=+nan
  PRED-K4 r/m-OOD     pos0ρ=+0.971  pos1ρ=+0.932  vel0ρ=+0.856  vel1ρ=+nan
  PRED-K4 v-OOD       pos0ρ=+0.972  pos1ρ=+0.854  vel0ρ=+0.953  vel1ρ=+nan
  PRED-K4 both-OOD    pos0ρ=+0.945  pos1ρ=+0.849  vel0ρ=+0.949  vel1ρ=+nan

--- [K=4] decoded vel ρ from PRED latents vs horizon (test, aggregate) ---
  h=  4  n=  100  vel0ρ=+0.925  vel1ρ=+nan
  h=  8  n=  100  vel0ρ=+0.957  vel1ρ=+nan
  h= 16  n=  100  vel0ρ=+0.936  vel1ρ=+nan
  h= 28  n=  100  vel0ρ=+0.953  vel1ρ=+nan

Total 151s
