[norm] action mean=[-0.01484401  0.          0.01575156  0.        ], std=[7.72976437e-02 1.00000000e-08 8.20558954e-02 1.00000000e-08]  (from phyworld_collision_id1k.h5)
[ckpt] /data1/likun-share/junjxu/.stable_worldmodel/sc_col_ag_s42/sc_col_ag_s42_epoch_20_object.ckpt  tag=sc_col_ag_s42
  rolled out 100 trajs, t=16s
  rolled out 200 trajs, t=28s
  rolled out 300 trajs, t=40s
  rolled out 400 trajs, t=52s
  rolled out 500 trajs, t=64s

[data] 500 trajs, 14500 (frame,pred) pairs, emb dim=192

=== collision AR ROLLOUT (LeWM ID-only FT, history_size=3) ===
--- latent fidelity (pred vs real emb), test trajs, by partition ---
  ID         n=  203  cos=+0.8626  nMSE=0.3064
  r/m-OOD    n=  754  cos=+0.8195  nMSE=0.3596
  v-OOD      n=  290  cos=+0.7458  nMSE=0.5582
  both-OOD   n= 1653  cos=+0.7347  nMSE=0.5535

--- latent fidelity vs horizon (test, aggregate) ---
  h=  1  n=  100  cos=+0.9955  nMSE=0.0129
  h=  2  n=  100  cos=+0.9898  nMSE=0.0261
  h=  4  n=  100  cos=+0.9742  nMSE=0.0619
  h=  8  n=  100  cos=+0.9443  nMSE=0.1339
  h= 16  n=  100  cos=+0.8026  nMSE=0.4354
  h= 28  n=  100  cos=+0.4349  nMSE=1.1921

--- decoded pos/vel ρ from ROLLED-OUT latents (test), by partition ---
  [baseline] probe applied to REAL embs:
  REAL ID                   pos0ρ=+0.919  pos1ρ=+0.933  vel0ρ=+0.723  vel1ρ=+0.741
  REAL r/m-OOD              pos0ρ=+0.840  pos1ρ=+0.822  vel0ρ=+0.773  vel1ρ=+0.764
  REAL v-OOD                pos0ρ=+0.956  pos1ρ=+0.883  vel0ρ=+0.682  vel1ρ=+0.622
  REAL both-OOD             pos0ρ=+0.905  pos1ρ=+0.864  vel0ρ=+0.897  vel1ρ=+0.780
  [rollout] probe applied to PREDICTED embs:
  PRED ID                   pos0ρ=+0.463  pos1ρ=+0.670  vel0ρ=+0.495  vel1ρ=+0.471
  PRED r/m-OOD              pos0ρ=+0.076  pos1ρ=+0.464  vel0ρ=+0.421  vel1ρ=+0.426
  PRED v-OOD                pos0ρ=+0.120  pos1ρ=+0.286  vel0ρ=+0.320  vel1ρ=+0.062
  PRED both-OOD             pos0ρ=+0.102  pos1ρ=+0.654  vel0ρ=+0.537  vel1ρ=+0.557

--- decoded vel ρ from PRED latents vs horizon (test, aggregate) ---
  h=  1  n=  100  vel0ρ=+0.054  vel1ρ=-0.286
  h=  2  n=  100  vel0ρ=+0.115  vel1ρ=-0.217
  h=  4  n=  100  vel0ρ=+0.241  vel1ρ=-0.119
  h=  8  n=  100  vel0ρ=+0.677  vel1ρ=+0.686
  h= 16  n=  100  vel0ρ=+0.642  vel1ρ=+0.649
  h= 28  n=  100  vel0ρ=+0.249  vel1ρ=+0.566

--- [K=4] decoded pos/vel ρ from ROLLED-OUT latents (test), by partition ---
  [K=4] probe applied to PREDICTED embs (stack 4 consecutive predicted latents):
  PRED-K4 ID          pos0ρ=+0.461  pos1ρ=+0.671  vel0ρ=+0.350  vel1ρ=+0.617
  PRED-K4 r/m-OOD     pos0ρ=+0.006  pos1ρ=+0.439  vel0ρ=+0.323  vel1ρ=+0.559
  PRED-K4 v-OOD       pos0ρ=+0.215  pos1ρ=+0.338  vel0ρ=+0.181  vel1ρ=+0.227
  PRED-K4 both-OOD    pos0ρ=+0.178  pos1ρ=+0.640  vel0ρ=+0.226  vel1ρ=+0.689

--- [K=4] decoded vel ρ from PRED latents vs horizon (test, aggregate) ---
  h=  4  n=  100  vel0ρ=+0.253  vel1ρ=-0.131
  h=  8  n=  100  vel0ρ=+0.197  vel1ρ=+0.633
  h= 16  n=  100  vel0ρ=+0.229  vel1ρ=+0.756
  h= 28  n=  100  vel0ρ=+0.235  vel1ρ=+0.657

Total 65s
