[norm] action mean=[-0.01484401  0.          0.01575156  0.        ], std=[7.72976437e-02 1.00000000e-08 8.20558954e-02 1.00000000e-08]  (from phyworld_collision_id1k.h5)
[ckpt] /data1/likun-share/junjxu/.stable_worldmodel/sc_col_velocity_s1234/sc_col_velocity_s1234_epoch_20_object.ckpt  tag=sc_col_velocity_s1234
  rolled out 100 trajs, t=39s
  rolled out 200 trajs, t=63s
  rolled out 300 trajs, t=87s
  rolled out 400 trajs, t=112s
  rolled out 500 trajs, t=137s

[data] 500 trajs, 14500 (frame,pred) pairs, emb dim=192

=== collision AR ROLLOUT (LeWM ID-only FT, history_size=3) ===
--- latent fidelity (pred vs real emb), test trajs, by partition ---
  ID         n=  203  cos=+0.8272  nMSE=0.3705
  r/m-OOD    n=  754  cos=+0.8860  nMSE=0.2509
  v-OOD      n=  290  cos=+0.7012  nMSE=0.5734
  both-OOD   n= 1653  cos=+0.7232  nMSE=0.6222

--- latent fidelity vs horizon (test, aggregate) ---
  h=  1  n=  100  cos=+0.9928  nMSE=0.0209
  h=  2  n=  100  cos=+0.9853  nMSE=0.0394
  h=  4  n=  100  cos=+0.9628  nMSE=0.0928
  h=  8  n=  100  cos=+0.9144  nMSE=0.2067
  h= 16  n=  100  cos=+0.7804  nMSE=0.4680
  h= 28  n=  100  cos=+0.5250  nMSE=1.0989

--- decoded pos/vel ρ from ROLLED-OUT latents (test), by partition ---
  [baseline] probe applied to REAL embs:
  REAL ID                   pos0ρ=+0.943  pos1ρ=+0.937  vel0ρ=+0.682  vel1ρ=+0.740
  REAL r/m-OOD              pos0ρ=+0.831  pos1ρ=+0.800  vel0ρ=+0.785  vel1ρ=+0.733
  REAL v-OOD                pos0ρ=+0.952  pos1ρ=+0.852  vel0ρ=+0.741  vel1ρ=+0.647
  REAL both-OOD             pos0ρ=+0.909  pos1ρ=+0.862  vel0ρ=+0.899  vel1ρ=+0.786
  [rollout] probe applied to PREDICTED embs:
  PRED ID                   pos0ρ=+0.661  pos1ρ=+0.518  vel0ρ=+0.426  vel1ρ=+0.422
  PRED r/m-OOD              pos0ρ=+0.714  pos1ρ=+0.755  vel0ρ=+0.741  vel1ρ=+0.647
  PRED v-OOD                pos0ρ=+0.461  pos1ρ=+0.576  vel0ρ=+0.169  vel1ρ=+0.328
  PRED both-OOD             pos0ρ=+0.846  pos1ρ=+0.787  vel0ρ=+0.837  vel1ρ=+0.679

--- decoded vel ρ from PRED latents vs horizon (test, aggregate) ---
  h=  1  n=  100  vel0ρ=+0.047  vel1ρ=-0.113
  h=  2  n=  100  vel0ρ=+0.042  vel1ρ=-0.147
  h=  4  n=  100  vel0ρ=+0.059  vel1ρ=-0.140
  h=  8  n=  100  vel0ρ=+0.585  vel1ρ=+0.569
  h= 16  n=  100  vel0ρ=+0.907  vel1ρ=+0.806
  h= 28  n=  100  vel0ρ=+0.852  vel1ρ=+0.797

--- [K=4] decoded pos/vel ρ from ROLLED-OUT latents (test), by partition ---
  [K=4] probe applied to PREDICTED embs (stack 4 consecutive predicted latents):
  PRED-K4 ID          pos0ρ=+0.723  pos1ρ=+0.537  vel0ρ=+0.604  vel1ρ=+0.697
  PRED-K4 r/m-OOD     pos0ρ=+0.775  pos1ρ=+0.779  vel0ρ=+0.775  vel1ρ=+0.766
  PRED-K4 v-OOD       pos0ρ=+0.423  pos1ρ=+0.618  vel0ρ=+0.208  vel1ρ=+0.588
  PRED-K4 both-OOD    pos0ρ=+0.886  pos1ρ=+0.809  vel0ρ=+0.834  vel1ρ=+0.749

--- [K=4] decoded vel ρ from PRED latents vs horizon (test, aggregate) ---
  h=  4  n=  100  vel0ρ=+0.219  vel1ρ=-0.055
  h=  8  n=  100  vel0ρ=+0.701  vel1ρ=+0.762
  h= 16  n=  100  vel0ρ=+0.840  vel1ρ=+0.773
  h= 28  n=  100  vel0ρ=+0.770  vel1ρ=+0.766

Total 138s
