[norm] action mean=[-0.01484401  0.          0.01575156  0.        ], std=[7.72976437e-02 1.00000000e-08 8.20558954e-02 1.00000000e-08]  (from phyworld_collision_id1k.h5)
[ckpt] /data1/likun-share/junjxu/.stable_worldmodel/sc_col_probeslot_s42/sc_col_probeslot_s42_epoch_20_object.ckpt  tag=sc_col_probeslot_s42
  rolled out 100 trajs, t=39s
  rolled out 200 trajs, t=70s
  rolled out 300 trajs, t=101s
  rolled out 400 trajs, t=133s
  rolled out 500 trajs, t=163s

[data] 500 trajs, 14500 (frame,pred) pairs, emb dim=192

=== collision AR ROLLOUT (LeWM ID-only FT, history_size=3) ===
--- latent fidelity (pred vs real emb), test trajs, by partition ---
  ID         n=  203  cos=+0.8217  nMSE=0.3603
  r/m-OOD    n=  754  cos=+0.8766  nMSE=0.2524
  v-OOD      n=  290  cos=+0.7306  nMSE=0.5208
  both-OOD   n= 1653  cos=+0.6911  nMSE=0.6148

--- latent fidelity vs horizon (test, aggregate) ---
  h=  1  n=  100  cos=+0.9917  nMSE=0.0262
  h=  2  n=  100  cos=+0.9824  nMSE=0.0483
  h=  4  n=  100  cos=+0.9555  nMSE=0.1065
  h=  8  n=  100  cos=+0.8892  nMSE=0.2612
  h= 16  n=  100  cos=+0.7511  nMSE=0.4888
  h= 28  n=  100  cos=+0.5183  nMSE=1.0896

--- decoded pos/vel ρ from ROLLED-OUT latents (test), by partition ---
  [baseline] probe applied to REAL embs:
  REAL ID                   pos0ρ=+0.965  pos1ρ=+0.944  vel0ρ=+0.749  vel1ρ=+0.793
  REAL r/m-OOD              pos0ρ=+0.845  pos1ρ=+0.802  vel0ρ=+0.801  vel1ρ=+0.759
  REAL v-OOD                pos0ρ=+0.962  pos1ρ=+0.939  vel0ρ=+0.646  vel1ρ=+0.774
  REAL both-OOD             pos0ρ=+0.904  pos1ρ=+0.862  vel0ρ=+0.900  vel1ρ=+0.785
  [rollout] probe applied to PREDICTED embs:
  PRED ID                   pos0ρ=+0.794  pos1ρ=+0.777  vel0ρ=+0.709  vel1ρ=+0.666
  PRED r/m-OOD              pos0ρ=+0.859  pos1ρ=+0.870  vel0ρ=+0.809  vel1ρ=+0.715
  PRED v-OOD                pos0ρ=+0.813  pos1ρ=+0.842  vel0ρ=+0.384  vel1ρ=+0.648
  PRED both-OOD             pos0ρ=+0.792  pos1ρ=+0.858  vel0ρ=+0.794  vel1ρ=+0.744

--- decoded vel ρ from PRED latents vs horizon (test, aggregate) ---
  h=  1  n=  100  vel0ρ=+0.106  vel1ρ=-0.123
  h=  2  n=  100  vel0ρ=+0.187  vel1ρ=-0.141
  h=  4  n=  100  vel0ρ=+0.275  vel1ρ=-0.191
  h=  8  n=  100  vel0ρ=+0.568  vel1ρ=+0.363
  h= 16  n=  100  vel0ρ=+0.883  vel1ρ=+0.821
  h= 28  n=  100  vel0ρ=+0.891  vel1ρ=+0.853

--- [K=4] decoded pos/vel ρ from ROLLED-OUT latents (test), by partition ---
  [K=4] probe applied to PREDICTED embs (stack 4 consecutive predicted latents):
  PRED-K4 ID          pos0ρ=+0.795  pos1ρ=+0.737  vel0ρ=+0.826  vel1ρ=+0.808
  PRED-K4 r/m-OOD     pos0ρ=+0.880  pos1ρ=+0.875  vel0ρ=+0.892  vel1ρ=+0.812
  PRED-K4 v-OOD       pos0ρ=+0.782  pos1ρ=+0.810  vel0ρ=+0.453  vel1ρ=+0.717
  PRED-K4 both-OOD    pos0ρ=+0.800  pos1ρ=+0.839  vel0ρ=+0.817  vel1ρ=+0.787

--- [K=4] decoded vel ρ from PRED latents vs horizon (test, aggregate) ---
  h=  4  n=  100  vel0ρ=+0.224  vel1ρ=-0.100
  h=  8  n=  100  vel0ρ=+0.847  vel1ρ=+0.646
  h= 16  n=  100  vel0ρ=+0.817  vel1ρ=+0.829
  h= 28  n=  100  vel0ρ=+0.819  vel1ρ=+0.838

Total 166s
