[norm] action mean=[0.24667731 0.        ], std=[8.83643282e-02 1.00000000e-08]  (from phyworld_uniform_motion_id1k.h5)
[ckpt] /data1/likun-share/junjxu/.stable_worldmodel/sc_um_dynmlp_s1234/sc_um_dynmlp_s1234_epoch_20_object.ckpt  tag=sc_um_dynmlp_s1234
  rolled out 100 trajs, t=43s
  rolled out 200 trajs, t=69s
  rolled out 300 trajs, t=95s
  rolled out 400 trajs, t=121s
  rolled out 500 trajs, t=148s

[data] 500 trajs, 14500 (frame,pred) pairs, emb dim=192
/home/likun-share/junjxu/wm/phyworld/scripts/rollout_eval_id1k.py:197: ConstantInputWarning: An input array is constant; the correlation coefficient is not defined.
  rho = pearsonr(vel_all[mask][:, d], pv[:, d])[0]
/home/likun-share/junjxu/wm/phyworld/scripts/rollout_eval_id1k.py:197: ConstantInputWarning: An input array is constant; the correlation coefficient is not defined.
  rho = pearsonr(vel_all[mask][:, d], pv[:, d])[0]
/home/likun-share/junjxu/wm/phyworld/scripts/rollout_eval_id1k.py:197: ConstantInputWarning: An input array is constant; the correlation coefficient is not defined.
  rho = pearsonr(vel_all[mask][:, d], pv[:, d])[0]
/home/likun-share/junjxu/wm/phyworld/scripts/rollout_eval_id1k.py:197: ConstantInputWarning: An input array is constant; the correlation coefficient is not defined.
  rho = pearsonr(vel_all[mask][:, d], pv[:, d])[0]
/home/likun-share/junjxu/wm/phyworld/scripts/rollout_eval_id1k.py:197: ConstantInputWarning: An input array is constant; the correlation coefficient is not defined.
  rho = pearsonr(vel_all[mask][:, d], pv[:, d])[0]
/home/likun-share/junjxu/wm/phyworld/scripts/rollout_eval_id1k.py:197: ConstantInputWarning: An input array is constant; the correlation coefficient is not defined.
  rho = pearsonr(vel_all[mask][:, d], pv[:, d])[0]
/home/likun-share/junjxu/wm/phyworld/scripts/rollout_eval_id1k.py:197: ConstantInputWarning: An input array is constant; the correlation coefficient is not defined.
  rho = pearsonr(vel_all[mask][:, d], pv[:, d])[0]
/home/likun-share/junjxu/wm/phyworld/scripts/rollout_eval_id1k.py:197: ConstantInputWarning: An input array is constant; the correlation coefficient is not defined.
  rho = pearsonr(vel_all[mask][:, d], pv[:, d])[0]
/home/likun-share/junjxu/wm/phyworld/scripts/rollout_eval_id1k.py:242: ConstantInputWarning: An input array is constant; the correlation coefficient is not defined.
  rhos = [pearsonr(vel_all[m][:, d], pv[:, d])[0] for d in range(vel_all.shape[1])]
/home/likun-share/junjxu/wm/phyworld/scripts/rollout_eval_id1k.py:242: ConstantInputWarning: An input array is constant; the correlation coefficient is not defined.
  rhos = [pearsonr(vel_all[m][:, d], pv[:, d])[0] for d in range(vel_all.shape[1])]
/home/likun-share/junjxu/wm/phyworld/scripts/rollout_eval_id1k.py:242: ConstantInputWarning: An input array is constant; the correlation coefficient is not defined.
  rhos = [pearsonr(vel_all[m][:, d], pv[:, d])[0] for d in range(vel_all.shape[1])]
/home/likun-share/junjxu/wm/phyworld/scripts/rollout_eval_id1k.py:242: ConstantInputWarning: An input array is constant; the correlation coefficient is not defined.
  rhos = [pearsonr(vel_all[m][:, d], pv[:, d])[0] for d in range(vel_all.shape[1])]
/home/likun-share/junjxu/wm/phyworld/scripts/rollout_eval_id1k.py:242: ConstantInputWarning: An input array is constant; the correlation coefficient is not defined.
  rhos = [pearsonr(vel_all[m][:, d], pv[:, d])[0] for d in range(vel_all.shape[1])]
/home/likun-share/junjxu/wm/phyworld/scripts/rollout_eval_id1k.py:242: ConstantInputWarning: An input array is constant; the correlation coefficient is not defined.
  rhos = [pearsonr(vel_all[m][:, d], pv[:, d])[0] for d in range(vel_all.shape[1])]
/home/likun-share/junjxu/wm/phyworld/scripts/rollout_eval_id1k.py:288: ConstantInputWarning: An input array is constant; the correlation coefficient is not defined.
  line += f"  vel{d}ρ={pearsonr(vel_all[m][:, d], pv[:, d])[0]:+.3f}"
/home/likun-share/junjxu/wm/phyworld/scripts/rollout_eval_id1k.py:288: ConstantInputWarning: An input array is constant; the correlation coefficient is not defined.
  line += f"  vel{d}ρ={pearsonr(vel_all[m][:, d], pv[:, d])[0]:+.3f}"
/home/likun-share/junjxu/wm/phyworld/scripts/rollout_eval_id1k.py:288: ConstantInputWarning: An input array is constant; the correlation coefficient is not defined.
  line += f"  vel{d}ρ={pearsonr(vel_all[m][:, d], pv[:, d])[0]:+.3f}"
/home/likun-share/junjxu/wm/phyworld/scripts/rollout_eval_id1k.py:288: ConstantInputWarning: An input array is constant; the correlation coefficient is not defined.
  line += f"  vel{d}ρ={pearsonr(vel_all[m][:, d], pv[:, d])[0]:+.3f}"
/home/likun-share/junjxu/wm/phyworld/scripts/rollout_eval_id1k.py:296: ConstantInputWarning: An input array is constant; the correlation coefficient is not defined.
  rhos = [pearsonr(vel_all[m][:, d], pv[:, d])[0] for d in range(vel_all.shape[1])]
/home/likun-share/junjxu/wm/phyworld/scripts/rollout_eval_id1k.py:296: ConstantInputWarning: An input array is constant; the correlation coefficient is not defined.
  rhos = [pearsonr(vel_all[m][:, d], pv[:, d])[0] for d in range(vel_all.shape[1])]
/home/likun-share/junjxu/wm/phyworld/scripts/rollout_eval_id1k.py:296: ConstantInputWarning: An input array is constant; the correlation coefficient is not defined.
  rhos = [pearsonr(vel_all[m][:, d], pv[:, d])[0] for d in range(vel_all.shape[1])]
/home/likun-share/junjxu/wm/phyworld/scripts/rollout_eval_id1k.py:296: ConstantInputWarning: An input array is constant; the correlation coefficient is not defined.
  rhos = [pearsonr(vel_all[m][:, d], pv[:, d])[0] for d in range(vel_all.shape[1])]

=== uniform_motion AR ROLLOUT (LeWM ID-only FT, history_size=3) ===
--- latent fidelity (pred vs real emb), test trajs, by partition ---
  ID         n=  406  cos=+0.9926  nMSE=0.0164
  r/m-OOD    n=  464  cos=+0.8892  nMSE=0.2648
  v-OOD      n=  841  cos=+0.9824  nMSE=0.0362
  both-OOD   n= 1189  cos=+0.9396  nMSE=0.1516

--- latent fidelity vs horizon (test, aggregate) ---
  h=  1  n=  100  cos=+0.9943  nMSE=0.0159
  h=  2  n=  100  cos=+0.9897  nMSE=0.0257
  h=  4  n=  100  cos=+0.9823  nMSE=0.0420
  h=  8  n=  100  cos=+0.9654  nMSE=0.0834
  h= 16  n=  100  cos=+0.9542  nMSE=0.1135
  h= 28  n=  100  cos=+0.9433  nMSE=0.1526

--- decoded pos/vel ρ from ROLLED-OUT latents (test), by partition ---
  [baseline] probe applied to REAL embs:
  REAL ID                   pos0ρ=+0.991  pos1ρ=+0.990  vel0ρ=+0.307  vel1ρ=+nan
  REAL r/m-OOD              pos0ρ=+0.979  pos1ρ=+0.936  vel0ρ=+0.352  vel1ρ=+nan
  REAL v-OOD                pos0ρ=+0.962  pos1ρ=+0.834  vel0ρ=+0.476  vel1ρ=+nan
  REAL both-OOD             pos0ρ=+0.963  pos1ρ=+0.871  vel0ρ=+0.633  vel1ρ=+nan
  [rollout] probe applied to PREDICTED embs:
  PRED ID                   pos0ρ=+0.969  pos1ρ=+0.967  vel0ρ=+0.131  vel1ρ=+nan
  PRED r/m-OOD              pos0ρ=+0.646  pos1ρ=+0.942  vel0ρ=-0.106  vel1ρ=+nan
  PRED v-OOD                pos0ρ=+0.939  pos1ρ=+0.933  vel0ρ=+0.185  vel1ρ=+nan
  PRED both-OOD             pos0ρ=+0.819  pos1ρ=+0.907  vel0ρ=+0.207  vel1ρ=+nan

--- decoded vel ρ from PRED latents vs horizon (test, aggregate) ---
  h=  1  n=  100  vel0ρ=+0.202  vel1ρ=+nan
  h=  2  n=  100  vel0ρ=+0.206  vel1ρ=+nan
  h=  4  n=  100  vel0ρ=+0.018  vel1ρ=+nan
  h=  8  n=  100  vel0ρ=-0.318  vel1ρ=+nan
  h= 16  n=  100  vel0ρ=+0.225  vel1ρ=+nan
  h= 28  n=  100  vel0ρ=+0.356  vel1ρ=+nan

--- [K=4] decoded pos/vel ρ from ROLLED-OUT latents (test), by partition ---
  [K=4] probe applied to PREDICTED embs (stack 4 consecutive predicted latents):
  PRED-K4 ID          pos0ρ=+0.956  pos1ρ=+0.970  vel0ρ=+0.646  vel1ρ=+nan
  PRED-K4 r/m-OOD     pos0ρ=+0.515  pos1ρ=+0.952  vel0ρ=-0.047  vel1ρ=+nan
  PRED-K4 v-OOD       pos0ρ=+0.922  pos1ρ=+0.949  vel0ρ=+0.742  vel1ρ=+nan
  PRED-K4 both-OOD    pos0ρ=+0.787  pos1ρ=+0.910  vel0ρ=+0.646  vel1ρ=+nan

--- [K=4] decoded vel ρ from PRED latents vs horizon (test, aggregate) ---
  h=  4  n=  100  vel0ρ=+0.821  vel1ρ=+nan
  h=  8  n=  100  vel0ρ=+0.738  vel1ρ=+nan
  h= 16  n=  100  vel0ρ=+0.434  vel1ρ=+nan
  h= 28  n=  100  vel0ρ=+0.875  vel1ρ=+nan

Total 149s
