[norm] action mean=[ 0.24667731 -0.40296947], std=[0.08836433 0.229554  ]  (from phyworld_parabola_id1k.h5)
[ckpt] /data1/likun-share/junjxu/.stable_worldmodel/sc_par_labelfree_s1234/sc_par_labelfree_s1234_epoch_20_object.ckpt  tag=sc_par_labelfree_s1234
  rolled out 100 trajs, t=34s
  rolled out 200 trajs, t=61s
  rolled out 300 trajs, t=88s
  rolled out 400 trajs, t=115s
  rolled out 500 trajs, t=143s

[data] 500 trajs, 14500 (frame,pred) pairs, emb dim=192
/home/likun-share/junjxu/wm/phyworld/scripts/rollout_eval_id1k.py:242: ConstantInputWarning: An input array is constant; the correlation coefficient is not defined.
  rhos = [pearsonr(vel_all[m][:, d], pv[:, d])[0] for d in range(vel_all.shape[1])]
/home/likun-share/junjxu/wm/phyworld/scripts/rollout_eval_id1k.py:242: NearConstantInputWarning: An input array is nearly constant; the computed correlation coefficient may be inaccurate.
  rhos = [pearsonr(vel_all[m][:, d], pv[:, d])[0] for d in range(vel_all.shape[1])]
/home/likun-share/junjxu/wm/phyworld/scripts/rollout_eval_id1k.py:242: NearConstantInputWarning: An input array is nearly constant; the computed correlation coefficient may be inaccurate.
  rhos = [pearsonr(vel_all[m][:, d], pv[:, d])[0] for d in range(vel_all.shape[1])]
/home/likun-share/junjxu/wm/phyworld/scripts/rollout_eval_id1k.py:296: ConstantInputWarning: An input array is constant; the correlation coefficient is not defined.
  rhos = [pearsonr(vel_all[m][:, d], pv[:, d])[0] for d in range(vel_all.shape[1])]
/home/likun-share/junjxu/wm/phyworld/scripts/rollout_eval_id1k.py:296: NearConstantInputWarning: An input array is nearly constant; the computed correlation coefficient may be inaccurate.
  rhos = [pearsonr(vel_all[m][:, d], pv[:, d])[0] for d in range(vel_all.shape[1])]
/home/likun-share/junjxu/wm/phyworld/scripts/rollout_eval_id1k.py:296: NearConstantInputWarning: An input array is nearly constant; the computed correlation coefficient may be inaccurate.
  rhos = [pearsonr(vel_all[m][:, d], pv[:, d])[0] for d in range(vel_all.shape[1])]

=== parabola AR ROLLOUT (LeWM ID-only FT, history_size=3) ===
--- latent fidelity (pred vs real emb), test trajs, by partition ---
  ID         n=  464  cos=+0.9629  nMSE=0.0210
  r/m-OOD    n=  319  cos=+0.9261  nMSE=0.0805
  v-OOD      n=  928  cos=+0.8016  nMSE=0.1427
  both-OOD   n= 1189  cos=+0.7902  nMSE=0.2400

--- latent fidelity vs horizon (test, aggregate) ---
  h=  1  n=  100  cos=+0.9790  nMSE=0.0381
  h=  2  n=  100  cos=+0.9601  nMSE=0.0702
  h=  4  n=  100  cos=+0.9469  nMSE=0.1083
  h=  8  n=  100  cos=+0.9489  nMSE=0.1290
  h= 16  n=  100  cos=+0.8015  nMSE=0.1770
  h= 28  n=  100  cos=+0.7319  nMSE=4122544.0000

--- decoded pos/vel ρ from ROLLED-OUT latents (test), by partition ---
  [baseline] probe applied to REAL embs:
  REAL ID                   pos0ρ=+0.596  pos1ρ=+0.683  vel0ρ=+0.344  vel1ρ=+0.653
  REAL r/m-OOD              pos0ρ=+0.886  pos1ρ=+0.941  vel0ρ=+0.448  vel1ρ=+0.944
  REAL v-OOD                pos0ρ=+0.843  pos1ρ=+0.835  vel0ρ=+0.603  vel1ρ=+0.859
  REAL both-OOD             pos0ρ=+0.835  pos1ρ=+0.895  vel0ρ=+0.642  vel1ρ=+0.935
  [rollout] probe applied to PREDICTED embs:
  PRED ID                   pos0ρ=+0.381  pos1ρ=+0.306  vel0ρ=-0.287  vel1ρ=+0.247
  PRED r/m-OOD              pos0ρ=+0.676  pos1ρ=+0.756  vel0ρ=+0.208  vel1ρ=+0.708
  PRED v-OOD                pos0ρ=+0.089  pos1ρ=+0.115  vel0ρ=-0.175  vel1ρ=+0.086
  PRED both-OOD             pos0ρ=+0.363  pos1ρ=+0.266  vel0ρ=-0.076  vel1ρ=+0.198

--- decoded vel ρ from PRED latents vs horizon (test, aggregate) ---
  h=  1  n=  100  vel0ρ=-0.015  vel1ρ=+0.269
  h=  2  n=  100  vel0ρ=-0.144  vel1ρ=-0.053
  h=  4  n=  100  vel0ρ=-0.352  vel1ρ=-0.077
  h=  8  n=  100  vel0ρ=-0.084  vel1ρ=+nan
  h= 16  n=  100  vel0ρ=+0.108  vel1ρ=-0.008
  h= 28  n=  100  vel0ρ=-0.320  vel1ρ=+0.163

--- [K=4] decoded pos/vel ρ from ROLLED-OUT latents (test), by partition ---
  [K=4] probe applied to PREDICTED embs (stack 4 consecutive predicted latents):
  PRED-K4 ID          pos0ρ=+0.649  pos1ρ=+0.651  vel0ρ=-0.282  vel1ρ=+0.639
  PRED-K4 r/m-OOD     pos0ρ=+0.666  pos1ρ=+0.796  vel0ρ=+0.369  vel1ρ=+0.752
  PRED-K4 v-OOD       pos0ρ=+0.297  pos1ρ=+0.336  vel0ρ=+0.137  vel1ρ=+0.339
  PRED-K4 both-OOD    pos0ρ=+0.471  pos1ρ=+0.410  vel0ρ=+0.146  vel1ρ=+0.356

--- [K=4] decoded vel ρ from PRED latents vs horizon (test, aggregate) ---
  h=  4  n=  100  vel0ρ=+0.604  vel1ρ=-0.120
  h=  8  n=  100  vel0ρ=+0.573  vel1ρ=+nan
  h= 16  n=  100  vel0ρ=+0.427  vel1ρ=-0.039
  h= 28  n=  100  vel0ρ=-0.215  vel1ρ=+0.169

Total 145s
