[norm] action mean=[-0.01484401  0.          0.01575156  0.        ], std=[7.72976437e-02 1.00000000e-08 8.20558954e-02 1.00000000e-08]  (from phyworld_collision_id1k.h5)
[ckpt] /data1/likun-share/junjxu/.stable_worldmodel/sc_col_ag_s1234/sc_col_ag_s1234_epoch_20_object.ckpt  tag=sc_col_ag_s1234
  rolled out 100 trajs, t=24s
  rolled out 200 trajs, t=42s
  rolled out 300 trajs, t=60s
  rolled out 400 trajs, t=76s
  rolled out 500 trajs, t=91s

[data] 500 trajs, 14500 (frame,pred) pairs, emb dim=192

=== collision AR ROLLOUT (LeWM ID-only FT, history_size=3) ===
--- latent fidelity (pred vs real emb), test trajs, by partition ---
  ID         n=  203  cos=+0.8389  nMSE=0.3523
  r/m-OOD    n=  754  cos=+0.8073  nMSE=0.3876
  v-OOD      n=  290  cos=+0.7512  nMSE=0.5486
  both-OOD   n= 1653  cos=+0.7514  nMSE=0.5092

--- latent fidelity vs horizon (test, aggregate) ---
  h=  1  n=  100  cos=+0.9959  nMSE=0.0110
  h=  2  n=  100  cos=+0.9909  nMSE=0.0228
  h=  4  n=  100  cos=+0.9757  nMSE=0.0574
  h=  8  n=  100  cos=+0.9443  nMSE=0.1334
  h= 16  n=  100  cos=+0.8043  nMSE=0.4220
  h= 28  n=  100  cos=+0.4436  nMSE=1.1814

--- decoded pos/vel ρ from ROLLED-OUT latents (test), by partition ---
  [baseline] probe applied to REAL embs:
  REAL ID                   pos0ρ=+0.904  pos1ρ=+0.932  vel0ρ=+0.692  vel1ρ=+0.725
  REAL r/m-OOD              pos0ρ=+0.839  pos1ρ=+0.816  vel0ρ=+0.772  vel1ρ=+0.764
  REAL v-OOD                pos0ρ=+0.894  pos1ρ=+0.868  vel0ρ=+0.711  vel1ρ=+0.664
  REAL both-OOD             pos0ρ=+0.907  pos1ρ=+0.864  vel0ρ=+0.900  vel1ρ=+0.783
  [rollout] probe applied to PREDICTED embs:
  PRED ID                   pos0ρ=+0.501  pos1ρ=+0.420  vel0ρ=+0.428  vel1ρ=+0.307
  PRED r/m-OOD              pos0ρ=+0.137  pos1ρ=+0.317  vel0ρ=+0.267  vel1ρ=+0.329
  PRED v-OOD                pos0ρ=+0.371  pos1ρ=+0.188  vel0ρ=+0.269  vel1ρ=+0.028
  PRED both-OOD             pos0ρ=+0.165  pos1ρ=+0.532  vel0ρ=+0.475  vel1ρ=+0.526

--- decoded vel ρ from PRED latents vs horizon (test, aggregate) ---
  h=  1  n=  100  vel0ρ=+0.126  vel1ρ=-0.106
  h=  2  n=  100  vel0ρ=+0.201  vel1ρ=+0.005
  h=  4  n=  100  vel0ρ=+0.326  vel1ρ=+0.150
  h=  8  n=  100  vel0ρ=+0.590  vel1ρ=+0.570
  h= 16  n=  100  vel0ρ=+0.537  vel1ρ=+0.561
  h= 28  n=  100  vel0ρ=+0.186  vel1ρ=+0.557

--- [K=4] decoded pos/vel ρ from ROLLED-OUT latents (test), by partition ---
  [K=4] probe applied to PREDICTED embs (stack 4 consecutive predicted latents):
  PRED-K4 ID          pos0ρ=+0.425  pos1ρ=+0.307  vel0ρ=+0.405  vel1ρ=+0.548
  PRED-K4 r/m-OOD     pos0ρ=+0.097  pos1ρ=+0.301  vel0ρ=+0.252  vel1ρ=+0.432
  PRED-K4 v-OOD       pos0ρ=+0.571  pos1ρ=+0.267  vel0ρ=+0.122  vel1ρ=+0.142
  PRED-K4 both-OOD    pos0ρ=+0.204  pos1ρ=+0.534  vel0ρ=+0.291  vel1ρ=+0.596

--- [K=4] decoded vel ρ from PRED latents vs horizon (test, aggregate) ---
  h=  4  n=  100  vel0ρ=+0.462  vel1ρ=-0.052
  h=  8  n=  100  vel0ρ=+0.520  vel1ρ=+0.522
  h= 16  n=  100  vel0ρ=+0.303  vel1ρ=+0.596
  h= 28  n=  100  vel0ρ=+0.103  vel1ρ=+0.627

Total 92s
