[norm] action mean=[-0.01484401  0.          0.01575156  0.        ], std=[7.72976437e-02 1.00000000e-08 8.20558954e-02 1.00000000e-08]  (from phyworld_collision_id1k.h5)
[ckpt] /data1/likun-share/junjxu/.stable_worldmodel/sc_col_probe_s1234/sc_col_probe_s1234_epoch_20_object.ckpt  tag=sc_col_probe_s1234
  rolled out 100 trajs, t=42s
  rolled out 200 trajs, t=65s
  rolled out 300 trajs, t=90s
  rolled out 400 trajs, t=116s
  rolled out 500 trajs, t=140s

[data] 500 trajs, 14500 (frame,pred) pairs, emb dim=192

=== collision AR ROLLOUT (LeWM ID-only FT, history_size=3) ===
--- latent fidelity (pred vs real emb), test trajs, by partition ---
  ID         n=  203  cos=+0.7701  nMSE=0.4569
  r/m-OOD    n=  754  cos=+0.8710  nMSE=0.2751
  v-OOD      n=  290  cos=+0.6672  nMSE=0.6813
  both-OOD   n= 1653  cos=+0.6840  nMSE=0.6640

--- latent fidelity vs horizon (test, aggregate) ---
  h=  1  n=  100  cos=+0.9920  nMSE=0.0217
  h=  2  n=  100  cos=+0.9811  nMSE=0.0475
  h=  4  n=  100  cos=+0.9461  nMSE=0.1279
  h=  8  n=  100  cos=+0.8840  nMSE=0.2736
  h= 16  n=  100  cos=+0.7197  nMSE=0.5913
  h= 28  n=  100  cos=+0.5125  nMSE=1.0475

--- decoded pos/vel ρ from ROLLED-OUT latents (test), by partition ---
  [baseline] probe applied to REAL embs:
  REAL ID                   pos0ρ=+0.905  pos1ρ=+0.917  vel0ρ=+0.751  vel1ρ=+0.694
  REAL r/m-OOD              pos0ρ=+0.819  pos1ρ=+0.810  vel0ρ=+0.793  vel1ρ=+0.760
  REAL v-OOD                pos0ρ=+0.900  pos1ρ=+0.891  vel0ρ=+0.692  vel1ρ=+0.611
  REAL both-OOD             pos0ρ=+0.901  pos1ρ=+0.856  vel0ρ=+0.893  vel1ρ=+0.787
  [rollout] probe applied to PREDICTED embs:
  PRED ID                   pos0ρ=+0.372  pos1ρ=+0.487  vel0ρ=+0.319  vel1ρ=+0.421
  PRED r/m-OOD              pos0ρ=+0.761  pos1ρ=+0.795  vel0ρ=+0.781  vel1ρ=+0.666
  PRED v-OOD                pos0ρ=+0.698  pos1ρ=+0.627  vel0ρ=+0.431  vel1ρ=+0.475
  PRED both-OOD             pos0ρ=+0.676  pos1ρ=+0.781  vel0ρ=+0.788  vel1ρ=+0.700

--- decoded vel ρ from PRED latents vs horizon (test, aggregate) ---
  h=  1  n=  100  vel0ρ=+0.053  vel1ρ=-0.170
  h=  2  n=  100  vel0ρ=+0.053  vel1ρ=-0.187
  h=  4  n=  100  vel0ρ=+0.061  vel1ρ=-0.181
  h=  8  n=  100  vel0ρ=+0.560  vel1ρ=+0.638
  h= 16  n=  100  vel0ρ=+0.862  vel1ρ=+0.760
  h= 28  n=  100  vel0ρ=+0.829  vel1ρ=+0.863

--- [K=4] decoded pos/vel ρ from ROLLED-OUT latents (test), by partition ---
  [K=4] probe applied to PREDICTED embs (stack 4 consecutive predicted latents):
  PRED-K4 ID          pos0ρ=+0.473  pos1ρ=+0.518  vel0ρ=+0.495  vel1ρ=+0.531
  PRED-K4 r/m-OOD     pos0ρ=+0.798  pos1ρ=+0.804  vel0ρ=+0.732  vel1ρ=+0.734
  PRED-K4 v-OOD       pos0ρ=+0.671  pos1ρ=+0.621  vel0ρ=+0.351  vel1ρ=+0.547
  PRED-K4 both-OOD    pos0ρ=+0.730  pos1ρ=+0.775  vel0ρ=+0.711  vel1ρ=+0.757

--- [K=4] decoded vel ρ from PRED latents vs horizon (test, aggregate) ---
  h=  4  n=  100  vel0ρ=+0.151  vel1ρ=+0.024
  h=  8  n=  100  vel0ρ=+0.433  vel1ρ=+0.719
  h= 16  n=  100  vel0ρ=+0.775  vel1ρ=+0.758
  h= 28  n=  100  vel0ρ=+0.786  vel1ρ=+0.815

Total 142s
