[norm] action mean=[-0.01484401  0.          0.01575156  0.        ], std=[7.72976437e-02 1.00000000e-08 8.20558954e-02 1.00000000e-08]  (from phyworld_collision_id1k.h5)
[ckpt] /data1/likun-share/junjxu/.stable_worldmodel/sc_col_reweight_s1234/sc_col_reweight_s1234_epoch_20_object.ckpt  tag=sc_col_reweight_s1234
  rolled out 100 trajs, t=34s
  rolled out 200 trajs, t=60s
  rolled out 300 trajs, t=88s
  rolled out 400 trajs, t=116s
  rolled out 500 trajs, t=141s

[data] 500 trajs, 14500 (frame,pred) pairs, emb dim=192

=== collision AR ROLLOUT (LeWM ID-only FT, history_size=3) ===
--- latent fidelity (pred vs real emb), test trajs, by partition ---
  ID         n=  203  cos=+0.7990  nMSE=0.4182
  r/m-OOD    n=  754  cos=+0.8735  nMSE=0.2834
  v-OOD      n=  290  cos=+0.7068  nMSE=0.5834
  both-OOD   n= 1653  cos=+0.7086  nMSE=0.6462

--- latent fidelity vs horizon (test, aggregate) ---
  h=  1  n=  100  cos=+0.9954  nMSE=0.0134
  h=  2  n=  100  cos=+0.9893  nMSE=0.0275
  h=  4  n=  100  cos=+0.9702  nMSE=0.0708
  h=  8  n=  100  cos=+0.9161  nMSE=0.2025
  h= 16  n=  100  cos=+0.7379  nMSE=0.5832
  h= 28  n=  100  cos=+0.5169  nMSE=1.0617

--- decoded pos/vel ρ from ROLLED-OUT latents (test), by partition ---
  [baseline] probe applied to REAL embs:
  REAL ID                   pos0ρ=+0.951  pos1ρ=+0.948  vel0ρ=+0.668  vel1ρ=+0.700
  REAL r/m-OOD              pos0ρ=+0.840  pos1ρ=+0.809  vel0ρ=+0.784  vel1ρ=+0.772
  REAL v-OOD                pos0ρ=+0.953  pos1ρ=+0.921  vel0ρ=+0.720  vel1ρ=+0.599
  REAL both-OOD             pos0ρ=+0.909  pos1ρ=+0.867  vel0ρ=+0.899  vel1ρ=+0.781
  [rollout] probe applied to PREDICTED embs:
  PRED ID                   pos0ρ=+0.553  pos1ρ=+0.687  vel0ρ=+0.486  vel1ρ=+0.563
  PRED r/m-OOD              pos0ρ=+0.846  pos1ρ=+0.768  vel0ρ=+0.792  vel1ρ=+0.738
  PRED v-OOD                pos0ρ=+0.687  pos1ρ=+0.541  vel0ρ=+0.419  vel1ρ=+0.447
  PRED both-OOD             pos0ρ=+0.750  pos1ρ=+0.729  vel0ρ=+0.783  vel1ρ=+0.719

--- decoded vel ρ from PRED latents vs horizon (test, aggregate) ---
  h=  1  n=  100  vel0ρ=-0.074  vel1ρ=+0.092
  h=  2  n=  100  vel0ρ=+0.040  vel1ρ=+0.091
  h=  4  n=  100  vel0ρ=+0.163  vel1ρ=+0.126
  h=  8  n=  100  vel0ρ=+0.584  vel1ρ=+0.664
  h= 16  n=  100  vel0ρ=+0.847  vel1ρ=+0.822
  h= 28  n=  100  vel0ρ=+0.840  vel1ρ=+0.812

--- [K=4] decoded pos/vel ρ from ROLLED-OUT latents (test), by partition ---
  [K=4] probe applied to PREDICTED embs (stack 4 consecutive predicted latents):
  PRED-K4 ID          pos0ρ=+0.604  pos1ρ=+0.698  vel0ρ=+0.428  vel1ρ=+0.762
  PRED-K4 r/m-OOD     pos0ρ=+0.881  pos1ρ=+0.798  vel0ρ=+0.745  vel1ρ=+0.767
  PRED-K4 v-OOD       pos0ρ=+0.684  pos1ρ=+0.590  vel0ρ=+0.461  vel1ρ=+0.697
  PRED-K4 both-OOD    pos0ρ=+0.797  pos1ρ=+0.762  vel0ρ=+0.667  vel1ρ=+0.685

--- [K=4] decoded vel ρ from PRED latents vs horizon (test, aggregate) ---
  h=  4  n=  100  vel0ρ=+0.207  vel1ρ=+0.050
  h=  8  n=  100  vel0ρ=+0.087  vel1ρ=+0.606
  h= 16  n=  100  vel0ρ=+0.774  vel1ρ=+0.784
  h= 28  n=  100  vel0ρ=+0.738  vel1ρ=+0.762

Total 143s
