[norm] action mean=[0.24667731 0.        ], std=[8.83643282e-02 1.00000000e-08]  (from phyworld_uniform_motion_id1k.h5)
[ckpt] /data1/likun-share/junjxu/.stable_worldmodel/sc_um_ag_s1234/sc_um_ag_s1234_epoch_20_object.ckpt  tag=sc_um_ag_s1234
  rolled out 100 trajs, t=18s
  rolled out 200 trajs, t=33s
  rolled out 300 trajs, t=47s
  rolled out 400 trajs, t=61s
  rolled out 500 trajs, t=75s

[data] 500 trajs, 14500 (frame,pred) pairs, emb dim=192
/home/likun-share/junjxu/wm/phyworld/scripts/rollout_eval_id1k.py:197: ConstantInputWarning: An input array is constant; the correlation coefficient is not defined.
  rho = pearsonr(vel_all[mask][:, d], pv[:, d])[0]
/home/likun-share/junjxu/wm/phyworld/scripts/rollout_eval_id1k.py:197: ConstantInputWarning: An input array is constant; the correlation coefficient is not defined.
  rho = pearsonr(vel_all[mask][:, d], pv[:, d])[0]
/home/likun-share/junjxu/wm/phyworld/scripts/rollout_eval_id1k.py:197: ConstantInputWarning: An input array is constant; the correlation coefficient is not defined.
  rho = pearsonr(vel_all[mask][:, d], pv[:, d])[0]
/home/likun-share/junjxu/wm/phyworld/scripts/rollout_eval_id1k.py:197: ConstantInputWarning: An input array is constant; the correlation coefficient is not defined.
  rho = pearsonr(vel_all[mask][:, d], pv[:, d])[0]
/home/likun-share/junjxu/wm/phyworld/scripts/rollout_eval_id1k.py:197: ConstantInputWarning: An input array is constant; the correlation coefficient is not defined.
  rho = pearsonr(vel_all[mask][:, d], pv[:, d])[0]
/home/likun-share/junjxu/wm/phyworld/scripts/rollout_eval_id1k.py:197: ConstantInputWarning: An input array is constant; the correlation coefficient is not defined.
  rho = pearsonr(vel_all[mask][:, d], pv[:, d])[0]
/home/likun-share/junjxu/wm/phyworld/scripts/rollout_eval_id1k.py:197: ConstantInputWarning: An input array is constant; the correlation coefficient is not defined.
  rho = pearsonr(vel_all[mask][:, d], pv[:, d])[0]
/home/likun-share/junjxu/wm/phyworld/scripts/rollout_eval_id1k.py:197: ConstantInputWarning: An input array is constant; the correlation coefficient is not defined.
  rho = pearsonr(vel_all[mask][:, d], pv[:, d])[0]
/home/likun-share/junjxu/wm/phyworld/scripts/rollout_eval_id1k.py:242: ConstantInputWarning: An input array is constant; the correlation coefficient is not defined.
  rhos = [pearsonr(vel_all[m][:, d], pv[:, d])[0] for d in range(vel_all.shape[1])]
/home/likun-share/junjxu/wm/phyworld/scripts/rollout_eval_id1k.py:242: ConstantInputWarning: An input array is constant; the correlation coefficient is not defined.
  rhos = [pearsonr(vel_all[m][:, d], pv[:, d])[0] for d in range(vel_all.shape[1])]
/home/likun-share/junjxu/wm/phyworld/scripts/rollout_eval_id1k.py:242: ConstantInputWarning: An input array is constant; the correlation coefficient is not defined.
  rhos = [pearsonr(vel_all[m][:, d], pv[:, d])[0] for d in range(vel_all.shape[1])]
/home/likun-share/junjxu/wm/phyworld/scripts/rollout_eval_id1k.py:242: ConstantInputWarning: An input array is constant; the correlation coefficient is not defined.
  rhos = [pearsonr(vel_all[m][:, d], pv[:, d])[0] for d in range(vel_all.shape[1])]
/home/likun-share/junjxu/wm/phyworld/scripts/rollout_eval_id1k.py:242: ConstantInputWarning: An input array is constant; the correlation coefficient is not defined.
  rhos = [pearsonr(vel_all[m][:, d], pv[:, d])[0] for d in range(vel_all.shape[1])]
/home/likun-share/junjxu/wm/phyworld/scripts/rollout_eval_id1k.py:242: ConstantInputWarning: An input array is constant; the correlation coefficient is not defined.
  rhos = [pearsonr(vel_all[m][:, d], pv[:, d])[0] for d in range(vel_all.shape[1])]
/home/likun-share/junjxu/wm/phyworld/scripts/rollout_eval_id1k.py:288: ConstantInputWarning: An input array is constant; the correlation coefficient is not defined.
  line += f"  vel{d}ρ={pearsonr(vel_all[m][:, d], pv[:, d])[0]:+.3f}"
/home/likun-share/junjxu/wm/phyworld/scripts/rollout_eval_id1k.py:288: ConstantInputWarning: An input array is constant; the correlation coefficient is not defined.
  line += f"  vel{d}ρ={pearsonr(vel_all[m][:, d], pv[:, d])[0]:+.3f}"
/home/likun-share/junjxu/wm/phyworld/scripts/rollout_eval_id1k.py:288: ConstantInputWarning: An input array is constant; the correlation coefficient is not defined.
  line += f"  vel{d}ρ={pearsonr(vel_all[m][:, d], pv[:, d])[0]:+.3f}"
/home/likun-share/junjxu/wm/phyworld/scripts/rollout_eval_id1k.py:288: ConstantInputWarning: An input array is constant; the correlation coefficient is not defined.
  line += f"  vel{d}ρ={pearsonr(vel_all[m][:, d], pv[:, d])[0]:+.3f}"
/home/likun-share/junjxu/wm/phyworld/scripts/rollout_eval_id1k.py:296: ConstantInputWarning: An input array is constant; the correlation coefficient is not defined.
  rhos = [pearsonr(vel_all[m][:, d], pv[:, d])[0] for d in range(vel_all.shape[1])]
/home/likun-share/junjxu/wm/phyworld/scripts/rollout_eval_id1k.py:296: ConstantInputWarning: An input array is constant; the correlation coefficient is not defined.
  rhos = [pearsonr(vel_all[m][:, d], pv[:, d])[0] for d in range(vel_all.shape[1])]
/home/likun-share/junjxu/wm/phyworld/scripts/rollout_eval_id1k.py:296: ConstantInputWarning: An input array is constant; the correlation coefficient is not defined.
  rhos = [pearsonr(vel_all[m][:, d], pv[:, d])[0] for d in range(vel_all.shape[1])]
/home/likun-share/junjxu/wm/phyworld/scripts/rollout_eval_id1k.py:296: ConstantInputWarning: An input array is constant; the correlation coefficient is not defined.
  rhos = [pearsonr(vel_all[m][:, d], pv[:, d])[0] for d in range(vel_all.shape[1])]

=== uniform_motion AR ROLLOUT (LeWM ID-only FT, history_size=3) ===
--- latent fidelity (pred vs real emb), test trajs, by partition ---
  ID         n=  406  cos=+0.9900  nMSE=0.0210
  r/m-OOD    n=  464  cos=+0.8702  nMSE=0.2957
  v-OOD      n=  841  cos=+0.9770  nMSE=0.0463
  both-OOD   n= 1189  cos=+0.9280  nMSE=0.1610

--- latent fidelity vs horizon (test, aggregate) ---
  h=  1  n=  100  cos=+0.9947  nMSE=0.0126
  h=  2  n=  100  cos=+0.9906  nMSE=0.0218
  h=  4  n=  100  cos=+0.9842  nMSE=0.0357
  h=  8  n=  100  cos=+0.9702  nMSE=0.0662
  h= 16  n=  100  cos=+0.9491  nMSE=0.1135
  h= 28  n=  100  cos=+0.9019  nMSE=0.2333

--- decoded pos/vel ρ from ROLLED-OUT latents (test), by partition ---
  [baseline] probe applied to REAL embs:
  REAL ID                   pos0ρ=+0.991  pos1ρ=+0.990  vel0ρ=+0.249  vel1ρ=+nan
  REAL r/m-OOD              pos0ρ=+0.979  pos1ρ=+0.936  vel0ρ=+0.361  vel1ρ=+nan
  REAL v-OOD                pos0ρ=+0.962  pos1ρ=+0.834  vel0ρ=+0.397  vel1ρ=+nan
  REAL both-OOD             pos0ρ=+0.963  pos1ρ=+0.870  vel0ρ=+0.636  vel1ρ=+nan
  [rollout] probe applied to PREDICTED embs:
  PRED ID                   pos0ρ=+0.940  pos1ρ=+0.959  vel0ρ=+0.274  vel1ρ=+nan
  PRED r/m-OOD              pos0ρ=+0.402  pos1ρ=+0.889  vel0ρ=-0.030  vel1ρ=+nan
  PRED v-OOD                pos0ρ=+0.980  pos1ρ=+0.961  vel0ρ=+0.368  vel1ρ=+nan
  PRED both-OOD             pos0ρ=+0.819  pos1ρ=+0.830  vel0ρ=+0.457  vel1ρ=+nan

--- decoded vel ρ from PRED latents vs horizon (test, aggregate) ---
  h=  1  n=  100  vel0ρ=-0.211  vel1ρ=+nan
  h=  2  n=  100  vel0ρ=-0.125  vel1ρ=+nan
  h=  4  n=  100  vel0ρ=+0.023  vel1ρ=+nan
  h=  8  n=  100  vel0ρ=-0.027  vel1ρ=+nan
  h= 16  n=  100  vel0ρ=+0.476  vel1ρ=+nan
  h= 28  n=  100  vel0ρ=+0.585  vel1ρ=+nan

--- [K=4] decoded pos/vel ρ from ROLLED-OUT latents (test), by partition ---
  [K=4] probe applied to PREDICTED embs (stack 4 consecutive predicted latents):
  PRED-K4 ID          pos0ρ=+0.931  pos1ρ=+0.958  vel0ρ=+0.732  vel1ρ=+nan
  PRED-K4 r/m-OOD     pos0ρ=+0.325  pos1ρ=+0.877  vel0ρ=-0.034  vel1ρ=+nan
  PRED-K4 v-OOD       pos0ρ=+0.971  pos1ρ=+0.953  vel0ρ=+0.830  vel1ρ=+nan
  PRED-K4 both-OOD    pos0ρ=+0.804  pos1ρ=+0.810  vel0ρ=+0.732  vel1ρ=+nan

--- [K=4] decoded vel ρ from PRED latents vs horizon (test, aggregate) ---
  h=  4  n=  100  vel0ρ=+0.769  vel1ρ=+nan
  h=  8  n=  100  vel0ρ=+0.739  vel1ρ=+nan
  h= 16  n=  100  vel0ρ=+0.654  vel1ρ=+nan
  h= 28  n=  100  vel0ρ=+0.818  vel1ρ=+nan

Total 75s
