[norm] action mean=[-0.01484401  0.          0.01575156  0.        ], std=[7.72976437e-02 1.00000000e-08 8.20558954e-02 1.00000000e-08]  (from phyworld_collision_id1k.h5)
[ckpt] /data1/likun-share/junjxu/.stable_worldmodel/sc_col_labelfree_s1234/sc_col_labelfree_s1234_epoch_20_object.ckpt  tag=sc_col_labelfree_s1234
  rolled out 100 trajs, t=17s
  rolled out 200 trajs, t=32s
  rolled out 300 trajs, t=47s
  rolled out 400 trajs, t=62s
  rolled out 500 trajs, t=77s

[data] 500 trajs, 14500 (frame,pred) pairs, emb dim=192

=== collision AR ROLLOUT (LeWM ID-only FT, history_size=3) ===
--- latent fidelity (pred vs real emb), test trajs, by partition ---
  ID         n=  203  cos=+0.8340  nMSE=0.4291
  r/m-OOD    n=  754  cos=+0.8220  nMSE=0.3702
  v-OOD      n=  290  cos=+0.7379  nMSE=0.5693
  both-OOD   n= 1653  cos=+0.6941  nMSE=0.6576

--- latent fidelity vs horizon (test, aggregate) ---
  h=  1  n=  100  cos=+0.9965  nMSE=0.0087
  h=  2  n=  100  cos=+0.9924  nMSE=0.0177
  h=  4  n=  100  cos=+0.9838  nMSE=0.0362
  h=  8  n=  100  cos=+0.9592  nMSE=0.0898
  h= 16  n=  100  cos=+0.7885  nMSE=0.4729
  h= 28  n=  100  cos=+0.3190  nMSE=1.5351

--- decoded pos/vel ρ from ROLLED-OUT latents (test), by partition ---
  [baseline] probe applied to REAL embs:
  REAL ID                   pos0ρ=+0.486  pos1ρ=+0.718  vel0ρ=+0.612  vel1ρ=+0.681
  REAL r/m-OOD              pos0ρ=+0.791  pos1ρ=+0.690  vel0ρ=+0.749  vel1ρ=+0.624
  REAL v-OOD                pos0ρ=+0.425  pos1ρ=+0.629  vel0ρ=+0.246  vel1ρ=+0.438
  REAL both-OOD             pos0ρ=+0.875  pos1ρ=+0.808  vel0ρ=+0.867  vel1ρ=+0.673
  [rollout] probe applied to PREDICTED embs:
  PRED ID                   pos0ρ=+0.101  pos1ρ=+0.678  vel0ρ=+0.199  vel1ρ=+0.378
  PRED r/m-OOD              pos0ρ=+0.375  pos1ρ=+0.535  vel0ρ=+0.430  vel1ρ=+0.550
  PRED v-OOD                pos0ρ=+0.635  pos1ρ=+0.361  vel0ρ=-0.106  vel1ρ=-0.023
  PRED both-OOD             pos0ρ=+0.249  pos1ρ=+0.603  vel0ρ=+0.647  vel1ρ=+0.698

--- decoded vel ρ from PRED latents vs horizon (test, aggregate) ---
  h=  1  n=  100  vel0ρ=-0.065  vel1ρ=+0.258
  h=  2  n=  100  vel0ρ=-0.048  vel1ρ=+0.148
  h=  4  n=  100  vel0ρ=+0.044  vel1ρ=+0.062
  h=  8  n=  100  vel0ρ=+0.693  vel1ρ=+0.667
  h= 16  n=  100  vel0ρ=+0.646  vel1ρ=+0.702
  h= 28  n=  100  vel0ρ=+0.421  vel1ρ=+0.505

--- [K=4] decoded pos/vel ρ from ROLLED-OUT latents (test), by partition ---
  [K=4] probe applied to PREDICTED embs (stack 4 consecutive predicted latents):
  PRED-K4 ID          pos0ρ=-0.300  pos1ρ=+0.729  vel0ρ=+0.039  vel1ρ=+0.339
  PRED-K4 r/m-OOD     pos0ρ=+0.402  pos1ρ=+0.415  vel0ρ=+0.690  vel1ρ=+0.553
  PRED-K4 v-OOD       pos0ρ=+0.129  pos1ρ=+0.134  vel0ρ=+0.404  vel1ρ=-0.301
  PRED-K4 both-OOD    pos0ρ=+0.624  pos1ρ=+0.594  vel0ρ=+0.681  vel1ρ=+0.738

--- [K=4] decoded vel ρ from PRED latents vs horizon (test, aggregate) ---
  h=  4  n=  100  vel0ρ=+0.000  vel1ρ=+0.051
  h=  8  n=  100  vel0ρ=+0.469  vel1ρ=+0.611
  h= 16  n=  100  vel0ρ=+0.664  vel1ρ=+0.681
  h= 28  n=  100  vel0ρ=+0.626  vel1ρ=+0.559

Total 77s
