[norm] action mean=[ 0.24667731 -0.40296947], std=[0.08836433 0.229554  ]  (from phyworld_parabola_id1k.h5)
[ckpt] /data1/likun-share/junjxu/.stable_worldmodel/sc_par_dynmlp_s1234/sc_par_dynmlp_s1234_epoch_20_object.ckpt  tag=sc_par_dynmlp_s1234
  rolled out 100 trajs, t=46s
  rolled out 200 trajs, t=72s
  rolled out 300 trajs, t=97s
  rolled out 400 trajs, t=125s
  rolled out 500 trajs, t=152s

[data] 500 trajs, 14500 (frame,pred) pairs, emb dim=192
/home/likun-share/junjxu/wm/phyworld/scripts/rollout_eval_id1k.py:242: ConstantInputWarning: An input array is constant; the correlation coefficient is not defined.
  rhos = [pearsonr(vel_all[m][:, d], pv[:, d])[0] for d in range(vel_all.shape[1])]
/home/likun-share/junjxu/wm/phyworld/scripts/rollout_eval_id1k.py:242: NearConstantInputWarning: An input array is nearly constant; the computed correlation coefficient may be inaccurate.
  rhos = [pearsonr(vel_all[m][:, d], pv[:, d])[0] for d in range(vel_all.shape[1])]
/home/likun-share/junjxu/wm/phyworld/scripts/rollout_eval_id1k.py:242: NearConstantInputWarning: An input array is nearly constant; the computed correlation coefficient may be inaccurate.
  rhos = [pearsonr(vel_all[m][:, d], pv[:, d])[0] for d in range(vel_all.shape[1])]
/home/likun-share/junjxu/wm/phyworld/scripts/rollout_eval_id1k.py:296: ConstantInputWarning: An input array is constant; the correlation coefficient is not defined.
  rhos = [pearsonr(vel_all[m][:, d], pv[:, d])[0] for d in range(vel_all.shape[1])]
/home/likun-share/junjxu/wm/phyworld/scripts/rollout_eval_id1k.py:296: NearConstantInputWarning: An input array is nearly constant; the computed correlation coefficient may be inaccurate.
  rhos = [pearsonr(vel_all[m][:, d], pv[:, d])[0] for d in range(vel_all.shape[1])]
/home/likun-share/junjxu/wm/phyworld/scripts/rollout_eval_id1k.py:296: NearConstantInputWarning: An input array is nearly constant; the computed correlation coefficient may be inaccurate.
  rhos = [pearsonr(vel_all[m][:, d], pv[:, d])[0] for d in range(vel_all.shape[1])]

=== parabola AR ROLLOUT (LeWM ID-only FT, history_size=3) ===
--- latent fidelity (pred vs real emb), test trajs, by partition ---
  ID         n=  464  cos=+0.9825  nMSE=0.0221
  r/m-OOD    n=  319  cos=+0.9559  nMSE=0.1147
  v-OOD      n=  928  cos=+0.8974  nMSE=0.1298
  both-OOD   n= 1189  cos=+0.8592  nMSE=0.2883

--- latent fidelity vs horizon (test, aggregate) ---
  h=  1  n=  100  cos=+0.9825  nMSE=0.0504
  h=  2  n=  100  cos=+0.9703  nMSE=0.0830
  h=  4  n=  100  cos=+0.9594  nMSE=0.1097
  h=  8  n=  100  cos=+0.9514  nMSE=0.1393
  h= 16  n=  100  cos=+0.8189  nMSE=0.2063
  h= 28  n=  100  cos=+0.9496  nMSE=1113136.3750

--- decoded pos/vel ρ from ROLLED-OUT latents (test), by partition ---
  [baseline] probe applied to REAL embs:
  REAL ID                   pos0ρ=+0.951  pos1ρ=+0.983  vel0ρ=+0.263  vel1ρ=+0.987
  REAL r/m-OOD              pos0ρ=+0.916  pos1ρ=+0.980  vel0ρ=+0.463  vel1ρ=+0.984
  REAL v-OOD                pos0ρ=+0.888  pos1ρ=+0.903  vel0ρ=+0.614  vel1ρ=+0.951
  REAL both-OOD             pos0ρ=+0.855  pos1ρ=+0.915  vel0ρ=+0.634  vel1ρ=+0.959
  [rollout] probe applied to PREDICTED embs:
  PRED ID                   pos0ρ=+0.826  pos1ρ=+0.934  vel0ρ=+0.290  vel1ρ=+0.915
  PRED r/m-OOD              pos0ρ=+0.833  pos1ρ=+0.946  vel0ρ=+0.565  vel1ρ=+0.913
  PRED v-OOD                pos0ρ=+0.826  pos1ρ=+0.911  vel0ρ=+0.414  vel1ρ=+0.886
  PRED both-OOD             pos0ρ=+0.534  pos1ρ=+0.754  vel0ρ=+0.587  vel1ρ=+0.703

--- decoded vel ρ from PRED latents vs horizon (test, aggregate) ---
  h=  1  n=  100  vel0ρ=+0.260  vel1ρ=-0.276
  h=  2  n=  100  vel0ρ=+0.247  vel1ρ=+0.082
  h=  4  n=  100  vel0ρ=+0.519  vel1ρ=-0.154
  h=  8  n=  100  vel0ρ=+0.707  vel1ρ=+nan
  h= 16  n=  100  vel0ρ=+0.727  vel1ρ=-0.018
  h= 28  n=  100  vel0ρ=+0.201  vel1ρ=+0.085

--- [K=4] decoded pos/vel ρ from ROLLED-OUT latents (test), by partition ---
  [K=4] probe applied to PREDICTED embs (stack 4 consecutive predicted latents):
  PRED-K4 ID          pos0ρ=+0.790  pos1ρ=+0.909  vel0ρ=+0.358  vel1ρ=+0.888
  PRED-K4 r/m-OOD     pos0ρ=+0.844  pos1ρ=+0.916  vel0ρ=+0.519  vel1ρ=+0.888
  PRED-K4 v-OOD       pos0ρ=+0.807  pos1ρ=+0.871  vel0ρ=+0.419  vel1ρ=+0.856
  PRED-K4 both-OOD    pos0ρ=+0.655  pos1ρ=+0.677  vel0ρ=+0.592  vel1ρ=+0.627

--- [K=4] decoded vel ρ from PRED latents vs horizon (test, aggregate) ---
  h=  4  n=  100  vel0ρ=+0.772  vel1ρ=-0.206
  h=  8  n=  100  vel0ρ=+0.776  vel1ρ=+nan
  h= 16  n=  100  vel0ρ=+0.507  vel1ρ=+0.046
  h= 28  n=  100  vel0ρ=-0.109  vel1ρ=+0.082

Total 154s
