[norm] action mean=[-0.01484401  0.          0.01575156  0.        ], std=[7.72976437e-02 1.00000000e-08 8.20558954e-02 1.00000000e-08]  (from phyworld_collision_id1k.h5)
[ckpt] /data1/likun-share/junjxu/.stable_worldmodel/sc_col_cons_s42/sc_col_cons_s42_epoch_20_object.ckpt  tag=sc_col_cons_s42
  rolled out 100 trajs, t=35s
  rolled out 200 trajs, t=60s
  rolled out 300 trajs, t=82s
  rolled out 400 trajs, t=104s
  rolled out 500 trajs, t=124s

[data] 500 trajs, 14500 (frame,pred) pairs, emb dim=192

=== collision AR ROLLOUT (LeWM ID-only FT, history_size=3) ===
--- latent fidelity (pred vs real emb), test trajs, by partition ---
  ID         n=  203  cos=+0.7744  nMSE=0.4770
  r/m-OOD    n=  754  cos=+0.8754  nMSE=0.2525
  v-OOD      n=  290  cos=+0.7136  nMSE=0.5794
  both-OOD   n= 1653  cos=+0.7275  nMSE=0.5933

--- latent fidelity vs horizon (test, aggregate) ---
  h=  1  n=  100  cos=+0.9959  nMSE=0.0117
  h=  2  n=  100  cos=+0.9905  nMSE=0.0245
  h=  4  n=  100  cos=+0.9724  nMSE=0.0655
  h=  8  n=  100  cos=+0.9229  nMSE=0.1802
  h= 16  n=  100  cos=+0.7571  nMSE=0.5258
  h= 28  n=  100  cos=+0.5259  nMSE=0.9994

--- decoded pos/vel ρ from ROLLED-OUT latents (test), by partition ---
  [baseline] probe applied to REAL embs:
  REAL ID                   pos0ρ=+0.922  pos1ρ=+0.940  vel0ρ=+0.606  vel1ρ=+0.732
  REAL r/m-OOD              pos0ρ=+0.833  pos1ρ=+0.816  vel0ρ=+0.771  vel1ρ=+0.763
  REAL v-OOD                pos0ρ=+0.942  pos1ρ=+0.894  vel0ρ=+0.646  vel1ρ=+0.638
  REAL both-OOD             pos0ρ=+0.909  pos1ρ=+0.863  vel0ρ=+0.896  vel1ρ=+0.782
  [rollout] probe applied to PREDICTED embs:
  PRED ID                   pos0ρ=+0.729  pos1ρ=+0.550  vel0ρ=+0.627  vel1ρ=+0.448
  PRED r/m-OOD              pos0ρ=+0.776  pos1ρ=+0.787  vel0ρ=+0.761  vel1ρ=+0.616
  PRED v-OOD                pos0ρ=+0.885  pos1ρ=+0.480  vel0ρ=+0.595  vel1ρ=+0.099
  PRED both-OOD             pos0ρ=+0.842  pos1ρ=+0.709  vel0ρ=+0.813  vel1ρ=+0.579

--- decoded vel ρ from PRED latents vs horizon (test, aggregate) ---
  h=  1  n=  100  vel0ρ=+0.387  vel1ρ=-0.046
  h=  2  n=  100  vel0ρ=+0.371  vel1ρ=+0.033
  h=  4  n=  100  vel0ρ=+0.348  vel1ρ=+0.123
  h=  8  n=  100  vel0ρ=+0.573  vel1ρ=+0.548
  h= 16  n=  100  vel0ρ=+0.896  vel1ρ=+0.710
  h= 28  n=  100  vel0ρ=+0.873  vel1ρ=+0.685

--- [K=4] decoded pos/vel ρ from ROLLED-OUT latents (test), by partition ---
  [K=4] probe applied to PREDICTED embs (stack 4 consecutive predicted latents):
  PRED-K4 ID          pos0ρ=+0.703  pos1ρ=+0.582  vel0ρ=+0.520  vel1ρ=+0.594
  PRED-K4 r/m-OOD     pos0ρ=+0.803  pos1ρ=+0.749  vel0ρ=+0.780  vel1ρ=+0.655
  PRED-K4 v-OOD       pos0ρ=+0.831  pos1ρ=+0.315  vel0ρ=+0.613  vel1ρ=+0.074
  PRED-K4 both-OOD    pos0ρ=+0.854  pos1ρ=+0.699  vel0ρ=+0.801  vel1ρ=+0.586

--- [K=4] decoded vel ρ from PRED latents vs horizon (test, aggregate) ---
  h=  4  n=  100  vel0ρ=+0.263  vel1ρ=-0.047
  h=  8  n=  100  vel0ρ=+0.368  vel1ρ=+0.413
  h= 16  n=  100  vel0ρ=+0.852  vel1ρ=+0.662
  h= 28  n=  100  vel0ρ=+0.868  vel1ρ=+0.718

Total 125s
