[norm] action mean=[-0.01484401  0.          0.01575156  0.        ], std=[7.72976437e-02 1.00000000e-08 8.20558954e-02 1.00000000e-08]  (from phyworld_collision_id1k.h5)
[ckpt] /data1/likun-share/junjxu/.stable_worldmodel/sc_col_structpos_s1234/sc_col_structpos_s1234_epoch_20_object.ckpt  tag=sc_col_structpos_s1234
  rolled out 100 trajs, t=29s
  rolled out 200 trajs, t=53s
  rolled out 300 trajs, t=76s
  rolled out 400 trajs, t=101s
  rolled out 500 trajs, t=126s

[data] 500 trajs, 14500 (frame,pred) pairs, emb dim=192

=== collision AR ROLLOUT (LeWM ID-only FT, history_size=3) ===
--- latent fidelity (pred vs real emb), test trajs, by partition ---
  ID         n=  203  cos=+0.7973  nMSE=0.4247
  r/m-OOD    n=  754  cos=+0.8687  nMSE=0.2849
  v-OOD      n=  290  cos=+0.7306  nMSE=0.5553
  both-OOD   n= 1653  cos=+0.7193  nMSE=0.6166

--- latent fidelity vs horizon (test, aggregate) ---
  h=  1  n=  100  cos=+0.9956  nMSE=0.0121
  h=  2  n=  100  cos=+0.9905  nMSE=0.0241
  h=  4  n=  100  cos=+0.9728  nMSE=0.0652
  h=  8  n=  100  cos=+0.9202  nMSE=0.1911
  h= 16  n=  100  cos=+0.7350  nMSE=0.5953
  h= 28  n=  100  cos=+0.5370  nMSE=0.9791

--- decoded pos/vel ρ from ROLLED-OUT latents (test), by partition ---
  [baseline] probe applied to REAL embs:
  REAL ID                   pos0ρ=+0.939  pos1ρ=+0.958  vel0ρ=+0.654  vel1ρ=+0.735
  REAL r/m-OOD              pos0ρ=+0.839  pos1ρ=+0.823  vel0ρ=+0.772  vel1ρ=+0.767
  REAL v-OOD                pos0ρ=+0.940  pos1ρ=+0.920  vel0ρ=+0.767  vel1ρ=+0.657
  REAL both-OOD             pos0ρ=+0.904  pos1ρ=+0.866  vel0ρ=+0.894  vel1ρ=+0.781
  [rollout] probe applied to PREDICTED embs:
  PRED ID                   pos0ρ=+0.607  pos1ρ=+0.454  vel0ρ=+0.390  vel1ρ=+0.365
  PRED r/m-OOD              pos0ρ=+0.770  pos1ρ=+0.728  vel0ρ=+0.755  vel1ρ=+0.588
  PRED v-OOD                pos0ρ=+0.541  pos1ρ=+0.415  vel0ρ=+0.439  vel1ρ=+0.232
  PRED both-OOD             pos0ρ=+0.704  pos1ρ=+0.642  vel0ρ=+0.798  vel1ρ=+0.589

--- decoded vel ρ from PRED latents vs horizon (test, aggregate) ---
  h=  1  n=  100  vel0ρ=+0.133  vel1ρ=+0.034
  h=  2  n=  100  vel0ρ=+0.184  vel1ρ=+0.102
  h=  4  n=  100  vel0ρ=+0.245  vel1ρ=+0.118
  h=  8  n=  100  vel0ρ=+0.565  vel1ρ=+0.382
  h= 16  n=  100  vel0ρ=+0.857  vel1ρ=+0.681
  h= 28  n=  100  vel0ρ=+0.831  vel1ρ=+0.764

--- [K=4] decoded pos/vel ρ from ROLLED-OUT latents (test), by partition ---
  [K=4] probe applied to PREDICTED embs (stack 4 consecutive predicted latents):
  PRED-K4 ID          pos0ρ=+0.588  pos1ρ=+0.443  vel0ρ=+0.148  vel1ρ=+0.410
  PRED-K4 r/m-OOD     pos0ρ=+0.808  pos1ρ=+0.738  vel0ρ=+0.674  vel1ρ=+0.573
  PRED-K4 v-OOD       pos0ρ=+0.479  pos1ρ=+0.341  vel0ρ=+0.386  vel1ρ=+0.248
  PRED-K4 both-OOD    pos0ρ=+0.766  pos1ρ=+0.689  vel0ρ=+0.697  vel1ρ=+0.536

--- [K=4] decoded vel ρ from PRED latents vs horizon (test, aggregate) ---
  h=  4  n=  100  vel0ρ=+0.143  vel1ρ=-0.268
  h=  8  n=  100  vel0ρ=+0.193  vel1ρ=+0.296
  h= 16  n=  100  vel0ρ=+0.760  vel1ρ=+0.608
  h= 28  n=  100  vel0ρ=+0.765  vel1ρ=+0.721

Total 128s
