[norm] action mean=[ 0.24667731 -0.40296947], std=[0.08836433 0.229554  ]  (from phyworld_parabola_id1k.h5)
[ckpt] /data1/likun-share/junjxu/.stable_worldmodel/sc_par_ag_s1234/sc_par_ag_s1234_epoch_20_object.ckpt  tag=sc_par_ag_s1234
  rolled out 100 trajs, t=15s
  rolled out 200 trajs, t=27s
  rolled out 300 trajs, t=40s
  rolled out 400 trajs, t=52s
  rolled out 500 trajs, t=64s

[data] 500 trajs, 14500 (frame,pred) pairs, emb dim=192
/home/likun-share/junjxu/wm/phyworld/scripts/rollout_eval_id1k.py:242: ConstantInputWarning: An input array is constant; the correlation coefficient is not defined.
  rhos = [pearsonr(vel_all[m][:, d], pv[:, d])[0] for d in range(vel_all.shape[1])]
/home/likun-share/junjxu/wm/phyworld/scripts/rollout_eval_id1k.py:242: NearConstantInputWarning: An input array is nearly constant; the computed correlation coefficient may be inaccurate.
  rhos = [pearsonr(vel_all[m][:, d], pv[:, d])[0] for d in range(vel_all.shape[1])]
/home/likun-share/junjxu/wm/phyworld/scripts/rollout_eval_id1k.py:242: NearConstantInputWarning: An input array is nearly constant; the computed correlation coefficient may be inaccurate.
  rhos = [pearsonr(vel_all[m][:, d], pv[:, d])[0] for d in range(vel_all.shape[1])]
/home/likun-share/junjxu/wm/phyworld/scripts/rollout_eval_id1k.py:296: ConstantInputWarning: An input array is constant; the correlation coefficient is not defined.
  rhos = [pearsonr(vel_all[m][:, d], pv[:, d])[0] for d in range(vel_all.shape[1])]
/home/likun-share/junjxu/wm/phyworld/scripts/rollout_eval_id1k.py:296: NearConstantInputWarning: An input array is nearly constant; the computed correlation coefficient may be inaccurate.
  rhos = [pearsonr(vel_all[m][:, d], pv[:, d])[0] for d in range(vel_all.shape[1])]
/home/likun-share/junjxu/wm/phyworld/scripts/rollout_eval_id1k.py:296: NearConstantInputWarning: An input array is nearly constant; the computed correlation coefficient may be inaccurate.
  rhos = [pearsonr(vel_all[m][:, d], pv[:, d])[0] for d in range(vel_all.shape[1])]

=== parabola AR ROLLOUT (LeWM ID-only FT, history_size=3) ===
--- latent fidelity (pred vs real emb), test trajs, by partition ---
  ID         n=  464  cos=+0.9754  nMSE=0.0253
  r/m-OOD    n=  319  cos=+0.9102  nMSE=0.1280
  v-OOD      n=  928  cos=+0.8621  nMSE=0.1357
  both-OOD   n= 1189  cos=+0.8016  nMSE=0.2961

--- latent fidelity vs horizon (test, aggregate) ---
  h=  1  n=  100  cos=+0.9864  nMSE=0.0374
  h=  2  n=  100  cos=+0.9757  nMSE=0.0657
  h=  4  n=  100  cos=+0.9655  nMSE=0.1015
  h=  8  n=  100  cos=+0.9572  nMSE=0.1405
  h= 16  n=  100  cos=+0.8078  nMSE=0.2179
  h= 28  n=  100  cos=+0.7946  nMSE=4533490.0000

--- decoded pos/vel ρ from ROLLED-OUT latents (test), by partition ---
  [baseline] probe applied to REAL embs:
  REAL ID                   pos0ρ=+0.952  pos1ρ=+0.984  vel0ρ=+0.232  vel1ρ=+0.987
  REAL r/m-OOD              pos0ρ=+0.918  pos1ρ=+0.979  vel0ρ=+0.462  vel1ρ=+0.984
  REAL v-OOD                pos0ρ=+0.887  pos1ρ=+0.903  vel0ρ=+0.589  vel1ρ=+0.952
  REAL both-OOD             pos0ρ=+0.855  pos1ρ=+0.915  vel0ρ=+0.632  vel1ρ=+0.959
  [rollout] probe applied to PREDICTED embs:
  PRED ID                   pos0ρ=+0.868  pos1ρ=+0.911  vel0ρ=+0.067  vel1ρ=+0.907
  PRED r/m-OOD              pos0ρ=+0.545  pos1ρ=+0.788  vel0ρ=+0.470  vel1ρ=+0.721
  PRED v-OOD                pos0ρ=+0.952  pos1ρ=+0.841  vel0ρ=-0.172  vel1ρ=+0.847
  PRED both-OOD             pos0ρ=+0.490  pos1ρ=+0.501  vel0ρ=+0.073  vel1ρ=+0.503

--- decoded vel ρ from PRED latents vs horizon (test, aggregate) ---
  h=  1  n=  100  vel0ρ=-0.250  vel1ρ=-0.338
  h=  2  n=  100  vel0ρ=-0.075  vel1ρ=+0.127
  h=  4  n=  100  vel0ρ=+0.099  vel1ρ=-0.057
  h=  8  n=  100  vel0ρ=+0.309  vel1ρ=+nan
  h= 16  n=  100  vel0ρ=+0.316  vel1ρ=+0.028
  h= 28  n=  100  vel0ρ=-0.702  vel1ρ=-0.036

--- [K=4] decoded pos/vel ρ from ROLLED-OUT latents (test), by partition ---
  [K=4] probe applied to PREDICTED embs (stack 4 consecutive predicted latents):
  PRED-K4 ID          pos0ρ=+0.804  pos1ρ=+0.899  vel0ρ=+0.466  vel1ρ=+0.894
  PRED-K4 r/m-OOD     pos0ρ=+0.431  pos1ρ=+0.712  vel0ρ=+0.387  vel1ρ=+0.507
  PRED-K4 v-OOD       pos0ρ=+0.930  pos1ρ=+0.876  vel0ρ=+0.549  vel1ρ=+0.878
  PRED-K4 both-OOD    pos0ρ=+0.472  pos1ρ=+0.429  vel0ρ=+0.409  vel1ρ=+0.384

--- [K=4] decoded vel ρ from PRED latents vs horizon (test, aggregate) ---
  h=  4  n=  100  vel0ρ=+0.709  vel1ρ=-0.176
  h=  8  n=  100  vel0ρ=+0.618  vel1ρ=+nan
  h= 16  n=  100  vel0ρ=+0.613  vel1ρ=+0.046
  h= 28  n=  100  vel0ρ=-0.433  vel1ρ=-0.035

Total 64s
