[norm] action mean=[ 0.24667731 -0.40296947], std=[0.08836433 0.229554  ]  (from phyworld_parabola_id1k.h5)
[ckpt] /data1/likun-share/junjxu/.stable_worldmodel/sc_par_labelfree_s42/sc_par_labelfree_s42_epoch_20_object.ckpt  tag=sc_par_labelfree_s42
  rolled out 100 trajs, t=52s
  rolled out 200 trajs, t=81s
  rolled out 300 trajs, t=108s
  rolled out 400 trajs, t=133s
  rolled out 500 trajs, t=159s

[data] 500 trajs, 14500 (frame,pred) pairs, emb dim=192
/home/likun-share/junjxu/wm/phyworld/scripts/rollout_eval_id1k.py:242: ConstantInputWarning: An input array is constant; the correlation coefficient is not defined.
  rhos = [pearsonr(vel_all[m][:, d], pv[:, d])[0] for d in range(vel_all.shape[1])]
/home/likun-share/junjxu/wm/phyworld/scripts/rollout_eval_id1k.py:242: NearConstantInputWarning: An input array is nearly constant; the computed correlation coefficient may be inaccurate.
  rhos = [pearsonr(vel_all[m][:, d], pv[:, d])[0] for d in range(vel_all.shape[1])]
/home/likun-share/junjxu/wm/phyworld/scripts/rollout_eval_id1k.py:242: NearConstantInputWarning: An input array is nearly constant; the computed correlation coefficient may be inaccurate.
  rhos = [pearsonr(vel_all[m][:, d], pv[:, d])[0] for d in range(vel_all.shape[1])]
/home/likun-share/junjxu/wm/phyworld/scripts/rollout_eval_id1k.py:296: ConstantInputWarning: An input array is constant; the correlation coefficient is not defined.
  rhos = [pearsonr(vel_all[m][:, d], pv[:, d])[0] for d in range(vel_all.shape[1])]
/home/likun-share/junjxu/wm/phyworld/scripts/rollout_eval_id1k.py:296: NearConstantInputWarning: An input array is nearly constant; the computed correlation coefficient may be inaccurate.
  rhos = [pearsonr(vel_all[m][:, d], pv[:, d])[0] for d in range(vel_all.shape[1])]
/home/likun-share/junjxu/wm/phyworld/scripts/rollout_eval_id1k.py:296: NearConstantInputWarning: An input array is nearly constant; the computed correlation coefficient may be inaccurate.
  rhos = [pearsonr(vel_all[m][:, d], pv[:, d])[0] for d in range(vel_all.shape[1])]

=== parabola AR ROLLOUT (LeWM ID-only FT, history_size=3) ===
--- latent fidelity (pred vs real emb), test trajs, by partition ---
  ID         n=  464  cos=+0.9582  nMSE=0.0188
  r/m-OOD    n=  319  cos=+0.9022  nMSE=0.1085
  v-OOD      n=  928  cos=+0.7972  nMSE=0.1645
  both-OOD   n= 1189  cos=+0.7978  nMSE=0.2604

--- latent fidelity vs horizon (test, aggregate) ---
  h=  1  n=  100  cos=+0.9768  nMSE=0.0391
  h=  2  n=  100  cos=+0.9579  nMSE=0.0726
  h=  4  n=  100  cos=+0.9395  nMSE=0.1184
  h=  8  n=  100  cos=+0.9396  nMSE=0.1432
  h= 16  n=  100  cos=+0.7896  nMSE=0.2049
  h= 28  n=  100  cos=+0.7605  nMSE=9219364.0000

--- decoded pos/vel ρ from ROLLED-OUT latents (test), by partition ---
  [baseline] probe applied to REAL embs:
  REAL ID                   pos0ρ=+0.527  pos1ρ=+0.623  vel0ρ=+0.348  vel1ρ=+0.584
  REAL r/m-OOD              pos0ρ=+0.877  pos1ρ=+0.931  vel0ρ=+0.468  vel1ρ=+0.938
  REAL v-OOD                pos0ρ=+0.785  pos1ρ=+0.784  vel0ρ=+0.593  vel1ρ=+0.806
  REAL both-OOD             pos0ρ=+0.834  pos1ρ=+0.899  vel0ρ=+0.634  vel1ρ=+0.938
  [rollout] probe applied to PREDICTED embs:
  PRED ID                   pos0ρ=+0.481  pos1ρ=+0.457  vel0ρ=+0.102  vel1ρ=+0.393
  PRED r/m-OOD              pos0ρ=+0.721  pos1ρ=+0.815  vel0ρ=+0.236  vel1ρ=+0.834
  PRED v-OOD                pos0ρ=+0.585  pos1ρ=+0.514  vel0ρ=+0.140  vel1ρ=+0.460
  PRED both-OOD             pos0ρ=+0.647  pos1ρ=+0.470  vel0ρ=+0.370  vel1ρ=+0.464

--- decoded vel ρ from PRED latents vs horizon (test, aggregate) ---
  h=  1  n=  100  vel0ρ=+0.323  vel1ρ=+0.305
  h=  2  n=  100  vel0ρ=+0.524  vel1ρ=-0.106
  h=  4  n=  100  vel0ρ=+0.413  vel1ρ=-0.154
  h=  8  n=  100  vel0ρ=+0.174  vel1ρ=+nan
  h= 16  n=  100  vel0ρ=+0.654  vel1ρ=+0.042
  h= 28  n=  100  vel0ρ=-0.230  vel1ρ=+0.059

--- [K=4] decoded pos/vel ρ from ROLLED-OUT latents (test), by partition ---
  [K=4] probe applied to PREDICTED embs (stack 4 consecutive predicted latents):
  PRED-K4 ID          pos0ρ=+0.486  pos1ρ=+0.906  vel0ρ=+0.351  vel1ρ=+0.914
  PRED-K4 r/m-OOD     pos0ρ=+0.509  pos1ρ=+0.878  vel0ρ=+0.441  vel1ρ=+0.900
  PRED-K4 v-OOD       pos0ρ=+0.397  pos1ρ=+0.896  vel0ρ=+0.519  vel1ρ=+0.925
  PRED-K4 both-OOD    pos0ρ=+0.469  pos1ρ=+0.856  vel0ρ=+0.692  vel1ρ=+0.873

--- [K=4] decoded vel ρ from PRED latents vs horizon (test, aggregate) ---
  h=  4  n=  100  vel0ρ=+0.803  vel1ρ=-0.138
  h=  8  n=  100  vel0ρ=+0.861  vel1ρ=+nan
  h= 16  n=  100  vel0ρ=+0.806  vel1ρ=-0.071
  h= 28  n=  100  vel0ρ=-0.373  vel1ρ=-0.035

Total 161s
