[norm] action mean=[0.24667731 0.        ], std=[8.83643282e-02 1.00000000e-08]  (from phyworld_uniform_motion_id1k.h5)
[ckpt] /data1/likun-share/junjxu/.stable_worldmodel/sc_um_velocity_s1234/sc_um_velocity_s1234_epoch_20_object.ckpt  tag=sc_um_velocity_s1234
  rolled out 100 trajs, t=28s
  rolled out 200 trajs, t=52s
  rolled out 300 trajs, t=74s
  rolled out 400 trajs, t=98s
  rolled out 500 trajs, t=120s

[data] 500 trajs, 14500 (frame,pred) pairs, emb dim=192
/home/likun-share/junjxu/wm/phyworld/scripts/rollout_eval_id1k.py:197: ConstantInputWarning: An input array is constant; the correlation coefficient is not defined.
  rho = pearsonr(vel_all[mask][:, d], pv[:, d])[0]
/home/likun-share/junjxu/wm/phyworld/scripts/rollout_eval_id1k.py:197: ConstantInputWarning: An input array is constant; the correlation coefficient is not defined.
  rho = pearsonr(vel_all[mask][:, d], pv[:, d])[0]
/home/likun-share/junjxu/wm/phyworld/scripts/rollout_eval_id1k.py:197: ConstantInputWarning: An input array is constant; the correlation coefficient is not defined.
  rho = pearsonr(vel_all[mask][:, d], pv[:, d])[0]
/home/likun-share/junjxu/wm/phyworld/scripts/rollout_eval_id1k.py:197: ConstantInputWarning: An input array is constant; the correlation coefficient is not defined.
  rho = pearsonr(vel_all[mask][:, d], pv[:, d])[0]
/home/likun-share/junjxu/wm/phyworld/scripts/rollout_eval_id1k.py:197: ConstantInputWarning: An input array is constant; the correlation coefficient is not defined.
  rho = pearsonr(vel_all[mask][:, d], pv[:, d])[0]
/home/likun-share/junjxu/wm/phyworld/scripts/rollout_eval_id1k.py:197: ConstantInputWarning: An input array is constant; the correlation coefficient is not defined.
  rho = pearsonr(vel_all[mask][:, d], pv[:, d])[0]
/home/likun-share/junjxu/wm/phyworld/scripts/rollout_eval_id1k.py:197: ConstantInputWarning: An input array is constant; the correlation coefficient is not defined.
  rho = pearsonr(vel_all[mask][:, d], pv[:, d])[0]
/home/likun-share/junjxu/wm/phyworld/scripts/rollout_eval_id1k.py:197: ConstantInputWarning: An input array is constant; the correlation coefficient is not defined.
  rho = pearsonr(vel_all[mask][:, d], pv[:, d])[0]
/home/likun-share/junjxu/wm/phyworld/scripts/rollout_eval_id1k.py:242: ConstantInputWarning: An input array is constant; the correlation coefficient is not defined.
  rhos = [pearsonr(vel_all[m][:, d], pv[:, d])[0] for d in range(vel_all.shape[1])]
/home/likun-share/junjxu/wm/phyworld/scripts/rollout_eval_id1k.py:242: ConstantInputWarning: An input array is constant; the correlation coefficient is not defined.
  rhos = [pearsonr(vel_all[m][:, d], pv[:, d])[0] for d in range(vel_all.shape[1])]
/home/likun-share/junjxu/wm/phyworld/scripts/rollout_eval_id1k.py:242: ConstantInputWarning: An input array is constant; the correlation coefficient is not defined.
  rhos = [pearsonr(vel_all[m][:, d], pv[:, d])[0] for d in range(vel_all.shape[1])]
/home/likun-share/junjxu/wm/phyworld/scripts/rollout_eval_id1k.py:242: ConstantInputWarning: An input array is constant; the correlation coefficient is not defined.
  rhos = [pearsonr(vel_all[m][:, d], pv[:, d])[0] for d in range(vel_all.shape[1])]
/home/likun-share/junjxu/wm/phyworld/scripts/rollout_eval_id1k.py:242: ConstantInputWarning: An input array is constant; the correlation coefficient is not defined.
  rhos = [pearsonr(vel_all[m][:, d], pv[:, d])[0] for d in range(vel_all.shape[1])]
/home/likun-share/junjxu/wm/phyworld/scripts/rollout_eval_id1k.py:242: ConstantInputWarning: An input array is constant; the correlation coefficient is not defined.
  rhos = [pearsonr(vel_all[m][:, d], pv[:, d])[0] for d in range(vel_all.shape[1])]
/home/likun-share/junjxu/wm/phyworld/scripts/rollout_eval_id1k.py:288: ConstantInputWarning: An input array is constant; the correlation coefficient is not defined.
  line += f"  vel{d}ρ={pearsonr(vel_all[m][:, d], pv[:, d])[0]:+.3f}"
/home/likun-share/junjxu/wm/phyworld/scripts/rollout_eval_id1k.py:288: ConstantInputWarning: An input array is constant; the correlation coefficient is not defined.
  line += f"  vel{d}ρ={pearsonr(vel_all[m][:, d], pv[:, d])[0]:+.3f}"
/home/likun-share/junjxu/wm/phyworld/scripts/rollout_eval_id1k.py:288: ConstantInputWarning: An input array is constant; the correlation coefficient is not defined.
  line += f"  vel{d}ρ={pearsonr(vel_all[m][:, d], pv[:, d])[0]:+.3f}"
/home/likun-share/junjxu/wm/phyworld/scripts/rollout_eval_id1k.py:288: ConstantInputWarning: An input array is constant; the correlation coefficient is not defined.
  line += f"  vel{d}ρ={pearsonr(vel_all[m][:, d], pv[:, d])[0]:+.3f}"
/home/likun-share/junjxu/wm/phyworld/scripts/rollout_eval_id1k.py:296: ConstantInputWarning: An input array is constant; the correlation coefficient is not defined.
  rhos = [pearsonr(vel_all[m][:, d], pv[:, d])[0] for d in range(vel_all.shape[1])]
/home/likun-share/junjxu/wm/phyworld/scripts/rollout_eval_id1k.py:296: ConstantInputWarning: An input array is constant; the correlation coefficient is not defined.
  rhos = [pearsonr(vel_all[m][:, d], pv[:, d])[0] for d in range(vel_all.shape[1])]
/home/likun-share/junjxu/wm/phyworld/scripts/rollout_eval_id1k.py:296: ConstantInputWarning: An input array is constant; the correlation coefficient is not defined.
  rhos = [pearsonr(vel_all[m][:, d], pv[:, d])[0] for d in range(vel_all.shape[1])]
/home/likun-share/junjxu/wm/phyworld/scripts/rollout_eval_id1k.py:296: ConstantInputWarning: An input array is constant; the correlation coefficient is not defined.
  rhos = [pearsonr(vel_all[m][:, d], pv[:, d])[0] for d in range(vel_all.shape[1])]

=== uniform_motion AR ROLLOUT (LeWM ID-only FT, history_size=3) ===
--- latent fidelity (pred vs real emb), test trajs, by partition ---
  ID         n=  406  cos=+0.9780  nMSE=0.0460
  r/m-OOD    n=  464  cos=+0.8416  nMSE=0.3449
  v-OOD      n=  841  cos=+0.9680  nMSE=0.0740
  both-OOD   n= 1189  cos=+0.9230  nMSE=0.1882

--- latent fidelity vs horizon (test, aggregate) ---
  h=  1  n=  100  cos=+0.9876  nMSE=0.0267
  h=  2  n=  100  cos=+0.9812  nMSE=0.0409
  h=  4  n=  100  cos=+0.9680  nMSE=0.0680
  h=  8  n=  100  cos=+0.9452  nMSE=0.1150
  h= 16  n=  100  cos=+0.9003  nMSE=0.2028
  h= 28  n=  100  cos=+0.9451  nMSE=0.1495

--- decoded pos/vel ρ from ROLLED-OUT latents (test), by partition ---
  [baseline] probe applied to REAL embs:
  REAL ID                   pos0ρ=+0.987  pos1ρ=+0.981  vel0ρ=+0.504  vel1ρ=+nan
  REAL r/m-OOD              pos0ρ=+0.973  pos1ρ=+0.933  vel0ρ=+0.326  vel1ρ=+nan
  REAL v-OOD                pos0ρ=+0.959  pos1ρ=+0.832  vel0ρ=+0.503  vel1ρ=+nan
  REAL both-OOD             pos0ρ=+0.959  pos1ρ=+0.866  vel0ρ=+0.621  vel1ρ=+nan
  [rollout] probe applied to PREDICTED embs:
  PRED ID                   pos0ρ=+0.989  pos1ρ=+0.978  vel0ρ=+0.461  vel1ρ=+nan
  PRED r/m-OOD              pos0ρ=+0.793  pos1ρ=+0.809  vel0ρ=+0.474  vel1ρ=+nan
  PRED v-OOD                pos0ρ=+0.948  pos1ρ=+0.825  vel0ρ=+0.455  vel1ρ=+nan
  PRED both-OOD             pos0ρ=+0.920  pos1ρ=+0.820  vel0ρ=+0.690  vel1ρ=+nan

--- decoded vel ρ from PRED latents vs horizon (test, aggregate) ---
  h=  1  n=  100  vel0ρ=-0.008  vel1ρ=+nan
  h=  2  n=  100  vel0ρ=+0.041  vel1ρ=+nan
  h=  4  n=  100  vel0ρ=+0.157  vel1ρ=+nan
  h=  8  n=  100  vel0ρ=+0.105  vel1ρ=+nan
  h= 16  n=  100  vel0ρ=+0.729  vel1ρ=+nan
  h= 28  n=  100  vel0ρ=+0.843  vel1ρ=+nan

--- [K=4] decoded pos/vel ρ from ROLLED-OUT latents (test), by partition ---
  [K=4] probe applied to PREDICTED embs (stack 4 consecutive predicted latents):
  PRED-K4 ID          pos0ρ=+0.990  pos1ρ=+0.977  vel0ρ=+0.889  vel1ρ=+nan
  PRED-K4 r/m-OOD     pos0ρ=+0.754  pos1ρ=+0.832  vel0ρ=+0.735  vel1ρ=+nan
  PRED-K4 v-OOD       pos0ρ=+0.964  pos1ρ=+0.849  vel0ρ=+0.936  vel1ρ=+nan
  PRED-K4 both-OOD    pos0ρ=+0.936  pos1ρ=+0.836  vel0ρ=+0.948  vel1ρ=+nan

--- [K=4] decoded vel ρ from PRED latents vs horizon (test, aggregate) ---
  h=  4  n=  100  vel0ρ=+0.849  vel1ρ=+nan
  h=  8  n=  100  vel0ρ=+0.942  vel1ρ=+nan
  h= 16  n=  100  vel0ρ=+0.891  vel1ρ=+nan
  h= 28  n=  100  vel0ρ=+0.940  vel1ρ=+nan

Total 121s
