[norm] action mean=[ 0.24667731 -0.40296947], std=[0.08836433 0.229554  ]  (from phyworld_parabola_id1k.h5)
[ckpt] /data1/likun-share/junjxu/.stable_worldmodel/sc_par_cons_s1234/sc_par_cons_s1234_epoch_20_object.ckpt  tag=sc_par_cons_s1234
  rolled out 100 trajs, t=31s
  rolled out 200 trajs, t=53s
  rolled out 300 trajs, t=75s
  rolled out 400 trajs, t=95s
  rolled out 500 trajs, t=114s

[data] 500 trajs, 14500 (frame,pred) pairs, emb dim=192
/home/likun-share/junjxu/wm/phyworld/scripts/rollout_eval_id1k.py:242: ConstantInputWarning: An input array is constant; the correlation coefficient is not defined.
  rhos = [pearsonr(vel_all[m][:, d], pv[:, d])[0] for d in range(vel_all.shape[1])]
/home/likun-share/junjxu/wm/phyworld/scripts/rollout_eval_id1k.py:242: NearConstantInputWarning: An input array is nearly constant; the computed correlation coefficient may be inaccurate.
  rhos = [pearsonr(vel_all[m][:, d], pv[:, d])[0] for d in range(vel_all.shape[1])]
/home/likun-share/junjxu/wm/phyworld/scripts/rollout_eval_id1k.py:242: NearConstantInputWarning: An input array is nearly constant; the computed correlation coefficient may be inaccurate.
  rhos = [pearsonr(vel_all[m][:, d], pv[:, d])[0] for d in range(vel_all.shape[1])]
/home/likun-share/junjxu/wm/phyworld/scripts/rollout_eval_id1k.py:296: ConstantInputWarning: An input array is constant; the correlation coefficient is not defined.
  rhos = [pearsonr(vel_all[m][:, d], pv[:, d])[0] for d in range(vel_all.shape[1])]
/home/likun-share/junjxu/wm/phyworld/scripts/rollout_eval_id1k.py:296: NearConstantInputWarning: An input array is nearly constant; the computed correlation coefficient may be inaccurate.
  rhos = [pearsonr(vel_all[m][:, d], pv[:, d])[0] for d in range(vel_all.shape[1])]
/home/likun-share/junjxu/wm/phyworld/scripts/rollout_eval_id1k.py:296: NearConstantInputWarning: An input array is nearly constant; the computed correlation coefficient may be inaccurate.
  rhos = [pearsonr(vel_all[m][:, d], pv[:, d])[0] for d in range(vel_all.shape[1])]

=== parabola AR ROLLOUT (LeWM ID-only FT, history_size=3) ===
--- latent fidelity (pred vs real emb), test trajs, by partition ---
  ID         n=  464  cos=+0.9862  nMSE=0.0188
  r/m-OOD    n=  319  cos=+0.9413  nMSE=0.1829
  v-OOD      n=  928  cos=+0.8636  nMSE=0.1515
  both-OOD   n= 1189  cos=+0.8392  nMSE=0.3537

--- latent fidelity vs horizon (test, aggregate) ---
  h=  1  n=  100  cos=+0.9877  nMSE=0.0352
  h=  2  n=  100  cos=+0.9761  nMSE=0.0649
  h=  4  n=  100  cos=+0.9591  nMSE=0.1174
  h=  8  n=  100  cos=+0.9436  nMSE=0.1951
  h= 16  n=  100  cos=+0.7811  nMSE=0.3035
  h= 28  n=  100  cos=+0.9372  nMSE=699655.0625

--- decoded pos/vel ρ from ROLLED-OUT latents (test), by partition ---
  [baseline] probe applied to REAL embs:
  REAL ID                   pos0ρ=+0.950  pos1ρ=+0.983  vel0ρ=+0.292  vel1ρ=+0.987
  REAL r/m-OOD              pos0ρ=+0.917  pos1ρ=+0.979  vel0ρ=+0.473  vel1ρ=+0.983
  REAL v-OOD                pos0ρ=+0.888  pos1ρ=+0.902  vel0ρ=+0.600  vel1ρ=+0.950
  REAL both-OOD             pos0ρ=+0.855  pos1ρ=+0.915  vel0ρ=+0.642  vel1ρ=+0.959
  [rollout] probe applied to PREDICTED embs:
  PRED ID                   pos0ρ=+0.960  pos1ρ=+0.992  vel0ρ=+0.343  vel1ρ=+0.988
  PRED r/m-OOD              pos0ρ=+0.932  pos1ρ=+0.980  vel0ρ=+0.605  vel1ρ=+0.986
  PRED v-OOD                pos0ρ=+0.961  pos1ρ=+0.957  vel0ρ=+0.639  vel1ρ=+0.967
  PRED both-OOD             pos0ρ=+0.925  pos1ρ=+0.955  vel0ρ=+0.693  vel1ρ=+0.969

--- decoded vel ρ from PRED latents vs horizon (test, aggregate) ---
  h=  1  n=  100  vel0ρ=+0.511  vel1ρ=-0.192
  h=  2  n=  100  vel0ρ=+0.693  vel1ρ=+0.270
  h=  4  n=  100  vel0ρ=+0.777  vel1ρ=+0.111
  h=  8  n=  100  vel0ρ=+0.778  vel1ρ=+nan
  h= 16  n=  100  vel0ρ=+0.780  vel1ρ=+0.174
  h= 28  n=  100  vel0ρ=+0.895  vel1ρ=+0.049

--- [K=4] decoded pos/vel ρ from ROLLED-OUT latents (test), by partition ---
  [K=4] probe applied to PREDICTED embs (stack 4 consecutive predicted latents):
  PRED-K4 ID          pos0ρ=+0.932  pos1ρ=+0.981  vel0ρ=+0.586  vel1ρ=+0.987
  PRED-K4 r/m-OOD     pos0ρ=+0.919  pos1ρ=+0.965  vel0ρ=+0.544  vel1ρ=+0.981
  PRED-K4 v-OOD       pos0ρ=+0.958  pos1ρ=+0.928  vel0ρ=+0.703  vel1ρ=+0.957
  PRED-K4 both-OOD    pos0ρ=+0.927  pos1ρ=+0.932  vel0ρ=+0.774  vel1ρ=+0.955

--- [K=4] decoded vel ρ from PRED latents vs horizon (test, aggregate) ---
  h=  4  n=  100  vel0ρ=+0.887  vel1ρ=+0.220
  h=  8  n=  100  vel0ρ=+0.924  vel1ρ=+nan
  h= 16  n=  100  vel0ρ=+0.897  vel1ρ=+0.245
  h= 28  n=  100  vel0ρ=-0.280  vel1ρ=+0.048

Total 115s
