[norm] action mean=[-0.01484401  0.          0.01575156  0.        ], std=[7.72976437e-02 1.00000000e-08 8.20558954e-02 1.00000000e-08]  (from phyworld_collision_id1k.h5)
[ckpt] /data1/likun-share/junjxu/.stable_worldmodel/sc_col_structpos_s42/sc_col_structpos_s42_epoch_20_object.ckpt  tag=sc_col_structpos_s42
  rolled out 100 trajs, t=29s
  rolled out 200 trajs, t=54s
  rolled out 300 trajs, t=78s
  rolled out 400 trajs, t=103s
  rolled out 500 trajs, t=128s

[data] 500 trajs, 14500 (frame,pred) pairs, emb dim=192

=== collision AR ROLLOUT (LeWM ID-only FT, history_size=3) ===
--- latent fidelity (pred vs real emb), test trajs, by partition ---
  ID         n=  203  cos=+0.7742  nMSE=0.4914
  r/m-OOD    n=  754  cos=+0.8728  nMSE=0.2668
  v-OOD      n=  290  cos=+0.6935  nMSE=0.6436
  both-OOD   n= 1653  cos=+0.7151  nMSE=0.6063

--- latent fidelity vs horizon (test, aggregate) ---
  h=  1  n=  100  cos=+0.9955  nMSE=0.0121
  h=  2  n=  100  cos=+0.9896  nMSE=0.0261
  h=  4  n=  100  cos=+0.9702  nMSE=0.0705
  h=  8  n=  100  cos=+0.9142  nMSE=0.2023
  h= 16  n=  100  cos=+0.7376  nMSE=0.5675
  h= 28  n=  100  cos=+0.5237  nMSE=0.9927

--- decoded pos/vel ρ from ROLLED-OUT latents (test), by partition ---
  [baseline] probe applied to REAL embs:
  REAL ID                   pos0ρ=+0.926  pos1ρ=+0.898  vel0ρ=+0.723  vel1ρ=+0.735
  REAL r/m-OOD              pos0ρ=+0.832  pos1ρ=+0.826  vel0ρ=+0.776  vel1ρ=+0.762
  REAL v-OOD                pos0ρ=+0.916  pos1ρ=+0.835  vel0ρ=+0.689  vel1ρ=+0.593
  REAL both-OOD             pos0ρ=+0.903  pos1ρ=+0.862  vel0ρ=+0.898  vel1ρ=+0.776
  [rollout] probe applied to PREDICTED embs:
  PRED ID                   pos0ρ=+0.778  pos1ρ=+0.437  vel0ρ=+0.589  vel1ρ=+0.398
  PRED r/m-OOD              pos0ρ=+0.799  pos1ρ=+0.747  vel0ρ=+0.775  vel1ρ=+0.634
  PRED v-OOD                pos0ρ=+0.767  pos1ρ=+0.397  vel0ρ=+0.420  vel1ρ=+0.198
  PRED both-OOD             pos0ρ=+0.623  pos1ρ=+0.677  vel0ρ=+0.807  vel1ρ=+0.594

--- decoded vel ρ from PRED latents vs horizon (test, aggregate) ---
  h=  1  n=  100  vel0ρ=+0.129  vel1ρ=-0.104
  h=  2  n=  100  vel0ρ=+0.157  vel1ρ=-0.075
  h=  4  n=  100  vel0ρ=+0.182  vel1ρ=-0.025
  h=  8  n=  100  vel0ρ=+0.603  vel1ρ=+0.484
  h= 16  n=  100  vel0ρ=+0.874  vel1ρ=+0.693
  h= 28  n=  100  vel0ρ=+0.847  vel1ρ=+0.792

--- [K=4] decoded pos/vel ρ from ROLLED-OUT latents (test), by partition ---
  [K=4] probe applied to PREDICTED embs (stack 4 consecutive predicted latents):
  PRED-K4 ID          pos0ρ=+0.814  pos1ρ=+0.550  vel0ρ=+0.528  vel1ρ=+0.422
  PRED-K4 r/m-OOD     pos0ρ=+0.835  pos1ρ=+0.731  vel0ρ=+0.649  vel1ρ=+0.535
  PRED-K4 v-OOD       pos0ρ=+0.660  pos1ρ=+0.340  vel0ρ=+0.325  vel1ρ=+0.227
  PRED-K4 both-OOD    pos0ρ=+0.666  pos1ρ=+0.678  vel0ρ=+0.702  vel1ρ=+0.597

--- [K=4] decoded vel ρ from PRED latents vs horizon (test, aggregate) ---
  h=  4  n=  100  vel0ρ=+0.194  vel1ρ=-0.276
  h=  8  n=  100  vel0ρ=+0.063  vel1ρ=+0.271
  h= 16  n=  100  vel0ρ=+0.787  vel1ρ=+0.699
  h= 28  n=  100  vel0ρ=+0.825  vel1ρ=+0.741

Total 129s
