[norm] action mean=[0.24667731 0.        ], std=[8.83643282e-02 1.00000000e-08]  (from phyworld_uniform_motion_id1k.h5)
[ckpt] /data1/likun-share/junjxu/.stable_worldmodel/sc_um_cons_s42/sc_um_cons_s42_epoch_20_object.ckpt  tag=sc_um_cons_s42
  rolled out 100 trajs, t=18s
  rolled out 200 trajs, t=32s
  rolled out 300 trajs, t=46s
  rolled out 400 trajs, t=59s
  rolled out 500 trajs, t=72s

[data] 500 trajs, 14500 (frame,pred) pairs, emb dim=192
/home/likun-share/junjxu/wm/phyworld/scripts/rollout_eval_id1k.py:197: ConstantInputWarning: An input array is constant; the correlation coefficient is not defined.
  rho = pearsonr(vel_all[mask][:, d], pv[:, d])[0]
/home/likun-share/junjxu/wm/phyworld/scripts/rollout_eval_id1k.py:197: ConstantInputWarning: An input array is constant; the correlation coefficient is not defined.
  rho = pearsonr(vel_all[mask][:, d], pv[:, d])[0]
/home/likun-share/junjxu/wm/phyworld/scripts/rollout_eval_id1k.py:197: ConstantInputWarning: An input array is constant; the correlation coefficient is not defined.
  rho = pearsonr(vel_all[mask][:, d], pv[:, d])[0]
/home/likun-share/junjxu/wm/phyworld/scripts/rollout_eval_id1k.py:197: ConstantInputWarning: An input array is constant; the correlation coefficient is not defined.
  rho = pearsonr(vel_all[mask][:, d], pv[:, d])[0]
/home/likun-share/junjxu/wm/phyworld/scripts/rollout_eval_id1k.py:197: ConstantInputWarning: An input array is constant; the correlation coefficient is not defined.
  rho = pearsonr(vel_all[mask][:, d], pv[:, d])[0]
/home/likun-share/junjxu/wm/phyworld/scripts/rollout_eval_id1k.py:197: ConstantInputWarning: An input array is constant; the correlation coefficient is not defined.
  rho = pearsonr(vel_all[mask][:, d], pv[:, d])[0]
/home/likun-share/junjxu/wm/phyworld/scripts/rollout_eval_id1k.py:197: ConstantInputWarning: An input array is constant; the correlation coefficient is not defined.
  rho = pearsonr(vel_all[mask][:, d], pv[:, d])[0]
/home/likun-share/junjxu/wm/phyworld/scripts/rollout_eval_id1k.py:197: ConstantInputWarning: An input array is constant; the correlation coefficient is not defined.
  rho = pearsonr(vel_all[mask][:, d], pv[:, d])[0]
/home/likun-share/junjxu/wm/phyworld/scripts/rollout_eval_id1k.py:242: ConstantInputWarning: An input array is constant; the correlation coefficient is not defined.
  rhos = [pearsonr(vel_all[m][:, d], pv[:, d])[0] for d in range(vel_all.shape[1])]
/home/likun-share/junjxu/wm/phyworld/scripts/rollout_eval_id1k.py:242: ConstantInputWarning: An input array is constant; the correlation coefficient is not defined.
  rhos = [pearsonr(vel_all[m][:, d], pv[:, d])[0] for d in range(vel_all.shape[1])]
/home/likun-share/junjxu/wm/phyworld/scripts/rollout_eval_id1k.py:242: ConstantInputWarning: An input array is constant; the correlation coefficient is not defined.
  rhos = [pearsonr(vel_all[m][:, d], pv[:, d])[0] for d in range(vel_all.shape[1])]
/home/likun-share/junjxu/wm/phyworld/scripts/rollout_eval_id1k.py:242: ConstantInputWarning: An input array is constant; the correlation coefficient is not defined.
  rhos = [pearsonr(vel_all[m][:, d], pv[:, d])[0] for d in range(vel_all.shape[1])]
/home/likun-share/junjxu/wm/phyworld/scripts/rollout_eval_id1k.py:242: ConstantInputWarning: An input array is constant; the correlation coefficient is not defined.
  rhos = [pearsonr(vel_all[m][:, d], pv[:, d])[0] for d in range(vel_all.shape[1])]
/home/likun-share/junjxu/wm/phyworld/scripts/rollout_eval_id1k.py:242: ConstantInputWarning: An input array is constant; the correlation coefficient is not defined.
  rhos = [pearsonr(vel_all[m][:, d], pv[:, d])[0] for d in range(vel_all.shape[1])]
/home/likun-share/junjxu/wm/phyworld/scripts/rollout_eval_id1k.py:288: ConstantInputWarning: An input array is constant; the correlation coefficient is not defined.
  line += f"  vel{d}ρ={pearsonr(vel_all[m][:, d], pv[:, d])[0]:+.3f}"
/home/likun-share/junjxu/wm/phyworld/scripts/rollout_eval_id1k.py:288: ConstantInputWarning: An input array is constant; the correlation coefficient is not defined.
  line += f"  vel{d}ρ={pearsonr(vel_all[m][:, d], pv[:, d])[0]:+.3f}"
/home/likun-share/junjxu/wm/phyworld/scripts/rollout_eval_id1k.py:288: ConstantInputWarning: An input array is constant; the correlation coefficient is not defined.
  line += f"  vel{d}ρ={pearsonr(vel_all[m][:, d], pv[:, d])[0]:+.3f}"
/home/likun-share/junjxu/wm/phyworld/scripts/rollout_eval_id1k.py:288: ConstantInputWarning: An input array is constant; the correlation coefficient is not defined.
  line += f"  vel{d}ρ={pearsonr(vel_all[m][:, d], pv[:, d])[0]:+.3f}"
/home/likun-share/junjxu/wm/phyworld/scripts/rollout_eval_id1k.py:296: ConstantInputWarning: An input array is constant; the correlation coefficient is not defined.
  rhos = [pearsonr(vel_all[m][:, d], pv[:, d])[0] for d in range(vel_all.shape[1])]
/home/likun-share/junjxu/wm/phyworld/scripts/rollout_eval_id1k.py:296: ConstantInputWarning: An input array is constant; the correlation coefficient is not defined.
  rhos = [pearsonr(vel_all[m][:, d], pv[:, d])[0] for d in range(vel_all.shape[1])]
/home/likun-share/junjxu/wm/phyworld/scripts/rollout_eval_id1k.py:296: ConstantInputWarning: An input array is constant; the correlation coefficient is not defined.
  rhos = [pearsonr(vel_all[m][:, d], pv[:, d])[0] for d in range(vel_all.shape[1])]
/home/likun-share/junjxu/wm/phyworld/scripts/rollout_eval_id1k.py:296: ConstantInputWarning: An input array is constant; the correlation coefficient is not defined.
  rhos = [pearsonr(vel_all[m][:, d], pv[:, d])[0] for d in range(vel_all.shape[1])]

=== uniform_motion AR ROLLOUT (LeWM ID-only FT, history_size=3) ===
--- latent fidelity (pred vs real emb), test trajs, by partition ---
  ID         n=  406  cos=+0.9911  nMSE=0.0204
  r/m-OOD    n=  464  cos=+0.9024  nMSE=0.2551
  v-OOD      n=  841  cos=+0.9882  nMSE=0.0266
  both-OOD   n= 1189  cos=+0.9390  nMSE=0.1707

--- latent fidelity vs horizon (test, aggregate) ---
  h=  1  n=  100  cos=+0.9943  nMSE=0.0141
  h=  2  n=  100  cos=+0.9896  nMSE=0.0244
  h=  4  n=  100  cos=+0.9802  nMSE=0.0446
  h=  8  n=  100  cos=+0.9618  nMSE=0.0883
  h= 16  n=  100  cos=+0.9478  nMSE=0.1291
  h= 28  n=  100  cos=+0.9488  nMSE=0.1598

--- decoded pos/vel ρ from ROLLED-OUT latents (test), by partition ---
  [baseline] probe applied to REAL embs:
  REAL ID                   pos0ρ=+0.990  pos1ρ=+0.990  vel0ρ=+0.213  vel1ρ=+nan
  REAL r/m-OOD              pos0ρ=+0.978  pos1ρ=+0.937  vel0ρ=+0.360  vel1ρ=+nan
  REAL v-OOD                pos0ρ=+0.962  pos1ρ=+0.835  vel0ρ=+0.446  vel1ρ=+nan
  REAL both-OOD             pos0ρ=+0.962  pos1ρ=+0.870  vel0ρ=+0.638  vel1ρ=+nan
  [rollout] probe applied to PREDICTED embs:
  PRED ID                   pos0ρ=+0.983  pos1ρ=+0.985  vel0ρ=+0.342  vel1ρ=+nan
  PRED r/m-OOD              pos0ρ=+0.959  pos1ρ=+0.942  vel0ρ=+0.347  vel1ρ=+nan
  PRED v-OOD                pos0ρ=+0.975  pos1ρ=+0.883  vel0ρ=+0.501  vel1ρ=+nan
  PRED both-OOD             pos0ρ=+0.949  pos1ρ=+0.874  vel0ρ=+0.641  vel1ρ=+nan

--- decoded vel ρ from PRED latents vs horizon (test, aggregate) ---
  h=  1  n=  100  vel0ρ=-0.154  vel1ρ=+nan
  h=  2  n=  100  vel0ρ=+0.052  vel1ρ=+nan
  h=  4  n=  100  vel0ρ=+0.114  vel1ρ=+nan
  h=  8  n=  100  vel0ρ=+0.072  vel1ρ=+nan
  h= 16  n=  100  vel0ρ=+0.738  vel1ρ=+nan
  h= 28  n=  100  vel0ρ=+0.882  vel1ρ=+nan

--- [K=4] decoded pos/vel ρ from ROLLED-OUT latents (test), by partition ---
  [K=4] probe applied to PREDICTED embs (stack 4 consecutive predicted latents):
  PRED-K4 ID          pos0ρ=+0.980  pos1ρ=+0.983  vel0ρ=+0.763  vel1ρ=+nan
  PRED-K4 r/m-OOD     pos0ρ=+0.951  pos1ρ=+0.953  vel0ρ=+0.672  vel1ρ=+nan
  PRED-K4 v-OOD       pos0ρ=+0.975  pos1ρ=+0.908  vel0ρ=+0.861  vel1ρ=+nan
  PRED-K4 both-OOD    pos0ρ=+0.950  pos1ρ=+0.903  vel0ρ=+0.891  vel1ρ=+nan

--- [K=4] decoded vel ρ from PRED latents vs horizon (test, aggregate) ---
  h=  4  n=  100  vel0ρ=+0.923  vel1ρ=+nan
  h=  8  n=  100  vel0ρ=+0.913  vel1ρ=+nan
  h= 16  n=  100  vel0ρ=+0.786  vel1ρ=+nan
  h= 28  n=  100  vel0ρ=+0.915  vel1ρ=+nan

Total 73s
