=== START Sun Jun  7 23:55:36 CST 2026 on GPUs 0 1 2 3 4 5 6 7 ===
  STABLEWM_HOME=/data1/likun-share/junjxu/.stable_worldmodel
  LOG=/data1/likun-share/junjxu/runs/6-2_three_domains_logs
  Total jobs: 12
[train 23:55:36] GPU0 parabola_paperinit_id1k (probe: loss.probe.weight=0.0)
[train 23:55:36] GPU4 uniform_motion_paperinit_id1k (probe: loss.probe.weight=0.0)
[train 23:55:36] GPU6 uniform_motion_piwm_posvel_id1k (probe: loss.probe.weight=1.0 loss.probe.target=[proprio,action] loss.probe.frames=1)
[train 23:55:36] GPU3 parabola_piwm_mf4_id1k (probe: loss.probe.weight=1.0 loss.probe.target=[proprio,action] loss.probe.frames=4)
[train 23:55:36] GPU1 parabola_piwm_probe_id1k (probe: loss.probe.weight=1.0 loss.probe.target=proprio loss.probe.frames=1)
[train 23:55:36] GPU5 uniform_motion_piwm_probe_id1k (probe: loss.probe.weight=1.0 loss.probe.target=proprio loss.probe.frames=1)
[train 23:55:36] GPU2 parabola_piwm_posvel_id1k (probe: loss.probe.weight=1.0 loss.probe.target=[proprio,action] loss.probe.frames=1)
[train 23:55:36] GPU7 uniform_motion_piwm_mf4_id1k (probe: loss.probe.weight=1.0 loss.probe.target=[proprio,action] loss.probe.frames=4)
[train done 00:26:55] parabola_piwm_posvel_id1k (exit 0)
[eval  00:26:55] GPU2 parabola_piwm_posvel_id1k → parabola posvel
[train done 00:27:12] parabola_paperinit_id1k (exit 0)
[eval  00:27:12] GPU0 parabola_paperinit_id1k → parabola baseline
[train done 00:27:18] parabola_piwm_probe_id1k (exit 0)
[eval  00:27:18] GPU1 parabola_piwm_probe_id1k → parabola posonly
[train done 00:27:30] uniform_motion_piwm_posvel_id1k (exit 0)
[eval  00:27:30] GPU6 uniform_motion_piwm_posvel_id1k → uniform_motion posvel
[train done 00:27:44] uniform_motion_paperinit_id1k (exit 0)
[eval  00:27:44] GPU4 uniform_motion_paperinit_id1k → uniform_motion baseline
[train done 00:27:52] uniform_motion_piwm_mf4_id1k (exit 0)
[eval  00:27:52] GPU7 uniform_motion_piwm_mf4_id1k → uniform_motion mf4
[train done 00:27:54] parabola_piwm_mf4_id1k (exit 0)
[eval  00:27:54] GPU3 parabola_piwm_mf4_id1k → parabola mf4
[eval done 00:28:12] parabola_posvel (exit 0)
[train 00:28:12] GPU2 collision_piwm_posvel_id1k (probe: loss.probe.weight=1.0 loss.probe.target=[proprio,state] loss.probe.frames=1)
[train done 00:28:15] uniform_motion_piwm_probe_id1k (exit 0)
[eval  00:28:15] GPU5 uniform_motion_piwm_probe_id1k → uniform_motion posonly
[eval done 00:28:26] parabola_baseline (exit 0)
[train 00:28:26] GPU0 collision_paperinit_id1k (probe: loss.probe.weight=0.0)
[eval done 00:28:31] parabola_posonly (exit 0)
[train 00:28:31] GPU1 collision_piwm_probe_id1k (probe: loss.probe.weight=1.0 loss.probe.target=proprio loss.probe.frames=1)
[eval done 00:28:45] uniform_motion_posvel (exit 0)
[GPU6 DONE 00:28:45]
[eval done 00:28:57] uniform_motion_baseline (exit 0)
[GPU4 DONE 00:28:57]
[eval done 00:29:06] uniform_motion_mf4 (exit 0)
[GPU7 DONE 00:29:06]
[eval done 00:29:09] parabola_mf4 (exit 0)
[train 00:29:09] GPU3 collision_piwm_mf4_id1k (probe: loss.probe.weight=1.0 loss.probe.target=[proprio,state] loss.probe.frames=4)
[eval done 00:29:30] uniform_motion_posonly (exit 0)
[GPU5 DONE 00:29:30]
[train done 00:52:56] collision_piwm_probe_id1k (exit 0)
[eval  00:52:56] GPU1 collision_piwm_probe_id1k → collision posonly
[train done 00:53:10] collision_piwm_posvel_id1k (exit 0)
[eval  00:53:10] GPU2 collision_piwm_posvel_id1k → collision posvel
[train done 00:53:20] collision_paperinit_id1k (exit 0)
[eval  00:53:20] GPU0 collision_paperinit_id1k → collision baseline
[train done 00:53:32] collision_piwm_mf4_id1k (exit 0)
[eval  00:53:32] GPU3 collision_piwm_mf4_id1k → collision mf4
[eval done 00:54:02] collision_posonly (exit 0)
[GPU1 DONE 00:54:02]
[eval done 00:54:16] collision_posvel (exit 0)
[GPU2 DONE 00:54:16]
[eval done 00:54:25] collision_baseline (exit 0)
[GPU0 DONE 00:54:25]
[eval done 00:54:37] collision_mf4 (exit 0)
[GPU3 DONE 00:54:37]
=== ALL DONE Mon Jun  8 00:54:37 CST 2026 ===
