[norm] action mean=[-0.01484401  0.          0.01575156  0.        ], std=[7.72976437e-02 1.00000000e-08 8.20558954e-02 1.00000000e-08]  (from phyworld_collision_id1k.h5)
[ckpt] /data1/likun-share/junjxu/.stable_worldmodel/collision_paperinit_id1k/collision_paperinit_id1k_epoch_20_object.ckpt  tag=baseline
  rolled out 100 trajs, t=15s
  rolled out 200 trajs, t=27s
  rolled out 300 trajs, t=39s
  rolled out 400 trajs, t=50s
  rolled out 500 trajs, t=62s

[data] 500 trajs, 14500 (frame,pred) pairs, emb dim=192

=== collision AR ROLLOUT (LeWM ID-only FT, history_size=3) ===
--- latent fidelity (pred vs real emb), test trajs, by partition ---
  ID         n=  203  cos=+0.5290  nMSE=0.9724
  r/m-OOD    n=  754  cos=+0.5044  nMSE=0.9730
  v-OOD      n=  290  cos=+0.3351  nMSE=1.3379
  both-OOD   n= 1653  cos=+0.4747  nMSE=1.1360

--- latent fidelity vs horizon (test, aggregate) ---
  h=  1  n=  100  cos=+0.9901  nMSE=0.0212
  h=  2  n=  100  cos=+0.9637  nMSE=0.0761
  h=  4  n=  100  cos=+0.8523  nMSE=0.3028
  h=  8  n=  100  cos=+0.6258  nMSE=0.7737
  h= 16  n=  100  cos=+0.3559  nMSE=1.3001
  h= 28  n=  100  cos=+0.2161  nMSE=1.6766

--- decoded pos/vel ρ from ROLLED-OUT latents (test), by partition ---
  [baseline] probe applied to REAL embs:
  REAL ID                   pos0ρ=+0.625  pos1ρ=+0.644  vel0ρ=+0.495  vel1ρ=+0.408
  REAL r/m-OOD              pos0ρ=+0.727  pos1ρ=+0.659  vel0ρ=+0.756  vel1ρ=+0.652
  REAL v-OOD                pos0ρ=+0.699  pos1ρ=+0.603  vel0ρ=+0.630  vel1ρ=+0.560
  REAL both-OOD             pos0ρ=+0.813  pos1ρ=+0.769  vel0ρ=+0.839  vel1ρ=+0.692
  [rollout] probe applied to PREDICTED embs:
  PRED ID                   pos0ρ=+0.642  pos1ρ=+0.061  vel0ρ=+0.284  vel1ρ=+0.175
  PRED r/m-OOD              pos0ρ=+0.259  pos1ρ=+0.428  vel0ρ=+0.434  vel1ρ=+0.522
  PRED v-OOD                pos0ρ=+0.319  pos1ρ=+0.155  vel0ρ=+0.340  vel1ρ=+0.420
  PRED both-OOD             pos0ρ=+0.104  pos1ρ=+0.373  vel0ρ=+0.057  vel1ρ=+0.613

--- decoded vel ρ from PRED latents vs horizon (test, aggregate) ---
  h=  1  n=  100  vel0ρ=+0.101  vel1ρ=-0.118
  h=  2  n=  100  vel0ρ=+0.093  vel1ρ=-0.109
  h=  4  n=  100  vel0ρ=+0.071  vel1ρ=-0.057
  h=  8  n=  100  vel0ρ=-0.044  vel1ρ=+0.696
  h= 16  n=  100  vel0ρ=+0.125  vel1ρ=+0.695
  h= 28  n=  100  vel0ρ=+0.033  vel1ρ=+0.626

--- [K=4] decoded pos/vel ρ from ROLLED-OUT latents (test), by partition ---
  [K=4] probe applied to PREDICTED embs (stack 4 consecutive predicted latents):
  PRED-K4 ID          pos0ρ=+0.473  pos1ρ=+0.278  vel0ρ=+0.508  vel1ρ=+0.260
  PRED-K4 r/m-OOD     pos0ρ=+0.289  pos1ρ=+0.490  vel0ρ=+0.476  vel1ρ=+0.523
  PRED-K4 v-OOD       pos0ρ=+0.301  pos1ρ=+0.200  vel0ρ=+0.134  vel1ρ=+0.298
  PRED-K4 both-OOD    pos0ρ=+0.128  pos1ρ=+0.333  vel0ρ=+0.371  vel1ρ=+0.453

--- [K=4] decoded vel ρ from PRED latents vs horizon (test, aggregate) ---
  h=  4  n=  100  vel0ρ=+0.088  vel1ρ=-0.012
  h=  8  n=  100  vel0ρ=+0.253  vel1ρ=+0.621
  h= 16  n=  100  vel0ρ=+0.424  vel1ρ=+0.512
  h= 28  n=  100  vel0ρ=+0.286  vel1ρ=+0.399

Total 63s
