[norm] action mean=[ 0.24667731 -0.40296947], std=[0.08836433 0.229554  ]  (from phyworld_parabola_id1k.h5)
[ckpt] /data1/likun-share/junjxu/.stable_worldmodel/parabola_piwm_mf4posonly_id1k/parabola_piwm_mf4posonly_id1k_epoch_20_object.ckpt  tag=mf4posonly
  rolled out 100 trajs, t=20s
  rolled out 200 trajs, t=34s
  rolled out 300 trajs, t=49s
  rolled out 400 trajs, t=62s
  rolled out 500 trajs, t=75s

[data] 500 trajs, 14500 (frame,pred) pairs, emb dim=192
/home/likun-share/junjxu/wm/phyworld/scripts/rollout_eval_id1k.py:242: ConstantInputWarning: An input array is constant; the correlation coefficient is not defined.
  rhos = [pearsonr(vel_all[m][:, d], pv[:, d])[0] for d in range(vel_all.shape[1])]
/home/likun-share/junjxu/wm/phyworld/scripts/rollout_eval_id1k.py:242: NearConstantInputWarning: An input array is nearly constant; the computed correlation coefficient may be inaccurate.
  rhos = [pearsonr(vel_all[m][:, d], pv[:, d])[0] for d in range(vel_all.shape[1])]
/home/likun-share/junjxu/wm/phyworld/scripts/rollout_eval_id1k.py:242: NearConstantInputWarning: An input array is nearly constant; the computed correlation coefficient may be inaccurate.
  rhos = [pearsonr(vel_all[m][:, d], pv[:, d])[0] for d in range(vel_all.shape[1])]
/home/likun-share/junjxu/wm/phyworld/scripts/rollout_eval_id1k.py:296: ConstantInputWarning: An input array is constant; the correlation coefficient is not defined.
  rhos = [pearsonr(vel_all[m][:, d], pv[:, d])[0] for d in range(vel_all.shape[1])]
/home/likun-share/junjxu/wm/phyworld/scripts/rollout_eval_id1k.py:296: NearConstantInputWarning: An input array is nearly constant; the computed correlation coefficient may be inaccurate.
  rhos = [pearsonr(vel_all[m][:, d], pv[:, d])[0] for d in range(vel_all.shape[1])]
/home/likun-share/junjxu/wm/phyworld/scripts/rollout_eval_id1k.py:296: NearConstantInputWarning: An input array is nearly constant; the computed correlation coefficient may be inaccurate.
  rhos = [pearsonr(vel_all[m][:, d], pv[:, d])[0] for d in range(vel_all.shape[1])]

=== parabola AR ROLLOUT (LeWM ID-only FT, history_size=3) ===
--- latent fidelity (pred vs real emb), test trajs, by partition ---
  ID         n=  464  cos=+0.9744  nMSE=0.0533
  r/m-OOD    n=  319  cos=+0.8622  nMSE=0.3365
  v-OOD      n=  928  cos=+0.7125  nMSE=0.5668
  both-OOD   n= 1189  cos=+0.6895  nMSE=0.7617

--- latent fidelity vs horizon (test, aggregate) ---
  h=  1  n=  100  cos=+0.9819  nMSE=0.0361
  h=  2  n=  100  cos=+0.9545  nMSE=0.0900
  h=  4  n=  100  cos=+0.9038  nMSE=0.2047
  h=  8  n=  100  cos=+0.8166  nMSE=0.4306
  h= 16  n=  100  cos=+0.6720  nMSE=0.6992
  h= 28  n=  100  cos=+0.8486  nMSE=4730962.0000

--- decoded pos/vel ρ from ROLLED-OUT latents (test), by partition ---
  [baseline] probe applied to REAL embs:
  REAL ID                   pos0ρ=+0.948  pos1ρ=+0.979  vel0ρ=+0.222  vel1ρ=+0.983
  REAL r/m-OOD              pos0ρ=+0.916  pos1ρ=+0.978  vel0ρ=+0.474  vel1ρ=+0.984
  REAL v-OOD                pos0ρ=+0.887  pos1ρ=+0.901  vel0ρ=+0.586  vel1ρ=+0.950
  REAL both-OOD             pos0ρ=+0.853  pos1ρ=+0.914  vel0ρ=+0.645  vel1ρ=+0.959
  [rollout] probe applied to PREDICTED embs:
  PRED ID                   pos0ρ=+0.945  pos1ρ=+0.980  vel0ρ=+0.233  vel1ρ=+0.984
  PRED r/m-OOD              pos0ρ=+0.889  pos1ρ=+0.966  vel0ρ=+0.504  vel1ρ=+0.978
  PRED v-OOD                pos0ρ=+0.905  pos1ρ=+0.929  vel0ρ=+0.591  vel1ρ=+0.963
  PRED both-OOD             pos0ρ=+0.864  pos1ρ=+0.925  vel0ρ=+0.657  vel1ρ=+0.966

--- decoded vel ρ from PRED latents vs horizon (test, aggregate) ---
  h=  1  n=  100  vel0ρ=+0.169  vel1ρ=+0.261
  h=  2  n=  100  vel0ρ=+0.243  vel1ρ=-0.331
  h=  4  n=  100  vel0ρ=+0.184  vel1ρ=-0.192
  h=  8  n=  100  vel0ρ=+0.574  vel1ρ=+nan
  h= 16  n=  100  vel0ρ=+0.790  vel1ρ=+0.086
  h= 28  n=  100  vel0ρ=+0.208  vel1ρ=+0.005

--- [K=4] decoded pos/vel ρ from ROLLED-OUT latents (test), by partition ---
  [K=4] probe applied to PREDICTED embs (stack 4 consecutive predicted latents):
  PRED-K4 ID          pos0ρ=+0.936  pos1ρ=+0.983  vel0ρ=+0.556  vel1ρ=+0.984
  PRED-K4 r/m-OOD     pos0ρ=+0.900  pos1ρ=+0.969  vel0ρ=+0.655  vel1ρ=+0.980
  PRED-K4 v-OOD       pos0ρ=+0.934  pos1ρ=+0.924  vel0ρ=+0.602  vel1ρ=+0.937
  PRED-K4 both-OOD    pos0ρ=+0.891  pos1ρ=+0.924  vel0ρ=+0.696  vel1ρ=+0.957

--- [K=4] decoded vel ρ from PRED latents vs horizon (test, aggregate) ---
  h=  4  n=  100  vel0ρ=+0.822  vel1ρ=-0.241
  h=  8  n=  100  vel0ρ=+0.709  vel1ρ=+nan
  h= 16  n=  100  vel0ρ=+0.541  vel1ρ=+0.139
  h= 28  n=  100  vel0ρ=+0.431  vel1ρ=+0.057

Total 75s
