[norm] action mean=[ 0.24667731 -0.40296947], std=[0.08836433 0.229554  ]  (from phyworld_parabola_id1k.h5)
[ckpt] /data1/likun-share/junjxu/.stable_worldmodel/parabola_piwm_mf4_id1k/parabola_piwm_mf4_id1k_epoch_20_object.ckpt  tag=mf4
  rolled out 100 trajs, t=16s
  rolled out 200 trajs, t=29s
  rolled out 300 trajs, t=43s
  rolled out 400 trajs, t=57s
  rolled out 500 trajs, t=71s

[data] 500 trajs, 14500 (frame,pred) pairs, emb dim=192
/home/likun-share/junjxu/wm/phyworld/scripts/rollout_eval_id1k.py:242: ConstantInputWarning: An input array is constant; the correlation coefficient is not defined.
  rhos = [pearsonr(vel_all[m][:, d], pv[:, d])[0] for d in range(vel_all.shape[1])]
/home/likun-share/junjxu/wm/phyworld/scripts/rollout_eval_id1k.py:242: NearConstantInputWarning: An input array is nearly constant; the computed correlation coefficient may be inaccurate.
  rhos = [pearsonr(vel_all[m][:, d], pv[:, d])[0] for d in range(vel_all.shape[1])]
/home/likun-share/junjxu/wm/phyworld/scripts/rollout_eval_id1k.py:242: NearConstantInputWarning: An input array is nearly constant; the computed correlation coefficient may be inaccurate.
  rhos = [pearsonr(vel_all[m][:, d], pv[:, d])[0] for d in range(vel_all.shape[1])]
/home/likun-share/junjxu/wm/phyworld/scripts/rollout_eval_id1k.py:296: ConstantInputWarning: An input array is constant; the correlation coefficient is not defined.
  rhos = [pearsonr(vel_all[m][:, d], pv[:, d])[0] for d in range(vel_all.shape[1])]
/home/likun-share/junjxu/wm/phyworld/scripts/rollout_eval_id1k.py:296: NearConstantInputWarning: An input array is nearly constant; the computed correlation coefficient may be inaccurate.
  rhos = [pearsonr(vel_all[m][:, d], pv[:, d])[0] for d in range(vel_all.shape[1])]
/home/likun-share/junjxu/wm/phyworld/scripts/rollout_eval_id1k.py:296: NearConstantInputWarning: An input array is nearly constant; the computed correlation coefficient may be inaccurate.
  rhos = [pearsonr(vel_all[m][:, d], pv[:, d])[0] for d in range(vel_all.shape[1])]

=== parabola AR ROLLOUT (LeWM ID-only FT, history_size=3) ===
--- latent fidelity (pred vs real emb), test trajs, by partition ---
  ID         n=  464  cos=+0.9758  nMSE=0.0460
  r/m-OOD    n=  319  cos=+0.9084  nMSE=0.2120
  v-OOD      n=  928  cos=+0.7088  nMSE=0.4859
  both-OOD   n= 1189  cos=+0.6933  nMSE=0.6224

--- latent fidelity vs horizon (test, aggregate) ---
  h=  1  n=  100  cos=+0.9820  nMSE=0.0291
  h=  2  n=  100  cos=+0.9526  nMSE=0.0761
  h=  4  n=  100  cos=+0.9128  nMSE=0.1701
  h=  8  n=  100  cos=+0.8751  nMSE=0.2868
  h= 16  n=  100  cos=+0.6295  nMSE=0.7442
  h= 28  n=  100  cos=+0.8699  nMSE=7116262.0000

--- decoded pos/vel ρ from ROLLED-OUT latents (test), by partition ---
  [baseline] probe applied to REAL embs:
  REAL ID                   pos0ρ=+0.950  pos1ρ=+0.979  vel0ρ=+0.228  vel1ρ=+0.986
  REAL r/m-OOD              pos0ρ=+0.915  pos1ρ=+0.978  vel0ρ=+0.466  vel1ρ=+0.984
  REAL v-OOD                pos0ρ=+0.888  pos1ρ=+0.902  vel0ρ=+0.589  vel1ρ=+0.952
  REAL both-OOD             pos0ρ=+0.853  pos1ρ=+0.914  vel0ρ=+0.661  vel1ρ=+0.960
  [rollout] probe applied to PREDICTED embs:
  PRED ID                   pos0ρ=+0.943  pos1ρ=+0.976  vel0ρ=+0.208  vel1ρ=+0.983
  PRED r/m-OOD              pos0ρ=+0.881  pos1ρ=+0.965  vel0ρ=+0.446  vel1ρ=+0.975
  PRED v-OOD                pos0ρ=+0.832  pos1ρ=+0.891  vel0ρ=+0.470  vel1ρ=+0.936
  PRED both-OOD             pos0ρ=+0.818  pos1ρ=+0.911  vel0ρ=+0.578  vel1ρ=+0.942

--- decoded vel ρ from PRED latents vs horizon (test, aggregate) ---
  h=  1  n=  100  vel0ρ=+0.300  vel1ρ=+0.008
  h=  2  n=  100  vel0ρ=+0.248  vel1ρ=-0.128
  h=  4  n=  100  vel0ρ=+0.281  vel1ρ=-0.164
  h=  8  n=  100  vel0ρ=+0.333  vel1ρ=+nan
  h= 16  n=  100  vel0ρ=+0.782  vel1ρ=+0.011
  h= 28  n=  100  vel0ρ=+0.215  vel1ρ=+0.066

--- [K=4] decoded pos/vel ρ from ROLLED-OUT latents (test), by partition ---
  [K=4] probe applied to PREDICTED embs (stack 4 consecutive predicted latents):
  PRED-K4 ID          pos0ρ=+0.935  pos1ρ=+0.979  vel0ρ=+0.671  vel1ρ=+0.984
  PRED-K4 r/m-OOD     pos0ρ=+0.881  pos1ρ=+0.964  vel0ρ=+0.644  vel1ρ=+0.976
  PRED-K4 v-OOD       pos0ρ=+0.856  pos1ρ=+0.874  vel0ρ=+0.701  vel1ρ=+0.870
  PRED-K4 both-OOD    pos0ρ=+0.877  pos1ρ=+0.902  vel0ρ=+0.747  vel1ρ=+0.898

--- [K=4] decoded vel ρ from PRED latents vs horizon (test, aggregate) ---
  h=  4  n=  100  vel0ρ=+0.860  vel1ρ=-0.241
  h=  8  n=  100  vel0ρ=+0.911  vel1ρ=+nan
  h= 16  n=  100  vel0ρ=+0.754  vel1ρ=+0.056
  h= 28  n=  100  vel0ρ=+0.397  vel1ρ=-0.023

Total 72s
