[norm] action mean=[ 0.24667731 -0.40296947], std=[0.08836433 0.229554  ]  (from phyworld_parabola_id1k.h5)
[ckpt] /data1/likun-share/junjxu/.stable_worldmodel/parabola_piwm_posvel_id1k/parabola_piwm_posvel_id1k_epoch_20_object.ckpt  tag=posvel
  rolled out 100 trajs, t=19s
  rolled out 200 trajs, t=34s
  rolled out 300 trajs, t=48s
  rolled out 400 trajs, t=60s
  rolled out 500 trajs, t=73s

[data] 500 trajs, 14500 (frame,pred) pairs, emb dim=192
/home/likun-share/junjxu/wm/phyworld/scripts/rollout_eval_id1k.py:242: ConstantInputWarning: An input array is constant; the correlation coefficient is not defined.
  rhos = [pearsonr(vel_all[m][:, d], pv[:, d])[0] for d in range(vel_all.shape[1])]
/home/likun-share/junjxu/wm/phyworld/scripts/rollout_eval_id1k.py:242: NearConstantInputWarning: An input array is nearly constant; the computed correlation coefficient may be inaccurate.
  rhos = [pearsonr(vel_all[m][:, d], pv[:, d])[0] for d in range(vel_all.shape[1])]
/home/likun-share/junjxu/wm/phyworld/scripts/rollout_eval_id1k.py:242: NearConstantInputWarning: An input array is nearly constant; the computed correlation coefficient may be inaccurate.
  rhos = [pearsonr(vel_all[m][:, d], pv[:, d])[0] for d in range(vel_all.shape[1])]
/home/likun-share/junjxu/wm/phyworld/scripts/rollout_eval_id1k.py:296: ConstantInputWarning: An input array is constant; the correlation coefficient is not defined.
  rhos = [pearsonr(vel_all[m][:, d], pv[:, d])[0] for d in range(vel_all.shape[1])]
/home/likun-share/junjxu/wm/phyworld/scripts/rollout_eval_id1k.py:296: NearConstantInputWarning: An input array is nearly constant; the computed correlation coefficient may be inaccurate.
  rhos = [pearsonr(vel_all[m][:, d], pv[:, d])[0] for d in range(vel_all.shape[1])]
/home/likun-share/junjxu/wm/phyworld/scripts/rollout_eval_id1k.py:296: NearConstantInputWarning: An input array is nearly constant; the computed correlation coefficient may be inaccurate.
  rhos = [pearsonr(vel_all[m][:, d], pv[:, d])[0] for d in range(vel_all.shape[1])]

=== parabola AR ROLLOUT (LeWM ID-only FT, history_size=3) ===
--- latent fidelity (pred vs real emb), test trajs, by partition ---
  ID         n=  464  cos=+0.9713  nMSE=0.0597
  r/m-OOD    n=  319  cos=+0.8965  nMSE=0.2693
  v-OOD      n=  928  cos=+0.7281  nMSE=0.4902
  both-OOD   n= 1189  cos=+0.7579  nMSE=0.5202

--- latent fidelity vs horizon (test, aggregate) ---
  h=  1  n=  100  cos=+0.9861  nMSE=0.0302
  h=  2  n=  100  cos=+0.9675  nMSE=0.0705
  h=  4  n=  100  cos=+0.9299  nMSE=0.1544
  h=  8  n=  100  cos=+0.8613  nMSE=0.3037
  h= 16  n=  100  cos=+0.6985  nMSE=0.5841
  h= 28  n=  100  cos=+0.8363  nMSE=6075026.0000

--- decoded pos/vel ρ from ROLLED-OUT latents (test), by partition ---
  [baseline] probe applied to REAL embs:
  REAL ID                   pos0ρ=+0.950  pos1ρ=+0.979  vel0ρ=+0.230  vel1ρ=+0.984
  REAL r/m-OOD              pos0ρ=+0.915  pos1ρ=+0.979  vel0ρ=+0.462  vel1ρ=+0.985
  REAL v-OOD                pos0ρ=+0.886  pos1ρ=+0.902  vel0ρ=+0.570  vel1ρ=+0.952
  REAL both-OOD             pos0ρ=+0.853  pos1ρ=+0.914  vel0ρ=+0.639  vel1ρ=+0.959
  [rollout] probe applied to PREDICTED embs:
  PRED ID                   pos0ρ=+0.944  pos1ρ=+0.975  vel0ρ=+0.231  vel1ρ=+0.981
  PRED r/m-OOD              pos0ρ=+0.881  pos1ρ=+0.964  vel0ρ=+0.380  vel1ρ=+0.978
  PRED v-OOD                pos0ρ=+0.853  pos1ρ=+0.912  vel0ρ=+0.724  vel1ρ=+0.949
  PRED both-OOD             pos0ρ=+0.802  pos1ρ=+0.901  vel0ρ=+0.726  vel1ρ=+0.942

--- decoded vel ρ from PRED latents vs horizon (test, aggregate) ---
  h=  1  n=  100  vel0ρ=+0.332  vel1ρ=-0.077
  h=  2  n=  100  vel0ρ=+0.394  vel1ρ=-0.122
  h=  4  n=  100  vel0ρ=+0.554  vel1ρ=-0.158
  h=  8  n=  100  vel0ρ=+0.655  vel1ρ=+nan
  h= 16  n=  100  vel0ρ=+0.896  vel1ρ=-0.078
  h= 28  n=  100  vel0ρ=+0.598  vel1ρ=-0.023

--- [K=4] decoded pos/vel ρ from ROLLED-OUT latents (test), by partition ---
  [K=4] probe applied to PREDICTED embs (stack 4 consecutive predicted latents):
  PRED-K4 ID          pos0ρ=+0.934  pos1ρ=+0.981  vel0ρ=+0.604  vel1ρ=+0.985
  PRED-K4 r/m-OOD     pos0ρ=+0.876  pos1ρ=+0.965  vel0ρ=+0.644  vel1ρ=+0.976
  PRED-K4 v-OOD       pos0ρ=+0.879  pos1ρ=+0.927  vel0ρ=+0.695  vel1ρ=+0.954
  PRED-K4 both-OOD    pos0ρ=+0.859  pos1ρ=+0.911  vel0ρ=+0.750  vel1ρ=+0.942

--- [K=4] decoded vel ρ from PRED latents vs horizon (test, aggregate) ---
  h=  4  n=  100  vel0ρ=+0.845  vel1ρ=-0.268
  h=  8  n=  100  vel0ρ=+0.829  vel1ρ=+nan
  h= 16  n=  100  vel0ρ=+0.766  vel1ρ=-0.146
  h= 28  n=  100  vel0ρ=+0.117  vel1ρ=+0.007

Total 74s
