[norm] action mean=[0.24667731 0.        ], std=[8.83643282e-02 1.00000000e-08]  (from phyworld_uniform_motion_id1k.h5)
[ckpt] /data1/likun-share/junjxu/.stable_worldmodel/uniform_motion_piwm_probe_id1k/uniform_motion_piwm_probe_id1k_epoch_20_object.ckpt  tag=posonly
  rolled out 100 trajs, t=17s
  rolled out 200 trajs, t=30s
  rolled out 300 trajs, t=44s
  rolled out 400 trajs, t=57s
  rolled out 500 trajs, t=71s

[data] 500 trajs, 14500 (frame,pred) pairs, emb dim=192
/home/likun-share/junjxu/wm/phyworld/scripts/rollout_eval_id1k.py:197: ConstantInputWarning: An input array is constant; the correlation coefficient is not defined.
  rho = pearsonr(vel_all[mask][:, d], pv[:, d])[0]
/home/likun-share/junjxu/wm/phyworld/scripts/rollout_eval_id1k.py:197: ConstantInputWarning: An input array is constant; the correlation coefficient is not defined.
  rho = pearsonr(vel_all[mask][:, d], pv[:, d])[0]
/home/likun-share/junjxu/wm/phyworld/scripts/rollout_eval_id1k.py:197: ConstantInputWarning: An input array is constant; the correlation coefficient is not defined.
  rho = pearsonr(vel_all[mask][:, d], pv[:, d])[0]
/home/likun-share/junjxu/wm/phyworld/scripts/rollout_eval_id1k.py:197: ConstantInputWarning: An input array is constant; the correlation coefficient is not defined.
  rho = pearsonr(vel_all[mask][:, d], pv[:, d])[0]
/home/likun-share/junjxu/wm/phyworld/scripts/rollout_eval_id1k.py:197: ConstantInputWarning: An input array is constant; the correlation coefficient is not defined.
  rho = pearsonr(vel_all[mask][:, d], pv[:, d])[0]
/home/likun-share/junjxu/wm/phyworld/scripts/rollout_eval_id1k.py:197: ConstantInputWarning: An input array is constant; the correlation coefficient is not defined.
  rho = pearsonr(vel_all[mask][:, d], pv[:, d])[0]
/home/likun-share/junjxu/wm/phyworld/scripts/rollout_eval_id1k.py:197: ConstantInputWarning: An input array is constant; the correlation coefficient is not defined.
  rho = pearsonr(vel_all[mask][:, d], pv[:, d])[0]
/home/likun-share/junjxu/wm/phyworld/scripts/rollout_eval_id1k.py:197: ConstantInputWarning: An input array is constant; the correlation coefficient is not defined.
  rho = pearsonr(vel_all[mask][:, d], pv[:, d])[0]
/home/likun-share/junjxu/wm/phyworld/scripts/rollout_eval_id1k.py:242: ConstantInputWarning: An input array is constant; the correlation coefficient is not defined.
  rhos = [pearsonr(vel_all[m][:, d], pv[:, d])[0] for d in range(vel_all.shape[1])]
/home/likun-share/junjxu/wm/phyworld/scripts/rollout_eval_id1k.py:242: ConstantInputWarning: An input array is constant; the correlation coefficient is not defined.
  rhos = [pearsonr(vel_all[m][:, d], pv[:, d])[0] for d in range(vel_all.shape[1])]
/home/likun-share/junjxu/wm/phyworld/scripts/rollout_eval_id1k.py:242: ConstantInputWarning: An input array is constant; the correlation coefficient is not defined.
  rhos = [pearsonr(vel_all[m][:, d], pv[:, d])[0] for d in range(vel_all.shape[1])]
/home/likun-share/junjxu/wm/phyworld/scripts/rollout_eval_id1k.py:242: ConstantInputWarning: An input array is constant; the correlation coefficient is not defined.
  rhos = [pearsonr(vel_all[m][:, d], pv[:, d])[0] for d in range(vel_all.shape[1])]
/home/likun-share/junjxu/wm/phyworld/scripts/rollout_eval_id1k.py:242: ConstantInputWarning: An input array is constant; the correlation coefficient is not defined.
  rhos = [pearsonr(vel_all[m][:, d], pv[:, d])[0] for d in range(vel_all.shape[1])]
/home/likun-share/junjxu/wm/phyworld/scripts/rollout_eval_id1k.py:242: ConstantInputWarning: An input array is constant; the correlation coefficient is not defined.
  rhos = [pearsonr(vel_all[m][:, d], pv[:, d])[0] for d in range(vel_all.shape[1])]
/home/likun-share/junjxu/wm/phyworld/scripts/rollout_eval_id1k.py:288: ConstantInputWarning: An input array is constant; the correlation coefficient is not defined.
  line += f"  vel{d}ρ={pearsonr(vel_all[m][:, d], pv[:, d])[0]:+.3f}"
/home/likun-share/junjxu/wm/phyworld/scripts/rollout_eval_id1k.py:288: ConstantInputWarning: An input array is constant; the correlation coefficient is not defined.
  line += f"  vel{d}ρ={pearsonr(vel_all[m][:, d], pv[:, d])[0]:+.3f}"
/home/likun-share/junjxu/wm/phyworld/scripts/rollout_eval_id1k.py:288: ConstantInputWarning: An input array is constant; the correlation coefficient is not defined.
  line += f"  vel{d}ρ={pearsonr(vel_all[m][:, d], pv[:, d])[0]:+.3f}"
/home/likun-share/junjxu/wm/phyworld/scripts/rollout_eval_id1k.py:288: ConstantInputWarning: An input array is constant; the correlation coefficient is not defined.
  line += f"  vel{d}ρ={pearsonr(vel_all[m][:, d], pv[:, d])[0]:+.3f}"
/home/likun-share/junjxu/wm/phyworld/scripts/rollout_eval_id1k.py:296: ConstantInputWarning: An input array is constant; the correlation coefficient is not defined.
  rhos = [pearsonr(vel_all[m][:, d], pv[:, d])[0] for d in range(vel_all.shape[1])]
/home/likun-share/junjxu/wm/phyworld/scripts/rollout_eval_id1k.py:296: ConstantInputWarning: An input array is constant; the correlation coefficient is not defined.
  rhos = [pearsonr(vel_all[m][:, d], pv[:, d])[0] for d in range(vel_all.shape[1])]
/home/likun-share/junjxu/wm/phyworld/scripts/rollout_eval_id1k.py:296: ConstantInputWarning: An input array is constant; the correlation coefficient is not defined.
  rhos = [pearsonr(vel_all[m][:, d], pv[:, d])[0] for d in range(vel_all.shape[1])]
/home/likun-share/junjxu/wm/phyworld/scripts/rollout_eval_id1k.py:296: ConstantInputWarning: An input array is constant; the correlation coefficient is not defined.
  rhos = [pearsonr(vel_all[m][:, d], pv[:, d])[0] for d in range(vel_all.shape[1])]

=== uniform_motion AR ROLLOUT (LeWM ID-only FT, history_size=3) ===
--- latent fidelity (pred vs real emb), test trajs, by partition ---
  ID         n=  406  cos=+0.9578  nMSE=0.0888
  r/m-OOD    n=  464  cos=+0.8306  nMSE=0.3851
  v-OOD      n=  841  cos=+0.9368  nMSE=0.1536
  both-OOD   n= 1189  cos=+0.8535  nMSE=0.3413

--- latent fidelity vs horizon (test, aggregate) ---
  h=  1  n=  100  cos=+0.9934  nMSE=0.0132
  h=  2  n=  100  cos=+0.9857  nMSE=0.0284
  h=  4  n=  100  cos=+0.9675  nMSE=0.0644
  h=  8  n=  100  cos=+0.9225  nMSE=0.1534
  h= 16  n=  100  cos=+0.8306  nMSE=0.3299
  h= 28  n=  100  cos=+0.8701  nMSE=0.4382

--- decoded pos/vel ρ from ROLLED-OUT latents (test), by partition ---
  [baseline] probe applied to REAL embs:
  REAL ID                   pos0ρ=+0.986  pos1ρ=+0.989  vel0ρ=+0.376  vel1ρ=+nan
  REAL r/m-OOD              pos0ρ=+0.975  pos1ρ=+0.936  vel0ρ=+0.370  vel1ρ=+nan
  REAL v-OOD                pos0ρ=+0.959  pos1ρ=+0.835  vel0ρ=+0.338  vel1ρ=+nan
  REAL both-OOD             pos0ρ=+0.961  pos1ρ=+0.869  vel0ρ=+0.642  vel1ρ=+nan
  [rollout] probe applied to PREDICTED embs:
  PRED ID                   pos0ρ=+0.968  pos1ρ=+0.978  vel0ρ=+0.368  vel1ρ=+nan
  PRED r/m-OOD              pos0ρ=+0.957  pos1ρ=+0.854  vel0ρ=+0.408  vel1ρ=+nan
  PRED v-OOD                pos0ρ=+0.954  pos1ρ=+0.803  vel0ρ=+0.406  vel1ρ=+nan
  PRED both-OOD             pos0ρ=+0.891  pos1ρ=+0.757  vel0ρ=+0.675  vel1ρ=+nan

--- decoded vel ρ from PRED latents vs horizon (test, aggregate) ---
  h=  1  n=  100  vel0ρ=-0.033  vel1ρ=+nan
  h=  2  n=  100  vel0ρ=+0.079  vel1ρ=+nan
  h=  4  n=  100  vel0ρ=+0.128  vel1ρ=+nan
  h=  8  n=  100  vel0ρ=+0.211  vel1ρ=+nan
  h= 16  n=  100  vel0ρ=+0.731  vel1ρ=+nan
  h= 28  n=  100  vel0ρ=+0.836  vel1ρ=+nan

--- [K=4] decoded pos/vel ρ from ROLLED-OUT latents (test), by partition ---
  [K=4] probe applied to PREDICTED embs (stack 4 consecutive predicted latents):
  PRED-K4 ID          pos0ρ=+0.957  pos1ρ=+0.982  vel0ρ=+0.702  vel1ρ=+nan
  PRED-K4 r/m-OOD     pos0ρ=+0.952  pos1ρ=+0.881  vel0ρ=+0.750  vel1ρ=+nan
  PRED-K4 v-OOD       pos0ρ=+0.960  pos1ρ=+0.826  vel0ρ=+0.929  vel1ρ=+nan
  PRED-K4 both-OOD    pos0ρ=+0.902  pos1ρ=+0.777  vel0ρ=+0.877  vel1ρ=+nan

--- [K=4] decoded vel ρ from PRED latents vs horizon (test, aggregate) ---
  h=  4  n=  100  vel0ρ=+0.902  vel1ρ=+nan
  h=  8  n=  100  vel0ρ=+0.871  vel1ρ=+nan
  h= 16  n=  100  vel0ρ=+0.910  vel1ρ=+nan
  h= 28  n=  100  vel0ρ=+0.938  vel1ρ=+nan

Total 71s
