[norm] action mean=[0.24667731 0.        ], std=[8.83643282e-02 1.00000000e-08]  (from phyworld_uniform_motion_id1k.h5)
[ckpt] /data1/likun-share/junjxu/.stable_worldmodel/uniform_motion_piwm_mf4_id1k/uniform_motion_piwm_mf4_id1k_epoch_20_object.ckpt  tag=mf4
  rolled out 100 trajs, t=16s
  rolled out 200 trajs, t=29s
  rolled out 300 trajs, t=42s
  rolled out 400 trajs, t=56s
  rolled out 500 trajs, t=70s

[data] 500 trajs, 14500 (frame,pred) pairs, emb dim=192
/home/likun-share/junjxu/wm/phyworld/scripts/rollout_eval_id1k.py:197: ConstantInputWarning: An input array is constant; the correlation coefficient is not defined.
  rho = pearsonr(vel_all[mask][:, d], pv[:, d])[0]
/home/likun-share/junjxu/wm/phyworld/scripts/rollout_eval_id1k.py:197: ConstantInputWarning: An input array is constant; the correlation coefficient is not defined.
  rho = pearsonr(vel_all[mask][:, d], pv[:, d])[0]
/home/likun-share/junjxu/wm/phyworld/scripts/rollout_eval_id1k.py:197: ConstantInputWarning: An input array is constant; the correlation coefficient is not defined.
  rho = pearsonr(vel_all[mask][:, d], pv[:, d])[0]
/home/likun-share/junjxu/wm/phyworld/scripts/rollout_eval_id1k.py:197: ConstantInputWarning: An input array is constant; the correlation coefficient is not defined.
  rho = pearsonr(vel_all[mask][:, d], pv[:, d])[0]
/home/likun-share/junjxu/wm/phyworld/scripts/rollout_eval_id1k.py:197: ConstantInputWarning: An input array is constant; the correlation coefficient is not defined.
  rho = pearsonr(vel_all[mask][:, d], pv[:, d])[0]
/home/likun-share/junjxu/wm/phyworld/scripts/rollout_eval_id1k.py:197: ConstantInputWarning: An input array is constant; the correlation coefficient is not defined.
  rho = pearsonr(vel_all[mask][:, d], pv[:, d])[0]
/home/likun-share/junjxu/wm/phyworld/scripts/rollout_eval_id1k.py:197: ConstantInputWarning: An input array is constant; the correlation coefficient is not defined.
  rho = pearsonr(vel_all[mask][:, d], pv[:, d])[0]
/home/likun-share/junjxu/wm/phyworld/scripts/rollout_eval_id1k.py:197: ConstantInputWarning: An input array is constant; the correlation coefficient is not defined.
  rho = pearsonr(vel_all[mask][:, d], pv[:, d])[0]
/home/likun-share/junjxu/wm/phyworld/scripts/rollout_eval_id1k.py:242: ConstantInputWarning: An input array is constant; the correlation coefficient is not defined.
  rhos = [pearsonr(vel_all[m][:, d], pv[:, d])[0] for d in range(vel_all.shape[1])]
/home/likun-share/junjxu/wm/phyworld/scripts/rollout_eval_id1k.py:242: ConstantInputWarning: An input array is constant; the correlation coefficient is not defined.
  rhos = [pearsonr(vel_all[m][:, d], pv[:, d])[0] for d in range(vel_all.shape[1])]
/home/likun-share/junjxu/wm/phyworld/scripts/rollout_eval_id1k.py:242: ConstantInputWarning: An input array is constant; the correlation coefficient is not defined.
  rhos = [pearsonr(vel_all[m][:, d], pv[:, d])[0] for d in range(vel_all.shape[1])]
/home/likun-share/junjxu/wm/phyworld/scripts/rollout_eval_id1k.py:242: ConstantInputWarning: An input array is constant; the correlation coefficient is not defined.
  rhos = [pearsonr(vel_all[m][:, d], pv[:, d])[0] for d in range(vel_all.shape[1])]
/home/likun-share/junjxu/wm/phyworld/scripts/rollout_eval_id1k.py:242: ConstantInputWarning: An input array is constant; the correlation coefficient is not defined.
  rhos = [pearsonr(vel_all[m][:, d], pv[:, d])[0] for d in range(vel_all.shape[1])]
/home/likun-share/junjxu/wm/phyworld/scripts/rollout_eval_id1k.py:242: ConstantInputWarning: An input array is constant; the correlation coefficient is not defined.
  rhos = [pearsonr(vel_all[m][:, d], pv[:, d])[0] for d in range(vel_all.shape[1])]
/home/likun-share/junjxu/wm/phyworld/scripts/rollout_eval_id1k.py:288: ConstantInputWarning: An input array is constant; the correlation coefficient is not defined.
  line += f"  vel{d}ρ={pearsonr(vel_all[m][:, d], pv[:, d])[0]:+.3f}"
/home/likun-share/junjxu/wm/phyworld/scripts/rollout_eval_id1k.py:288: ConstantInputWarning: An input array is constant; the correlation coefficient is not defined.
  line += f"  vel{d}ρ={pearsonr(vel_all[m][:, d], pv[:, d])[0]:+.3f}"
/home/likun-share/junjxu/wm/phyworld/scripts/rollout_eval_id1k.py:288: ConstantInputWarning: An input array is constant; the correlation coefficient is not defined.
  line += f"  vel{d}ρ={pearsonr(vel_all[m][:, d], pv[:, d])[0]:+.3f}"
/home/likun-share/junjxu/wm/phyworld/scripts/rollout_eval_id1k.py:288: ConstantInputWarning: An input array is constant; the correlation coefficient is not defined.
  line += f"  vel{d}ρ={pearsonr(vel_all[m][:, d], pv[:, d])[0]:+.3f}"
/home/likun-share/junjxu/wm/phyworld/scripts/rollout_eval_id1k.py:296: ConstantInputWarning: An input array is constant; the correlation coefficient is not defined.
  rhos = [pearsonr(vel_all[m][:, d], pv[:, d])[0] for d in range(vel_all.shape[1])]
/home/likun-share/junjxu/wm/phyworld/scripts/rollout_eval_id1k.py:296: ConstantInputWarning: An input array is constant; the correlation coefficient is not defined.
  rhos = [pearsonr(vel_all[m][:, d], pv[:, d])[0] for d in range(vel_all.shape[1])]
/home/likun-share/junjxu/wm/phyworld/scripts/rollout_eval_id1k.py:296: ConstantInputWarning: An input array is constant; the correlation coefficient is not defined.
  rhos = [pearsonr(vel_all[m][:, d], pv[:, d])[0] for d in range(vel_all.shape[1])]
/home/likun-share/junjxu/wm/phyworld/scripts/rollout_eval_id1k.py:296: ConstantInputWarning: An input array is constant; the correlation coefficient is not defined.
  rhos = [pearsonr(vel_all[m][:, d], pv[:, d])[0] for d in range(vel_all.shape[1])]

=== uniform_motion AR ROLLOUT (LeWM ID-only FT, history_size=3) ===
--- latent fidelity (pred vs real emb), test trajs, by partition ---
  ID         n=  406  cos=+0.9168  nMSE=0.1691
  r/m-OOD    n=  464  cos=+0.7571  nMSE=0.4628
  v-OOD      n=  841  cos=+0.8710  nMSE=0.2982
  both-OOD   n= 1189  cos=+0.8170  nMSE=0.4178

--- latent fidelity vs horizon (test, aggregate) ---
  h=  1  n=  100  cos=+0.9838  nMSE=0.0281
  h=  2  n=  100  cos=+0.9648  nMSE=0.0604
  h=  4  n=  100  cos=+0.9201  nMSE=0.1406
  h=  8  n=  100  cos=+0.8370  nMSE=0.2974
  h= 16  n=  100  cos=+0.7781  nMSE=0.4241
  h= 28  n=  100  cos=+0.8299  nMSE=0.5560

--- decoded pos/vel ρ from ROLLED-OUT latents (test), by partition ---
  [baseline] probe applied to REAL embs:
  REAL ID                   pos0ρ=+0.971  pos1ρ=+0.983  vel0ρ=+0.430  vel1ρ=+nan
  REAL r/m-OOD              pos0ρ=+0.963  pos1ρ=+0.931  vel0ρ=+0.283  vel1ρ=+nan
  REAL v-OOD                pos0ρ=+0.956  pos1ρ=+0.833  vel0ρ=+0.356  vel1ρ=+nan
  REAL both-OOD             pos0ρ=+0.954  pos1ρ=+0.865  vel0ρ=+0.585  vel1ρ=+nan
  [rollout] probe applied to PREDICTED embs:
  PRED ID                   pos0ρ=+0.947  pos1ρ=+0.946  vel0ρ=+0.459  vel1ρ=+nan
  PRED r/m-OOD              pos0ρ=+0.835  pos1ρ=+0.840  vel0ρ=+0.369  vel1ρ=+nan
  PRED v-OOD                pos0ρ=+0.943  pos1ρ=+0.751  vel0ρ=+0.475  vel1ρ=+nan
  PRED both-OOD             pos0ρ=+0.860  pos1ρ=+0.754  vel0ρ=+0.727  vel1ρ=+nan

--- decoded vel ρ from PRED latents vs horizon (test, aggregate) ---
  h=  1  n=  100  vel0ρ=+0.075  vel1ρ=+nan
  h=  2  n=  100  vel0ρ=+0.190  vel1ρ=+nan
  h=  4  n=  100  vel0ρ=+0.197  vel1ρ=+nan
  h=  8  n=  100  vel0ρ=+0.318  vel1ρ=+nan
  h= 16  n=  100  vel0ρ=+0.825  vel1ρ=+nan
  h= 28  n=  100  vel0ρ=+0.870  vel1ρ=+nan

--- [K=4] decoded pos/vel ρ from ROLLED-OUT latents (test), by partition ---
  [K=4] probe applied to PREDICTED embs (stack 4 consecutive predicted latents):
  PRED-K4 ID          pos0ρ=+0.951  pos1ρ=+0.954  vel0ρ=+0.707  vel1ρ=+nan
  PRED-K4 r/m-OOD     pos0ρ=+0.793  pos1ρ=+0.876  vel0ρ=+0.742  vel1ρ=+nan
  PRED-K4 v-OOD       pos0ρ=+0.948  pos1ρ=+0.769  vel0ρ=+0.899  vel1ρ=+nan
  PRED-K4 both-OOD    pos0ρ=+0.869  pos1ρ=+0.766  vel0ρ=+0.922  vel1ρ=+nan

--- [K=4] decoded vel ρ from PRED latents vs horizon (test, aggregate) ---
  h=  4  n=  100  vel0ρ=+0.847  vel1ρ=+nan
  h=  8  n=  100  vel0ρ=+0.861  vel1ρ=+nan
  h= 16  n=  100  vel0ρ=+0.807  vel1ρ=+nan
  h= 28  n=  100  vel0ρ=+0.951  vel1ρ=+nan

Total 70s
