[norm] action mean=[ 0.24667731 -0.40296947], std=[0.08836433 0.229554  ]  (from phyworld_parabola_id1k.h5)
[ckpt] /data1/likun-share/junjxu/.stable_worldmodel/parabola_piwm_probe_id1k/parabola_piwm_probe_id1k_epoch_20_object.ckpt  tag=posonly
  rolled out 100 trajs, t=18s
  rolled out 200 trajs, t=31s
  rolled out 300 trajs, t=44s
  rolled out 400 trajs, t=57s
  rolled out 500 trajs, t=69s

[data] 500 trajs, 14500 (frame,pred) pairs, emb dim=192
/home/likun-share/junjxu/wm/phyworld/scripts/rollout_eval_id1k.py:242: ConstantInputWarning: An input array is constant; the correlation coefficient is not defined.
  rhos = [pearsonr(vel_all[m][:, d], pv[:, d])[0] for d in range(vel_all.shape[1])]
/home/likun-share/junjxu/wm/phyworld/scripts/rollout_eval_id1k.py:242: NearConstantInputWarning: An input array is nearly constant; the computed correlation coefficient may be inaccurate.
  rhos = [pearsonr(vel_all[m][:, d], pv[:, d])[0] for d in range(vel_all.shape[1])]
/home/likun-share/junjxu/wm/phyworld/scripts/rollout_eval_id1k.py:242: NearConstantInputWarning: An input array is nearly constant; the computed correlation coefficient may be inaccurate.
  rhos = [pearsonr(vel_all[m][:, d], pv[:, d])[0] for d in range(vel_all.shape[1])]
/home/likun-share/junjxu/wm/phyworld/scripts/rollout_eval_id1k.py:296: ConstantInputWarning: An input array is constant; the correlation coefficient is not defined.
  rhos = [pearsonr(vel_all[m][:, d], pv[:, d])[0] for d in range(vel_all.shape[1])]
/home/likun-share/junjxu/wm/phyworld/scripts/rollout_eval_id1k.py:296: NearConstantInputWarning: An input array is nearly constant; the computed correlation coefficient may be inaccurate.
  rhos = [pearsonr(vel_all[m][:, d], pv[:, d])[0] for d in range(vel_all.shape[1])]
/home/likun-share/junjxu/wm/phyworld/scripts/rollout_eval_id1k.py:296: NearConstantInputWarning: An input array is nearly constant; the computed correlation coefficient may be inaccurate.
  rhos = [pearsonr(vel_all[m][:, d], pv[:, d])[0] for d in range(vel_all.shape[1])]

=== parabola AR ROLLOUT (LeWM ID-only FT, history_size=3) ===
--- latent fidelity (pred vs real emb), test trajs, by partition ---
  ID         n=  464  cos=+0.9672  nMSE=0.0631
  r/m-OOD    n=  319  cos=+0.8197  nMSE=0.4487
  v-OOD      n=  928  cos=+0.6626  nMSE=0.6561
  both-OOD   n= 1189  cos=+0.6172  nMSE=0.8283

--- latent fidelity vs horizon (test, aggregate) ---
  h=  1  n=  100  cos=+0.9815  nMSE=0.0367
  h=  2  n=  100  cos=+0.9460  nMSE=0.1023
  h=  4  n=  100  cos=+0.8684  nMSE=0.2513
  h=  8  n=  100  cos=+0.8307  nMSE=0.3359
  h= 16  n=  100  cos=+0.6215  nMSE=0.7726
  h= 28  n=  100  cos=+0.7034  nMSE=40189728.0000

--- decoded pos/vel ρ from ROLLED-OUT latents (test), by partition ---
  [baseline] probe applied to REAL embs:
  REAL ID                   pos0ρ=+0.949  pos1ρ=+0.978  vel0ρ=+0.252  vel1ρ=+0.982
  REAL r/m-OOD              pos0ρ=+0.916  pos1ρ=+0.976  vel0ρ=+0.473  vel1ρ=+0.982
  REAL v-OOD                pos0ρ=+0.887  pos1ρ=+0.900  vel0ρ=+0.572  vel1ρ=+0.950
  REAL both-OOD             pos0ρ=+0.854  pos1ρ=+0.913  vel0ρ=+0.657  vel1ρ=+0.960
  [rollout] probe applied to PREDICTED embs:
  PRED ID                   pos0ρ=+0.945  pos1ρ=+0.976  vel0ρ=+0.237  vel1ρ=+0.981
  PRED r/m-OOD              pos0ρ=+0.874  pos1ρ=+0.961  vel0ρ=+0.449  vel1ρ=+0.977
  PRED v-OOD                pos0ρ=+0.906  pos1ρ=+0.931  vel0ρ=+0.541  vel1ρ=+0.974
  PRED both-OOD             pos0ρ=+0.853  pos1ρ=+0.918  vel0ρ=+0.605  vel1ρ=+0.969

--- decoded vel ρ from PRED latents vs horizon (test, aggregate) ---
  h=  1  n=  100  vel0ρ=+0.243  vel1ρ=+0.019
  h=  2  n=  100  vel0ρ=+0.289  vel1ρ=-0.302
  h=  4  n=  100  vel0ρ=+0.121  vel1ρ=-0.225
  h=  8  n=  100  vel0ρ=+0.257  vel1ρ=+nan
  h= 16  n=  100  vel0ρ=+0.843  vel1ρ=+0.162
  h= 28  n=  100  vel0ρ=+0.724  vel1ρ=-0.036

--- [K=4] decoded pos/vel ρ from ROLLED-OUT latents (test), by partition ---
  [K=4] probe applied to PREDICTED embs (stack 4 consecutive predicted latents):
  PRED-K4 ID          pos0ρ=+0.937  pos1ρ=+0.981  vel0ρ=+0.600  vel1ρ=+0.983
  PRED-K4 r/m-OOD     pos0ρ=+0.866  pos1ρ=+0.956  vel0ρ=+0.601  vel1ρ=+0.970
  PRED-K4 v-OOD       pos0ρ=+0.917  pos1ρ=+0.929  vel0ρ=+0.732  vel1ρ=+0.951
  PRED-K4 both-OOD    pos0ρ=+0.870  pos1ρ=+0.928  vel0ρ=+0.732  vel1ρ=+0.963

--- [K=4] decoded vel ρ from PRED latents vs horizon (test, aggregate) ---
  h=  4  n=  100  vel0ρ=+0.854  vel1ρ=-0.246
  h=  8  n=  100  vel0ρ=+0.824  vel1ρ=+nan
  h= 16  n=  100  vel0ρ=+0.848  vel1ρ=+0.178
  h= 28  n=  100  vel0ρ=-0.182  vel1ρ=-0.017

Total 70s
