[norm] action mean=[-0.01484401  0.          0.01575156  0.        ], std=[7.72976437e-02 1.00000000e-08 8.20558954e-02 1.00000000e-08]  (from phyworld_collision_id1k.h5)
[ckpt] /data1/likun-share/junjxu/.stable_worldmodel/collision_piwm_mf4_id1k/collision_piwm_mf4_id1k_epoch_20_object.ckpt  tag=mf4
  rolled out 100 trajs, t=15s
  rolled out 200 trajs, t=27s
  rolled out 300 trajs, t=38s
  rolled out 400 trajs, t=50s
  rolled out 500 trajs, t=62s

[data] 500 trajs, 14500 (frame,pred) pairs, emb dim=192

=== collision AR ROLLOUT (LeWM ID-only FT, history_size=3) ===
--- latent fidelity (pred vs real emb), test trajs, by partition ---
  ID         n=  203  cos=+0.6347  nMSE=0.7814
  r/m-OOD    n=  754  cos=+0.5853  nMSE=0.8757
  v-OOD      n=  290  cos=+0.4539  nMSE=1.1868
  both-OOD   n= 1653  cos=+0.4217  nMSE=1.2475

--- latent fidelity vs horizon (test, aggregate) ---
  h=  1  n=  100  cos=+0.9889  nMSE=0.0249
  h=  2  n=  100  cos=+0.9606  nMSE=0.0848
  h=  4  n=  100  cos=+0.8593  nMSE=0.2944
  h=  8  n=  100  cos=+0.6431  nMSE=0.7441
  h= 16  n=  100  cos=+0.3656  nMSE=1.3147
  h= 28  n=  100  cos=+0.2322  nMSE=1.7277

--- decoded pos/vel ρ from ROLLED-OUT latents (test), by partition ---
  [baseline] probe applied to REAL embs:
  REAL ID                   pos0ρ=+0.877  pos1ρ=+0.913  vel0ρ=+0.653  vel1ρ=+0.715
  REAL r/m-OOD              pos0ρ=+0.823  pos1ρ=+0.763  vel0ρ=+0.781  vel1ρ=+0.753
  REAL v-OOD                pos0ρ=+0.841  pos1ρ=+0.896  vel0ρ=+0.620  vel1ρ=+0.657
  REAL both-OOD             pos0ρ=+0.901  pos1ρ=+0.851  vel0ρ=+0.892  vel1ρ=+0.763
  [rollout] probe applied to PREDICTED embs:
  PRED ID                   pos0ρ=+0.652  pos1ρ=+0.604  vel0ρ=+0.402  vel1ρ=+0.429
  PRED r/m-OOD              pos0ρ=+0.437  pos1ρ=+0.481  vel0ρ=+0.624  vel1ρ=+0.552
  PRED v-OOD                pos0ρ=+0.589  pos1ρ=+0.331  vel0ρ=+0.518  vel1ρ=+0.370
  PRED both-OOD             pos0ρ=+0.330  pos1ρ=+0.503  vel0ρ=+0.574  vel1ρ=+0.580

--- decoded vel ρ from PRED latents vs horizon (test, aggregate) ---
  h=  1  n=  100  vel0ρ=+0.235  vel1ρ=+0.112
  h=  2  n=  100  vel0ρ=+0.243  vel1ρ=+0.126
  h=  4  n=  100  vel0ρ=+0.202  vel1ρ=+0.144
  h=  8  n=  100  vel0ρ=+0.559  vel1ρ=+0.420
  h= 16  n=  100  vel0ρ=+0.583  vel1ρ=+0.588
  h= 28  n=  100  vel0ρ=+0.513  vel1ρ=+0.593

--- [K=4] decoded pos/vel ρ from ROLLED-OUT latents (test), by partition ---
  [K=4] probe applied to PREDICTED embs (stack 4 consecutive predicted latents):
  PRED-K4 ID          pos0ρ=+0.668  pos1ρ=+0.638  vel0ρ=+0.567  vel1ρ=+0.762
  PRED-K4 r/m-OOD     pos0ρ=+0.472  pos1ρ=+0.504  vel0ρ=+0.684  vel1ρ=+0.622
  PRED-K4 v-OOD       pos0ρ=+0.528  pos1ρ=+0.373  vel0ρ=+0.468  vel1ρ=+0.525
  PRED-K4 both-OOD    pos0ρ=+0.358  pos1ρ=+0.484  vel0ρ=+0.602  vel1ρ=+0.543

--- [K=4] decoded vel ρ from PRED latents vs horizon (test, aggregate) ---
  h=  4  n=  100  vel0ρ=+0.414  vel1ρ=+0.431
  h=  8  n=  100  vel0ρ=+0.631  vel1ρ=+0.532
  h= 16  n=  100  vel0ρ=+0.634  vel1ρ=+0.525
  h= 28  n=  100  vel0ρ=+0.500  vel1ρ=+0.603

Total 63s
