[norm] action mean=[-0.01484401  0.          0.01575156  0.        ], std=[7.72976437e-02 1.00000000e-08 8.20558954e-02 1.00000000e-08]  (from phyworld_collision_id1k.h5)
[ckpt] /data1/likun-share/junjxu/.stable_worldmodel/collision_piwm_probe_id1k/collision_piwm_probe_id1k_epoch_20_object.ckpt  tag=posonly
  rolled out 100 trajs, t=15s
  rolled out 200 trajs, t=27s
  rolled out 300 trajs, t=39s
  rolled out 400 trajs, t=51s
  rolled out 500 trajs, t=62s

[data] 500 trajs, 14500 (frame,pred) pairs, emb dim=192

=== collision AR ROLLOUT (LeWM ID-only FT, history_size=3) ===
--- latent fidelity (pred vs real emb), test trajs, by partition ---
  ID         n=  203  cos=+0.6841  nMSE=0.6577
  r/m-OOD    n=  754  cos=+0.5147  nMSE=0.9587
  v-OOD      n=  290  cos=+0.3416  nMSE=1.4377
  both-OOD   n= 1653  cos=+0.4430  nMSE=1.1323

--- latent fidelity vs horizon (test, aggregate) ---
  h=  1  n=  100  cos=+0.9906  nMSE=0.0208
  h=  2  n=  100  cos=+0.9692  nMSE=0.0670
  h=  4  n=  100  cos=+0.8695  nMSE=0.2714
  h=  8  n=  100  cos=+0.6320  nMSE=0.7347
  h= 16  n=  100  cos=+0.3574  nMSE=1.2881
  h= 28  n=  100  cos=+0.2166  nMSE=1.5807

--- decoded pos/vel ρ from ROLLED-OUT latents (test), by partition ---
  [baseline] probe applied to REAL embs:
  REAL ID                   pos0ρ=+0.917  pos1ρ=+0.896  vel0ρ=+0.748  vel1ρ=+0.579
  REAL r/m-OOD              pos0ρ=+0.818  pos1ρ=+0.791  vel0ρ=+0.775  vel1ρ=+0.760
  REAL v-OOD                pos0ρ=+0.820  pos1ρ=+0.860  vel0ρ=+0.632  vel1ρ=+0.528
  REAL both-OOD             pos0ρ=+0.900  pos1ρ=+0.855  vel0ρ=+0.893  vel1ρ=+0.741
  [rollout] probe applied to PREDICTED embs:
  PRED ID                   pos0ρ=+0.889  pos1ρ=+0.706  vel0ρ=+0.600  vel1ρ=+0.421
  PRED r/m-OOD              pos0ρ=+0.312  pos1ρ=+0.509  vel0ρ=+0.415  vel1ρ=+0.438
  PRED v-OOD                pos0ρ=+0.471  pos1ρ=+0.609  vel0ρ=+0.296  vel1ρ=+0.487
  PRED both-OOD             pos0ρ=+0.117  pos1ρ=+0.310  vel0ρ=+0.305  vel1ρ=+0.455

--- decoded vel ρ from PRED latents vs horizon (test, aggregate) ---
  h=  1  n=  100  vel0ρ=+0.235  vel1ρ=+0.202
  h=  2  n=  100  vel0ρ=+0.213  vel1ρ=+0.246
  h=  4  n=  100  vel0ρ=+0.154  vel1ρ=+0.258
  h=  8  n=  100  vel0ρ=+0.184  vel1ρ=+0.552
  h= 16  n=  100  vel0ρ=+0.327  vel1ρ=+0.618
  h= 28  n=  100  vel0ρ=+0.239  vel1ρ=+0.342

--- [K=4] decoded pos/vel ρ from ROLLED-OUT latents (test), by partition ---
  [K=4] probe applied to PREDICTED embs (stack 4 consecutive predicted latents):
  PRED-K4 ID          pos0ρ=+0.716  pos1ρ=+0.694  vel0ρ=+0.714  vel1ρ=+0.576
  PRED-K4 r/m-OOD     pos0ρ=+0.322  pos1ρ=+0.507  vel0ρ=+0.457  vel1ρ=+0.505
  PRED-K4 v-OOD       pos0ρ=+0.424  pos1ρ=+0.635  vel0ρ=+0.129  vel1ρ=+0.598
  PRED-K4 both-OOD    pos0ρ=+0.158  pos1ρ=+0.367  vel0ρ=+0.413  vel1ρ=+0.419

--- [K=4] decoded vel ρ from PRED latents vs horizon (test, aggregate) ---
  h=  4  n=  100  vel0ρ=+0.356  vel1ρ=+0.271
  h=  8  n=  100  vel0ρ=+0.392  vel1ρ=+0.687
  h= 16  n=  100  vel0ρ=+0.440  vel1ρ=+0.576
  h= 28  n=  100  vel0ρ=+0.300  vel1ρ=+0.333

Total 63s
