[norm] action mean=[ 0.24667731 -0.40296947], std=[0.08836433 0.229554  ]  (from phyworld_parabola_id1k.h5)
[ckpt] /data1/likun-share/junjxu/.stable_worldmodel/parabola_paperinit_id1k/parabola_paperinit_id1k_epoch_20_object.ckpt  tag=baseline
  rolled out 100 trajs, t=19s
  rolled out 200 trajs, t=32s
  rolled out 300 trajs, t=45s
  rolled out 400 trajs, t=58s
  rolled out 500 trajs, t=70s

[data] 500 trajs, 14500 (frame,pred) pairs, emb dim=192
/home/likun-share/junjxu/wm/phyworld/scripts/rollout_eval_id1k.py:242: ConstantInputWarning: An input array is constant; the correlation coefficient is not defined.
  rhos = [pearsonr(vel_all[m][:, d], pv[:, d])[0] for d in range(vel_all.shape[1])]
/home/likun-share/junjxu/wm/phyworld/scripts/rollout_eval_id1k.py:242: NearConstantInputWarning: An input array is nearly constant; the computed correlation coefficient may be inaccurate.
  rhos = [pearsonr(vel_all[m][:, d], pv[:, d])[0] for d in range(vel_all.shape[1])]
/home/likun-share/junjxu/wm/phyworld/scripts/rollout_eval_id1k.py:242: NearConstantInputWarning: An input array is nearly constant; the computed correlation coefficient may be inaccurate.
  rhos = [pearsonr(vel_all[m][:, d], pv[:, d])[0] for d in range(vel_all.shape[1])]
/home/likun-share/junjxu/wm/phyworld/scripts/rollout_eval_id1k.py:296: ConstantInputWarning: An input array is constant; the correlation coefficient is not defined.
  rhos = [pearsonr(vel_all[m][:, d], pv[:, d])[0] for d in range(vel_all.shape[1])]
/home/likun-share/junjxu/wm/phyworld/scripts/rollout_eval_id1k.py:296: NearConstantInputWarning: An input array is nearly constant; the computed correlation coefficient may be inaccurate.
  rhos = [pearsonr(vel_all[m][:, d], pv[:, d])[0] for d in range(vel_all.shape[1])]
/home/likun-share/junjxu/wm/phyworld/scripts/rollout_eval_id1k.py:296: NearConstantInputWarning: An input array is nearly constant; the computed correlation coefficient may be inaccurate.
  rhos = [pearsonr(vel_all[m][:, d], pv[:, d])[0] for d in range(vel_all.shape[1])]

=== parabola AR ROLLOUT (LeWM ID-only FT, history_size=3) ===
--- latent fidelity (pred vs real emb), test trajs, by partition ---
  ID         n=  464  cos=+0.9432  nMSE=0.0503
  r/m-OOD    n=  319  cos=+0.7894  nMSE=0.4858
  v-OOD      n=  928  cos=+0.5653  nMSE=0.4238
  both-OOD   n= 1189  cos=+0.4893  nMSE=0.7906

--- latent fidelity vs horizon (test, aggregate) ---
  h=  1  n=  100  cos=+0.9746  nMSE=0.0411
  h=  2  n=  100  cos=+0.9320  nMSE=0.1142
  h=  4  n=  100  cos=+0.8556  nMSE=0.2667
  h=  8  n=  100  cos=+0.7980  nMSE=0.4179
  h= 16  n=  100  cos=+0.5496  nMSE=0.7171
  h= 28  n=  100  cos=+0.4857  nMSE=1912704.1250

--- decoded pos/vel ρ from ROLLED-OUT latents (test), by partition ---
  [baseline] probe applied to REAL embs:
  REAL ID                   pos0ρ=+0.739  pos1ρ=+0.766  vel0ρ=+0.245  vel1ρ=+0.812
  REAL r/m-OOD              pos0ρ=+0.889  pos1ρ=+0.926  vel0ρ=+0.470  vel1ρ=+0.948
  REAL v-OOD                pos0ρ=+0.812  pos1ρ=+0.844  vel0ρ=+0.513  vel1ρ=+0.894
  REAL both-OOD             pos0ρ=+0.826  pos1ρ=+0.895  vel0ρ=+0.650  vel1ρ=+0.940
  [rollout] probe applied to PREDICTED embs:
  PRED ID                   pos0ρ=+0.750  pos1ρ=+0.776  vel0ρ=+0.285  vel1ρ=+0.822
  PRED r/m-OOD              pos0ρ=+0.763  pos1ρ=+0.808  vel0ρ=+0.465  vel1ρ=+0.867
  PRED v-OOD                pos0ρ=+0.736  pos1ρ=+0.762  vel0ρ=+0.404  vel1ρ=+0.836
  PRED both-OOD             pos0ρ=+0.695  pos1ρ=+0.722  vel0ρ=+0.602  vel1ρ=+0.795

--- decoded vel ρ from PRED latents vs horizon (test, aggregate) ---
  h=  1  n=  100  vel0ρ=+0.148  vel1ρ=+0.410
  h=  2  n=  100  vel0ρ=+0.237  vel1ρ=-0.471
  h=  4  n=  100  vel0ρ=+0.229  vel1ρ=-0.057
  h=  8  n=  100  vel0ρ=+0.219  vel1ρ=+nan
  h= 16  n=  100  vel0ρ=+0.797  vel1ρ=+0.165
  h= 28  n=  100  vel0ρ=+0.571  vel1ρ=+0.069

--- [K=4] decoded pos/vel ρ from ROLLED-OUT latents (test), by partition ---
  [K=4] probe applied to PREDICTED embs (stack 4 consecutive predicted latents):
  PRED-K4 ID          pos0ρ=+0.734  pos1ρ=+0.849  vel0ρ=+0.374  vel1ρ=+0.879
  PRED-K4 r/m-OOD     pos0ρ=+0.678  pos1ρ=+0.833  vel0ρ=+0.607  vel1ρ=+0.875
  PRED-K4 v-OOD       pos0ρ=+0.783  pos1ρ=+0.798  vel0ρ=+0.579  vel1ρ=+0.853
  PRED-K4 both-OOD    pos0ρ=+0.695  pos1ρ=+0.731  vel0ρ=+0.728  vel1ρ=+0.779

--- [K=4] decoded vel ρ from PRED latents vs horizon (test, aggregate) ---
  h=  4  n=  100  vel0ρ=+0.601  vel1ρ=-0.314
  h=  8  n=  100  vel0ρ=+0.535  vel1ρ=+nan
  h= 16  n=  100  vel0ρ=+0.807  vel1ρ=+0.134
  h= 28  n=  100  vel0ρ=+0.211  vel1ρ=+0.044

Total 71s
