=== START Fri Jun  5 01:04:16 CST 2026 on GPUs 0 1 2 3 4 5 6 7 ===
  STABLEWM_HOME=/data1/likun-share/junjxu/.stable_worldmodel
  LOG=/data1/likun-share/junjxu/runs/6-2_three_domains_logs
  Total jobs: 12
[train 01:04:16] GPU0 parabola_paperinit_id1k (probe: loss.probe.weight=0.0)
[train 01:04:16] GPU1 parabola_piwm_probe_id1k (probe: loss.probe.weight=1.0 loss.probe.target=proprio loss.probe.frames=1)
[train 01:04:16] GPU2 parabola_piwm_posvel_id1k (probe: loss.probe.weight=1.0 loss.probe.target=[proprio,action] loss.probe.frames=1)
[train 01:04:16] GPU5 uniform_motion_piwm_probe_id1k (probe: loss.probe.weight=1.0 loss.probe.target=proprio loss.probe.frames=1)
[train 01:04:16] GPU3 parabola_piwm_mf4_id1k (probe: loss.probe.weight=1.0 loss.probe.target=[proprio,action] loss.probe.frames=4)
[train 01:04:16] GPU4 uniform_motion_paperinit_id1k (probe: loss.probe.weight=0.0)
[train 01:04:16] GPU6 uniform_motion_piwm_posvel_id1k (probe: loss.probe.weight=1.0 loss.probe.target=[proprio,action] loss.probe.frames=1)
[train 01:04:16] GPU7 uniform_motion_piwm_mf4_id1k (probe: loss.probe.weight=1.0 loss.probe.target=[proprio,action] loss.probe.frames=4)
[train done 01:37:27] parabola_piwm_mf4_id1k (exit 0)
[eval  01:37:27] GPU3 parabola_piwm_mf4_id1k → parabola mf4
[train done 01:38:05] parabola_piwm_posvel_id1k (exit 0)
[eval  01:38:05] GPU2 parabola_piwm_posvel_id1k → parabola posvel
[train done 01:38:35] uniform_motion_paperinit_id1k (exit 0)
[eval  01:38:35] GPU4 uniform_motion_paperinit_id1k → uniform_motion baseline
[train done 01:38:44] parabola_piwm_probe_id1k (exit 0)
[eval  01:38:44] GPU1 parabola_piwm_probe_id1k → parabola posonly
[eval done 01:38:55] parabola_mf4 (exit 0)
[train 01:38:55] GPU3 collision_piwm_mf4_id1k (probe: loss.probe.weight=1.0 loss.probe.target=[proprio,state] loss.probe.frames=4)
[train done 01:39:02] uniform_motion_piwm_posvel_id1k (exit 0)
[eval  01:39:02] GPU6 uniform_motion_piwm_posvel_id1k → uniform_motion posvel
[train done 01:39:23] uniform_motion_piwm_mf4_id1k (exit 0)
[eval  01:39:23] GPU7 uniform_motion_piwm_mf4_id1k → uniform_motion mf4
[train done 01:39:27] uniform_motion_piwm_probe_id1k (exit 0)
[eval  01:39:27] GPU5 uniform_motion_piwm_probe_id1k → uniform_motion posonly
[eval done 01:39:31] parabola_posvel (exit 0)
[train 01:39:31] GPU2 collision_piwm_posvel_id1k (probe: loss.probe.weight=1.0 loss.probe.target=[proprio,state] loss.probe.frames=1)
[eval done 01:39:59] uniform_motion_baseline (exit 0)
[GPU4 DONE 01:39:59]
[train done 01:40:05] parabola_paperinit_id1k (exit 0)
[eval  01:40:05] GPU0 parabola_paperinit_id1k → parabola baseline
[eval done 01:40:06] parabola_posonly (exit 0)
[train 01:40:06] GPU1 collision_piwm_probe_id1k (probe: loss.probe.weight=1.0 loss.probe.target=proprio loss.probe.frames=1)
[eval done 01:40:27] uniform_motion_posvel (exit 0)
[GPU6 DONE 01:40:27]
[eval done 01:40:41] uniform_motion_mf4 (exit 0)
[GPU7 DONE 01:40:41]
[eval done 01:40:47] uniform_motion_posonly (exit 0)
[GPU5 DONE 01:40:47]
[eval done 01:41:23] parabola_baseline (exit 0)
[train 01:41:23] GPU0 collision_paperinit_id1k (probe: loss.probe.weight=0.0)
[train done 02:06:37] collision_piwm_mf4_id1k (exit 0)
[eval  02:06:37] GPU3 collision_piwm_mf4_id1k → collision mf4
[train done 02:06:58] collision_piwm_posvel_id1k (exit 0)
[eval  02:06:58] GPU2 collision_piwm_posvel_id1k → collision posvel
[train done 02:07:33] collision_piwm_probe_id1k (exit 0)
[eval  02:07:33] GPU1 collision_piwm_probe_id1k → collision posonly
[eval done 02:07:50] collision_mf4 (exit 0)
[GPU3 DONE 02:07:50]
[eval done 02:08:10] collision_posvel (exit 0)
[GPU2 DONE 02:08:10]
[train done 02:08:27] collision_paperinit_id1k (exit 0)
[eval  02:08:27] GPU0 collision_paperinit_id1k → collision baseline
[eval done 02:08:40] collision_posonly (exit 0)
[GPU1 DONE 02:08:40]
[eval done 02:09:32] collision_baseline (exit 0)
[GPU0 DONE 02:09:32]
=== ALL DONE Fri Jun  5 02:09:32 CST 2026 ===
