[norm] action mean=[ 0.24667731 -0.40296947], std=[0.08836433 0.229554  ]  (from phyworld_parabola_id1k.h5)
[ckpt] /data1/likun-share/junjxu/.stable_worldmodel/parabola_piwm_probe_id1k/parabola_piwm_probe_id1k_epoch_20_object.ckpt  tag=posonly
  rolled out 100 trajs, t=20s
  rolled out 200 trajs, t=35s
  rolled out 300 trajs, t=49s
  rolled out 400 trajs, t=63s
  rolled out 500 trajs, t=77s

[data] 500 trajs, 14500 (frame,pred) pairs, emb dim=192
/home/likun-share/junjxu/wm/phyworld/scripts/rollout_eval_id1k.py:242: ConstantInputWarning: An input array is constant; the correlation coefficient is not defined.
  rhos = [pearsonr(vel_all[m][:, d], pv[:, d])[0] for d in range(vel_all.shape[1])]
/home/likun-share/junjxu/wm/phyworld/scripts/rollout_eval_id1k.py:242: NearConstantInputWarning: An input array is nearly constant; the computed correlation coefficient may be inaccurate.
  rhos = [pearsonr(vel_all[m][:, d], pv[:, d])[0] for d in range(vel_all.shape[1])]
/home/likun-share/junjxu/wm/phyworld/scripts/rollout_eval_id1k.py:242: NearConstantInputWarning: An input array is nearly constant; the computed correlation coefficient may be inaccurate.
  rhos = [pearsonr(vel_all[m][:, d], pv[:, d])[0] for d in range(vel_all.shape[1])]
/home/likun-share/junjxu/wm/phyworld/scripts/rollout_eval_id1k.py:296: ConstantInputWarning: An input array is constant; the correlation coefficient is not defined.
  rhos = [pearsonr(vel_all[m][:, d], pv[:, d])[0] for d in range(vel_all.shape[1])]
/home/likun-share/junjxu/wm/phyworld/scripts/rollout_eval_id1k.py:296: NearConstantInputWarning: An input array is nearly constant; the computed correlation coefficient may be inaccurate.
  rhos = [pearsonr(vel_all[m][:, d], pv[:, d])[0] for d in range(vel_all.shape[1])]
/home/likun-share/junjxu/wm/phyworld/scripts/rollout_eval_id1k.py:296: NearConstantInputWarning: An input array is nearly constant; the computed correlation coefficient may be inaccurate.
  rhos = [pearsonr(vel_all[m][:, d], pv[:, d])[0] for d in range(vel_all.shape[1])]

=== parabola AR ROLLOUT (LeWM ID-only FT, history_size=3) ===
--- latent fidelity (pred vs real emb), test trajs, by partition ---
  ID         n=  464  cos=+0.8756  nMSE=0.1389
  r/m-OOD    n=  319  cos=+0.8448  nMSE=0.2251
  v-OOD      n=  928  cos=+0.7403  nMSE=0.4092
  both-OOD   n= 1189  cos=+0.7458  nMSE=0.3452

--- latent fidelity vs horizon (test, aggregate) ---
  h=  1  n=  100  cos=+0.9753  nMSE=0.0978
  h=  2  n=  100  cos=+0.9543  nMSE=0.1333
  h=  4  n=  100  cos=+0.9336  nMSE=0.1722
  h=  8  n=  100  cos=+0.8946  nMSE=0.2367
  h= 16  n=  100  cos=+0.7569  nMSE=0.5261
  h= 28  n=  100  cos=+0.5706  nMSE=10202.4365

--- decoded pos/vel ρ from ROLLED-OUT latents (test), by partition ---
  [baseline] probe applied to REAL embs:
  REAL ID                   pos0ρ=+0.946  pos1ρ=+0.978  vel0ρ=+0.187  vel1ρ=+0.981
  REAL r/m-OOD              pos0ρ=+0.910  pos1ρ=+0.974  vel0ρ=+0.430  vel1ρ=+0.977
  REAL v-OOD                pos0ρ=+0.882  pos1ρ=+0.898  vel0ρ=+0.593  vel1ρ=+0.948
  REAL both-OOD             pos0ρ=+0.844  pos1ρ=+0.903  vel0ρ=+0.610  vel1ρ=+0.949
  [rollout] probe applied to PREDICTED embs:
  PRED ID                   pos0ρ=+0.937  pos1ρ=+0.983  vel0ρ=+0.148  vel1ρ=+0.984
  PRED r/m-OOD              pos0ρ=+0.874  pos1ρ=+0.972  vel0ρ=+0.436  vel1ρ=+0.974
  PRED v-OOD                pos0ρ=+0.893  pos1ρ=+0.947  vel0ρ=+0.640  vel1ρ=+0.971
  PRED both-OOD             pos0ρ=+0.849  pos1ρ=+0.934  vel0ρ=+0.609  vel1ρ=+0.962

--- decoded vel ρ from PRED latents vs horizon (test, aggregate) ---
  h=  1  n=  100  vel0ρ=+0.015  vel1ρ=-0.089
  h=  2  n=  100  vel0ρ=+0.332  vel1ρ=+0.050
  h=  4  n=  100  vel0ρ=+0.506  vel1ρ=-0.008
  h=  8  n=  100  vel0ρ=+0.447  vel1ρ=+nan
  h= 16  n=  100  vel0ρ=+0.816  vel1ρ=+0.012
  h= 28  n=  100  vel0ρ=+0.666  vel1ρ=+0.032

--- [K=4] decoded pos/vel ρ from ROLLED-OUT latents (test), by partition ---
  [K=4] probe applied to PREDICTED embs (stack 4 consecutive predicted latents):
  PRED-K4 ID          pos0ρ=+0.903  pos1ρ=+0.981  vel0ρ=+0.538  vel1ρ=+0.975
  PRED-K4 r/m-OOD     pos0ρ=+0.852  pos1ρ=+0.967  vel0ρ=+0.632  vel1ρ=+0.973
  PRED-K4 v-OOD       pos0ρ=+0.933  pos1ρ=+0.946  vel0ρ=+0.834  vel1ρ=+0.955
  PRED-K4 both-OOD    pos0ρ=+0.889  pos1ρ=+0.928  vel0ρ=+0.824  vel1ρ=+0.933

--- [K=4] decoded vel ρ from PRED latents vs horizon (test, aggregate) ---
  h=  4  n=  100  vel0ρ=+0.777  vel1ρ=-0.065
  h=  8  n=  100  vel0ρ=+0.771  vel1ρ=+nan
  h= 16  n=  100  vel0ρ=+0.912  vel1ρ=+0.055
  h= 28  n=  100  vel0ρ=+0.591  vel1ρ=+0.064

Total 78s
