[norm] action mean=[ 0.24667731 -0.40296947], std=[0.08836433 0.229554  ]  (from phyworld_parabola_id1k.h5)
[ckpt] /data1/likun-share/junjxu/.stable_worldmodel/parabola_piwm_mf4_id1k/parabola_piwm_mf4_id1k_epoch_20_object.ckpt  tag=mf4
  rolled out 100 trajs, t=19s
  rolled out 200 trajs, t=35s
  rolled out 300 trajs, t=50s
  rolled out 400 trajs, t=64s
  rolled out 500 trajs, t=82s

[data] 500 trajs, 14500 (frame,pred) pairs, emb dim=192
/home/likun-share/junjxu/wm/phyworld/scripts/rollout_eval_id1k.py:242: ConstantInputWarning: An input array is constant; the correlation coefficient is not defined.
  rhos = [pearsonr(vel_all[m][:, d], pv[:, d])[0] for d in range(vel_all.shape[1])]
/home/likun-share/junjxu/wm/phyworld/scripts/rollout_eval_id1k.py:242: NearConstantInputWarning: An input array is nearly constant; the computed correlation coefficient may be inaccurate.
  rhos = [pearsonr(vel_all[m][:, d], pv[:, d])[0] for d in range(vel_all.shape[1])]
/home/likun-share/junjxu/wm/phyworld/scripts/rollout_eval_id1k.py:242: NearConstantInputWarning: An input array is nearly constant; the computed correlation coefficient may be inaccurate.
  rhos = [pearsonr(vel_all[m][:, d], pv[:, d])[0] for d in range(vel_all.shape[1])]
/home/likun-share/junjxu/wm/phyworld/scripts/rollout_eval_id1k.py:296: ConstantInputWarning: An input array is constant; the correlation coefficient is not defined.
  rhos = [pearsonr(vel_all[m][:, d], pv[:, d])[0] for d in range(vel_all.shape[1])]
/home/likun-share/junjxu/wm/phyworld/scripts/rollout_eval_id1k.py:296: NearConstantInputWarning: An input array is nearly constant; the computed correlation coefficient may be inaccurate.
  rhos = [pearsonr(vel_all[m][:, d], pv[:, d])[0] for d in range(vel_all.shape[1])]
/home/likun-share/junjxu/wm/phyworld/scripts/rollout_eval_id1k.py:296: NearConstantInputWarning: An input array is nearly constant; the computed correlation coefficient may be inaccurate.
  rhos = [pearsonr(vel_all[m][:, d], pv[:, d])[0] for d in range(vel_all.shape[1])]

=== parabola AR ROLLOUT (LeWM ID-only FT, history_size=3) ===
--- latent fidelity (pred vs real emb), test trajs, by partition ---
  ID         n=  464  cos=+0.9293  nMSE=0.0732
  r/m-OOD    n=  319  cos=+0.8931  nMSE=0.2328
  v-OOD      n=  928  cos=+0.8045  nMSE=0.2764
  both-OOD   n= 1189  cos=+0.8034  nMSE=0.3361

--- latent fidelity vs horizon (test, aggregate) ---
  h=  1  n=  100  cos=+0.9839  nMSE=0.1570
  h=  2  n=  100  cos=+0.9751  nMSE=0.1812
  h=  4  n=  100  cos=+0.9594  nMSE=0.2103
  h=  8  n=  100  cos=+0.9241  nMSE=0.2895
  h= 16  n=  100  cos=+0.7901  nMSE=0.3919
  h= 28  n=  100  cos=+0.7369  nMSE=3446.0544

--- decoded pos/vel ρ from ROLLED-OUT latents (test), by partition ---
  [baseline] probe applied to REAL embs:
  REAL ID                   pos0ρ=+0.945  pos1ρ=+0.976  vel0ρ=+0.169  vel1ρ=+0.981
  REAL r/m-OOD              pos0ρ=+0.908  pos1ρ=+0.972  vel0ρ=+0.427  vel1ρ=+0.978
  REAL v-OOD                pos0ρ=+0.881  pos1ρ=+0.899  vel0ρ=+0.604  vel1ρ=+0.949
  REAL both-OOD             pos0ρ=+0.842  pos1ρ=+0.902  vel0ρ=+0.631  vel1ρ=+0.949
  [rollout] probe applied to PREDICTED embs:
  PRED ID                   pos0ρ=+0.928  pos1ρ=+0.984  vel0ρ=+0.201  vel1ρ=+0.989
  PRED r/m-OOD              pos0ρ=+0.859  pos1ρ=+0.969  vel0ρ=+0.383  vel1ρ=+0.973
  PRED v-OOD                pos0ρ=+0.871  pos1ρ=+0.962  vel0ρ=+0.728  vel1ρ=+0.966
  PRED both-OOD             pos0ρ=+0.808  pos1ρ=+0.950  vel0ρ=+0.636  vel1ρ=+0.946

--- decoded vel ρ from PRED latents vs horizon (test, aggregate) ---
  h=  1  n=  100  vel0ρ=+0.339  vel1ρ=-0.329
  h=  2  n=  100  vel0ρ=+0.296  vel1ρ=+0.333
  h=  4  n=  100  vel0ρ=+0.298  vel1ρ=+0.263
  h=  8  n=  100  vel0ρ=+0.449  vel1ρ=+nan
  h= 16  n=  100  vel0ρ=+0.923  vel1ρ=-0.087
  h= 28  n=  100  vel0ρ=+0.783  vel1ρ=+0.017

--- [K=4] decoded pos/vel ρ from ROLLED-OUT latents (test), by partition ---
  [K=4] probe applied to PREDICTED embs (stack 4 consecutive predicted latents):
  PRED-K4 ID          pos0ρ=+0.906  pos1ρ=+0.981  vel0ρ=+0.604  vel1ρ=+0.981
  PRED-K4 r/m-OOD     pos0ρ=+0.866  pos1ρ=+0.972  vel0ρ=+0.663  vel1ρ=+0.981
  PRED-K4 v-OOD       pos0ρ=+0.881  pos1ρ=+0.943  vel0ρ=+0.759  vel1ρ=+0.944
  PRED-K4 both-OOD    pos0ρ=+0.835  pos1ρ=+0.935  vel0ρ=+0.645  vel1ρ=+0.928

--- [K=4] decoded vel ρ from PRED latents vs horizon (test, aggregate) ---
  h=  4  n=  100  vel0ρ=+0.763  vel1ρ=+0.022
  h=  8  n=  100  vel0ρ=+0.604  vel1ρ=+nan
  h= 16  n=  100  vel0ρ=+0.865  vel1ρ=-0.134
  h= 28  n=  100  vel0ρ=+0.453  vel1ρ=+0.010

Total 83s
