[norm] action mean=[-0.01484401  0.          0.01575156  0.        ], std=[7.72976437e-02 1.00000000e-08 8.20558954e-02 1.00000000e-08]  (from phyworld_collision_id1k.h5)
[ckpt] /data1/likun-share/junjxu/.stable_worldmodel/collision_piwm_probe_id1k/collision_piwm_probe_id1k_epoch_20_object.ckpt  tag=posonly
  rolled out 100 trajs, t=16s
  rolled out 200 trajs, t=28s
  rolled out 300 trajs, t=41s
  rolled out 400 trajs, t=52s
  rolled out 500 trajs, t=64s

[data] 500 trajs, 14500 (frame,pred) pairs, emb dim=192

=== collision AR ROLLOUT (LeWM ID-only FT, history_size=3) ===
--- latent fidelity (pred vs real emb), test trajs, by partition ---
  ID         n=  203  cos=+0.6821  nMSE=0.7663
  r/m-OOD    n=  754  cos=+0.6497  nMSE=0.7485
  v-OOD      n=  290  cos=+0.4768  nMSE=1.1528
  both-OOD   n= 1653  cos=+0.5460  nMSE=0.9388

--- latent fidelity vs horizon (test, aggregate) ---
  h=  1  n=  100  cos=+0.9898  nMSE=0.0237
  h=  2  n=  100  cos=+0.9723  nMSE=0.0611
  h=  4  n=  100  cos=+0.9054  nMSE=0.1991
  h=  8  n=  100  cos=+0.7308  nMSE=0.5538
  h= 16  n=  100  cos=+0.5052  nMSE=1.0189
  h= 28  n=  100  cos=+0.3147  nMSE=1.5224

--- decoded pos/vel ρ from ROLLED-OUT latents (test), by partition ---
  [baseline] probe applied to REAL embs:
  REAL ID                   pos0ρ=+0.864  pos1ρ=+0.916  vel0ρ=+0.676  vel1ρ=+0.742
  REAL r/m-OOD              pos0ρ=+0.797  pos1ρ=+0.764  vel0ρ=+0.770  vel1ρ=+0.718
  REAL v-OOD                pos0ρ=+0.857  pos1ρ=+0.904  vel0ρ=+0.729  vel1ρ=+0.678
  REAL both-OOD             pos0ρ=+0.888  pos1ρ=+0.844  vel0ρ=+0.901  vel1ρ=+0.767
  [rollout] probe applied to PREDICTED embs:
  PRED ID                   pos0ρ=+0.770  pos1ρ=+0.559  vel0ρ=+0.729  vel1ρ=+0.447
  PRED r/m-OOD              pos0ρ=+0.397  pos1ρ=+0.475  vel0ρ=+0.513  vel1ρ=+0.463
  PRED v-OOD                pos0ρ=-0.152  pos1ρ=+0.685  vel0ρ=-0.045  vel1ρ=+0.346
  PRED both-OOD             pos0ρ=+0.424  pos1ρ=+0.309  vel0ρ=+0.436  vel1ρ=+0.522

--- decoded vel ρ from PRED latents vs horizon (test, aggregate) ---
  h=  1  n=  100  vel0ρ=+0.095  vel1ρ=+0.121
  h=  2  n=  100  vel0ρ=+0.118  vel1ρ=+0.133
  h=  4  n=  100  vel0ρ=+0.109  vel1ρ=+0.127
  h=  8  n=  100  vel0ρ=+0.185  vel1ρ=+0.552
  h= 16  n=  100  vel0ρ=+0.570  vel1ρ=+0.547
  h= 28  n=  100  vel0ρ=+0.361  vel1ρ=+0.431

--- [K=4] decoded pos/vel ρ from ROLLED-OUT latents (test), by partition ---
  [K=4] probe applied to PREDICTED embs (stack 4 consecutive predicted latents):
  PRED-K4 ID          pos0ρ=+0.788  pos1ρ=+0.480  vel0ρ=+0.725  vel1ρ=+0.575
  PRED-K4 r/m-OOD     pos0ρ=+0.408  pos1ρ=+0.463  vel0ρ=+0.599  vel1ρ=+0.457
  PRED-K4 v-OOD       pos0ρ=-0.103  pos1ρ=+0.702  vel0ρ=-0.097  vel1ρ=+0.491
  PRED-K4 both-OOD    pos0ρ=+0.460  pos1ρ=+0.347  vel0ρ=+0.520  vel1ρ=+0.509

--- [K=4] decoded vel ρ from PRED latents vs horizon (test, aggregate) ---
  h=  4  n=  100  vel0ρ=+0.270  vel1ρ=+0.082
  h=  8  n=  100  vel0ρ=+0.513  vel1ρ=+0.627
  h= 16  n=  100  vel0ρ=+0.597  vel1ρ=+0.493
  h= 28  n=  100  vel0ρ=+0.398  vel1ρ=+0.360

Total 65s
