[norm] action mean=[0.24667731 0.        ], std=[8.83643282e-02 1.00000000e-08]  (from phyworld_uniform_motion_id1k.h5)
[ckpt] /data1/likun-share/junjxu/.stable_worldmodel/uniform_motion_paperinit_id1k/uniform_motion_paperinit_id1k_epoch_20_object.ckpt  tag=baseline
  rolled out 100 trajs, t=21s
  rolled out 200 trajs, t=35s
  rolled out 300 trajs, t=51s
  rolled out 400 trajs, t=65s
  rolled out 500 trajs, t=80s

[data] 500 trajs, 14500 (frame,pred) pairs, emb dim=192
/home/likun-share/junjxu/wm/phyworld/scripts/rollout_eval_id1k.py:197: ConstantInputWarning: An input array is constant; the correlation coefficient is not defined.
  rho = pearsonr(vel_all[mask][:, d], pv[:, d])[0]
/home/likun-share/junjxu/wm/phyworld/scripts/rollout_eval_id1k.py:197: ConstantInputWarning: An input array is constant; the correlation coefficient is not defined.
  rho = pearsonr(vel_all[mask][:, d], pv[:, d])[0]
/home/likun-share/junjxu/wm/phyworld/scripts/rollout_eval_id1k.py:197: ConstantInputWarning: An input array is constant; the correlation coefficient is not defined.
  rho = pearsonr(vel_all[mask][:, d], pv[:, d])[0]
/home/likun-share/junjxu/wm/phyworld/scripts/rollout_eval_id1k.py:197: ConstantInputWarning: An input array is constant; the correlation coefficient is not defined.
  rho = pearsonr(vel_all[mask][:, d], pv[:, d])[0]
/home/likun-share/junjxu/wm/phyworld/scripts/rollout_eval_id1k.py:197: ConstantInputWarning: An input array is constant; the correlation coefficient is not defined.
  rho = pearsonr(vel_all[mask][:, d], pv[:, d])[0]
/home/likun-share/junjxu/wm/phyworld/scripts/rollout_eval_id1k.py:197: ConstantInputWarning: An input array is constant; the correlation coefficient is not defined.
  rho = pearsonr(vel_all[mask][:, d], pv[:, d])[0]
/home/likun-share/junjxu/wm/phyworld/scripts/rollout_eval_id1k.py:197: ConstantInputWarning: An input array is constant; the correlation coefficient is not defined.
  rho = pearsonr(vel_all[mask][:, d], pv[:, d])[0]
/home/likun-share/junjxu/wm/phyworld/scripts/rollout_eval_id1k.py:197: ConstantInputWarning: An input array is constant; the correlation coefficient is not defined.
  rho = pearsonr(vel_all[mask][:, d], pv[:, d])[0]
/home/likun-share/junjxu/wm/phyworld/scripts/rollout_eval_id1k.py:242: ConstantInputWarning: An input array is constant; the correlation coefficient is not defined.
  rhos = [pearsonr(vel_all[m][:, d], pv[:, d])[0] for d in range(vel_all.shape[1])]
/home/likun-share/junjxu/wm/phyworld/scripts/rollout_eval_id1k.py:242: ConstantInputWarning: An input array is constant; the correlation coefficient is not defined.
  rhos = [pearsonr(vel_all[m][:, d], pv[:, d])[0] for d in range(vel_all.shape[1])]
/home/likun-share/junjxu/wm/phyworld/scripts/rollout_eval_id1k.py:242: ConstantInputWarning: An input array is constant; the correlation coefficient is not defined.
  rhos = [pearsonr(vel_all[m][:, d], pv[:, d])[0] for d in range(vel_all.shape[1])]
/home/likun-share/junjxu/wm/phyworld/scripts/rollout_eval_id1k.py:242: ConstantInputWarning: An input array is constant; the correlation coefficient is not defined.
  rhos = [pearsonr(vel_all[m][:, d], pv[:, d])[0] for d in range(vel_all.shape[1])]
/home/likun-share/junjxu/wm/phyworld/scripts/rollout_eval_id1k.py:242: ConstantInputWarning: An input array is constant; the correlation coefficient is not defined.
  rhos = [pearsonr(vel_all[m][:, d], pv[:, d])[0] for d in range(vel_all.shape[1])]
/home/likun-share/junjxu/wm/phyworld/scripts/rollout_eval_id1k.py:242: ConstantInputWarning: An input array is constant; the correlation coefficient is not defined.
  rhos = [pearsonr(vel_all[m][:, d], pv[:, d])[0] for d in range(vel_all.shape[1])]
/home/likun-share/junjxu/wm/phyworld/scripts/rollout_eval_id1k.py:288: ConstantInputWarning: An input array is constant; the correlation coefficient is not defined.
  line += f"  vel{d}ρ={pearsonr(vel_all[m][:, d], pv[:, d])[0]:+.3f}"
/home/likun-share/junjxu/wm/phyworld/scripts/rollout_eval_id1k.py:288: ConstantInputWarning: An input array is constant; the correlation coefficient is not defined.
  line += f"  vel{d}ρ={pearsonr(vel_all[m][:, d], pv[:, d])[0]:+.3f}"
/home/likun-share/junjxu/wm/phyworld/scripts/rollout_eval_id1k.py:288: ConstantInputWarning: An input array is constant; the correlation coefficient is not defined.
  line += f"  vel{d}ρ={pearsonr(vel_all[m][:, d], pv[:, d])[0]:+.3f}"
/home/likun-share/junjxu/wm/phyworld/scripts/rollout_eval_id1k.py:288: ConstantInputWarning: An input array is constant; the correlation coefficient is not defined.
  line += f"  vel{d}ρ={pearsonr(vel_all[m][:, d], pv[:, d])[0]:+.3f}"
/home/likun-share/junjxu/wm/phyworld/scripts/rollout_eval_id1k.py:296: ConstantInputWarning: An input array is constant; the correlation coefficient is not defined.
  rhos = [pearsonr(vel_all[m][:, d], pv[:, d])[0] for d in range(vel_all.shape[1])]
/home/likun-share/junjxu/wm/phyworld/scripts/rollout_eval_id1k.py:296: ConstantInputWarning: An input array is constant; the correlation coefficient is not defined.
  rhos = [pearsonr(vel_all[m][:, d], pv[:, d])[0] for d in range(vel_all.shape[1])]
/home/likun-share/junjxu/wm/phyworld/scripts/rollout_eval_id1k.py:296: ConstantInputWarning: An input array is constant; the correlation coefficient is not defined.
  rhos = [pearsonr(vel_all[m][:, d], pv[:, d])[0] for d in range(vel_all.shape[1])]
/home/likun-share/junjxu/wm/phyworld/scripts/rollout_eval_id1k.py:296: ConstantInputWarning: An input array is constant; the correlation coefficient is not defined.
  rhos = [pearsonr(vel_all[m][:, d], pv[:, d])[0] for d in range(vel_all.shape[1])]

=== uniform_motion AR ROLLOUT (LeWM ID-only FT, history_size=3) ===
--- latent fidelity (pred vs real emb), test trajs, by partition ---
  ID         n=  406  cos=+0.9171  nMSE=0.1661
  r/m-OOD    n=  464  cos=+0.7901  nMSE=0.4267
  v-OOD      n=  841  cos=+0.8407  nMSE=0.2303
  both-OOD   n= 1189  cos=+0.7712  nMSE=0.3733

--- latent fidelity vs horizon (test, aggregate) ---
  h=  1  n=  100  cos=+0.9920  nMSE=0.0285
  h=  2  n=  100  cos=+0.9873  nMSE=0.0444
  h=  4  n=  100  cos=+0.9672  nMSE=0.0853
  h=  8  n=  100  cos=+0.9022  nMSE=0.2006
  h= 16  n=  100  cos=+0.7687  nMSE=0.3770
  h= 28  n=  100  cos=+0.6755  nMSE=0.6595

--- decoded pos/vel ρ from ROLLED-OUT latents (test), by partition ---
  [baseline] probe applied to REAL embs:
  REAL ID                   pos0ρ=+0.932  pos1ρ=+0.914  vel0ρ=+0.182  vel1ρ=+nan
  REAL r/m-OOD              pos0ρ=+0.938  pos1ρ=+0.891  vel0ρ=+0.391  vel1ρ=+nan
  REAL v-OOD                pos0ρ=+0.945  pos1ρ=+0.784  vel0ρ=+0.408  vel1ρ=+nan
  REAL both-OOD             pos0ρ=+0.915  pos1ρ=+0.776  vel0ρ=+0.597  vel1ρ=+nan
  [rollout] probe applied to PREDICTED embs:
  PRED ID                   pos0ρ=+0.851  pos1ρ=+0.868  vel0ρ=+0.372  vel1ρ=+nan
  PRED r/m-OOD              pos0ρ=+0.616  pos1ρ=+0.641  vel0ρ=+0.449  vel1ρ=+nan
  PRED v-OOD                pos0ρ=+0.846  pos1ρ=+0.622  vel0ρ=+0.286  vel1ρ=+nan
  PRED both-OOD             pos0ρ=+0.647  pos1ρ=+0.384  vel0ρ=+0.082  vel1ρ=+nan

--- decoded vel ρ from PRED latents vs horizon (test, aggregate) ---
  h=  1  n=  100  vel0ρ=-0.070  vel1ρ=+nan
  h=  2  n=  100  vel0ρ=-0.041  vel1ρ=+nan
  h=  4  n=  100  vel0ρ=-0.015  vel1ρ=+nan
  h=  8  n=  100  vel0ρ=-0.160  vel1ρ=+nan
  h= 16  n=  100  vel0ρ=+0.379  vel1ρ=+nan
  h= 28  n=  100  vel0ρ=+0.307  vel1ρ=+nan

--- [K=4] decoded pos/vel ρ from ROLLED-OUT latents (test), by partition ---
  [K=4] probe applied to PREDICTED embs (stack 4 consecutive predicted latents):
  PRED-K4 ID          pos0ρ=+0.807  pos1ρ=+0.891  vel0ρ=+0.619  vel1ρ=+nan
  PRED-K4 r/m-OOD     pos0ρ=+0.585  pos1ρ=+0.645  vel0ρ=+0.611  vel1ρ=+nan
  PRED-K4 v-OOD       pos0ρ=+0.848  pos1ρ=+0.648  vel0ρ=+0.700  vel1ρ=+nan
  PRED-K4 both-OOD    pos0ρ=+0.668  pos1ρ=+0.439  vel0ρ=+0.628  vel1ρ=+nan

--- [K=4] decoded vel ρ from PRED latents vs horizon (test, aggregate) ---
  h=  4  n=  100  vel0ρ=+0.656  vel1ρ=+nan
  h=  8  n=  100  vel0ρ=+0.597  vel1ρ=+nan
  h= 16  n=  100  vel0ρ=+0.611  vel1ρ=+nan
  h= 28  n=  100  vel0ρ=+0.608  vel1ρ=+nan

Total 80s
