[norm] action mean=[0.24667731 0.        ], std=[8.83643282e-02 1.00000000e-08]  (from phyworld_uniform_motion_id1k.h5)
[ckpt] /data1/likun-share/junjxu/.stable_worldmodel/uniform_motion_piwm_mf4_id1k/uniform_motion_piwm_mf4_id1k_epoch_20_object.ckpt  tag=mf4
  rolled out 100 trajs, t=17s
  rolled out 200 trajs, t=32s
  rolled out 300 trajs, t=46s
  rolled out 400 trajs, t=60s
  rolled out 500 trajs, t=75s

[data] 500 trajs, 14500 (frame,pred) pairs, emb dim=192
/home/likun-share/junjxu/wm/phyworld/scripts/rollout_eval_id1k.py:197: ConstantInputWarning: An input array is constant; the correlation coefficient is not defined.
  rho = pearsonr(vel_all[mask][:, d], pv[:, d])[0]
/home/likun-share/junjxu/wm/phyworld/scripts/rollout_eval_id1k.py:197: ConstantInputWarning: An input array is constant; the correlation coefficient is not defined.
  rho = pearsonr(vel_all[mask][:, d], pv[:, d])[0]
/home/likun-share/junjxu/wm/phyworld/scripts/rollout_eval_id1k.py:197: ConstantInputWarning: An input array is constant; the correlation coefficient is not defined.
  rho = pearsonr(vel_all[mask][:, d], pv[:, d])[0]
/home/likun-share/junjxu/wm/phyworld/scripts/rollout_eval_id1k.py:197: ConstantInputWarning: An input array is constant; the correlation coefficient is not defined.
  rho = pearsonr(vel_all[mask][:, d], pv[:, d])[0]
/home/likun-share/junjxu/wm/phyworld/scripts/rollout_eval_id1k.py:197: ConstantInputWarning: An input array is constant; the correlation coefficient is not defined.
  rho = pearsonr(vel_all[mask][:, d], pv[:, d])[0]
/home/likun-share/junjxu/wm/phyworld/scripts/rollout_eval_id1k.py:197: ConstantInputWarning: An input array is constant; the correlation coefficient is not defined.
  rho = pearsonr(vel_all[mask][:, d], pv[:, d])[0]
/home/likun-share/junjxu/wm/phyworld/scripts/rollout_eval_id1k.py:197: ConstantInputWarning: An input array is constant; the correlation coefficient is not defined.
  rho = pearsonr(vel_all[mask][:, d], pv[:, d])[0]
/home/likun-share/junjxu/wm/phyworld/scripts/rollout_eval_id1k.py:197: ConstantInputWarning: An input array is constant; the correlation coefficient is not defined.
  rho = pearsonr(vel_all[mask][:, d], pv[:, d])[0]
/home/likun-share/junjxu/wm/phyworld/scripts/rollout_eval_id1k.py:242: ConstantInputWarning: An input array is constant; the correlation coefficient is not defined.
  rhos = [pearsonr(vel_all[m][:, d], pv[:, d])[0] for d in range(vel_all.shape[1])]
/home/likun-share/junjxu/wm/phyworld/scripts/rollout_eval_id1k.py:242: ConstantInputWarning: An input array is constant; the correlation coefficient is not defined.
  rhos = [pearsonr(vel_all[m][:, d], pv[:, d])[0] for d in range(vel_all.shape[1])]
/home/likun-share/junjxu/wm/phyworld/scripts/rollout_eval_id1k.py:242: ConstantInputWarning: An input array is constant; the correlation coefficient is not defined.
  rhos = [pearsonr(vel_all[m][:, d], pv[:, d])[0] for d in range(vel_all.shape[1])]
/home/likun-share/junjxu/wm/phyworld/scripts/rollout_eval_id1k.py:242: ConstantInputWarning: An input array is constant; the correlation coefficient is not defined.
  rhos = [pearsonr(vel_all[m][:, d], pv[:, d])[0] for d in range(vel_all.shape[1])]
/home/likun-share/junjxu/wm/phyworld/scripts/rollout_eval_id1k.py:242: ConstantInputWarning: An input array is constant; the correlation coefficient is not defined.
  rhos = [pearsonr(vel_all[m][:, d], pv[:, d])[0] for d in range(vel_all.shape[1])]
/home/likun-share/junjxu/wm/phyworld/scripts/rollout_eval_id1k.py:242: ConstantInputWarning: An input array is constant; the correlation coefficient is not defined.
  rhos = [pearsonr(vel_all[m][:, d], pv[:, d])[0] for d in range(vel_all.shape[1])]
/home/likun-share/junjxu/wm/phyworld/scripts/rollout_eval_id1k.py:288: ConstantInputWarning: An input array is constant; the correlation coefficient is not defined.
  line += f"  vel{d}ρ={pearsonr(vel_all[m][:, d], pv[:, d])[0]:+.3f}"
/home/likun-share/junjxu/wm/phyworld/scripts/rollout_eval_id1k.py:288: ConstantInputWarning: An input array is constant; the correlation coefficient is not defined.
  line += f"  vel{d}ρ={pearsonr(vel_all[m][:, d], pv[:, d])[0]:+.3f}"
/home/likun-share/junjxu/wm/phyworld/scripts/rollout_eval_id1k.py:288: ConstantInputWarning: An input array is constant; the correlation coefficient is not defined.
  line += f"  vel{d}ρ={pearsonr(vel_all[m][:, d], pv[:, d])[0]:+.3f}"
/home/likun-share/junjxu/wm/phyworld/scripts/rollout_eval_id1k.py:288: ConstantInputWarning: An input array is constant; the correlation coefficient is not defined.
  line += f"  vel{d}ρ={pearsonr(vel_all[m][:, d], pv[:, d])[0]:+.3f}"
/home/likun-share/junjxu/wm/phyworld/scripts/rollout_eval_id1k.py:296: ConstantInputWarning: An input array is constant; the correlation coefficient is not defined.
  rhos = [pearsonr(vel_all[m][:, d], pv[:, d])[0] for d in range(vel_all.shape[1])]
/home/likun-share/junjxu/wm/phyworld/scripts/rollout_eval_id1k.py:296: ConstantInputWarning: An input array is constant; the correlation coefficient is not defined.
  rhos = [pearsonr(vel_all[m][:, d], pv[:, d])[0] for d in range(vel_all.shape[1])]
/home/likun-share/junjxu/wm/phyworld/scripts/rollout_eval_id1k.py:296: ConstantInputWarning: An input array is constant; the correlation coefficient is not defined.
  rhos = [pearsonr(vel_all[m][:, d], pv[:, d])[0] for d in range(vel_all.shape[1])]
/home/likun-share/junjxu/wm/phyworld/scripts/rollout_eval_id1k.py:296: ConstantInputWarning: An input array is constant; the correlation coefficient is not defined.
  rhos = [pearsonr(vel_all[m][:, d], pv[:, d])[0] for d in range(vel_all.shape[1])]

=== uniform_motion AR ROLLOUT (LeWM ID-only FT, history_size=3) ===
--- latent fidelity (pred vs real emb), test trajs, by partition ---
  ID         n=  406  cos=+0.9286  nMSE=0.1357
  r/m-OOD    n=  464  cos=+0.8306  nMSE=0.3249
  v-OOD      n=  841  cos=+0.8521  nMSE=0.2703
  both-OOD   n= 1189  cos=+0.8340  nMSE=0.3464

--- latent fidelity vs horizon (test, aggregate) ---
  h=  1  n=  100  cos=+0.9915  nMSE=0.0485
  h=  2  n=  100  cos=+0.9852  nMSE=0.0632
  h=  4  n=  100  cos=+0.9678  nMSE=0.0959
  h=  8  n=  100  cos=+0.9093  nMSE=0.1859
  h= 16  n=  100  cos=+0.8253  nMSE=0.3255
  h= 28  n=  100  cos=+0.7775  nMSE=0.5721

--- decoded pos/vel ρ from ROLLED-OUT latents (test), by partition ---
  [baseline] probe applied to REAL embs:
  REAL ID                   pos0ρ=+0.958  pos1ρ=+0.977  vel0ρ=+0.160  vel1ρ=+nan
  REAL r/m-OOD              pos0ρ=+0.938  pos1ρ=+0.914  vel0ρ=+0.313  vel1ρ=+nan
  REAL v-OOD                pos0ρ=+0.954  pos1ρ=+0.827  vel0ρ=+0.371  vel1ρ=+nan
  REAL both-OOD             pos0ρ=+0.943  pos1ρ=+0.850  vel0ρ=+0.576  vel1ρ=+nan
  [rollout] probe applied to PREDICTED embs:
  PRED ID                   pos0ρ=+0.928  pos1ρ=+0.954  vel0ρ=+0.262  vel1ρ=+nan
  PRED r/m-OOD              pos0ρ=+0.852  pos1ρ=+0.842  vel0ρ=+0.494  vel1ρ=+nan
  PRED v-OOD                pos0ρ=+0.958  pos1ρ=+0.727  vel0ρ=+0.512  vel1ρ=+nan
  PRED both-OOD             pos0ρ=+0.903  pos1ρ=+0.629  vel0ρ=+0.585  vel1ρ=+nan

--- decoded vel ρ from PRED latents vs horizon (test, aggregate) ---
  h=  1  n=  100  vel0ρ=-0.100  vel1ρ=+nan
  h=  2  n=  100  vel0ρ=+0.003  vel1ρ=+nan
  h=  4  n=  100  vel0ρ=+0.044  vel1ρ=+nan
  h=  8  n=  100  vel0ρ=+0.193  vel1ρ=+nan
  h= 16  n=  100  vel0ρ=+0.717  vel1ρ=+nan
  h= 28  n=  100  vel0ρ=+0.881  vel1ρ=+nan

--- [K=4] decoded pos/vel ρ from ROLLED-OUT latents (test), by partition ---
  [K=4] probe applied to PREDICTED embs (stack 4 consecutive predicted latents):
  PRED-K4 ID          pos0ρ=+0.906  pos1ρ=+0.956  vel0ρ=+0.673  vel1ρ=+nan
  PRED-K4 r/m-OOD     pos0ρ=+0.839  pos1ρ=+0.867  vel0ρ=+0.772  vel1ρ=+nan
  PRED-K4 v-OOD       pos0ρ=+0.960  pos1ρ=+0.743  vel0ρ=+0.909  vel1ρ=+nan
  PRED-K4 both-OOD    pos0ρ=+0.904  pos1ρ=+0.654  vel0ρ=+0.923  vel1ρ=+nan

--- [K=4] decoded vel ρ from PRED latents vs horizon (test, aggregate) ---
  h=  4  n=  100  vel0ρ=+0.919  vel1ρ=+nan
  h=  8  n=  100  vel0ρ=+0.933  vel1ρ=+nan
  h= 16  n=  100  vel0ρ=+0.853  vel1ρ=+nan
  h= 28  n=  100  vel0ρ=+0.951  vel1ρ=+nan

Total 75s
