[norm] action mean=[ 0.24667731 -0.40296947], std=[0.08836433 0.229554  ]  (from phyworld_parabola_id1k.h5)
[ckpt] /data1/likun-share/junjxu/.stable_worldmodel/parabola_paperinit_id1k/parabola_paperinit_id1k_epoch_20_object.ckpt  tag=baseline
  rolled out 100 trajs, t=19s
  rolled out 200 trajs, t=35s
  rolled out 300 trajs, t=48s
  rolled out 400 trajs, t=61s
  rolled out 500 trajs, t=74s

[data] 500 trajs, 14500 (frame,pred) pairs, emb dim=192
/home/likun-share/junjxu/wm/phyworld/scripts/rollout_eval_id1k.py:242: ConstantInputWarning: An input array is constant; the correlation coefficient is not defined.
  rhos = [pearsonr(vel_all[m][:, d], pv[:, d])[0] for d in range(vel_all.shape[1])]
/home/likun-share/junjxu/wm/phyworld/scripts/rollout_eval_id1k.py:242: NearConstantInputWarning: An input array is nearly constant; the computed correlation coefficient may be inaccurate.
  rhos = [pearsonr(vel_all[m][:, d], pv[:, d])[0] for d in range(vel_all.shape[1])]
/home/likun-share/junjxu/wm/phyworld/scripts/rollout_eval_id1k.py:242: NearConstantInputWarning: An input array is nearly constant; the computed correlation coefficient may be inaccurate.
  rhos = [pearsonr(vel_all[m][:, d], pv[:, d])[0] for d in range(vel_all.shape[1])]
/home/likun-share/junjxu/wm/phyworld/scripts/rollout_eval_id1k.py:296: ConstantInputWarning: An input array is constant; the correlation coefficient is not defined.
  rhos = [pearsonr(vel_all[m][:, d], pv[:, d])[0] for d in range(vel_all.shape[1])]
/home/likun-share/junjxu/wm/phyworld/scripts/rollout_eval_id1k.py:296: NearConstantInputWarning: An input array is nearly constant; the computed correlation coefficient may be inaccurate.
  rhos = [pearsonr(vel_all[m][:, d], pv[:, d])[0] for d in range(vel_all.shape[1])]
/home/likun-share/junjxu/wm/phyworld/scripts/rollout_eval_id1k.py:296: NearConstantInputWarning: An input array is nearly constant; the computed correlation coefficient may be inaccurate.
  rhos = [pearsonr(vel_all[m][:, d], pv[:, d])[0] for d in range(vel_all.shape[1])]

=== parabola AR ROLLOUT (LeWM ID-only FT, history_size=3) ===
--- latent fidelity (pred vs real emb), test trajs, by partition ---
  ID         n=  464  cos=+0.8413  nMSE=0.1663
  r/m-OOD    n=  319  cos=+0.7867  nMSE=0.2964
  v-OOD      n=  928  cos=+0.5396  nMSE=0.4912
  both-OOD   n= 1189  cos=+0.5412  nMSE=0.4564

--- latent fidelity vs horizon (test, aggregate) ---
  h=  1  n=  100  cos=+0.9737  nMSE=0.1005
  h=  2  n=  100  cos=+0.9524  nMSE=0.1394
  h=  4  n=  100  cos=+0.9085  nMSE=0.2110
  h=  8  n=  100  cos=+0.8440  nMSE=0.3263
  h= 16  n=  100  cos=+0.5904  nMSE=0.6034
  h= 28  n=  100  cos=+0.1968  nMSE=14292.1953

--- decoded pos/vel ρ from ROLLED-OUT latents (test), by partition ---
  [baseline] probe applied to REAL embs:
  REAL ID                   pos0ρ=+0.937  pos1ρ=+0.962  vel0ρ=+0.178  vel1ρ=+0.971
  REAL r/m-OOD              pos0ρ=+0.894  pos1ρ=+0.952  vel0ρ=+0.425  vel1ρ=+0.965
  REAL v-OOD                pos0ρ=+0.871  pos1ρ=+0.896  vel0ρ=+0.583  vel1ρ=+0.944
  REAL both-OOD             pos0ρ=+0.827  pos1ρ=+0.893  vel0ρ=+0.617  vel1ρ=+0.938
  [rollout] probe applied to PREDICTED embs:
  PRED ID                   pos0ρ=+0.863  pos1ρ=+0.844  vel0ρ=+0.223  vel1ρ=+0.869
  PRED r/m-OOD              pos0ρ=+0.661  pos1ρ=+0.672  vel0ρ=+0.572  vel1ρ=+0.684
  PRED v-OOD                pos0ρ=+0.801  pos1ρ=+0.633  vel0ρ=+0.601  vel1ρ=+0.696
  PRED both-OOD             pos0ρ=+0.745  pos1ρ=+0.647  vel0ρ=+0.570  vel1ρ=+0.645

--- decoded vel ρ from PRED latents vs horizon (test, aggregate) ---
  h=  1  n=  100  vel0ρ=-0.144  vel1ρ=-0.094
  h=  2  n=  100  vel0ρ=-0.263  vel1ρ=-0.076
  h=  4  n=  100  vel0ρ=-0.026  vel1ρ=+0.012
  h=  8  n=  100  vel0ρ=+0.460  vel1ρ=+nan
  h= 16  n=  100  vel0ρ=+0.811  vel1ρ=-0.135
  h= 28  n=  100  vel0ρ=+0.792  vel1ρ=-0.011

--- [K=4] decoded pos/vel ρ from ROLLED-OUT latents (test), by partition ---
  [K=4] probe applied to PREDICTED embs (stack 4 consecutive predicted latents):
  PRED-K4 ID          pos0ρ=+0.768  pos1ρ=+0.827  vel0ρ=+0.452  vel1ρ=+0.856
  PRED-K4 r/m-OOD     pos0ρ=+0.641  pos1ρ=+0.730  vel0ρ=+0.717  vel1ρ=+0.719
  PRED-K4 v-OOD       pos0ρ=+0.638  pos1ρ=+0.487  vel0ρ=+0.647  vel1ρ=+0.561
  PRED-K4 both-OOD    pos0ρ=+0.604  pos1ρ=+0.545  vel0ρ=+0.628  vel1ρ=+0.575

--- [K=4] decoded vel ρ from PRED latents vs horizon (test, aggregate) ---
  h=  4  n=  100  vel0ρ=+0.084  vel1ρ=-0.190
  h=  8  n=  100  vel0ρ=+0.459  vel1ρ=+nan
  h= 16  n=  100  vel0ρ=+0.802  vel1ρ=-0.120
  h= 28  n=  100  vel0ρ=+0.556  vel1ρ=-0.068

Total 74s
