[norm] action mean=[-0.01484401  0.          0.01575156  0.        ], std=[7.72976437e-02 1.00000000e-08 8.20558954e-02 1.00000000e-08]  (from phyworld_collision_id1k.h5)
[ckpt] /data1/likun-share/junjxu/.stable_worldmodel/collision_paperinit_id1k/collision_paperinit_id1k_epoch_20_object.ckpt  tag=baseline
  rolled out 100 trajs, t=15s
  rolled out 200 trajs, t=26s
  rolled out 300 trajs, t=38s
  rolled out 400 trajs, t=50s
  rolled out 500 trajs, t=61s

[data] 500 trajs, 14500 (frame,pred) pairs, emb dim=192

=== collision AR ROLLOUT (LeWM ID-only FT, history_size=3) ===
--- latent fidelity (pred vs real emb), test trajs, by partition ---
  ID         n=  203  cos=+0.6503  nMSE=0.7858
  r/m-OOD    n=  754  cos=+0.5979  nMSE=0.8305
  v-OOD      n=  290  cos=+0.5467  nMSE=0.9125
  both-OOD   n= 1653  cos=+0.5009  nMSE=1.0295

--- latent fidelity vs horizon (test, aggregate) ---
  h=  1  n=  100  cos=+0.9916  nMSE=0.0199
  h=  2  n=  100  cos=+0.9750  nMSE=0.0572
  h=  4  n=  100  cos=+0.9013  nMSE=0.2156
  h=  8  n=  100  cos=+0.7218  nMSE=0.5924
  h= 16  n=  100  cos=+0.4396  nMSE=1.1422
  h= 28  n=  100  cos=+0.2772  nMSE=1.6258

--- decoded pos/vel ρ from ROLLED-OUT latents (test), by partition ---
  [baseline] probe applied to REAL embs:
  REAL ID                   pos0ρ=+0.196  pos1ρ=+0.891  vel0ρ=+0.333  vel1ρ=+0.673
  REAL r/m-OOD              pos0ρ=+0.754  pos1ρ=+0.690  vel0ρ=+0.736  vel1ρ=+0.686
  REAL v-OOD                pos0ρ=+0.599  pos1ρ=+0.886  vel0ρ=+0.655  vel1ρ=+0.728
  REAL both-OOD             pos0ρ=+0.821  pos1ρ=+0.791  vel0ρ=+0.847  vel1ρ=+0.729
  [rollout] probe applied to PREDICTED embs:
  PRED ID                   pos0ρ=+0.165  pos1ρ=+0.496  vel0ρ=+0.014  vel1ρ=+0.452
  PRED r/m-OOD              pos0ρ=+0.164  pos1ρ=+0.280  vel0ρ=+0.293  vel1ρ=+0.494
  PRED v-OOD                pos0ρ=+0.528  pos1ρ=+0.207  vel0ρ=+0.568  vel1ρ=+0.411
  PRED both-OOD             pos0ρ=+0.043  pos1ρ=+0.226  vel0ρ=+0.093  vel1ρ=+0.517

--- decoded vel ρ from PRED latents vs horizon (test, aggregate) ---
  h=  1  n=  100  vel0ρ=+0.083  vel1ρ=+0.023
  h=  2  n=  100  vel0ρ=+0.109  vel1ρ=+0.024
  h=  4  n=  100  vel0ρ=+0.112  vel1ρ=+0.023
  h=  8  n=  100  vel0ρ=+0.011  vel1ρ=+0.618
  h= 16  n=  100  vel0ρ=+0.122  vel1ρ=+0.643
  h= 28  n=  100  vel0ρ=+0.069  vel1ρ=+0.421

--- [K=4] decoded pos/vel ρ from ROLLED-OUT latents (test), by partition ---
  [K=4] probe applied to PREDICTED embs (stack 4 consecutive predicted latents):
  PRED-K4 ID          pos0ρ=+0.320  pos1ρ=+0.413  vel0ρ=+0.204  vel1ρ=+0.476
  PRED-K4 r/m-OOD     pos0ρ=+0.178  pos1ρ=+0.285  vel0ρ=+0.390  vel1ρ=+0.478
  PRED-K4 v-OOD       pos0ρ=+0.413  pos1ρ=+0.196  vel0ρ=+0.469  vel1ρ=+0.457
  PRED-K4 both-OOD    pos0ρ=+0.124  pos1ρ=+0.225  vel0ρ=+0.330  vel1ρ=+0.450

--- [K=4] decoded vel ρ from PRED latents vs horizon (test, aggregate) ---
  h=  4  n=  100  vel0ρ=+0.262  vel1ρ=+0.004
  h=  8  n=  100  vel0ρ=+0.381  vel1ρ=+0.575
  h= 16  n=  100  vel0ρ=+0.318  vel1ρ=+0.526
  h= 28  n=  100  vel0ρ=+0.212  vel1ρ=+0.314

Total 62s
