[norm] action mean=[-0.01484401  0.          0.01575156  0.        ], std=[7.72976437e-02 1.00000000e-08 8.20558954e-02 1.00000000e-08]  (from phyworld_collision_id1k.h5)
[ckpt] /data1/likun-share/junjxu/.stable_worldmodel/collision_piwm_posvel_id1k/collision_piwm_posvel_id1k_epoch_20_object.ckpt  tag=posvel
  rolled out 100 trajs, t=17s
  rolled out 200 trajs, t=30s
  rolled out 300 trajs, t=42s
  rolled out 400 trajs, t=55s
  rolled out 500 trajs, t=67s

[data] 500 trajs, 14500 (frame,pred) pairs, emb dim=192

=== collision AR ROLLOUT (LeWM ID-only FT, history_size=3) ===
--- latent fidelity (pred vs real emb), test trajs, by partition ---
  ID         n=  203  cos=+0.6597  nMSE=0.7629
  r/m-OOD    n=  754  cos=+0.6490  nMSE=0.7617
  v-OOD      n=  290  cos=+0.5435  nMSE=1.0106
  both-OOD   n= 1653  cos=+0.5291  nMSE=0.9857

--- latent fidelity vs horizon (test, aggregate) ---
  h=  1  n=  100  cos=+0.9881  nMSE=0.0284
  h=  2  n=  100  cos=+0.9684  nMSE=0.0729
  h=  4  n=  100  cos=+0.8998  nMSE=0.2213
  h=  8  n=  100  cos=+0.7532  nMSE=0.5459
  h= 16  n=  100  cos=+0.4882  nMSE=1.1019
  h= 28  n=  100  cos=+0.2972  nMSE=1.5413

--- decoded pos/vel ρ from ROLLED-OUT latents (test), by partition ---
  [baseline] probe applied to REAL embs:
  REAL ID                   pos0ρ=+0.851  pos1ρ=+0.916  vel0ρ=+0.667  vel1ρ=+0.756
  REAL r/m-OOD              pos0ρ=+0.811  pos1ρ=+0.769  vel0ρ=+0.776  vel1ρ=+0.744
  REAL v-OOD                pos0ρ=+0.815  pos1ρ=+0.925  vel0ρ=+0.637  vel1ρ=+0.726
  REAL both-OOD             pos0ρ=+0.896  pos1ρ=+0.843  vel0ρ=+0.894  vel1ρ=+0.769
  [rollout] probe applied to PREDICTED embs:
  PRED ID                   pos0ρ=+0.444  pos1ρ=+0.784  vel0ρ=+0.462  vel1ρ=+0.579
  PRED r/m-OOD              pos0ρ=+0.282  pos1ρ=+0.387  vel0ρ=+0.464  vel1ρ=+0.489
  PRED v-OOD                pos0ρ=+0.352  pos1ρ=+0.391  vel0ρ=+0.191  vel1ρ=+0.292
  PRED both-OOD             pos0ρ=+0.243  pos1ρ=+0.423  vel0ρ=+0.353  vel1ρ=+0.656

--- decoded vel ρ from PRED latents vs horizon (test, aggregate) ---
  h=  1  n=  100  vel0ρ=+0.107  vel1ρ=+0.009
  h=  2  n=  100  vel0ρ=+0.122  vel1ρ=+0.021
  h=  4  n=  100  vel0ρ=+0.122  vel1ρ=+0.054
  h=  8  n=  100  vel0ρ=+0.050  vel1ρ=+0.701
  h= 16  n=  100  vel0ρ=+0.370  vel1ρ=+0.655
  h= 28  n=  100  vel0ρ=+0.346  vel1ρ=+0.587

--- [K=4] decoded pos/vel ρ from ROLLED-OUT latents (test), by partition ---
  [K=4] probe applied to PREDICTED embs (stack 4 consecutive predicted latents):
  PRED-K4 ID          pos0ρ=+0.414  pos1ρ=+0.778  vel0ρ=+0.658  vel1ρ=+0.692
  PRED-K4 r/m-OOD     pos0ρ=+0.315  pos1ρ=+0.423  vel0ρ=+0.514  vel1ρ=+0.566
  PRED-K4 v-OOD       pos0ρ=+0.458  pos1ρ=+0.485  vel0ρ=+0.111  vel1ρ=+0.471
  PRED-K4 both-OOD    pos0ρ=+0.253  pos1ρ=+0.437  vel0ρ=+0.489  vel1ρ=+0.618

--- [K=4] decoded vel ρ from PRED latents vs horizon (test, aggregate) ---
  h=  4  n=  100  vel0ρ=+0.393  vel1ρ=-0.010
  h=  8  n=  100  vel0ρ=+0.430  vel1ρ=+0.588
  h= 16  n=  100  vel0ρ=+0.512  vel1ρ=+0.566
  h= 28  n=  100  vel0ρ=+0.444  vel1ρ=+0.604

Total 68s
