[norm] action mean=[ 0.24667731 -0.40296947], std=[0.08836433 0.229554  ]  (from phyworld_parabola_id1k.h5)
[ckpt] /data1/likun-share/junjxu/.stable_worldmodel/parabola_piwm_posvel_id1k/parabola_piwm_posvel_id1k_epoch_20_object.ckpt  tag=posvel
  rolled out 100 trajs, t=19s
  rolled out 200 trajs, t=33s
  rolled out 300 trajs, t=50s
  rolled out 400 trajs, t=66s
  rolled out 500 trajs, t=81s

[data] 500 trajs, 14500 (frame,pred) pairs, emb dim=192
/home/likun-share/junjxu/wm/phyworld/scripts/rollout_eval_id1k.py:242: ConstantInputWarning: An input array is constant; the correlation coefficient is not defined.
  rhos = [pearsonr(vel_all[m][:, d], pv[:, d])[0] for d in range(vel_all.shape[1])]
/home/likun-share/junjxu/wm/phyworld/scripts/rollout_eval_id1k.py:242: NearConstantInputWarning: An input array is nearly constant; the computed correlation coefficient may be inaccurate.
  rhos = [pearsonr(vel_all[m][:, d], pv[:, d])[0] for d in range(vel_all.shape[1])]
/home/likun-share/junjxu/wm/phyworld/scripts/rollout_eval_id1k.py:242: NearConstantInputWarning: An input array is nearly constant; the computed correlation coefficient may be inaccurate.
  rhos = [pearsonr(vel_all[m][:, d], pv[:, d])[0] for d in range(vel_all.shape[1])]
/home/likun-share/junjxu/wm/le-wm/.venv/lib/python3.10/site-packages/sklearn/linear_model/_ridge.py:213: LinAlgWarning: Ill-conditioned matrix (rcond=4.48001e-08): result may not be accurate.
  return linalg.solve(A, Xy, assume_a="pos", overwrite_a=True).T
/home/likun-share/junjxu/wm/le-wm/.venv/lib/python3.10/site-packages/sklearn/linear_model/_ridge.py:213: LinAlgWarning: Ill-conditioned matrix (rcond=4.48001e-08): result may not be accurate.
  return linalg.solve(A, Xy, assume_a="pos", overwrite_a=True).T
/home/likun-share/junjxu/wm/phyworld/scripts/rollout_eval_id1k.py:296: ConstantInputWarning: An input array is constant; the correlation coefficient is not defined.
  rhos = [pearsonr(vel_all[m][:, d], pv[:, d])[0] for d in range(vel_all.shape[1])]
/home/likun-share/junjxu/wm/phyworld/scripts/rollout_eval_id1k.py:296: NearConstantInputWarning: An input array is nearly constant; the computed correlation coefficient may be inaccurate.
  rhos = [pearsonr(vel_all[m][:, d], pv[:, d])[0] for d in range(vel_all.shape[1])]
/home/likun-share/junjxu/wm/phyworld/scripts/rollout_eval_id1k.py:296: NearConstantInputWarning: An input array is nearly constant; the computed correlation coefficient may be inaccurate.
  rhos = [pearsonr(vel_all[m][:, d], pv[:, d])[0] for d in range(vel_all.shape[1])]

=== parabola AR ROLLOUT (LeWM ID-only FT, history_size=3) ===
--- latent fidelity (pred vs real emb), test trajs, by partition ---
  ID         n=  464  cos=+0.7722  nMSE=0.3688
  r/m-OOD    n=  319  cos=+0.7704  nMSE=0.4131
  v-OOD      n=  928  cos=+0.7548  nMSE=0.4798
  both-OOD   n= 1189  cos=+0.7276  nMSE=0.4415

--- latent fidelity vs horizon (test, aggregate) ---
  h=  1  n=  100  cos=+0.9448  nMSE=0.2103
  h=  2  n=  100  cos=+0.8950  nMSE=0.2632
  h=  4  n=  100  cos=+0.8260  nMSE=0.3497
  h=  8  n=  100  cos=+0.8348  nMSE=0.3600
  h= 16  n=  100  cos=+0.7449  nMSE=0.5533
  h= 28  n=  100  cos=+0.5737  nMSE=17132.1113

--- decoded pos/vel ρ from ROLLED-OUT latents (test), by partition ---
  [baseline] probe applied to REAL embs:
  REAL ID                   pos0ρ=+0.948  pos1ρ=+0.978  vel0ρ=+0.190  vel1ρ=+0.983
  REAL r/m-OOD              pos0ρ=+0.909  pos1ρ=+0.971  vel0ρ=+0.441  vel1ρ=+0.976
  REAL v-OOD                pos0ρ=+0.882  pos1ρ=+0.900  vel0ρ=+0.592  vel1ρ=+0.949
  REAL both-OOD             pos0ρ=+0.844  pos1ρ=+0.906  vel0ρ=+0.637  vel1ρ=+0.952
  [rollout] probe applied to PREDICTED embs:
  PRED ID                   pos0ρ=+0.900  pos1ρ=+0.929  vel0ρ=+0.100  vel1ρ=+0.943
  PRED r/m-OOD              pos0ρ=+0.840  pos1ρ=+0.908  vel0ρ=+0.403  vel1ρ=+0.931
  PRED v-OOD                pos0ρ=+0.795  pos1ρ=+0.932  vel0ρ=+0.466  vel1ρ=+0.953
  PRED both-OOD             pos0ρ=+0.740  pos1ρ=+0.916  vel0ρ=+0.497  vel1ρ=+0.934

--- decoded vel ρ from PRED latents vs horizon (test, aggregate) ---
  h=  1  n=  100  vel0ρ=+0.122  vel1ρ=+0.186
  h=  2  n=  100  vel0ρ=+0.170  vel1ρ=-0.222
  h=  4  n=  100  vel0ρ=+0.098  vel1ρ=-0.181
  h=  8  n=  100  vel0ρ=+0.024  vel1ρ=+nan
  h= 16  n=  100  vel0ρ=+0.635  vel1ρ=+0.144
  h= 28  n=  100  vel0ρ=+0.894  vel1ρ=-0.119

--- [K=4] decoded pos/vel ρ from ROLLED-OUT latents (test), by partition ---
  [K=4] probe applied to PREDICTED embs (stack 4 consecutive predicted latents):
  PRED-K4 ID          pos0ρ=+0.806  pos1ρ=+0.897  vel0ρ=+0.421  vel1ρ=+0.877
  PRED-K4 r/m-OOD     pos0ρ=+0.750  pos1ρ=+0.830  vel0ρ=+0.354  vel1ρ=+0.869
  PRED-K4 v-OOD       pos0ρ=+0.724  pos1ρ=+0.870  vel0ρ=+0.669  vel1ρ=+0.844
  PRED-K4 both-OOD    pos0ρ=+0.686  pos1ρ=+0.789  vel0ρ=+0.519  vel1ρ=+0.820

--- [K=4] decoded vel ρ from PRED latents vs horizon (test, aggregate) ---
  h=  4  n=  100  vel0ρ=+0.552  vel1ρ=-0.368
  h=  8  n=  100  vel0ρ=+0.474  vel1ρ=+nan
  h= 16  n=  100  vel0ρ=+0.646  vel1ρ=+0.183
  h= 28  n=  100  vel0ρ=+0.847  vel1ρ=-0.049

Total 82s
