[norm] action mean=[0.24667731 0.        ], std=[8.83643282e-02 1.00000000e-08]  (from phyworld_uniform_motion_id1k.h5)
[ckpt] /data1/likun-share/junjxu/.stable_worldmodel/uniform_motion_piwm_posvel_id1k/uniform_motion_piwm_posvel_id1k_epoch_20_object.ckpt  tag=posvel
  rolled out 100 trajs, t=20s
  rolled out 200 trajs, t=36s
  rolled out 300 trajs, t=51s
  rolled out 400 trajs, t=65s
  rolled out 500 trajs, t=79s

[data] 500 trajs, 14500 (frame,pred) pairs, emb dim=192
/home/likun-share/junjxu/wm/phyworld/scripts/rollout_eval_id1k.py:197: ConstantInputWarning: An input array is constant; the correlation coefficient is not defined.
  rho = pearsonr(vel_all[mask][:, d], pv[:, d])[0]
/home/likun-share/junjxu/wm/phyworld/scripts/rollout_eval_id1k.py:197: ConstantInputWarning: An input array is constant; the correlation coefficient is not defined.
  rho = pearsonr(vel_all[mask][:, d], pv[:, d])[0]
/home/likun-share/junjxu/wm/phyworld/scripts/rollout_eval_id1k.py:197: ConstantInputWarning: An input array is constant; the correlation coefficient is not defined.
  rho = pearsonr(vel_all[mask][:, d], pv[:, d])[0]
/home/likun-share/junjxu/wm/phyworld/scripts/rollout_eval_id1k.py:197: ConstantInputWarning: An input array is constant; the correlation coefficient is not defined.
  rho = pearsonr(vel_all[mask][:, d], pv[:, d])[0]
/home/likun-share/junjxu/wm/phyworld/scripts/rollout_eval_id1k.py:197: ConstantInputWarning: An input array is constant; the correlation coefficient is not defined.
  rho = pearsonr(vel_all[mask][:, d], pv[:, d])[0]
/home/likun-share/junjxu/wm/phyworld/scripts/rollout_eval_id1k.py:197: ConstantInputWarning: An input array is constant; the correlation coefficient is not defined.
  rho = pearsonr(vel_all[mask][:, d], pv[:, d])[0]
/home/likun-share/junjxu/wm/phyworld/scripts/rollout_eval_id1k.py:197: ConstantInputWarning: An input array is constant; the correlation coefficient is not defined.
  rho = pearsonr(vel_all[mask][:, d], pv[:, d])[0]
/home/likun-share/junjxu/wm/phyworld/scripts/rollout_eval_id1k.py:197: ConstantInputWarning: An input array is constant; the correlation coefficient is not defined.
  rho = pearsonr(vel_all[mask][:, d], pv[:, d])[0]
/home/likun-share/junjxu/wm/phyworld/scripts/rollout_eval_id1k.py:242: ConstantInputWarning: An input array is constant; the correlation coefficient is not defined.
  rhos = [pearsonr(vel_all[m][:, d], pv[:, d])[0] for d in range(vel_all.shape[1])]
/home/likun-share/junjxu/wm/phyworld/scripts/rollout_eval_id1k.py:242: ConstantInputWarning: An input array is constant; the correlation coefficient is not defined.
  rhos = [pearsonr(vel_all[m][:, d], pv[:, d])[0] for d in range(vel_all.shape[1])]
/home/likun-share/junjxu/wm/phyworld/scripts/rollout_eval_id1k.py:242: ConstantInputWarning: An input array is constant; the correlation coefficient is not defined.
  rhos = [pearsonr(vel_all[m][:, d], pv[:, d])[0] for d in range(vel_all.shape[1])]
/home/likun-share/junjxu/wm/phyworld/scripts/rollout_eval_id1k.py:242: ConstantInputWarning: An input array is constant; the correlation coefficient is not defined.
  rhos = [pearsonr(vel_all[m][:, d], pv[:, d])[0] for d in range(vel_all.shape[1])]
/home/likun-share/junjxu/wm/phyworld/scripts/rollout_eval_id1k.py:242: ConstantInputWarning: An input array is constant; the correlation coefficient is not defined.
  rhos = [pearsonr(vel_all[m][:, d], pv[:, d])[0] for d in range(vel_all.shape[1])]
/home/likun-share/junjxu/wm/phyworld/scripts/rollout_eval_id1k.py:242: ConstantInputWarning: An input array is constant; the correlation coefficient is not defined.
  rhos = [pearsonr(vel_all[m][:, d], pv[:, d])[0] for d in range(vel_all.shape[1])]
/home/likun-share/junjxu/wm/phyworld/scripts/rollout_eval_id1k.py:288: ConstantInputWarning: An input array is constant; the correlation coefficient is not defined.
  line += f"  vel{d}ρ={pearsonr(vel_all[m][:, d], pv[:, d])[0]:+.3f}"
/home/likun-share/junjxu/wm/phyworld/scripts/rollout_eval_id1k.py:288: ConstantInputWarning: An input array is constant; the correlation coefficient is not defined.
  line += f"  vel{d}ρ={pearsonr(vel_all[m][:, d], pv[:, d])[0]:+.3f}"
/home/likun-share/junjxu/wm/phyworld/scripts/rollout_eval_id1k.py:288: ConstantInputWarning: An input array is constant; the correlation coefficient is not defined.
  line += f"  vel{d}ρ={pearsonr(vel_all[m][:, d], pv[:, d])[0]:+.3f}"
/home/likun-share/junjxu/wm/phyworld/scripts/rollout_eval_id1k.py:288: ConstantInputWarning: An input array is constant; the correlation coefficient is not defined.
  line += f"  vel{d}ρ={pearsonr(vel_all[m][:, d], pv[:, d])[0]:+.3f}"
/home/likun-share/junjxu/wm/phyworld/scripts/rollout_eval_id1k.py:296: ConstantInputWarning: An input array is constant; the correlation coefficient is not defined.
  rhos = [pearsonr(vel_all[m][:, d], pv[:, d])[0] for d in range(vel_all.shape[1])]
/home/likun-share/junjxu/wm/phyworld/scripts/rollout_eval_id1k.py:296: ConstantInputWarning: An input array is constant; the correlation coefficient is not defined.
  rhos = [pearsonr(vel_all[m][:, d], pv[:, d])[0] for d in range(vel_all.shape[1])]
/home/likun-share/junjxu/wm/phyworld/scripts/rollout_eval_id1k.py:296: ConstantInputWarning: An input array is constant; the correlation coefficient is not defined.
  rhos = [pearsonr(vel_all[m][:, d], pv[:, d])[0] for d in range(vel_all.shape[1])]
/home/likun-share/junjxu/wm/phyworld/scripts/rollout_eval_id1k.py:296: ConstantInputWarning: An input array is constant; the correlation coefficient is not defined.
  rhos = [pearsonr(vel_all[m][:, d], pv[:, d])[0] for d in range(vel_all.shape[1])]

=== uniform_motion AR ROLLOUT (LeWM ID-only FT, history_size=3) ===
--- latent fidelity (pred vs real emb), test trajs, by partition ---
  ID         n=  406  cos=+0.9206  nMSE=0.1584
  r/m-OOD    n=  464  cos=+0.7914  nMSE=0.4563
  v-OOD      n=  841  cos=+0.8673  nMSE=0.2495
  both-OOD   n= 1189  cos=+0.8208  nMSE=0.3951

--- latent fidelity vs horizon (test, aggregate) ---
  h=  1  n=  100  cos=+0.9897  nMSE=0.0552
  h=  2  n=  100  cos=+0.9809  nMSE=0.0814
  h=  4  n=  100  cos=+0.9583  nMSE=0.1326
  h=  8  n=  100  cos=+0.9001  nMSE=0.2388
  h= 16  n=  100  cos=+0.8097  nMSE=0.3704
  h= 28  n=  100  cos=+0.7685  nMSE=0.6640

--- decoded pos/vel ρ from ROLLED-OUT latents (test), by partition ---
  [baseline] probe applied to REAL embs:
  REAL ID                   pos0ρ=+0.956  pos1ρ=+0.971  vel0ρ=+0.205  vel1ρ=+nan
  REAL r/m-OOD              pos0ρ=+0.943  pos1ρ=+0.918  vel0ρ=+0.262  vel1ρ=+nan
  REAL v-OOD                pos0ρ=+0.947  pos1ρ=+0.823  vel0ρ=+0.311  vel1ρ=+nan
  REAL both-OOD             pos0ρ=+0.943  pos1ρ=+0.855  vel0ρ=+0.590  vel1ρ=+nan
  [rollout] probe applied to PREDICTED embs:
  PRED ID                   pos0ρ=+0.884  pos1ρ=+0.885  vel0ρ=-0.023  vel1ρ=+nan
  PRED r/m-OOD              pos0ρ=+0.824  pos1ρ=+0.775  vel0ρ=+0.372  vel1ρ=+nan
  PRED v-OOD                pos0ρ=+0.942  pos1ρ=+0.737  vel0ρ=+0.455  vel1ρ=+nan
  PRED both-OOD             pos0ρ=+0.878  pos1ρ=+0.696  vel0ρ=+0.511  vel1ρ=+nan

--- decoded vel ρ from PRED latents vs horizon (test, aggregate) ---
  h=  1  n=  100  vel0ρ=+0.032  vel1ρ=+nan
  h=  2  n=  100  vel0ρ=+0.098  vel1ρ=+nan
  h=  4  n=  100  vel0ρ=+0.189  vel1ρ=+nan
  h=  8  n=  100  vel0ρ=+0.187  vel1ρ=+nan
  h= 16  n=  100  vel0ρ=+0.526  vel1ρ=+nan
  h= 28  n=  100  vel0ρ=+0.584  vel1ρ=+nan

--- [K=4] decoded pos/vel ρ from ROLLED-OUT latents (test), by partition ---
  [K=4] probe applied to PREDICTED embs (stack 4 consecutive predicted latents):
  PRED-K4 ID          pos0ρ=+0.831  pos1ρ=+0.861  vel0ρ=+0.662  vel1ρ=+nan
  PRED-K4 r/m-OOD     pos0ρ=+0.790  pos1ρ=+0.787  vel0ρ=+0.700  vel1ρ=+nan
  PRED-K4 v-OOD       pos0ρ=+0.933  pos1ρ=+0.750  vel0ρ=+0.893  vel1ρ=+nan
  PRED-K4 both-OOD    pos0ρ=+0.861  pos1ρ=+0.697  vel0ρ=+0.884  vel1ρ=+nan

--- [K=4] decoded vel ρ from PRED latents vs horizon (test, aggregate) ---
  h=  4  n=  100  vel0ρ=+0.884  vel1ρ=+nan
  h=  8  n=  100  vel0ρ=+0.842  vel1ρ=+nan
  h= 16  n=  100  vel0ρ=+0.844  vel1ρ=+nan
  h= 28  n=  100  vel0ρ=+0.885  vel1ρ=+nan

Total 80s
