=== pixel-stats baseline ===
[load] /home/qlib/.stable_worldmodel/phyworld_collision.h5
  pix shape: torch.Size([32000, 3, 224, 224])
  emb shape: (32000, 9), encoding took 6.0s
  saved → /home/qlib/agent_memory/wm/artifacts/embeddings/pixel_stats_collision_emb_32k.npy

=== probe pixel-stats ===
[load] emb /home/qlib/agent_memory/wm/artifacts/embeddings/pixel_stats_collision_emb_32k.npy  shape=(32000, 9)

=== K=1 (single-frame) ===
  [K=1] train=25600, test=6400, feat_dim=9
    pos_x                R²    +0.6943
    vel_x                R²    +0.4679
    speed                R²    +0.3195
    mass                 R²    +0.9030
    mass_ratio           R²    +0.6641
    accel_x              R²    +0.0274
    collision_event      AUC   0.6933

=== K=4 (multi-frame) ===
  [K=4] train=23200, test=5800, feat_dim=36
    pos_x                R²    +0.7630
    vel_x                R²    +0.5155
    speed                R²    +0.3544
    mass                 R²    +0.9364
    mass_ratio           R²    +0.6916
    accel_x              R²    +0.0410
    collision_event      AUC   0.7524

=== random ViT-tiny encode (GPU 2) ===
[load] /home/qlib/.stable_worldmodel/phyworld_collision.h5
  pix shape: torch.Size([32000, 3, 224, 224])
  random ViT-tiny: 5.72 M params
  encoded 128/32000
  encoded 6528/32000
  encoded 12928/32000
  encoded 19328/32000
  encoded 25728/32000
  emb shape: (32000, 192), encoding took 24.7s
  saved → /home/qlib/agent_memory/wm/artifacts/embeddings/random_vit_tiny_collision_emb_32k.npy

=== probe random ViT-tiny ===
/home/qlib/agent_memory/wm/le-wm/.venv/lib/python3.10/site-packages/sklearn/linear_model/_logistic.py:473: ConvergenceWarning: lbfgs failed to converge after 1000 iteration(s) (status=1):
STOP: TOTAL NO. OF ITERATIONS REACHED LIMIT

Increase the number of iterations to improve the convergence (max_iter=1000).
You might also want to scale the data as shown in:
    https://scikit-learn.org/stable/modules/preprocessing.html
Please also refer to the documentation for alternative solver options:
    https://scikit-learn.org/stable/modules/linear_model.html#logistic-regression
  n_iter_i = _check_optimize_result(
[load] emb /home/qlib/agent_memory/wm/artifacts/embeddings/random_vit_tiny_collision_emb_32k.npy  shape=(32000, 192)

=== K=1 (single-frame) ===
  [K=1] train=25600, test=6400, feat_dim=192
    pos_x                R²    +0.6346
    vel_x                R²    +0.4670
    speed                R²    +0.2931
    mass                 R²    +0.9041
    mass_ratio           R²    +0.7092
    accel_x              R²    +0.0370
    collision_event      AUC   0.7859

=== K=4 (multi-frame) ===
  [K=4] train=23200, test=5800, feat_dim=768
    pos_x                R²    +0.7468
    vel_x                R²    +0.5729
    speed                R²    +0.3496
    mass                 R²    +0.9325
    mass_ratio           R²    +0.7417
    accel_x              R²    +0.0451
    collision_event      AUC   0.8314

=== ImageNet ViT-tiny encode (GPU 2) ===
[load] /home/qlib/.stable_worldmodel/phyworld_collision.h5
  pix shape: torch.Size([32000, 3, 224, 224])
Warning: You are sending unauthenticated requests to the HF Hub. Please set a HF_TOKEN to enable higher rate limits and faster downloads.
  ImageNet ViT-tiny: 5.72 M params
  encoded 128/32000
  encoded 6528/32000
  encoded 12928/32000
  encoded 19328/32000
  encoded 25728/32000
  emb shape: (32000, 192), encoding took 32.2s
  saved → /home/qlib/agent_memory/wm/artifacts/embeddings/imagenet_vit_tiny_collision_emb_32k.npy

=== probe ImageNet ViT-tiny ===
[load] emb /home/qlib/agent_memory/wm/artifacts/embeddings/imagenet_vit_tiny_collision_emb_32k.npy  shape=(32000, 192)

=== K=1 (single-frame) ===
  [K=1] train=25600, test=6400, feat_dim=192
    pos_x                R²    +0.8382
    vel_x                R²    +0.5533
    speed                R²    +0.3345
    mass                 R²    +0.9048
    mass_ratio           R²    +0.7457
    accel_x              R²    +0.0994
    collision_event      AUC   0.9218

=== K=4 (multi-frame) ===
  [K=4] train=23200, test=5800, feat_dim=768
    pos_x                R²    +0.9033
    vel_x                R²    +0.7543
    speed                R²    +0.3694
    mass                 R²    +0.9340
    mass_ratio           R²    +0.7820
    accel_x              R²    +0.1380
    collision_event      AUC   0.9441

=== all baselines done ===
