Flax classes are deprecated and will be removed in Diffusers v1.0.0. We recommend migrating to PyTorch classes or pinning your version of Diffusers.
Flax classes are deprecated and will be removed in Diffusers v1.0.0. We recommend migrating to PyTorch classes or pinning your version of Diffusers.
[load] DiT-XL from /home/qlib/.stable_worldmodel/dit_xl_2_256
An error occurred while trying to fetch /home/qlib/.stable_worldmodel/dit_xl_2_256: Error no file named diffusion_pytorch_model.safetensors found in directory /home/qlib/.stable_worldmodel/dit_xl_2_256.
Defaulting to unsafe serialization. Pass `allow_pickle=False` to raise an error instead.
An error occurred while trying to fetch /home/qlib/.stable_worldmodel/dit_xl_2_256: Error no file named diffusion_pytorch_model.safetensors found in directory /home/qlib/.stable_worldmodel/dit_xl_2_256.
Defaulting to unsafe serialization. Pass `allow_pickle=False` to raise an error instead.
  DiT-XL transformer: 749.8 M params, hidden=1152
[load] data /home/qlib/.stable_worldmodel/phyworld_collision.h5
  using 32000 frames over 1000 trajs

[encode] DiT-XL zero-shot ...
    DiT encoded 8/32000
    DiT encoded 408/32000
    DiT encoded 808/32000
    DiT encoded 1208/32000
    DiT encoded 1608/32000
    DiT encoded 2008/32000
    DiT encoded 2408/32000
    DiT encoded 2808/32000
    DiT encoded 3208/32000
    DiT encoded 3608/32000
    DiT encoded 4008/32000
    DiT encoded 4408/32000
    DiT encoded 4808/32000
    DiT encoded 5208/32000
    DiT encoded 5608/32000
    DiT encoded 6008/32000
    DiT encoded 6408/32000
    DiT encoded 6808/32000
    DiT encoded 7208/32000
    DiT encoded 7608/32000
    DiT encoded 8008/32000
    DiT encoded 8408/32000
    DiT encoded 8808/32000
    DiT encoded 9208/32000
    DiT encoded 9608/32000
    DiT encoded 10008/32000
    DiT encoded 10408/32000
    DiT encoded 10808/32000
    DiT encoded 11208/32000
    DiT encoded 11608/32000
    DiT encoded 12008/32000
    DiT encoded 12408/32000
    DiT encoded 12808/32000
    DiT encoded 13208/32000
    DiT encoded 13608/32000
    DiT encoded 14008/32000
    DiT encoded 14408/32000
    DiT encoded 14808/32000
    DiT encoded 15208/32000
    DiT encoded 15608/32000
    DiT encoded 16008/32000
    DiT encoded 16408/32000
    DiT encoded 16808/32000
    DiT encoded 17208/32000
    DiT encoded 17608/32000
    DiT encoded 18008/32000
    DiT encoded 18408/32000
    DiT encoded 18808/32000
    DiT encoded 19208/32000
    DiT encoded 19608/32000
    DiT encoded 20008/32000
    DiT encoded 20408/32000
    DiT encoded 20808/32000
    DiT encoded 21208/32000
    DiT encoded 21608/32000
    DiT encoded 22008/32000
    DiT encoded 22408/32000
    DiT encoded 22808/32000
    DiT encoded 23208/32000
    DiT encoded 23608/32000
    DiT encoded 24008/32000
    DiT encoded 24408/32000
    DiT encoded 24808/32000
    DiT encoded 25208/32000
    DiT encoded 25608/32000
    DiT encoded 26008/32000
    DiT encoded 26408/32000
    DiT encoded 26808/32000
    DiT encoded 27208/32000
    DiT encoded 27608/32000
    DiT encoded 28008/32000
    DiT encoded 28408/32000
    DiT encoded 28808/32000
    DiT encoded 29208/32000
    DiT encoded 29608/32000
    DiT encoded 30008/32000
    DiT encoded 30408/32000
    DiT encoded 30808/32000
    DiT encoded 31208/32000
    DiT encoded 31608/32000
  emb shape: (32000, 1152)

=== DiT-XL-2-256 zero-shot (ImageNet pretrained, NOT fine-tuned on phyworld) ===

  target              R² / AUC
/home/qlib/agent_memory/wm/le-wm/.venv/lib/python3.10/site-packages/sklearn/linear_model/_ridge.py:213: LinAlgWarning: Ill-conditioned matrix (rcond=3.46618e-08): result may not be accurate.
  return linalg.solve(A, Xy, assume_a="pos", overwrite_a=True).T
  pos_x R²            +0.8880
/home/qlib/agent_memory/wm/le-wm/.venv/lib/python3.10/site-packages/sklearn/linear_model/_ridge.py:213: LinAlgWarning: Ill-conditioned matrix (rcond=3.46618e-08): result may not be accurate.
  return linalg.solve(A, Xy, assume_a="pos", overwrite_a=True).T
  vel_x R²            +0.6779
  collision AUC       0.9590

Total 321.8s
