Flax classes are deprecated and will be removed in Diffusers v1.0.0. We recommend migrating to PyTorch classes or pinning your version of Diffusers.
Flax classes are deprecated and will be removed in Diffusers v1.0.0. We recommend migrating to PyTorch classes or pinning your version of Diffusers.
[load] base DiT + VAE in fp32
An error occurred while trying to fetch /home/qlib/.stable_worldmodel/dit_xl_2_256: Error no file named diffusion_pytorch_model.safetensors found in directory /home/qlib/.stable_worldmodel/dit_xl_2_256.
Defaulting to unsafe serialization. Pass `allow_pickle=False` to raise an error instead.

=== epoch 2: re-encode + probe ===
An error occurred while trying to fetch /home/qlib/.stable_worldmodel/dit_xl_2_256: Error no file named diffusion_pytorch_model.safetensors found in directory /home/qlib/.stable_worldmodel/dit_xl_2_256.
Defaulting to unsafe serialization. Pass `allow_pickle=False` to raise an error instead.
  q-weight checksum: mean=0.00013, std=0.17218
    encoded 8/32000
    encoded 808/32000
    encoded 1608/32000
    encoded 2408/32000
    encoded 3208/32000
    encoded 4008/32000
    encoded 4808/32000
    encoded 5608/32000
    encoded 6408/32000
    encoded 7208/32000
    encoded 8008/32000
    encoded 8808/32000
    encoded 9608/32000
    encoded 10408/32000
    encoded 11208/32000
    encoded 12008/32000
    encoded 12808/32000
    encoded 13608/32000
    encoded 14408/32000
    encoded 15208/32000
    encoded 16008/32000
    encoded 16808/32000
    encoded 17608/32000
    encoded 18408/32000
    encoded 19208/32000
    encoded 20008/32000
    encoded 20808/32000
    encoded 21608/32000
    encoded 22408/32000
    encoded 23208/32000
    encoded 24008/32000
    encoded 24808/32000
    encoded 25608/32000
    encoded 26408/32000
    encoded 27208/32000
    encoded 28008/32000
    encoded 28808/32000
    encoded 29608/32000
    encoded 30408/32000
    encoded 31208/32000
  encoding done in 1740s
  emb NaN rows: 0, Inf rows: 0
  saved → /home/qlib/agent_memory/wm/artifacts/embeddings/dit_xl_lora_collision_emb_32k_epoch2.npy
  probing → /home/qlib/agent_memory/wm/artifacts/logs/probe_all_targets_dit_lora_epoch2.log
  probe done.

=== epoch 4: re-encode + probe ===
An error occurred while trying to fetch /home/qlib/.stable_worldmodel/dit_xl_2_256: Error no file named diffusion_pytorch_model.safetensors found in directory /home/qlib/.stable_worldmodel/dit_xl_2_256.
Defaulting to unsafe serialization. Pass `allow_pickle=False` to raise an error instead.
  q-weight checksum: mean=0.00013, std=0.17292
    encoded 8/32000
    encoded 808/32000
    encoded 1608/32000
    encoded 2408/32000
    encoded 3208/32000
    encoded 4008/32000
    encoded 4808/32000
    encoded 5608/32000
    encoded 6408/32000
    encoded 7208/32000
    encoded 8008/32000
    encoded 8808/32000
    encoded 9608/32000
    encoded 10408/32000
    encoded 11208/32000
    encoded 12008/32000
    encoded 12808/32000
    encoded 13608/32000
    encoded 14408/32000
    encoded 15208/32000
    encoded 16008/32000
    encoded 16808/32000
    encoded 17608/32000
    encoded 18408/32000
    encoded 19208/32000
    encoded 20008/32000
    encoded 20808/32000
    encoded 21608/32000
    encoded 22408/32000
    encoded 23208/32000
    encoded 24008/32000
    encoded 24808/32000
    encoded 25608/32000
    encoded 26408/32000
    encoded 27208/32000
    encoded 28008/32000
    encoded 28808/32000
    encoded 29608/32000
    encoded 30408/32000
    encoded 31208/32000
  encoding done in 1611s
  emb NaN rows: 0, Inf rows: 0
  saved → /home/qlib/agent_memory/wm/artifacts/embeddings/dit_xl_lora_collision_emb_32k_epoch4.npy
  probing → /home/qlib/agent_memory/wm/artifacts/logs/probe_all_targets_dit_lora_epoch4.log
  probe done.

=== epoch 6: re-encode + probe ===
An error occurred while trying to fetch /home/qlib/.stable_worldmodel/dit_xl_2_256: Error no file named diffusion_pytorch_model.safetensors found in directory /home/qlib/.stable_worldmodel/dit_xl_2_256.
Defaulting to unsafe serialization. Pass `allow_pickle=False` to raise an error instead.
  q-weight checksum: mean=0.00013, std=0.17380
    encoded 8/32000
    encoded 808/32000
    encoded 1608/32000
    encoded 2408/32000
    encoded 3208/32000
    encoded 4008/32000
    encoded 4808/32000
    encoded 5608/32000
    encoded 6408/32000
    encoded 7208/32000
    encoded 8008/32000
    encoded 8808/32000
    encoded 9608/32000
    encoded 10408/32000
    encoded 11208/32000
    encoded 12008/32000
    encoded 12808/32000
    encoded 13608/32000
    encoded 14408/32000
    encoded 15208/32000
    encoded 16008/32000
    encoded 16808/32000
    encoded 17608/32000
    encoded 18408/32000
    encoded 19208/32000
    encoded 20008/32000
    encoded 20808/32000
    encoded 21608/32000
    encoded 22408/32000
    encoded 23208/32000
    encoded 24008/32000
    encoded 24808/32000
    encoded 25608/32000
    encoded 26408/32000
    encoded 27208/32000
    encoded 28008/32000
    encoded 28808/32000
    encoded 29608/32000
    encoded 30408/32000
    encoded 31208/32000
  encoding done in 1612s
  emb NaN rows: 0, Inf rows: 0
  saved → /home/qlib/agent_memory/wm/artifacts/embeddings/dit_xl_lora_collision_emb_32k_epoch6.npy
  probing → /home/qlib/agent_memory/wm/artifacts/logs/probe_all_targets_dit_lora_epoch6.log
  probe done.

=== epoch 8: re-encode + probe ===
An error occurred while trying to fetch /home/qlib/.stable_worldmodel/dit_xl_2_256: Error no file named diffusion_pytorch_model.safetensors found in directory /home/qlib/.stable_worldmodel/dit_xl_2_256.
Defaulting to unsafe serialization. Pass `allow_pickle=False` to raise an error instead.
  q-weight checksum: mean=nan, std=nan
    encoded 8/32000
    encoded 808/32000
    encoded 1608/32000
    encoded 2408/32000
    encoded 3208/32000
    encoded 4008/32000
    encoded 4808/32000
    encoded 5608/32000
    encoded 6408/32000
    encoded 7208/32000
    encoded 8008/32000
    encoded 8808/32000
    encoded 9608/32000
    encoded 10408/32000
    encoded 11208/32000
    encoded 12008/32000
    encoded 12808/32000
    encoded 13608/32000
    encoded 14408/32000
    encoded 15208/32000
    encoded 16008/32000
    encoded 16808/32000
    encoded 17608/32000
    encoded 18408/32000
    encoded 19208/32000
    encoded 20008/32000
    encoded 20808/32000
    encoded 21608/32000
    encoded 22408/32000
    encoded 23208/32000
    encoded 24008/32000
    encoded 24808/32000
    encoded 25608/32000
    encoded 26408/32000
    encoded 27208/32000
    encoded 28008/32000
    encoded 28808/32000
    encoded 29608/32000
    encoded 30408/32000
    encoded 31208/32000
  encoding done in 1611s
  emb NaN rows: 32000, Inf rows: 0
  WARNING: emb still has NaN/Inf; saving anyway for debug
  saved → /home/qlib/agent_memory/wm/artifacts/embeddings/dit_xl_lora_collision_emb_32k_epoch8.npy
  probing → /home/qlib/agent_memory/wm/artifacts/logs/probe_all_targets_dit_lora_epoch8.log
  probe done.
