Flax classes are deprecated and will be removed in Diffusers v1.0.0. We recommend migrating to PyTorch classes or pinning your version of Diffusers.
Flax classes are deprecated and will be removed in Diffusers v1.0.0. We recommend migrating to PyTorch classes or pinning your version of Diffusers.
[load] DiT-XL from /home/qlib/.stable_worldmodel/dit_xl_2_256
An error occurred while trying to fetch /home/qlib/.stable_worldmodel/dit_xl_2_256: Error no file named diffusion_pytorch_model.safetensors found in directory /home/qlib/.stable_worldmodel/dit_xl_2_256.
Defaulting to unsafe serialization. Pass `allow_pickle=False` to raise an error instead.
An error occurred while trying to fetch /home/qlib/.stable_worldmodel/dit_xl_2_256: Error no file named diffusion_pytorch_model.safetensors found in directory /home/qlib/.stable_worldmodel/dit_xl_2_256.
Defaulting to unsafe serialization. Pass `allow_pickle=False` to raise an error instead.
  transformer has 28 blocks; applying LoRA to last 4
  LoRA params: 0.590 M trainable / 750.4 M total (0.079%)
  using 32000 training frames, 2000 steps / epoch
  ep 0 step 0/2000 (global 1/4000) loss=0.0092 elapsed=1s eta=4344s
  ep 0 step 49/2000 (global 50/4000) loss=0.0084 elapsed=9s eta=690s
  ep 0 step 99/2000 (global 100/4000) loss=0.0111 elapsed=17s eta=648s
  ep 0 step 149/2000 (global 150/4000) loss=0.0107 elapsed=25s eta=630s
  ep 0 step 199/2000 (global 200/4000) loss=0.0072 elapsed=32s eta=616s
  ep 0 step 249/2000 (global 250/4000) loss=0.0096 elapsed=40s eta=605s
  ep 0 step 299/2000 (global 300/4000) loss=0.0084 elapsed=48s eta=595s
  ep 0 step 349/2000 (global 350/4000) loss=0.0036 elapsed=56s eta=586s
  ep 0 step 399/2000 (global 400/4000) loss=0.0060 elapsed=64s eta=577s
  ep 0 step 449/2000 (global 450/4000) loss=0.0185 elapsed=72s eta=568s
  ep 0 step 499/2000 (global 500/4000) loss=0.0136 elapsed=80s eta=560s
  ep 0 step 549/2000 (global 550/4000) loss=0.0115 elapsed=88s eta=551s
  ep 0 step 599/2000 (global 600/4000) loss=0.0187 elapsed=96s eta=543s
  ep 0 step 649/2000 (global 650/4000) loss=0.0222 elapsed=104s eta=535s
  ep 0 step 699/2000 (global 700/4000) loss=0.0162 elapsed=112s eta=527s
  ep 0 step 749/2000 (global 750/4000) loss=0.0068 elapsed=120s eta=519s
  ep 0 step 799/2000 (global 800/4000) loss=0.0087 elapsed=128s eta=510s
  ep 0 step 849/2000 (global 850/4000) loss=0.0075 elapsed=136s eta=502s
  ep 0 step 899/2000 (global 900/4000) loss=0.0259 elapsed=144s eta=494s
  ep 0 step 949/2000 (global 950/4000) loss=0.0098 elapsed=152s eta=486s
  ep 0 step 999/2000 (global 1000/4000) loss=0.0272 elapsed=159s eta=478s
  ep 0 step 1049/2000 (global 1050/4000) loss=0.0098 elapsed=167s eta=470s
  ep 0 step 1099/2000 (global 1100/4000) loss=0.0090 elapsed=175s eta=462s
  ep 0 step 1149/2000 (global 1150/4000) loss=0.0113 elapsed=183s eta=455s
  ep 0 step 1199/2000 (global 1200/4000) loss=0.0067 elapsed=191s eta=447s
  ep 0 step 1249/2000 (global 1250/4000) loss=0.0069 elapsed=199s eta=439s
  ep 0 step 1299/2000 (global 1300/4000) loss=0.0184 elapsed=207s eta=431s
  ep 0 step 1349/2000 (global 1350/4000) loss=0.0214 elapsed=215s eta=423s
  ep 0 step 1399/2000 (global 1400/4000) loss=0.0043 elapsed=223s eta=415s
  ep 0 step 1449/2000 (global 1450/4000) loss=0.0175 elapsed=231s eta=407s
  ep 0 step 1499/2000 (global 1500/4000) loss=0.0079 elapsed=239s eta=399s
  ep 0 step 1549/2000 (global 1550/4000) loss=0.0365 elapsed=247s eta=391s
  ep 0 step 1599/2000 (global 1600/4000) loss=0.0109 elapsed=255s eta=383s
  ep 0 step 1649/2000 (global 1650/4000) loss=0.0083 elapsed=263s eta=375s
  ep 0 step 1699/2000 (global 1700/4000) loss=0.0173 elapsed=271s eta=367s
  ep 0 step 1749/2000 (global 1750/4000) loss=0.0118 elapsed=279s eta=359s
  ep 0 step 1799/2000 (global 1800/4000) loss=0.0145 elapsed=287s eta=351s
  ep 0 step 1849/2000 (global 1850/4000) loss=0.0154 elapsed=295s eta=343s
  ep 0 step 1899/2000 (global 1900/4000) loss=0.0106 elapsed=303s eta=335s
  ep 0 step 1949/2000 (global 1950/4000) loss=0.0139 elapsed=311s eta=327s
  ep 0 step 1999/2000 (global 2000/4000) loss=0.0081 elapsed=319s eta=319s
  ep 1 step 0/2000 (global 2001/4000) loss=0.0147 elapsed=320s eta=319s
  ep 1 step 49/2000 (global 2050/4000) loss=0.0283 elapsed=328s eta=312s
  ep 1 step 99/2000 (global 2100/4000) loss=0.0121 elapsed=336s eta=304s
  ep 1 step 149/2000 (global 2150/4000) loss=0.0120 elapsed=344s eta=296s
  ep 1 step 199/2000 (global 2200/4000) loss=0.0092 elapsed=352s eta=288s
  ep 1 step 249/2000 (global 2250/4000) loss=0.0145 elapsed=360s eta=280s
  ep 1 step 299/2000 (global 2300/4000) loss=0.0567 elapsed=367s eta=272s
  ep 1 step 349/2000 (global 2350/4000) loss=0.0252 elapsed=375s eta=264s
  ep 1 step 399/2000 (global 2400/4000) loss=0.0075 elapsed=383s eta=256s
  ep 1 step 449/2000 (global 2450/4000) loss=0.0150 elapsed=391s eta=248s
  ep 1 step 499/2000 (global 2500/4000) loss=0.0389 elapsed=399s eta=240s
  ep 1 step 549/2000 (global 2550/4000) loss=0.0538 elapsed=407s eta=232s
  ep 1 step 599/2000 (global 2600/4000) loss=0.0165 elapsed=415s eta=224s
  ep 1 step 649/2000 (global 2650/4000) loss=0.0176 elapsed=423s eta=216s
  ep 1 step 699/2000 (global 2700/4000) loss=0.0251 elapsed=431s eta=208s
  ep 1 step 749/2000 (global 2750/4000) loss=0.0091 elapsed=439s eta=200s
  ep 1 step 799/2000 (global 2800/4000) loss=0.0265 elapsed=447s eta=192s
  ep 1 step 849/2000 (global 2850/4000) loss=0.0518 elapsed=455s eta=184s
  ep 1 step 899/2000 (global 2900/4000) loss=0.1232 elapsed=463s eta=176s
  ep 1 step 949/2000 (global 2950/4000) loss=0.0228 elapsed=471s eta=168s
  ep 1 step 999/2000 (global 3000/4000) loss=0.0484 elapsed=479s eta=160s
  ep 1 step 1049/2000 (global 3050/4000) loss=0.0154 elapsed=487s eta=152s
  ep 1 step 1099/2000 (global 3100/4000) loss=0.0144 elapsed=495s eta=144s
  ep 1 step 1149/2000 (global 3150/4000) loss=0.0272 elapsed=503s eta=136s
  ep 1 step 1199/2000 (global 3200/4000) loss=0.0440 elapsed=511s eta=128s
  ep 1 step 1249/2000 (global 3250/4000) loss=0.0729 elapsed=519s eta=120s
  ep 1 step 1299/2000 (global 3300/4000) loss=0.0591 elapsed=527s eta=112s
  ep 1 step 1349/2000 (global 3350/4000) loss=0.1093 elapsed=535s eta=104s
  ep 1 step 1399/2000 (global 3400/4000) loss=0.1523 elapsed=543s eta=96s
  ep 1 step 1449/2000 (global 3450/4000) loss=0.1562 elapsed=551s eta=88s
  ep 1 step 1499/2000 (global 3500/4000) loss=0.3036 elapsed=559s eta=80s
  ep 1 step 1549/2000 (global 3550/4000) loss=0.2916 elapsed=567s eta=72s
  ep 1 step 1599/2000 (global 3600/4000) loss=0.2564 elapsed=575s eta=64s
  ep 1 step 1649/2000 (global 3650/4000) loss=0.2507 elapsed=583s eta=56s
  ep 1 step 1699/2000 (global 3700/4000) loss=0.2997 elapsed=591s eta=48s
  ep 1 step 1749/2000 (global 3750/4000) loss=0.2949 elapsed=599s eta=40s
  ep 1 step 1799/2000 (global 3800/4000) loss=0.3518 elapsed=607s eta=32s
  ep 1 step 1849/2000 (global 3850/4000) loss=0.2587 elapsed=615s eta=24s
  ep 1 step 1899/2000 (global 3900/4000) loss=0.3085 elapsed=623s eta=16s
  ep 1 step 1949/2000 (global 3950/4000) loss=0.3783 elapsed=631s eta=8s
  ep 1 step 1999/2000 (global 4000/4000) loss=0.3979 elapsed=639s eta=0s

[train done] total 639s, 4000 steps
  LoRA weights saved to /home/qlib/agent_memory/wm/artifacts/embeddings/dit_xl_lora_collision

[encode] DiT-XL + LoRA on first 32000 frames ...
    encoded 16/32000
    encoded 816/32000
    encoded 1616/32000
    encoded 2416/32000
    encoded 3216/32000
    encoded 4016/32000
    encoded 4816/32000
    encoded 5616/32000
    encoded 6416/32000
    encoded 7216/32000
    encoded 8016/32000
    encoded 8816/32000
    encoded 9616/32000
    encoded 10416/32000
    encoded 11216/32000
    encoded 12016/32000
    encoded 12816/32000
    encoded 13616/32000
    encoded 14416/32000
    encoded 15216/32000
    encoded 16016/32000
    encoded 16816/32000
    encoded 17616/32000
    encoded 18416/32000
    encoded 19216/32000
    encoded 20016/32000
    encoded 20816/32000
    encoded 21616/32000
    encoded 22416/32000
    encoded 23216/32000
    encoded 24016/32000
    encoded 24816/32000
    encoded 25616/32000
    encoded 26416/32000
    encoded 27216/32000
    encoded 28016/32000
    encoded 28816/32000
    encoded 29616/32000
    encoded 30416/32000
    encoded 31216/32000
/home/qlib/agent_memory/wm/le-wm/.venv/lib/python3.10/site-packages/sklearn/linear_model/_ridge.py:213: LinAlgWarning: Ill-conditioned matrix (rcond=1.299e-08): result may not be accurate.
  return linalg.solve(A, Xy, assume_a="pos", overwrite_a=True).T
/home/qlib/agent_memory/wm/le-wm/.venv/lib/python3.10/site-packages/sklearn/linear_model/_ridge.py:213: LinAlgWarning: Ill-conditioned matrix (rcond=1.299e-08): result may not be accurate.
  return linalg.solve(A, Xy, assume_a="pos", overwrite_a=True).T
  encoding done in 330s, emb shape: (32000, 1152)
  cached embeddings to /home/qlib/agent_memory/wm/artifacts/embeddings/dit_xl_lora_collision_emb_32k.npy

=== DiT-XL-2-256 + LoRA fine-tuned on 32000 phyworld_collision frames (2 epoch) ===

[K=1 single-frame]
  [K=1] train=25600, test=6400, feat_dim=1152
  target              R² / AUC
  pos_x R²            +0.8688
  vel_x R²            +0.6308
  collision AUC       0.9485

[K=4 multi-frame]
  [K=4] train=23200, test=5800, feat_dim=4608
  target              R² / AUC
  pos_x R²            +0.9069
  vel_x R²            +0.8294
  collision AUC       0.9706

Total wall time 983s
