
###########################################################################
# PARABOLA  (2-layer MLP, hidden=512, dropout=0.0)
###########################################################################

===========================================================================
 LeWM pusht-only frozen (5.5M, no phyworld)  [PARABOLA, dropout=0.0]
===========================================================================
  train=24505, test=6119, feat_dim=768
  active dims: pos=['pos_x', 'pos_y'], vel=['vx', 'vy']
  pos train std: [3.9590952 3.7205803], vel train std: [0.21266179 0.20776859]
  MLPs trained in 3.9s
 partition         n  pos_x nMSE   pos_x ρ  pos_y nMSE   pos_y ρ     vx nMSE      vx ρ     vy nMSE      vy ρ
 AGGREGATE      6119      0.1666   +0.9149      0.0650   +0.9671      0.1695   +0.9076      0.0403   +0.9823
 ID             1102      0.0977   +0.9251      0.0242   +0.9899      0.0968   +0.7610      0.0155   +0.9941
 r-OOD           870      0.1013   +0.9191      0.0365   +0.9855      0.1286   +0.7411      0.0153   +0.9932
 v-OOD          1450      0.1326   +0.9439      0.0856   +0.9578      0.1443   +0.9339      0.0571   +0.9788
 both-OOD       2697      0.2340   +0.8987      0.0799   +0.9599      0.2259   +0.9118      0.0495   +0.9788

===========================================================================
 DiT-XL zero-shot (749.8M, no phyworld)  [PARABOLA, dropout=0.0]
===========================================================================
  train=24505, test=6119, feat_dim=4608
  active dims: pos=['pos_x', 'pos_y'], vel=['vx', 'vy']
  pos train std: [3.9590952 3.7205803], vel train std: [0.21266179 0.20776859]
  MLPs trained in 3.4s
 partition         n  pos_x nMSE   pos_x ρ  pos_y nMSE   pos_y ρ     vx nMSE      vx ρ     vy nMSE      vy ρ
 AGGREGATE      6119      0.0574   +0.9723      0.0480   +0.9776      0.2987   +0.8640      0.0849   +0.9778
 ID             1102      0.0192   +0.9769      0.0107   +0.9972      0.1801   +0.6721      0.0570   +0.9886
 r-OOD           870      0.0319   +0.9672      0.0158   +0.9956      0.3317   +0.6406      0.0501   +0.9858
 v-OOD          1450      0.0831   +0.9657      0.0747   +0.9633      0.1955   +0.9199      0.1219   +0.9737
 both-OOD       2697      0.0675   +0.9732      0.0593   +0.9716      0.3921   +0.8774      0.0877   +0.9755
