
###########################################################################
# COLLISION  (2-layer MLP, hidden=512, dropout=0.3)
###########################################################################

===========================================================================
 LeWM pusht-only frozen (5.5M)  [COLLISION, dropout=0.3]
===========================================================================
  train=37932, test=9483, feat_dim=768
  MLPs + LogReg trained in 11.2s
 partition         n    pos MSE     pos ρ    vel MSE     vel ρ   coll AUC
 AGGREGATE      9483     8.8910   +0.9089     0.0380   +0.9109     0.9530
 ID              609     4.7815   +0.9612     0.0185   +0.9193     0.9756
 r-OOD          2639     9.6040   +0.8663     0.0428   +0.8803     0.9511
 v-OOD           957     5.0116   +0.9247     0.0144   +0.9201     0.9637
 both-OOD       5278     9.7120   +0.9172     0.0422   +0.9229     0.9502

===========================================================================
 DiT-XL zero-shot (749.8M)  [COLLISION, dropout=0.3]
===========================================================================
  train=37932, test=9483, feat_dim=4608
  MLPs + LogReg trained in 23.7s
 partition         n    pos MSE     pos ρ    vel MSE     vel ρ   coll AUC
 AGGREGATE      9483     6.9352   +0.9355     0.0315   +0.9399     0.9759
 ID              609     4.2753   +0.9596     0.0132   +0.9378     0.9922
 r-OOD          2639     8.5740   +0.8867     0.0356   +0.9135     0.9748
 v-OOD           957     5.0190   +0.9032     0.0125   +0.9247     0.9774
 both-OOD       5278     6.7701   +0.9498     0.0350   +0.9508     0.9751

###########################################################################
# UNIFORM_MOTION  (2-layer MLP, hidden=512, dropout=0.3)
###########################################################################

===========================================================================
 LeWM pusht-only frozen (5.5M, no phyworld)  [UNIFORM_MOTION, dropout=0.3]
===========================================================================
  train=26738, test=6670, feat_dim=768
  MLPs trained in 3.3s
 partition         n    pos MSE     pos ρ     vx MSE      vx ρ
 AGGREGATE      6670     7.2193   +0.9801     0.0112   +0.9654
 ID             1015     4.5844   +0.9877     0.0074   +0.9191
 r-OOD          1247     5.3716   +0.9769     0.0083   +0.8672
 v-OOD          2117     8.5331   +0.9815     0.0133   +0.9811
 both-OOD       2291     8.1782   +0.9778     0.0124   +0.9694

===========================================================================
 DiT-XL zero-shot (749.8M, no phyworld)  [UNIFORM_MOTION, dropout=0.3]
===========================================================================
  train=26738, test=6670, feat_dim=4608
  MLPs trained in 3.4s
 partition         n    pos MSE     pos ρ     vx MSE      vx ρ
 AGGREGATE      6670     7.0520   +0.9819     0.0161   +0.9541
 ID             1015     4.7248   +0.9898     0.0068   +0.8616
 r-OOD          1247     4.6772   +0.9849     0.0076   +0.8403
 v-OOD          2117     8.7488   +0.9817     0.0213   +0.9698
 both-OOD       2291     7.8077   +0.9812     0.0201   +0.9654

===========================================================================
 LeWM uniform_paperinit FT 20ep leaky (5.5M)  [UNIFORM_MOTION, dropout=0.3]
===========================================================================
  train=26738, test=6670, feat_dim=768
  MLPs trained in 3.3s
 partition         n    pos MSE     pos ρ     vx MSE      vx ρ
 AGGREGATE      6670     6.9390   +0.9831     0.0096   +0.9835
 ID             1015     4.0128   +0.9946     0.0060   +0.9538
 r-OOD          1247     4.4022   +0.9919     0.0052   +0.9378
 v-OOD          2117     8.6319   +0.9830     0.0128   +0.9893
 both-OOD       2291     8.0520   +0.9809     0.0105   +0.9889

===========================================================================
 LeWM uniform_paperinit FT 20ep LEAK-FREE (5.5M)  [UNIFORM_MOTION, dropout=0.3]
===========================================================================
  train=26738, test=6670, feat_dim=768
  MLPs trained in 3.3s
 partition         n    pos MSE     pos ρ     vx MSE      vx ρ
 AGGREGATE      6670     7.0979   +0.9831     0.0097   +0.9856
 ID             1015     4.0375   +0.9953     0.0052   +0.9588
 r-OOD          1247     4.5885   +0.9918     0.0057   +0.9391
 v-OOD          2117     8.8315   +0.9829     0.0125   +0.9918
 both-OOD       2291     8.2176   +0.9810     0.0112   +0.9904
