
###########################################################################
# COLLISION  (2-layer MLP, hidden=512, dropout=0.0)
###########################################################################

===========================================================================
 LeWM pusht-only frozen (5.5M)  [COLLISION, dropout=0.0]
===========================================================================
  train=37932, test=9483, feat_dim=768
  MLPs + LogReg trained in 9.9s
 partition         n    pos MSE     pos ρ    vel MSE     vel ρ   coll AUC
 AGGREGATE      9483     6.0133   +0.8906     0.0275   +0.9074     0.9530
 ID              609     0.6567   +0.9670     0.0095   +0.9353     0.9756
 r-OOD          2639     3.5417   +0.9164     0.0255   +0.9159     0.9511
 v-OOD           957     1.0646   +0.9613     0.0099   +0.9310     0.9637
 both-OOD       5278     8.7645   +0.8777     0.0338   +0.9018     0.9502

===========================================================================
 DiT-XL zero-shot (749.8M)  [COLLISION, dropout=0.0]
===========================================================================
  train=37932, test=9483, feat_dim=4608
  MLPs + LogReg trained in 23.3s
 partition         n    pos MSE     pos ρ    vel MSE     vel ρ   coll AUC
 AGGREGATE      9483     3.0217   +0.9444     0.0194   +0.9315     0.9759
 ID              609     0.9620   +0.9618     0.0095   +0.9330     0.9922
 r-OOD          2639     3.4637   +0.9156     0.0260   +0.8982     0.9748
 v-OOD           957     1.4245   +0.9332     0.0103   +0.9100     0.9774
 both-OOD       5278     3.3280   +0.9527     0.0190   +0.9479     0.9751

###########################################################################
# UNIFORM_MOTION  (2-layer MLP, hidden=512, dropout=0.0)
###########################################################################

===========================================================================
 LeWM pusht-only frozen (5.5M, no phyworld)  [UNIFORM_MOTION, dropout=0.0]
===========================================================================
  train=26738, test=6670, feat_dim=768
  MLPs trained in 3.2s
 partition         n    pos MSE     pos ρ     vx MSE      vx ρ
 AGGREGATE      6670     0.5277   +0.9814     0.0027   +0.9694
 ID             1015     0.1410   +0.9904     0.0018   +0.9357
 r-OOD          1247     0.2525   +0.9824     0.0025   +0.9031
 v-OOD          2117     0.6746   +0.9825     0.0020   +0.9834
 both-OOD       2291     0.7131   +0.9785     0.0038   +0.9694

===========================================================================
 DiT-XL zero-shot (749.8M, no phyworld)  [UNIFORM_MOTION, dropout=0.0]
===========================================================================
  train=26738, test=6670, feat_dim=4608
  MLPs trained in 3.3s
 partition         n    pos MSE     pos ρ     vx MSE      vx ρ
 AGGREGATE      6670     0.7623   +0.9809     0.0080   +0.9229
 ID             1015     0.3292   +0.9844     0.0072   +0.7891
 r-OOD          1247     0.4925   +0.9798     0.0061   +0.8082
 v-OOD          2117     0.9208   +0.9813     0.0070   +0.9559
 both-OOD       2291     0.9545   +0.9804     0.0102   +0.9265

===========================================================================
 LeWM uniform_paperinit FT 20ep leaky (5.5M)  [UNIFORM_MOTION, dropout=0.0]
===========================================================================
  train=26738, test=6670, feat_dim=768
  MLPs trained in 3.2s
 partition         n    pos MSE     pos ρ     vx MSE      vx ρ
 AGGREGATE      6670     0.4697   +0.9838     0.0016   +0.9846
 ID             1015     0.0906   +0.9937     0.0012   +0.9538
 r-OOD          1247     0.1386   +0.9907     0.0020   +0.9311
 v-OOD          2117     0.6654   +0.9837     0.0016   +0.9898
 both-OOD       2291     0.6371   +0.9815     0.0014   +0.9897

===========================================================================
 LeWM uniform_paperinit FT 20ep LEAK-FREE (5.5M)  [UNIFORM_MOTION, dropout=0.0]
===========================================================================
  train=26738, test=6670, feat_dim=768
  MLPs trained in 3.1s
 partition         n    pos MSE     pos ρ     vx MSE      vx ρ
 AGGREGATE      6670     0.4651   +0.9839     0.0015   +0.9860
 ID             1015     0.0909   +0.9941     0.0013   +0.9514
 r-OOD          1247     0.1347   +0.9911     0.0020   +0.9347
 v-OOD          2117     0.6596   +0.9837     0.0014   +0.9917
 both-OOD       2291     0.6311   +0.9817     0.0015   +0.9902
