/home/qlib/agent_memory/wm/le-wm/.venv/lib/python3.10/site-packages/sklearn/linear_model/_logistic.py:473: ConvergenceWarning: lbfgs failed to converge after 1000 iteration(s) (status=1):
STOP: TOTAL NO. OF ITERATIONS REACHED LIMIT

Increase the number of iterations to improve the convergence (max_iter=1000).
You might also want to scale the data as shown in:
    https://scikit-learn.org/stable/modules/preprocessing.html
Please also refer to the documentation for alternative solver options:
    https://scikit-learn.org/stable/modules/linear_model.html#logistic-regression
  n_iter_i = _check_optimize_result(
/home/qlib/agent_memory/wm/phyworld/scripts/probe_mlp_mse_pearson.py:128: DeprecationWarning: Conversion of an array with ndim > 0 to a scalar is deprecated, and will error in future. Ensure you extract a single element from your array before performing this operation. (Deprecated NumPy 1.25.)
  sd = float(train_std) if train_std is not None else 1.0

###########################################################################
# COLLISION  (2-layer MLP, hidden=512, dropout=0.0)
###########################################################################

===========================================================================
 LeWM pusht-only frozen (5.5M)  [COLLISION, dropout=0.0]
===========================================================================
  train=37932, test=9483, feat_dim=768
  pos train std (per-dim): [5.74987 4.79731]
  vel train std (per-dim): [0.39667848 0.36053008]
  MLPs + LogReg trained in 10.0s
 partition         n   pos nMSE     pos ρ   vel nMSE     vel ρ   coll AUC
 AGGREGATE      9483     0.2192   +0.8906     0.1917   +0.9074     0.9530
 ID              609     0.0237   +0.9670     0.0658   +0.9353     0.9756
 r-OOD          2639     0.1279   +0.9164     0.1715   +0.9159     0.9511
 v-OOD           957     0.0361   +0.9613     0.0683   +0.9310     0.9637
 both-OOD       5278     0.3206   +0.8777     0.2386   +0.9018     0.9502

===========================================================================
 LeWM paper-init+collision 16ep FT (5.5M)  [COLLISION, dropout=0.0]
===========================================================================
  train=37932, test=9483, feat_dim=768
  pos train std (per-dim): [5.74987 4.79731]
  vel train std (per-dim): [0.39667848 0.36053008]
  MLPs + LogReg trained in 9.2s
 partition         n   pos nMSE     pos ρ   vel nMSE     vel ρ   coll AUC
 AGGREGATE      9483     0.2138   +0.8931     0.2171   +0.8847     0.9435
 ID              609     0.0470   +0.9320     0.1251   +0.8699     0.9615
 r-OOD          2639     0.1430   +0.9061     0.1878   +0.8954     0.9357
 v-OOD           957     0.0472   +0.9438     0.1285   +0.8488     0.9672
 both-OOD       5278     0.2987   +0.8862     0.2584   +0.8878     0.9409

===========================================================================
 DiT-XL zero-shot (749.8M)  [COLLISION, dropout=0.0]
===========================================================================
  train=37932, test=9483, feat_dim=4608
  pos train std (per-dim): [5.74987 4.79731]
  vel train std (per-dim): [0.39667848 0.36053008]
  MLPs + LogReg trained in 28.1s
 partition         n   pos nMSE     pos ρ   vel nMSE     vel ρ   coll AUC
 AGGREGATE      9483     0.1104   +0.9444     0.1350   +0.9315     0.9759
 ID              609     0.0333   +0.9618     0.0673   +0.9330     0.9922
 r-OOD          2639     0.1280   +0.9156     0.1790   +0.8982     0.9748
 v-OOD           957     0.0529   +0.9332     0.0721   +0.9100     0.9774
 both-OOD       5278     0.1210   +0.9527     0.1322   +0.9479     0.9751

###########################################################################
# UNIFORM_MOTION  (2-layer MLP, hidden=512, dropout=0.0)
###########################################################################

===========================================================================
 LeWM pusht-only frozen (5.5M, no phyworld)  [UNIFORM_MOTION, dropout=0.0]
===========================================================================
  train=26738, test=6670, feat_dim=768
  pos train std: [3.9045846], vx train std: [0.21217045]
  MLPs trained in 3.0s
 partition         n   pos nMSE     pos ρ    vx nMSE      vx ρ
 AGGREGATE      6670     0.0346   +0.9814     0.0597   +0.9694
 ID             1015     0.0092   +0.9904     0.0397   +0.9357
 r-OOD          1247     0.0166   +0.9824     0.0561   +0.9031
 v-OOD          2117     0.0442   +0.9825     0.0449   +0.9834
 both-OOD       2291     0.0468   +0.9785     0.0842   +0.9694

===========================================================================
 DiT-XL zero-shot (749.8M, no phyworld)  [UNIFORM_MOTION, dropout=0.0]
===========================================================================
  train=26738, test=6670, feat_dim=4608
  pos train std: [3.9045846], vx train std: [0.21217045]
  MLPs trained in 3.3s
 partition         n   pos nMSE     pos ρ    vx nMSE      vx ρ
 AGGREGATE      6670     0.0500   +0.9809     0.1772   +0.9229
 ID             1015     0.0216   +0.9844     0.1606   +0.7891
 r-OOD          1247     0.0323   +0.9798     0.1359   +0.8082
 v-OOD          2117     0.0604   +0.9813     0.1556   +0.9559
 both-OOD       2291     0.0626   +0.9804     0.2271   +0.9265

===========================================================================
 LeWM uniform_paperinit FT 20ep leaky (5.5M)  [UNIFORM_MOTION, dropout=0.0]
===========================================================================
  train=26738, test=6670, feat_dim=768
  pos train std: [3.9045846], vx train std: [0.21217045]
  MLPs trained in 3.0s
 partition         n   pos nMSE     pos ρ    vx nMSE      vx ρ
 AGGREGATE      6670     0.0308   +0.9838     0.0346   +0.9846
 ID             1015     0.0059   +0.9937     0.0264   +0.9538
 r-OOD          1247     0.0091   +0.9907     0.0448   +0.9311
 v-OOD          2117     0.0436   +0.9837     0.0357   +0.9898
 both-OOD       2291     0.0418   +0.9815     0.0316   +0.9897

===========================================================================
 LeWM uniform_paperinit FT 20ep LEAK-FREE (5.5M)  [UNIFORM_MOTION, dropout=0.0]
===========================================================================
  train=26738, test=6670, feat_dim=768
  pos train std: [3.9045846], vx train std: [0.21217045]
  MLPs trained in 3.0s
 partition         n   pos nMSE     pos ρ    vx nMSE      vx ρ
 AGGREGATE      6670     0.0305   +0.9839     0.0340   +0.9860
 ID             1015     0.0060   +0.9941     0.0282   +0.9514
 r-OOD          1247     0.0088   +0.9911     0.0444   +0.9347
 v-OOD          2117     0.0433   +0.9837     0.0316   +0.9917
 both-OOD       2291     0.0414   +0.9817     0.0330   +0.9902
