
===================== lewm_pusht_only_collision_eval_emb_52k_noproj =====================
[load] emb /home/qlib/agent_memory/wm/artifacts/embeddings/lewm_pusht_only_collision_eval_emb_52k_noproj.npy  shape=(52320, 192)
  partition 0 (ID): 115 eps / 3680 frames
  partition 1 (r-OOD): 449 eps / 14368 frames
  partition 2 (v-OOD): 165 eps / 5280 frames
  partition 3 (both-OOD): 906 eps / 28992 frames

========== PROTOCOL A: Ridge fit on ID-train, tested per-partition (original, confounded) ==========
  A.ID        (train_n=2944, test_n=736):  pos_x=+0.859  vel_x=+0.565  speed=+0.043  mass=+0.801  mass_ratio=+0.729  collision_event=+0.943
  A.r-OOD     (train_n=2944, test_n=2880):  pos_x=+0.593  vel_x=+0.287  speed=+0.029  mass=+0.741  mass_ratio=+0.255  collision_event=+0.793
  A.v-OOD     (train_n=2944, test_n=1056):  pos_x=+0.853  vel_x=+0.316  speed=-0.091  mass=+0.818  mass_ratio=+0.751  collision_event=+0.743
  A.both-OOD  (train_n=2944, test_n=5792):  pos_x=+0.005  vel_x=-0.043  speed=+0.061  mass=+0.524  mass_ratio=-0.102  collision_event=+0.653

========== PROTOCOL B: Ridge fit per-partition (each partition's own train fold) ==========
  B.ID        (train_n=2944, test_n=736):  pos_x=+0.859  vel_x=+0.565  speed=+0.043  mass=+0.801  mass_ratio=+0.729  collision_event=+0.943
  B.r-OOD     (train_n=11488, test_n=2880):  pos_x=+0.699  vel_x=+0.593  speed=+0.551  mass=+0.922  mass_ratio=+0.792  collision_event=+0.920
  B.v-OOD     (train_n=4224, test_n=1056):  pos_x=+0.904  vel_x=+0.524  speed=+0.183  mass=+0.911  mass_ratio=+0.899  collision_event=+0.813
  B.both-OOD  (train_n=23200, test_n=5792):  pos_x=+0.745  vel_x=+0.684  speed=+0.812  mass=+0.937  mass_ratio=+0.932  collision_event=+0.886

========== DIAGNOSTIC: A vs B per partition ==========
  (large B−A on OOD partition → probe extrapolation was the issue, not encoder)
  Δ on r-OOD    :  pos_x=+0.106  vel_x=+0.305  speed=+0.523  mass=+0.181  mass_ratio=+0.537  collision_event=+0.127
  Δ on v-OOD    :  pos_x=+0.051  vel_x=+0.208  speed=+0.274  mass=+0.093  mass_ratio=+0.148  collision_event=+0.070
  Δ on both-OOD :  pos_x=+0.740  vel_x=+0.728  speed=+0.751  mass=+0.413  mass_ratio=+1.034  collision_event=+0.233

[json] saved → /home/qlib/agent_memory/wm/artifacts/logs/ood_per_partition_lewm_pusht_only_collision_eval_emb_52k_noproj.json

===================== lewm_16ep_epoch16_collision_eval_emb_52k_noproj =====================
[load] emb /home/qlib/agent_memory/wm/artifacts/embeddings/lewm_16ep_epoch16_collision_eval_emb_52k_noproj.npy  shape=(52320, 192)
  partition 0 (ID): 115 eps / 3680 frames
  partition 1 (r-OOD): 449 eps / 14368 frames
  partition 2 (v-OOD): 165 eps / 5280 frames
  partition 3 (both-OOD): 906 eps / 28992 frames

========== PROTOCOL A: Ridge fit on ID-train, tested per-partition (original, confounded) ==========
  A.ID        (train_n=2944, test_n=736):  pos_x=+0.742  vel_x=+0.208  speed=-0.524  mass=+0.581  mass_ratio=+0.573  collision_event=+0.870
  A.r-OOD     (train_n=2944, test_n=2880):  pos_x=+0.301  vel_x=-0.026  speed=-0.885  mass=+0.610  mass_ratio=+0.081  collision_event=+0.686
  A.v-OOD     (train_n=2944, test_n=1056):  pos_x=+0.767  vel_x=-0.436  speed=-1.279  mass=+0.674  mass_ratio=+0.578  collision_event=+0.665
  A.both-OOD  (train_n=2944, test_n=5792):  pos_x=-0.138  vel_x=-0.081  speed=-0.297  mass=+0.401  mass_ratio=-0.164  collision_event=+0.697

========== PROTOCOL B: Ridge fit per-partition (each partition's own train fold) ==========
  B.ID        (train_n=2944, test_n=736):  pos_x=+0.742  vel_x=+0.208  speed=-0.524  mass=+0.581  mass_ratio=+0.573  collision_event=+0.870
  B.r-OOD     (train_n=11488, test_n=2880):  pos_x=+0.664  vel_x=+0.574  speed=+0.552  mass=+0.936  mass_ratio=+0.782  collision_event=+0.890
  B.v-OOD     (train_n=4224, test_n=1056):  pos_x=+0.871  vel_x=+0.192  speed=+0.145  mass=+0.941  mass_ratio=+0.955  collision_event=+0.763
  B.both-OOD  (train_n=23200, test_n=5792):  pos_x=+0.745  vel_x=+0.693  speed=+0.811  mass=+0.942  mass_ratio=+0.920  collision_event=+0.877

========== DIAGNOSTIC: A vs B per partition ==========
  (large B−A on OOD partition → probe extrapolation was the issue, not encoder)
  Δ on r-OOD    :  pos_x=+0.363  vel_x=+0.600  speed=+1.437  mass=+0.326  mass_ratio=+0.701  collision_event=+0.204
  Δ on v-OOD    :  pos_x=+0.104  vel_x=+0.629  speed=+1.424  mass=+0.267  mass_ratio=+0.377  collision_event=+0.098
  Δ on both-OOD :  pos_x=+0.884  vel_x=+0.775  speed=+1.107  mass=+0.541  mass_ratio=+1.084  collision_event=+0.180

[json] saved → /home/qlib/agent_memory/wm/artifacts/logs/ood_per_partition_lewm_16ep_epoch16_collision_eval_emb_52k_noproj.json

===================== imagenet_vit_tiny_collision_eval_emb_52k =====================
[load] emb /home/qlib/agent_memory/wm/artifacts/embeddings/imagenet_vit_tiny_collision_eval_emb_52k.npy  shape=(52320, 192)
  partition 0 (ID): 115 eps / 3680 frames
  partition 1 (r-OOD): 449 eps / 14368 frames
  partition 2 (v-OOD): 165 eps / 5280 frames
  partition 3 (both-OOD): 906 eps / 28992 frames

========== PROTOCOL A: Ridge fit on ID-train, tested per-partition (original, confounded) ==========
  A.ID        (train_n=2944, test_n=736):  pos_x=+0.837  vel_x=+0.530  speed=+0.107  mass=+0.829  mass_ratio=+0.776  collision_event=+0.915
  A.r-OOD     (train_n=2944, test_n=2880):  pos_x=+0.507  vel_x=+0.355  speed=+0.024  mass=+0.793  mass_ratio=+0.245  collision_event=+0.725
  A.v-OOD     (train_n=2944, test_n=1056):  pos_x=+0.831  vel_x=+0.428  speed=-0.011  mass=+0.815  mass_ratio=+0.744  collision_event=+0.731
  A.both-OOD  (train_n=2944, test_n=5792):  pos_x=-0.026  vel_x=+0.111  speed=+0.008  mass=+0.627  mass_ratio=-0.077  collision_event=+0.754

========== PROTOCOL B: Ridge fit per-partition (each partition's own train fold) ==========
  B.ID        (train_n=2944, test_n=736):  pos_x=+0.837  vel_x=+0.530  speed=+0.107  mass=+0.829  mass_ratio=+0.776  collision_event=+0.915
  B.r-OOD     (train_n=11488, test_n=2880):  pos_x=+0.637  vel_x=+0.547  speed=+0.411  mass=+0.922  mass_ratio=+0.762  collision_event=+0.843
  B.v-OOD     (train_n=4224, test_n=1056):  pos_x=+0.864  vel_x=+0.500  speed=+0.383  mass=+0.885  mass_ratio=+0.868  collision_event=+0.749
  B.both-OOD  (train_n=23200, test_n=5792):  pos_x=+0.716  vel_x=+0.663  speed=+0.767  mass=+0.934  mass_ratio=+0.908  collision_event=+0.822

========== DIAGNOSTIC: A vs B per partition ==========
  (large B−A on OOD partition → probe extrapolation was the issue, not encoder)
  Δ on r-OOD    :  pos_x=+0.130  vel_x=+0.192  speed=+0.387  mass=+0.130  mass_ratio=+0.517  collision_event=+0.118
  Δ on v-OOD    :  pos_x=+0.033  vel_x=+0.073  speed=+0.394  mass=+0.070  mass_ratio=+0.124  collision_event=+0.018
  Δ on both-OOD :  pos_x=+0.742  vel_x=+0.552  speed=+0.760  mass=+0.307  mass_ratio=+0.985  collision_event=+0.068

[json] saved → /home/qlib/agent_memory/wm/artifacts/logs/ood_per_partition_imagenet_vit_tiny_collision_eval_emb_52k.json
DONE 3 encoders
