/home/qlib/agent_memory/wm/le-wm/.venv/lib/python3.10/site-packages/sklearn/linear_model/_logistic.py:473: ConvergenceWarning: lbfgs failed to converge after 1000 iteration(s) (status=1):
STOP: TOTAL NO. OF ITERATIONS REACHED LIMIT

Increase the number of iterations to improve the convergence (max_iter=1000).
You might also want to scale the data as shown in:
    https://scikit-learn.org/stable/modules/preprocessing.html
Please also refer to the documentation for alternative solver options:
    https://scikit-learn.org/stable/modules/linear_model.html#logistic-regression
  n_iter_i = _check_optimize_result(
[load] emb /home/qlib/agent_memory/wm/artifacts/embeddings/random_vit_tiny_collision_emb_32k.npy  shape=(32000, 192)

=== K=1 (single-frame) ===
  [K=1] train=25600, test=6400, feat_dim=192
    pos_x                R²    +0.6346
    vel_x                R²    +0.4670
    speed                R²    +0.2931
    mass                 R²    +0.9041
    mass_ratio           R²    +0.7092
    accel_x              R²    +0.0370
    collision_event      AUC   0.7859

=== K=4 (multi-frame) ===
  [K=4] train=23200, test=5800, feat_dim=768
    pos_x                R²    +0.7468
    vel_x                R²    +0.5729
    speed                R²    +0.3496
    mass                 R²    +0.9325
    mass_ratio           R²    +0.7417
    accel_x              R²    +0.0451
    collision_event      AUC   0.8314
