Picked 500 episodes, total frames = 62124
First 5 chosen ep ids: [ 97 118 136 182 254], last: [18595 18628 18684]
  [25/500] frames=3090/62124 rate=27.5 ep/s eta=17s file_size=0.05G
  [50/500] frames=5886/62124 rate=43.5 ep/s eta=10s file_size=0.09G
  [75/500] frames=8176/62124 rate=48.7 ep/s eta=9s file_size=0.13G
  [100/500] frames=11825/62124 rate=33.1 ep/s eta=12s file_size=0.19G
  [125/500] frames=14815/62124 rate=41.8 ep/s eta=9s file_size=0.23G
  [150/500] frames=18436/62124 rate=31.5 ep/s eta=11s file_size=0.29G
  [175/500] frames=21443/62124 rate=40.6 ep/s eta=8s file_size=0.34G
  [200/500] frames=24586/62124 rate=38.9 ep/s eta=8s file_size=0.39G
  [225/500] frames=27767/62124 rate=38.3 ep/s eta=7s file_size=0.44G
  [250/500] frames=30622/62124 rate=41.8 ep/s eta=6s file_size=0.49G
  [275/500] frames=33437/62124 rate=44.1 ep/s eta=5s file_size=0.53G
  [300/500] frames=37145/62124 rate=29.9 ep/s eta=7s file_size=0.59G
  [325/500] frames=40690/62124 rate=35.0 ep/s eta=5s file_size=0.64G
  [350/500] frames=43570/62124 rate=41.7 ep/s eta=4s file_size=0.69G
  [375/500] frames=46982/62124 rate=34.8 ep/s eta=4s file_size=0.74G
  [400/500] frames=50738/62124 rate=28.1 ep/s eta=4s file_size=0.80G
  [425/500] frames=53388/62124 rate=44.3 ep/s eta=2s file_size=0.84G
  [450/500] frames=56110/62124 rate=42.4 ep/s eta=1s file_size=0.88G
  [475/500] frames=59303/62124 rate=36.9 ep/s eta=1s file_size=0.93G
  [500/500] frames=62124/62124 rate=42.3 ep/s eta=0s file_size=0.97G

Done in 13.4s
  src: 46.30 GB
  dst: 0.97 GB (2.11% of src)
