[norm] action mean=[-0.01484401  0.          0.01575156  0.        ], std=[7.72976437e-02 1.00000000e-08 8.20558954e-02 1.00000000e-08]  (from phyworld_collision_id1k.h5)
[ckpt] /data1/likun-share/junjxu/.stable_worldmodel/collision_sw_w10p0_f2_id1k/collision_sw_w10p0_f2_id1k_epoch_20_object.ckpt  tag=w10.0f2
  rolled out 100 trajs, t=30s
  rolled out 200 trajs, t=53s
  rolled out 300 trajs, t=75s
  rolled out 400 trajs, t=97s
  rolled out 500 trajs, t=118s

[data] 500 trajs, 14500 (frame,pred) pairs, emb dim=192

=== collision AR ROLLOUT (LeWM ID-only FT, history_size=3) ===
--- latent fidelity (pred vs real emb), test trajs, by partition ---
  ID         n=  203  cos=+0.6376  nMSE=0.9047
  r/m-OOD    n=  754  cos=+0.7008  nMSE=0.6665
  v-OOD      n=  290  cos=+0.4777  nMSE=1.3567
  both-OOD   n= 1653  cos=+0.5692  nMSE=0.9425

--- latent fidelity vs horizon (test, aggregate) ---
  h=  1  n=  100  cos=+0.9867  nMSE=0.0296
  h=  2  n=  100  cos=+0.9690  nMSE=0.0674
  h=  4  n=  100  cos=+0.9195  nMSE=0.1769
  h=  8  n=  100  cos=+0.7595  nMSE=0.5409
  h= 16  n=  100  cos=+0.4965  nMSE=1.0573
  h= 28  n=  100  cos=+0.3829  nMSE=1.4641

--- decoded pos/vel ρ from ROLLED-OUT latents (test), by partition ---
  [baseline] probe applied to REAL embs:
  REAL ID                   pos0ρ=+0.923  pos1ρ=+0.940  vel0ρ=+0.756  vel1ρ=+0.746
  REAL r/m-OOD              pos0ρ=+0.813  pos1ρ=+0.764  vel0ρ=+0.789  vel1ρ=+0.733
  REAL v-OOD                pos0ρ=+0.893  pos1ρ=+0.913  vel0ρ=+0.689  vel1ρ=+0.691
  REAL both-OOD             pos0ρ=+0.898  pos1ρ=+0.854  vel0ρ=+0.895  vel1ρ=+0.783
  [rollout] probe applied to PREDICTED embs:
  PRED ID                   pos0ρ=+0.550  pos1ρ=+0.526  vel0ρ=+0.545  vel1ρ=+0.446
  PRED r/m-OOD              pos0ρ=+0.624  pos1ρ=+0.718  vel0ρ=+0.597  vel1ρ=+0.649
  PRED v-OOD                pos0ρ=+0.468  pos1ρ=+0.657  vel0ρ=+0.280  vel1ρ=+0.511
  PRED both-OOD             pos0ρ=+0.635  pos1ρ=+0.676  vel0ρ=+0.586  vel1ρ=+0.602

--- decoded vel ρ from PRED latents vs horizon (test, aggregate) ---
  h=  1  n=  100  vel0ρ=+0.126  vel1ρ=+0.024
  h=  2  n=  100  vel0ρ=+0.129  vel1ρ=+0.086
  h=  4  n=  100  vel0ρ=+0.116  vel1ρ=+0.203
  h=  8  n=  100  vel0ρ=+0.141  vel1ρ=+0.427
  h= 16  n=  100  vel0ρ=+0.664  vel1ρ=+0.650
  h= 28  n=  100  vel0ρ=+0.582  vel1ρ=+0.638

--- [K=4] decoded pos/vel ρ from ROLLED-OUT latents (test), by partition ---
  [K=4] probe applied to PREDICTED embs (stack 4 consecutive predicted latents):
  PRED-K4 ID          pos0ρ=+0.628  pos1ρ=+0.616  vel0ρ=+0.744  vel1ρ=+0.618
  PRED-K4 r/m-OOD     pos0ρ=+0.678  pos1ρ=+0.750  vel0ρ=+0.705  vel1ρ=+0.720
  PRED-K4 v-OOD       pos0ρ=+0.318  pos1ρ=+0.684  vel0ρ=+0.438  vel1ρ=+0.612
  PRED-K4 both-OOD    pos0ρ=+0.703  pos1ρ=+0.709  vel0ρ=+0.632  vel1ρ=+0.657

--- [K=4] decoded vel ρ from PRED latents vs horizon (test, aggregate) ---
  h=  4  n=  100  vel0ρ=+0.419  vel1ρ=+0.099
  h=  8  n=  100  vel0ρ=+0.725  vel1ρ=+0.775
  h= 16  n=  100  vel0ρ=+0.654  vel1ρ=+0.657
  h= 28  n=  100  vel0ρ=+0.533  vel1ρ=+0.595

Total 119s
