[norm] action mean=[0.24667731 0.        ], std=[8.83643282e-02 1.00000000e-08]  (from phyworld_uniform_motion_id1k.h5)
[ckpt] /data1/likun-share/junjxu/.stable_worldmodel/uniform_sw_w0p1_f2_id1k/uniform_sw_w0p1_f2_id1k_epoch_20_object.ckpt  tag=w0.1f2
  rolled out 100 trajs, t=72s
  rolled out 200 trajs, t=97s
  rolled out 300 trajs, t=122s
  rolled out 400 trajs, t=148s
  rolled out 500 trajs, t=170s

[data] 500 trajs, 14500 (frame,pred) pairs, emb dim=192
/home/likun-share/junjxu/wm/phyworld/scripts/rollout_eval_id1k.py:197: ConstantInputWarning: An input array is constant; the correlation coefficient is not defined.
  rho = pearsonr(vel_all[mask][:, d], pv[:, d])[0]
/home/likun-share/junjxu/wm/phyworld/scripts/rollout_eval_id1k.py:197: ConstantInputWarning: An input array is constant; the correlation coefficient is not defined.
  rho = pearsonr(vel_all[mask][:, d], pv[:, d])[0]
/home/likun-share/junjxu/wm/phyworld/scripts/rollout_eval_id1k.py:197: ConstantInputWarning: An input array is constant; the correlation coefficient is not defined.
  rho = pearsonr(vel_all[mask][:, d], pv[:, d])[0]
/home/likun-share/junjxu/wm/phyworld/scripts/rollout_eval_id1k.py:197: ConstantInputWarning: An input array is constant; the correlation coefficient is not defined.
  rho = pearsonr(vel_all[mask][:, d], pv[:, d])[0]
/home/likun-share/junjxu/wm/phyworld/scripts/rollout_eval_id1k.py:197: ConstantInputWarning: An input array is constant; the correlation coefficient is not defined.
  rho = pearsonr(vel_all[mask][:, d], pv[:, d])[0]
/home/likun-share/junjxu/wm/phyworld/scripts/rollout_eval_id1k.py:197: ConstantInputWarning: An input array is constant; the correlation coefficient is not defined.
  rho = pearsonr(vel_all[mask][:, d], pv[:, d])[0]
/home/likun-share/junjxu/wm/phyworld/scripts/rollout_eval_id1k.py:197: ConstantInputWarning: An input array is constant; the correlation coefficient is not defined.
  rho = pearsonr(vel_all[mask][:, d], pv[:, d])[0]
/home/likun-share/junjxu/wm/phyworld/scripts/rollout_eval_id1k.py:197: ConstantInputWarning: An input array is constant; the correlation coefficient is not defined.
  rho = pearsonr(vel_all[mask][:, d], pv[:, d])[0]
/home/likun-share/junjxu/wm/phyworld/scripts/rollout_eval_id1k.py:242: ConstantInputWarning: An input array is constant; the correlation coefficient is not defined.
  rhos = [pearsonr(vel_all[m][:, d], pv[:, d])[0] for d in range(vel_all.shape[1])]
/home/likun-share/junjxu/wm/phyworld/scripts/rollout_eval_id1k.py:242: ConstantInputWarning: An input array is constant; the correlation coefficient is not defined.
  rhos = [pearsonr(vel_all[m][:, d], pv[:, d])[0] for d in range(vel_all.shape[1])]
/home/likun-share/junjxu/wm/phyworld/scripts/rollout_eval_id1k.py:242: ConstantInputWarning: An input array is constant; the correlation coefficient is not defined.
  rhos = [pearsonr(vel_all[m][:, d], pv[:, d])[0] for d in range(vel_all.shape[1])]
/home/likun-share/junjxu/wm/phyworld/scripts/rollout_eval_id1k.py:242: ConstantInputWarning: An input array is constant; the correlation coefficient is not defined.
  rhos = [pearsonr(vel_all[m][:, d], pv[:, d])[0] for d in range(vel_all.shape[1])]
/home/likun-share/junjxu/wm/phyworld/scripts/rollout_eval_id1k.py:242: ConstantInputWarning: An input array is constant; the correlation coefficient is not defined.
  rhos = [pearsonr(vel_all[m][:, d], pv[:, d])[0] for d in range(vel_all.shape[1])]
/home/likun-share/junjxu/wm/phyworld/scripts/rollout_eval_id1k.py:242: ConstantInputWarning: An input array is constant; the correlation coefficient is not defined.
  rhos = [pearsonr(vel_all[m][:, d], pv[:, d])[0] for d in range(vel_all.shape[1])]
/home/likun-share/junjxu/wm/phyworld/scripts/rollout_eval_id1k.py:288: ConstantInputWarning: An input array is constant; the correlation coefficient is not defined.
  line += f"  vel{d}ρ={pearsonr(vel_all[m][:, d], pv[:, d])[0]:+.3f}"
/home/likun-share/junjxu/wm/phyworld/scripts/rollout_eval_id1k.py:288: ConstantInputWarning: An input array is constant; the correlation coefficient is not defined.
  line += f"  vel{d}ρ={pearsonr(vel_all[m][:, d], pv[:, d])[0]:+.3f}"
/home/likun-share/junjxu/wm/phyworld/scripts/rollout_eval_id1k.py:288: ConstantInputWarning: An input array is constant; the correlation coefficient is not defined.
  line += f"  vel{d}ρ={pearsonr(vel_all[m][:, d], pv[:, d])[0]:+.3f}"
/home/likun-share/junjxu/wm/phyworld/scripts/rollout_eval_id1k.py:288: ConstantInputWarning: An input array is constant; the correlation coefficient is not defined.
  line += f"  vel{d}ρ={pearsonr(vel_all[m][:, d], pv[:, d])[0]:+.3f}"
/home/likun-share/junjxu/wm/phyworld/scripts/rollout_eval_id1k.py:296: ConstantInputWarning: An input array is constant; the correlation coefficient is not defined.
  rhos = [pearsonr(vel_all[m][:, d], pv[:, d])[0] for d in range(vel_all.shape[1])]
/home/likun-share/junjxu/wm/phyworld/scripts/rollout_eval_id1k.py:296: ConstantInputWarning: An input array is constant; the correlation coefficient is not defined.
  rhos = [pearsonr(vel_all[m][:, d], pv[:, d])[0] for d in range(vel_all.shape[1])]
/home/likun-share/junjxu/wm/phyworld/scripts/rollout_eval_id1k.py:296: ConstantInputWarning: An input array is constant; the correlation coefficient is not defined.
  rhos = [pearsonr(vel_all[m][:, d], pv[:, d])[0] for d in range(vel_all.shape[1])]
/home/likun-share/junjxu/wm/phyworld/scripts/rollout_eval_id1k.py:296: ConstantInputWarning: An input array is constant; the correlation coefficient is not defined.
  rhos = [pearsonr(vel_all[m][:, d], pv[:, d])[0] for d in range(vel_all.shape[1])]

=== uniform_motion AR ROLLOUT (LeWM ID-only FT, history_size=3) ===
--- latent fidelity (pred vs real emb), test trajs, by partition ---
  ID         n=  406  cos=+0.9198  nMSE=0.1501
  r/m-OOD    n=  464  cos=+0.8496  nMSE=0.3135
  v-OOD      n=  841  cos=+0.8983  nMSE=0.1919
  both-OOD   n= 1189  cos=+0.8117  nMSE=0.3668

--- latent fidelity vs horizon (test, aggregate) ---
  h=  1  n=  100  cos=+0.9939  nMSE=0.0262
  h=  2  n=  100  cos=+0.9875  nMSE=0.0423
  h=  4  n=  100  cos=+0.9687  nMSE=0.0826
  h=  8  n=  100  cos=+0.9271  nMSE=0.1656
  h= 16  n=  100  cos=+0.8448  nMSE=0.2807
  h= 28  n=  100  cos=+0.7512  nMSE=0.6218

--- decoded pos/vel ρ from ROLLED-OUT latents (test), by partition ---
  [baseline] probe applied to REAL embs:
  REAL ID                   pos0ρ=+0.959  pos1ρ=+0.974  vel0ρ=+0.370  vel1ρ=+nan
  REAL r/m-OOD              pos0ρ=+0.923  pos1ρ=+0.917  vel0ρ=+0.382  vel1ρ=+nan
  REAL v-OOD                pos0ρ=+0.944  pos1ρ=+0.827  vel0ρ=+0.443  vel1ρ=+nan
  REAL both-OOD             pos0ρ=+0.922  pos1ρ=+0.846  vel0ρ=+0.592  vel1ρ=+nan
  [rollout] probe applied to PREDICTED embs:
  PRED ID                   pos0ρ=+0.935  pos1ρ=+0.903  vel0ρ=+0.586  vel1ρ=+nan
  PRED r/m-OOD              pos0ρ=+0.722  pos1ρ=+0.704  vel0ρ=+0.566  vel1ρ=+nan
  PRED v-OOD                pos0ρ=+0.917  pos1ρ=+0.797  vel0ρ=+0.375  vel1ρ=+nan
  PRED both-OOD             pos0ρ=+0.759  pos1ρ=+0.748  vel0ρ=+0.677  vel1ρ=+nan

--- decoded vel ρ from PRED latents vs horizon (test, aggregate) ---
  h=  1  n=  100  vel0ρ=+0.007  vel1ρ=+nan
  h=  2  n=  100  vel0ρ=+0.188  vel1ρ=+nan
  h=  4  n=  100  vel0ρ=+0.329  vel1ρ=+nan
  h=  8  n=  100  vel0ρ=+0.276  vel1ρ=+nan
  h= 16  n=  100  vel0ρ=+0.651  vel1ρ=+nan
  h= 28  n=  100  vel0ρ=+0.758  vel1ρ=+nan

--- [K=4] decoded pos/vel ρ from ROLLED-OUT latents (test), by partition ---
  [K=4] probe applied to PREDICTED embs (stack 4 consecutive predicted latents):
  PRED-K4 ID          pos0ρ=+0.919  pos1ρ=+0.843  vel0ρ=+0.765  vel1ρ=+nan
  PRED-K4 r/m-OOD     pos0ρ=+0.689  pos1ρ=+0.625  vel0ρ=+0.733  vel1ρ=+nan
  PRED-K4 v-OOD       pos0ρ=+0.920  pos1ρ=+0.808  vel0ρ=+0.873  vel1ρ=+nan
  PRED-K4 both-OOD    pos0ρ=+0.771  pos1ρ=+0.729  vel0ρ=+0.863  vel1ρ=+nan

--- [K=4] decoded vel ρ from PRED latents vs horizon (test, aggregate) ---
  h=  4  n=  100  vel0ρ=+0.856  vel1ρ=+nan
  h=  8  n=  100  vel0ρ=+0.882  vel1ρ=+nan
  h= 16  n=  100  vel0ρ=+0.707  vel1ρ=+nan
  h= 28  n=  100  vel0ρ=+0.871  vel1ρ=+nan

Total 171s
