[norm] action mean=[ 0.24667731 -0.40296947], std=[0.08836433 0.229554  ]  (from phyworld_parabola_id1k.h5)
[ckpt] /data1/likun-share/junjxu/.stable_worldmodel/parabola_sw_w0p1_f1_id1k/parabola_sw_w0p1_f1_id1k_epoch_20_object.ckpt  tag=w0.1f1
  rolled out 100 trajs, t=66s
  rolled out 200 trajs, t=93s
  rolled out 300 trajs, t=121s
  rolled out 400 trajs, t=149s
  rolled out 500 trajs, t=180s

[data] 500 trajs, 14500 (frame,pred) pairs, emb dim=192
/home/likun-share/junjxu/wm/phyworld/scripts/rollout_eval_id1k.py:242: ConstantInputWarning: An input array is constant; the correlation coefficient is not defined.
  rhos = [pearsonr(vel_all[m][:, d], pv[:, d])[0] for d in range(vel_all.shape[1])]
/home/likun-share/junjxu/wm/phyworld/scripts/rollout_eval_id1k.py:242: NearConstantInputWarning: An input array is nearly constant; the computed correlation coefficient may be inaccurate.
  rhos = [pearsonr(vel_all[m][:, d], pv[:, d])[0] for d in range(vel_all.shape[1])]
/home/likun-share/junjxu/wm/phyworld/scripts/rollout_eval_id1k.py:242: NearConstantInputWarning: An input array is nearly constant; the computed correlation coefficient may be inaccurate.
  rhos = [pearsonr(vel_all[m][:, d], pv[:, d])[0] for d in range(vel_all.shape[1])]
/home/likun-share/junjxu/wm/le-wm/.venv/lib/python3.10/site-packages/sklearn/linear_model/_ridge.py:213: LinAlgWarning: Ill-conditioned matrix (rcond=5.12577e-08): result may not be accurate.
  return linalg.solve(A, Xy, assume_a="pos", overwrite_a=True).T
/home/likun-share/junjxu/wm/le-wm/.venv/lib/python3.10/site-packages/sklearn/linear_model/_ridge.py:213: LinAlgWarning: Ill-conditioned matrix (rcond=5.12577e-08): result may not be accurate.
  return linalg.solve(A, Xy, assume_a="pos", overwrite_a=True).T
/home/likun-share/junjxu/wm/phyworld/scripts/rollout_eval_id1k.py:296: ConstantInputWarning: An input array is constant; the correlation coefficient is not defined.
  rhos = [pearsonr(vel_all[m][:, d], pv[:, d])[0] for d in range(vel_all.shape[1])]
/home/likun-share/junjxu/wm/phyworld/scripts/rollout_eval_id1k.py:296: NearConstantInputWarning: An input array is nearly constant; the computed correlation coefficient may be inaccurate.
  rhos = [pearsonr(vel_all[m][:, d], pv[:, d])[0] for d in range(vel_all.shape[1])]
/home/likun-share/junjxu/wm/phyworld/scripts/rollout_eval_id1k.py:296: NearConstantInputWarning: An input array is nearly constant; the computed correlation coefficient may be inaccurate.
  rhos = [pearsonr(vel_all[m][:, d], pv[:, d])[0] for d in range(vel_all.shape[1])]

=== parabola AR ROLLOUT (LeWM ID-only FT, history_size=3) ===
--- latent fidelity (pred vs real emb), test trajs, by partition ---
  ID         n=  464  cos=+0.8976  nMSE=0.0968
  r/m-OOD    n=  319  cos=+0.8601  nMSE=0.2531
  v-OOD      n=  928  cos=+0.6538  nMSE=0.4337
  both-OOD   n= 1189  cos=+0.6890  nMSE=0.4823

--- latent fidelity vs horizon (test, aggregate) ---
  h=  1  n=  100  cos=+0.9846  nMSE=0.1006
  h=  2  n=  100  cos=+0.9711  nMSE=0.1282
  h=  4  n=  100  cos=+0.9442  nMSE=0.1921
  h=  8  n=  100  cos=+0.8667  nMSE=0.4011
  h= 16  n=  100  cos=+0.6868  nMSE=0.3966
  h= 28  n=  100  cos=+0.5739  nMSE=6351.5732

--- decoded pos/vel ρ from ROLLED-OUT latents (test), by partition ---
  [baseline] probe applied to REAL embs:
  REAL ID                   pos0ρ=+0.940  pos1ρ=+0.974  vel0ρ=+0.165  vel1ρ=+0.981
  REAL r/m-OOD              pos0ρ=+0.912  pos1ρ=+0.966  vel0ρ=+0.449  vel1ρ=+0.975
  REAL v-OOD                pos0ρ=+0.874  pos1ρ=+0.897  vel0ρ=+0.608  vel1ρ=+0.947
  REAL both-OOD             pos0ρ=+0.839  pos1ρ=+0.901  vel0ρ=+0.624  vel1ρ=+0.947
  [rollout] probe applied to PREDICTED embs:
  PRED ID                   pos0ρ=+0.897  pos1ρ=+0.976  vel0ρ=+0.213  vel1ρ=+0.981
  PRED r/m-OOD              pos0ρ=+0.854  pos1ρ=+0.960  vel0ρ=+0.491  vel1ρ=+0.972
  PRED v-OOD                pos0ρ=+0.849  pos1ρ=+0.938  vel0ρ=+0.604  vel1ρ=+0.958
  PRED both-OOD             pos0ρ=+0.774  pos1ρ=+0.924  vel0ρ=+0.611  vel1ρ=+0.946

--- decoded vel ρ from PRED latents vs horizon (test, aggregate) ---
  h=  1  n=  100  vel0ρ=+0.458  vel1ρ=+0.382
  h=  2  n=  100  vel0ρ=+0.560  vel1ρ=-0.410
  h=  4  n=  100  vel0ρ=+0.457  vel1ρ=-0.201
  h=  8  n=  100  vel0ρ=+0.489  vel1ρ=+nan
  h= 16  n=  100  vel0ρ=+0.775  vel1ρ=+0.040
  h= 28  n=  100  vel0ρ=-0.017  vel1ρ=+0.091

--- [K=4] decoded pos/vel ρ from ROLLED-OUT latents (test), by partition ---
  [K=4] probe applied to PREDICTED embs (stack 4 consecutive predicted latents):
  PRED-K4 ID          pos0ρ=+0.874  pos1ρ=+0.969  vel0ρ=+0.534  vel1ρ=+0.971
  PRED-K4 r/m-OOD     pos0ρ=+0.835  pos1ρ=+0.927  vel0ρ=+0.605  vel1ρ=+0.949
  PRED-K4 v-OOD       pos0ρ=+0.845  pos1ρ=+0.896  vel0ρ=+0.522  vel1ρ=+0.924
  PRED-K4 both-OOD    pos0ρ=+0.785  pos1ρ=+0.852  vel0ρ=+0.473  vel1ρ=+0.904

--- [K=4] decoded vel ρ from PRED latents vs horizon (test, aggregate) ---
  h=  4  n=  100  vel0ρ=+0.846  vel1ρ=-0.449
  h=  8  n=  100  vel0ρ=+0.505  vel1ρ=+nan
  h= 16  n=  100  vel0ρ=+0.384  vel1ρ=+0.129
  h= 28  n=  100  vel0ρ=+0.010  vel1ρ=+0.046

Total 182s
