[norm] action mean=[-0.01484401  0.          0.01575156  0.        ], std=[7.72976437e-02 1.00000000e-08 8.20558954e-02 1.00000000e-08]  (from phyworld_collision_id1k.h5)
[ckpt] /data1/likun-share/junjxu/.stable_worldmodel/collision_sw_w1p0_f2_id1k/collision_sw_w1p0_f2_id1k_epoch_20_object.ckpt  tag=w1.0f2
  rolled out 100 trajs, t=24s
  rolled out 200 trajs, t=42s
  rolled out 300 trajs, t=59s
  rolled out 400 trajs, t=75s
  rolled out 500 trajs, t=87s

[data] 500 trajs, 14500 (frame,pred) pairs, emb dim=192

=== collision AR ROLLOUT (LeWM ID-only FT, history_size=3) ===
--- latent fidelity (pred vs real emb), test trajs, by partition ---
  ID         n=  203  cos=+0.6529  nMSE=0.8320
  r/m-OOD    n=  754  cos=+0.6885  nMSE=0.6775
  v-OOD      n=  290  cos=+0.4823  nMSE=1.1462
  both-OOD   n= 1653  cos=+0.5625  nMSE=0.9386

--- latent fidelity vs horizon (test, aggregate) ---
  h=  1  n=  100  cos=+0.9899  nMSE=0.0240
  h=  2  n=  100  cos=+0.9730  nMSE=0.0630
  h=  4  n=  100  cos=+0.9140  nMSE=0.1960
  h=  8  n=  100  cos=+0.7591  nMSE=0.5303
  h= 16  n=  100  cos=+0.5172  nMSE=1.0076
  h= 28  n=  100  cos=+0.3229  nMSE=1.5607

--- decoded pos/vel ρ from ROLLED-OUT latents (test), by partition ---
  [baseline] probe applied to REAL embs:
  REAL ID                   pos0ρ=+0.879  pos1ρ=+0.914  vel0ρ=+0.692  vel1ρ=+0.762
  REAL r/m-OOD              pos0ρ=+0.823  pos1ρ=+0.772  vel0ρ=+0.774  vel1ρ=+0.746
  REAL v-OOD                pos0ρ=+0.848  pos1ρ=+0.924  vel0ρ=+0.742  vel1ρ=+0.742
  REAL both-OOD             pos0ρ=+0.898  pos1ρ=+0.846  vel0ρ=+0.895  vel1ρ=+0.778
  [rollout] probe applied to PREDICTED embs:
  PRED ID                   pos0ρ=+0.678  pos1ρ=+0.698  vel0ρ=+0.428  vel1ρ=+0.641
  PRED r/m-OOD              pos0ρ=+0.399  pos1ρ=+0.423  vel0ρ=+0.550  vel1ρ=+0.509
  PRED v-OOD                pos0ρ=+0.277  pos1ρ=+0.457  vel0ρ=+0.068  vel1ρ=+0.506
  PRED both-OOD             pos0ρ=+0.437  pos1ρ=+0.504  vel0ρ=+0.441  vel1ρ=+0.653

--- decoded vel ρ from PRED latents vs horizon (test, aggregate) ---
  h=  1  n=  100  vel0ρ=+0.026  vel1ρ=-0.146
  h=  2  n=  100  vel0ρ=+0.058  vel1ρ=-0.113
  h=  4  n=  100  vel0ρ=+0.063  vel1ρ=-0.042
  h=  8  n=  100  vel0ρ=+0.161  vel1ρ=+0.603
  h= 16  n=  100  vel0ρ=+0.479  vel1ρ=+0.657
  h= 28  n=  100  vel0ρ=+0.420  vel1ρ=+0.547

--- [K=4] decoded pos/vel ρ from ROLLED-OUT latents (test), by partition ---
  [K=4] probe applied to PREDICTED embs (stack 4 consecutive predicted latents):
  PRED-K4 ID          pos0ρ=+0.707  pos1ρ=+0.823  vel0ρ=+0.708  vel1ρ=+0.804
  PRED-K4 r/m-OOD     pos0ρ=+0.430  pos1ρ=+0.474  vel0ρ=+0.619  vel1ρ=+0.584
  PRED-K4 v-OOD       pos0ρ=+0.232  pos1ρ=+0.483  vel0ρ=+0.238  vel1ρ=+0.589
  PRED-K4 both-OOD    pos0ρ=+0.449  pos1ρ=+0.512  vel0ρ=+0.506  vel1ρ=+0.658

--- [K=4] decoded vel ρ from PRED latents vs horizon (test, aggregate) ---
  h=  4  n=  100  vel0ρ=+0.366  vel1ρ=-0.120
  h=  8  n=  100  vel0ρ=+0.583  vel1ρ=+0.755
  h= 16  n=  100  vel0ρ=+0.524  vel1ρ=+0.634
  h= 28  n=  100  vel0ρ=+0.396  vel1ρ=+0.574

Total 88s
