[norm] action mean=[-0.01484401  0.          0.01575156  0.        ], std=[7.72976437e-02 1.00000000e-08 8.20558954e-02 1.00000000e-08]  (from phyworld_collision_id1k.h5)
[ckpt] /data1/likun-share/junjxu/.stable_worldmodel/collision_sw_w1p0_f1_id1k/collision_sw_w1p0_f1_id1k_epoch_20_object.ckpt  tag=w1.0f1
  rolled out 100 trajs, t=23s
  rolled out 200 trajs, t=42s
  rolled out 300 trajs, t=61s
  rolled out 400 trajs, t=80s
  rolled out 500 trajs, t=98s

[data] 500 trajs, 14500 (frame,pred) pairs, emb dim=192

=== collision AR ROLLOUT (LeWM ID-only FT, history_size=3) ===
--- latent fidelity (pred vs real emb), test trajs, by partition ---
  ID         n=  203  cos=+0.6599  nMSE=0.7212
  r/m-OOD    n=  754  cos=+0.6866  nMSE=0.6884
  v-OOD      n=  290  cos=+0.4897  nMSE=1.0027
  both-OOD   n= 1653  cos=+0.5616  nMSE=0.8935

--- latent fidelity vs horizon (test, aggregate) ---
  h=  1  n=  100  cos=+0.9899  nMSE=0.0260
  h=  2  n=  100  cos=+0.9736  nMSE=0.0635
  h=  4  n=  100  cos=+0.9092  nMSE=0.1981
  h=  8  n=  100  cos=+0.7588  nMSE=0.5198
  h= 16  n=  100  cos=+0.5136  nMSE=0.9692
  h= 28  n=  100  cos=+0.3441  nMSE=1.4440

--- decoded pos/vel ρ from ROLLED-OUT latents (test), by partition ---
  [baseline] probe applied to REAL embs:
  REAL ID                   pos0ρ=+0.862  pos1ρ=+0.886  vel0ρ=+0.631  vel1ρ=+0.760
  REAL r/m-OOD              pos0ρ=+0.810  pos1ρ=+0.758  vel0ρ=+0.767  vel1ρ=+0.729
  REAL v-OOD                pos0ρ=+0.896  pos1ρ=+0.889  vel0ρ=+0.734  vel1ρ=+0.738
  REAL both-OOD             pos0ρ=+0.891  pos1ρ=+0.836  vel0ρ=+0.891  vel1ρ=+0.765
  [rollout] probe applied to PREDICTED embs:
  PRED ID                   pos0ρ=+0.391  pos1ρ=+0.533  vel0ρ=+0.165  vel1ρ=+0.648
  PRED r/m-OOD              pos0ρ=+0.402  pos1ρ=+0.577  vel0ρ=+0.523  vel1ρ=+0.610
  PRED v-OOD                pos0ρ=+0.228  pos1ρ=+0.668  vel0ρ=+0.288  vel1ρ=+0.425
  PRED both-OOD             pos0ρ=+0.565  pos1ρ=+0.553  vel0ρ=+0.591  vel1ρ=+0.675

--- decoded vel ρ from PRED latents vs horizon (test, aggregate) ---
  h=  1  n=  100  vel0ρ=+0.227  vel1ρ=-0.041
  h=  2  n=  100  vel0ρ=+0.245  vel1ρ=-0.049
  h=  4  n=  100  vel0ρ=+0.218  vel1ρ=-0.003
  h=  8  n=  100  vel0ρ=+0.297  vel1ρ=+0.634
  h= 16  n=  100  vel0ρ=+0.591  vel1ρ=+0.714
  h= 28  n=  100  vel0ρ=+0.562  vel1ρ=+0.711

--- [K=4] decoded pos/vel ρ from ROLLED-OUT latents (test), by partition ---
  [K=4] probe applied to PREDICTED embs (stack 4 consecutive predicted latents):
  PRED-K4 ID          pos0ρ=+0.303  pos1ρ=+0.572  vel0ρ=+0.430  vel1ρ=+0.702
  PRED-K4 r/m-OOD     pos0ρ=+0.408  pos1ρ=+0.561  vel0ρ=+0.570  vel1ρ=+0.620
  PRED-K4 v-OOD       pos0ρ=+0.389  pos1ρ=+0.648  vel0ρ=+0.267  vel1ρ=+0.462
  PRED-K4 both-OOD    pos0ρ=+0.553  pos1ρ=+0.550  vel0ρ=+0.598  vel1ρ=+0.649

--- [K=4] decoded vel ρ from PRED latents vs horizon (test, aggregate) ---
  h=  4  n=  100  vel0ρ=+0.384  vel1ρ=-0.061
  h=  8  n=  100  vel0ρ=+0.560  vel1ρ=+0.604
  h= 16  n=  100  vel0ρ=+0.601  vel1ρ=+0.690
  h= 28  n=  100  vel0ρ=+0.534  vel1ρ=+0.669

Total 99s
