[norm] action mean=[ 0.24667731 -0.40296947], std=[0.08836433 0.229554  ]  (from phyworld_parabola_id1k.h5)
[ckpt] /data1/likun-share/junjxu/.stable_worldmodel/parabola_sw_w0p1_f4_id1k/parabola_sw_w0p1_f4_id1k_epoch_20_object.ckpt  tag=w0.1f4
  rolled out 100 trajs, t=24s
  rolled out 200 trajs, t=41s
  rolled out 300 trajs, t=56s
  rolled out 400 trajs, t=72s
  rolled out 500 trajs, t=86s

[data] 500 trajs, 14500 (frame,pred) pairs, emb dim=192
/home/likun-share/junjxu/wm/phyworld/scripts/rollout_eval_id1k.py:242: ConstantInputWarning: An input array is constant; the correlation coefficient is not defined.
  rhos = [pearsonr(vel_all[m][:, d], pv[:, d])[0] for d in range(vel_all.shape[1])]
/home/likun-share/junjxu/wm/phyworld/scripts/rollout_eval_id1k.py:242: NearConstantInputWarning: An input array is nearly constant; the computed correlation coefficient may be inaccurate.
  rhos = [pearsonr(vel_all[m][:, d], pv[:, d])[0] for d in range(vel_all.shape[1])]
/home/likun-share/junjxu/wm/phyworld/scripts/rollout_eval_id1k.py:242: NearConstantInputWarning: An input array is nearly constant; the computed correlation coefficient may be inaccurate.
  rhos = [pearsonr(vel_all[m][:, d], pv[:, d])[0] for d in range(vel_all.shape[1])]
/home/likun-share/junjxu/wm/phyworld/scripts/rollout_eval_id1k.py:296: ConstantInputWarning: An input array is constant; the correlation coefficient is not defined.
  rhos = [pearsonr(vel_all[m][:, d], pv[:, d])[0] for d in range(vel_all.shape[1])]
/home/likun-share/junjxu/wm/phyworld/scripts/rollout_eval_id1k.py:296: NearConstantInputWarning: An input array is nearly constant; the computed correlation coefficient may be inaccurate.
  rhos = [pearsonr(vel_all[m][:, d], pv[:, d])[0] for d in range(vel_all.shape[1])]
/home/likun-share/junjxu/wm/phyworld/scripts/rollout_eval_id1k.py:296: NearConstantInputWarning: An input array is nearly constant; the computed correlation coefficient may be inaccurate.
  rhos = [pearsonr(vel_all[m][:, d], pv[:, d])[0] for d in range(vel_all.shape[1])]

=== parabola AR ROLLOUT (LeWM ID-only FT, history_size=3) ===
--- latent fidelity (pred vs real emb), test trajs, by partition ---
  ID         n=  464  cos=+0.8226  nMSE=0.2153
  r/m-OOD    n=  319  cos=+0.8100  nMSE=0.2574
  v-OOD      n=  928  cos=+0.6481  nMSE=0.5179
  both-OOD   n= 1189  cos=+0.6401  nMSE=0.4596

--- latent fidelity vs horizon (test, aggregate) ---
  h=  1  n=  100  cos=+0.9753  nMSE=0.1090
  h=  2  n=  100  cos=+0.9455  nMSE=0.1590
  h=  4  n=  100  cos=+0.8839  nMSE=0.2468
  h=  8  n=  100  cos=+0.8209  nMSE=0.3585
  h= 16  n=  100  cos=+0.6819  nMSE=0.5273
  h= 28  n=  100  cos=+0.4041  nMSE=16473.2324

--- decoded pos/vel ρ from ROLLED-OUT latents (test), by partition ---
  [baseline] probe applied to REAL embs:
  REAL ID                   pos0ρ=+0.937  pos1ρ=+0.971  vel0ρ=+0.175  vel1ρ=+0.978
  REAL r/m-OOD              pos0ρ=+0.903  pos1ρ=+0.965  vel0ρ=+0.410  vel1ρ=+0.974
  REAL v-OOD                pos0ρ=+0.879  pos1ρ=+0.896  vel0ρ=+0.605  vel1ρ=+0.946
  REAL both-OOD             pos0ρ=+0.838  pos1ρ=+0.898  vel0ρ=+0.620  vel1ρ=+0.947
  [rollout] probe applied to PREDICTED embs:
  PRED ID                   pos0ρ=+0.878  pos1ρ=+0.949  vel0ρ=+0.197  vel1ρ=+0.962
  PRED r/m-OOD              pos0ρ=+0.847  pos1ρ=+0.922  vel0ρ=+0.395  vel1ρ=+0.941
  PRED v-OOD                pos0ρ=+0.811  pos1ρ=+0.894  vel0ρ=+0.688  vel1ρ=+0.938
  PRED both-OOD             pos0ρ=+0.776  pos1ρ=+0.878  vel0ρ=+0.761  vel1ρ=+0.919

--- decoded vel ρ from PRED latents vs horizon (test, aggregate) ---
  h=  1  n=  100  vel0ρ=+0.403  vel1ρ=+0.048
  h=  2  n=  100  vel0ρ=+0.576  vel1ρ=-0.089
  h=  4  n=  100  vel0ρ=+0.622  vel1ρ=+0.048
  h=  8  n=  100  vel0ρ=+0.727  vel1ρ=+nan
  h= 16  n=  100  vel0ρ=+0.862  vel1ρ=-0.050
  h= 28  n=  100  vel0ρ=-0.125  vel1ρ=+0.041

--- [K=4] decoded pos/vel ρ from ROLLED-OUT latents (test), by partition ---
  [K=4] probe applied to PREDICTED embs (stack 4 consecutive predicted latents):
  PRED-K4 ID          pos0ρ=+0.649  pos1ρ=+0.915  vel0ρ=+0.370  vel1ρ=+0.922
  PRED-K4 r/m-OOD     pos0ρ=+0.833  pos1ρ=+0.893  vel0ρ=+0.322  vel1ρ=+0.907
  PRED-K4 v-OOD       pos0ρ=+0.710  pos1ρ=+0.902  vel0ρ=+0.468  vel1ρ=+0.931
  PRED-K4 both-OOD    pos0ρ=+0.764  pos1ρ=+0.863  vel0ρ=+0.598  vel1ρ=+0.878

--- [K=4] decoded vel ρ from PRED latents vs horizon (test, aggregate) ---
  h=  4  n=  100  vel0ρ=+0.509  vel1ρ=+0.130
  h=  8  n=  100  vel0ρ=+0.401  vel1ρ=+nan
  h= 16  n=  100  vel0ρ=+0.848  vel1ρ=-0.031
  h= 28  n=  100  vel0ρ=-0.156  vel1ρ=+0.005

Total 87s
