[norm] action mean=[0.24667731 0.        ], std=[8.83643282e-02 1.00000000e-08]  (from phyworld_uniform_motion_id1k.h5)
[ckpt] /data1/likun-share/junjxu/.stable_worldmodel/uniform_sw_w0p1_f1_id1k/uniform_sw_w0p1_f1_id1k_epoch_20_object.ckpt  tag=w0.1f1
  rolled out 100 trajs, t=47s
  rolled out 200 trajs, t=64s
  rolled out 300 trajs, t=81s
  rolled out 400 trajs, t=99s
  rolled out 500 trajs, t=117s

[data] 500 trajs, 14500 (frame,pred) pairs, emb dim=192
/home/likun-share/junjxu/wm/phyworld/scripts/rollout_eval_id1k.py:197: ConstantInputWarning: An input array is constant; the correlation coefficient is not defined.
  rho = pearsonr(vel_all[mask][:, d], pv[:, d])[0]
/home/likun-share/junjxu/wm/phyworld/scripts/rollout_eval_id1k.py:197: ConstantInputWarning: An input array is constant; the correlation coefficient is not defined.
  rho = pearsonr(vel_all[mask][:, d], pv[:, d])[0]
/home/likun-share/junjxu/wm/phyworld/scripts/rollout_eval_id1k.py:197: ConstantInputWarning: An input array is constant; the correlation coefficient is not defined.
  rho = pearsonr(vel_all[mask][:, d], pv[:, d])[0]
/home/likun-share/junjxu/wm/phyworld/scripts/rollout_eval_id1k.py:197: ConstantInputWarning: An input array is constant; the correlation coefficient is not defined.
  rho = pearsonr(vel_all[mask][:, d], pv[:, d])[0]
/home/likun-share/junjxu/wm/phyworld/scripts/rollout_eval_id1k.py:197: ConstantInputWarning: An input array is constant; the correlation coefficient is not defined.
  rho = pearsonr(vel_all[mask][:, d], pv[:, d])[0]
/home/likun-share/junjxu/wm/phyworld/scripts/rollout_eval_id1k.py:197: ConstantInputWarning: An input array is constant; the correlation coefficient is not defined.
  rho = pearsonr(vel_all[mask][:, d], pv[:, d])[0]
/home/likun-share/junjxu/wm/phyworld/scripts/rollout_eval_id1k.py:197: ConstantInputWarning: An input array is constant; the correlation coefficient is not defined.
  rho = pearsonr(vel_all[mask][:, d], pv[:, d])[0]
/home/likun-share/junjxu/wm/phyworld/scripts/rollout_eval_id1k.py:197: ConstantInputWarning: An input array is constant; the correlation coefficient is not defined.
  rho = pearsonr(vel_all[mask][:, d], pv[:, d])[0]
/home/likun-share/junjxu/wm/phyworld/scripts/rollout_eval_id1k.py:242: ConstantInputWarning: An input array is constant; the correlation coefficient is not defined.
  rhos = [pearsonr(vel_all[m][:, d], pv[:, d])[0] for d in range(vel_all.shape[1])]
/home/likun-share/junjxu/wm/phyworld/scripts/rollout_eval_id1k.py:242: ConstantInputWarning: An input array is constant; the correlation coefficient is not defined.
  rhos = [pearsonr(vel_all[m][:, d], pv[:, d])[0] for d in range(vel_all.shape[1])]
/home/likun-share/junjxu/wm/phyworld/scripts/rollout_eval_id1k.py:242: ConstantInputWarning: An input array is constant; the correlation coefficient is not defined.
  rhos = [pearsonr(vel_all[m][:, d], pv[:, d])[0] for d in range(vel_all.shape[1])]
/home/likun-share/junjxu/wm/phyworld/scripts/rollout_eval_id1k.py:242: ConstantInputWarning: An input array is constant; the correlation coefficient is not defined.
  rhos = [pearsonr(vel_all[m][:, d], pv[:, d])[0] for d in range(vel_all.shape[1])]
/home/likun-share/junjxu/wm/phyworld/scripts/rollout_eval_id1k.py:242: ConstantInputWarning: An input array is constant; the correlation coefficient is not defined.
  rhos = [pearsonr(vel_all[m][:, d], pv[:, d])[0] for d in range(vel_all.shape[1])]
/home/likun-share/junjxu/wm/phyworld/scripts/rollout_eval_id1k.py:242: ConstantInputWarning: An input array is constant; the correlation coefficient is not defined.
  rhos = [pearsonr(vel_all[m][:, d], pv[:, d])[0] for d in range(vel_all.shape[1])]
/home/likun-share/junjxu/wm/phyworld/scripts/rollout_eval_id1k.py:288: ConstantInputWarning: An input array is constant; the correlation coefficient is not defined.
  line += f"  vel{d}ρ={pearsonr(vel_all[m][:, d], pv[:, d])[0]:+.3f}"
/home/likun-share/junjxu/wm/phyworld/scripts/rollout_eval_id1k.py:288: ConstantInputWarning: An input array is constant; the correlation coefficient is not defined.
  line += f"  vel{d}ρ={pearsonr(vel_all[m][:, d], pv[:, d])[0]:+.3f}"
/home/likun-share/junjxu/wm/phyworld/scripts/rollout_eval_id1k.py:288: ConstantInputWarning: An input array is constant; the correlation coefficient is not defined.
  line += f"  vel{d}ρ={pearsonr(vel_all[m][:, d], pv[:, d])[0]:+.3f}"
/home/likun-share/junjxu/wm/phyworld/scripts/rollout_eval_id1k.py:288: ConstantInputWarning: An input array is constant; the correlation coefficient is not defined.
  line += f"  vel{d}ρ={pearsonr(vel_all[m][:, d], pv[:, d])[0]:+.3f}"
/home/likun-share/junjxu/wm/phyworld/scripts/rollout_eval_id1k.py:296: ConstantInputWarning: An input array is constant; the correlation coefficient is not defined.
  rhos = [pearsonr(vel_all[m][:, d], pv[:, d])[0] for d in range(vel_all.shape[1])]
/home/likun-share/junjxu/wm/phyworld/scripts/rollout_eval_id1k.py:296: ConstantInputWarning: An input array is constant; the correlation coefficient is not defined.
  rhos = [pearsonr(vel_all[m][:, d], pv[:, d])[0] for d in range(vel_all.shape[1])]
/home/likun-share/junjxu/wm/phyworld/scripts/rollout_eval_id1k.py:296: ConstantInputWarning: An input array is constant; the correlation coefficient is not defined.
  rhos = [pearsonr(vel_all[m][:, d], pv[:, d])[0] for d in range(vel_all.shape[1])]
/home/likun-share/junjxu/wm/phyworld/scripts/rollout_eval_id1k.py:296: ConstantInputWarning: An input array is constant; the correlation coefficient is not defined.
  rhos = [pearsonr(vel_all[m][:, d], pv[:, d])[0] for d in range(vel_all.shape[1])]

=== uniform_motion AR ROLLOUT (LeWM ID-only FT, history_size=3) ===
--- latent fidelity (pred vs real emb), test trajs, by partition ---
  ID         n=  406  cos=+0.9402  nMSE=0.1296
  r/m-OOD    n=  464  cos=+0.8329  nMSE=0.3496
  v-OOD      n=  841  cos=+0.8764  nMSE=0.2492
  both-OOD   n= 1189  cos=+0.8204  nMSE=0.3874

--- latent fidelity vs horizon (test, aggregate) ---
  h=  1  n=  100  cos=+0.9924  nMSE=0.0299
  h=  2  n=  100  cos=+0.9860  nMSE=0.0481
  h=  4  n=  100  cos=+0.9651  nMSE=0.0941
  h=  8  n=  100  cos=+0.9131  nMSE=0.1932
  h= 16  n=  100  cos=+0.8339  nMSE=0.3372
  h= 28  n=  100  cos=+0.7885  nMSE=0.6109

--- decoded pos/vel ρ from ROLLED-OUT latents (test), by partition ---
  [baseline] probe applied to REAL embs:
  REAL ID                   pos0ρ=+0.934  pos1ρ=+0.972  vel0ρ=+0.478  vel1ρ=+nan
  REAL r/m-OOD              pos0ρ=+0.931  pos1ρ=+0.921  vel0ρ=+0.300  vel1ρ=+nan
  REAL v-OOD                pos0ρ=+0.948  pos1ρ=+0.825  vel0ρ=+0.456  vel1ρ=+nan
  REAL both-OOD             pos0ρ=+0.923  pos1ρ=+0.850  vel0ρ=+0.644  vel1ρ=+nan
  [rollout] probe applied to PREDICTED embs:
  PRED ID                   pos0ρ=+0.886  pos1ρ=+0.929  vel0ρ=+0.351  vel1ρ=+nan
  PRED r/m-OOD              pos0ρ=+0.694  pos1ρ=+0.270  vel0ρ=+0.307  vel1ρ=+nan
  PRED v-OOD                pos0ρ=+0.862  pos1ρ=+0.775  vel0ρ=+0.332  vel1ρ=+nan
  PRED both-OOD             pos0ρ=+0.707  pos1ρ=+0.606  vel0ρ=+0.575  vel1ρ=+nan

--- decoded vel ρ from PRED latents vs horizon (test, aggregate) ---
  h=  1  n=  100  vel0ρ=+0.006  vel1ρ=+nan
  h=  2  n=  100  vel0ρ=+0.118  vel1ρ=+nan
  h=  4  n=  100  vel0ρ=+0.240  vel1ρ=+nan
  h=  8  n=  100  vel0ρ=+0.246  vel1ρ=+nan
  h= 16  n=  100  vel0ρ=+0.629  vel1ρ=+nan
  h= 28  n=  100  vel0ρ=+0.513  vel1ρ=+nan

--- [K=4] decoded pos/vel ρ from ROLLED-OUT latents (test), by partition ---
  [K=4] probe applied to PREDICTED embs (stack 4 consecutive predicted latents):
  PRED-K4 ID          pos0ρ=+0.821  pos1ρ=+0.916  vel0ρ=+0.678  vel1ρ=+nan
  PRED-K4 r/m-OOD     pos0ρ=+0.668  pos1ρ=+0.301  vel0ρ=+0.628  vel1ρ=+nan
  PRED-K4 v-OOD       pos0ρ=+0.866  pos1ρ=+0.795  vel0ρ=+0.765  vel1ρ=+nan
  PRED-K4 both-OOD    pos0ρ=+0.717  pos1ρ=+0.620  vel0ρ=+0.762  vel1ρ=+nan

--- [K=4] decoded vel ρ from PRED latents vs horizon (test, aggregate) ---
  h=  4  n=  100  vel0ρ=+0.772  vel1ρ=+nan
  h=  8  n=  100  vel0ρ=+0.790  vel1ρ=+nan
  h= 16  n=  100  vel0ρ=+0.668  vel1ρ=+nan
  h= 28  n=  100  vel0ρ=+0.676  vel1ρ=+nan

Total 117s
