[norm] action mean=[-0.01484401  0.          0.01575156  0.        ], std=[7.72976437e-02 1.00000000e-08 8.20558954e-02 1.00000000e-08]  (from phyworld_collision_id1k.h5)
[ckpt] /data1/likun-share/junjxu/.stable_worldmodel/collision_sw_w0p1_f2_id1k/collision_sw_w0p1_f2_id1k_epoch_20_object.ckpt  tag=w0.1f2
  rolled out 100 trajs, t=34s
  rolled out 200 trajs, t=52s
  rolled out 300 trajs, t=69s
  rolled out 400 trajs, t=85s
  rolled out 500 trajs, t=101s

[data] 500 trajs, 14500 (frame,pred) pairs, emb dim=192

=== collision AR ROLLOUT (LeWM ID-only FT, history_size=3) ===
--- latent fidelity (pred vs real emb), test trajs, by partition ---
  ID         n=  203  cos=+0.7073  nMSE=0.6750
  r/m-OOD    n=  754  cos=+0.6611  nMSE=0.6693
  v-OOD      n=  290  cos=+0.4605  nMSE=1.2121
  both-OOD   n= 1653  cos=+0.5117  nMSE=0.9783

--- latent fidelity vs horizon (test, aggregate) ---
  h=  1  n=  100  cos=+0.9906  nMSE=0.0202
  h=  2  n=  100  cos=+0.9751  nMSE=0.0542
  h=  4  n=  100  cos=+0.9142  nMSE=0.1814
  h=  8  n=  100  cos=+0.7500  nMSE=0.5211
  h= 16  n=  100  cos=+0.4605  nMSE=1.1058
  h= 28  n=  100  cos=+0.2890  nMSE=1.5264

--- decoded pos/vel ρ from ROLLED-OUT latents (test), by partition ---
  [baseline] probe applied to REAL embs:
  REAL ID                   pos0ρ=+0.675  pos1ρ=+0.840  vel0ρ=+0.651  vel1ρ=+0.679
  REAL r/m-OOD              pos0ρ=+0.751  pos1ρ=+0.706  vel0ρ=+0.749  vel1ρ=+0.663
  REAL v-OOD                pos0ρ=+0.788  pos1ρ=+0.857  vel0ρ=+0.672  vel1ρ=+0.679
  REAL both-OOD             pos0ρ=+0.863  pos1ρ=+0.806  vel0ρ=+0.873  vel1ρ=+0.751
  [rollout] probe applied to PREDICTED embs:
  PRED ID                   pos0ρ=+0.228  pos1ρ=+0.684  vel0ρ=+0.625  vel1ρ=+0.590
  PRED r/m-OOD              pos0ρ=+0.023  pos1ρ=+0.280  vel0ρ=+0.275  vel1ρ=+0.409
  PRED v-OOD                pos0ρ=+0.015  pos1ρ=+0.241  vel0ρ=+0.056  vel1ρ=+0.299
  PRED both-OOD             pos0ρ=+0.093  pos1ρ=+0.266  vel0ρ=+0.218  vel1ρ=+0.533

--- decoded vel ρ from PRED latents vs horizon (test, aggregate) ---
  h=  1  n=  100  vel0ρ=-0.003  vel1ρ=+0.060
  h=  2  n=  100  vel0ρ=+0.007  vel1ρ=+0.052
  h=  4  n=  100  vel0ρ=-0.025  vel1ρ=+0.055
  h=  8  n=  100  vel0ρ=-0.015  vel1ρ=+0.537
  h= 16  n=  100  vel0ρ=+0.187  vel1ρ=+0.505
  h= 28  n=  100  vel0ρ=+0.155  vel1ρ=+0.446

--- [K=4] decoded pos/vel ρ from ROLLED-OUT latents (test), by partition ---
  [K=4] probe applied to PREDICTED embs (stack 4 consecutive predicted latents):
  PRED-K4 ID          pos0ρ=+0.336  pos1ρ=+0.761  vel0ρ=+0.598  vel1ρ=+0.688
  PRED-K4 r/m-OOD     pos0ρ=+0.062  pos1ρ=+0.276  vel0ρ=+0.276  vel1ρ=+0.371
  PRED-K4 v-OOD       pos0ρ=+0.043  pos1ρ=+0.283  vel0ρ=-0.060  vel1ρ=+0.404
  PRED-K4 both-OOD    pos0ρ=+0.142  pos1ρ=+0.328  vel0ρ=+0.272  vel1ρ=+0.491

--- [K=4] decoded vel ρ from PRED latents vs horizon (test, aggregate) ---
  h=  4  n=  100  vel0ρ=+0.217  vel1ρ=+0.057
  h=  8  n=  100  vel0ρ=+0.320  vel1ρ=+0.631
  h= 16  n=  100  vel0ρ=+0.210  vel1ρ=+0.405
  h= 28  n=  100  vel0ρ=+0.141  vel1ρ=+0.403

Total 102s
