[norm] action mean=[-0.01484401  0.          0.01575156  0.        ], std=[7.72976437e-02 1.00000000e-08 8.20558954e-02 1.00000000e-08]  (from phyworld_collision_id1k.h5)
[ckpt] /data1/likun-share/junjxu/.stable_worldmodel/collision_sw_w0p1_f4_id1k/collision_sw_w0p1_f4_id1k_epoch_20_object.ckpt  tag=w0.1f4
  rolled out 100 trajs, t=33s
  rolled out 200 trajs, t=59s
  rolled out 300 trajs, t=85s
  rolled out 400 trajs, t=114s
  rolled out 500 trajs, t=141s

[data] 500 trajs, 14500 (frame,pred) pairs, emb dim=192

=== collision AR ROLLOUT (LeWM ID-only FT, history_size=3) ===
--- latent fidelity (pred vs real emb), test trajs, by partition ---
  ID         n=  203  cos=+0.5883  nMSE=0.9169
  r/m-OOD    n=  754  cos=+0.6023  nMSE=0.7977
  v-OOD      n=  290  cos=+0.5307  nMSE=1.0504
  both-OOD   n= 1653  cos=+0.5431  nMSE=0.9275

--- latent fidelity vs horizon (test, aggregate) ---
  h=  1  n=  100  cos=+0.9914  nMSE=0.0189
  h=  2  n=  100  cos=+0.9762  nMSE=0.0521
  h=  4  n=  100  cos=+0.9123  nMSE=0.1859
  h=  8  n=  100  cos=+0.7377  nMSE=0.5433
  h= 16  n=  100  cos=+0.4639  nMSE=1.0842
  h= 28  n=  100  cos=+0.2926  nMSE=1.5485

--- decoded pos/vel ρ from ROLLED-OUT latents (test), by partition ---
  [baseline] probe applied to REAL embs:
  REAL ID                   pos0ρ=+0.255  pos1ρ=+0.871  vel0ρ=+0.184  vel1ρ=+0.776
  REAL r/m-OOD              pos0ρ=+0.763  pos1ρ=+0.752  vel0ρ=+0.742  vel1ρ=+0.729
  REAL v-OOD                pos0ρ=+0.765  pos1ρ=+0.905  vel0ρ=+0.641  vel1ρ=+0.701
  REAL both-OOD             pos0ρ=+0.869  pos1ρ=+0.814  vel0ρ=+0.881  vel1ρ=+0.734
  [rollout] probe applied to PREDICTED embs:
  PRED ID                   pos0ρ=+0.210  pos1ρ=+0.381  vel0ρ=+0.385  vel1ρ=+0.316
  PRED r/m-OOD              pos0ρ=+0.147  pos1ρ=+0.377  vel0ρ=+0.281  vel1ρ=+0.478
  PRED v-OOD                pos0ρ=+0.093  pos1ρ=+0.397  vel0ρ=-0.140  vel1ρ=+0.204
  PRED both-OOD             pos0ρ=+0.271  pos1ρ=+0.385  vel0ρ=+0.301  vel1ρ=+0.462

--- decoded vel ρ from PRED latents vs horizon (test, aggregate) ---
  h=  1  n=  100  vel0ρ=+0.110  vel1ρ=+0.000
  h=  2  n=  100  vel0ρ=+0.142  vel1ρ=+0.052
  h=  4  n=  100  vel0ρ=+0.116  vel1ρ=+0.123
  h=  8  n=  100  vel0ρ=-0.158  vel1ρ=+0.412
  h= 16  n=  100  vel0ρ=+0.305  vel1ρ=+0.468
  h= 28  n=  100  vel0ρ=+0.265  vel1ρ=+0.439

--- [K=4] decoded pos/vel ρ from ROLLED-OUT latents (test), by partition ---
  [K=4] probe applied to PREDICTED embs (stack 4 consecutive predicted latents):
  PRED-K4 ID          pos0ρ=-0.010  pos1ρ=+0.320  vel0ρ=+0.456  vel1ρ=+0.476
  PRED-K4 r/m-OOD     pos0ρ=+0.184  pos1ρ=+0.369  vel0ρ=+0.364  vel1ρ=+0.327
  PRED-K4 v-OOD       pos0ρ=-0.004  pos1ρ=+0.444  vel0ρ=+0.108  vel1ρ=+0.399
  PRED-K4 both-OOD    pos0ρ=+0.297  pos1ρ=+0.392  vel0ρ=+0.461  vel1ρ=+0.441

--- [K=4] decoded vel ρ from PRED latents vs horizon (test, aggregate) ---
  h=  4  n=  100  vel0ρ=+0.344  vel1ρ=-0.064
  h=  8  n=  100  vel0ρ=+0.242  vel1ρ=+0.522
  h= 16  n=  100  vel0ρ=+0.435  vel1ρ=+0.317
  h= 28  n=  100  vel0ρ=+0.358  vel1ρ=+0.424

Total 144s
