[norm] action mean=[ 0.24667731 -0.40296947], std=[0.08836433 0.229554  ]  (from phyworld_parabola_id1k.h5)
[ckpt] /data1/likun-share/junjxu/.stable_worldmodel/parabola_sw_w0p1_f2_id1k/parabola_sw_w0p1_f2_id1k_epoch_20_object.ckpt  tag=w0.1f2
  rolled out 100 trajs, t=55s
  rolled out 200 trajs, t=72s
  rolled out 300 trajs, t=89s
  rolled out 400 trajs, t=107s
  rolled out 500 trajs, t=124s

[data] 500 trajs, 14500 (frame,pred) pairs, emb dim=192
/home/likun-share/junjxu/wm/phyworld/scripts/rollout_eval_id1k.py:242: ConstantInputWarning: An input array is constant; the correlation coefficient is not defined.
  rhos = [pearsonr(vel_all[m][:, d], pv[:, d])[0] for d in range(vel_all.shape[1])]
/home/likun-share/junjxu/wm/phyworld/scripts/rollout_eval_id1k.py:242: NearConstantInputWarning: An input array is nearly constant; the computed correlation coefficient may be inaccurate.
  rhos = [pearsonr(vel_all[m][:, d], pv[:, d])[0] for d in range(vel_all.shape[1])]
/home/likun-share/junjxu/wm/phyworld/scripts/rollout_eval_id1k.py:242: NearConstantInputWarning: An input array is nearly constant; the computed correlation coefficient may be inaccurate.
  rhos = [pearsonr(vel_all[m][:, d], pv[:, d])[0] for d in range(vel_all.shape[1])]
/home/likun-share/junjxu/wm/phyworld/scripts/rollout_eval_id1k.py:296: ConstantInputWarning: An input array is constant; the correlation coefficient is not defined.
  rhos = [pearsonr(vel_all[m][:, d], pv[:, d])[0] for d in range(vel_all.shape[1])]
/home/likun-share/junjxu/wm/phyworld/scripts/rollout_eval_id1k.py:296: NearConstantInputWarning: An input array is nearly constant; the computed correlation coefficient may be inaccurate.
  rhos = [pearsonr(vel_all[m][:, d], pv[:, d])[0] for d in range(vel_all.shape[1])]
/home/likun-share/junjxu/wm/phyworld/scripts/rollout_eval_id1k.py:296: NearConstantInputWarning: An input array is nearly constant; the computed correlation coefficient may be inaccurate.
  rhos = [pearsonr(vel_all[m][:, d], pv[:, d])[0] for d in range(vel_all.shape[1])]

=== parabola AR ROLLOUT (LeWM ID-only FT, history_size=3) ===
--- latent fidelity (pred vs real emb), test trajs, by partition ---
  ID         n=  464  cos=+0.9272  nMSE=0.0819
  r/m-OOD    n=  319  cos=+0.8825  nMSE=0.1752
  v-OOD      n=  928  cos=+0.7757  nMSE=0.3737
  both-OOD   n= 1189  cos=+0.7771  nMSE=0.3158

--- latent fidelity vs horizon (test, aggregate) ---
  h=  1  n=  100  cos=+0.9841  nMSE=0.0679
  h=  2  n=  100  cos=+0.9738  nMSE=0.0826
  h=  4  n=  100  cos=+0.9572  nMSE=0.1103
  h=  8  n=  100  cos=+0.9322  nMSE=0.1635
  h= 16  n=  100  cos=+0.6946  nMSE=0.6340
  h= 28  n=  100  cos=+0.7776  nMSE=4701.3774

--- decoded pos/vel ρ from ROLLED-OUT latents (test), by partition ---
  [baseline] probe applied to REAL embs:
  REAL ID                   pos0ρ=+0.940  pos1ρ=+0.969  vel0ρ=+0.214  vel1ρ=+0.977
  REAL r/m-OOD              pos0ρ=+0.903  pos1ρ=+0.967  vel0ρ=+0.431  vel1ρ=+0.976
  REAL v-OOD                pos0ρ=+0.876  pos1ρ=+0.896  vel0ρ=+0.607  vel1ρ=+0.947
  REAL both-OOD             pos0ρ=+0.833  pos1ρ=+0.898  vel0ρ=+0.616  vel1ρ=+0.946
  [rollout] probe applied to PREDICTED embs:
  PRED ID                   pos0ρ=+0.925  pos1ρ=+0.954  vel0ρ=+0.170  vel1ρ=+0.969
  PRED r/m-OOD              pos0ρ=+0.844  pos1ρ=+0.934  vel0ρ=+0.414  vel1ρ=+0.958
  PRED v-OOD                pos0ρ=+0.907  pos1ρ=+0.909  vel0ρ=+0.609  vel1ρ=+0.932
  PRED both-OOD             pos0ρ=+0.842  pos1ρ=+0.900  vel0ρ=+0.652  vel1ρ=+0.925

--- decoded vel ρ from PRED latents vs horizon (test, aggregate) ---
  h=  1  n=  100  vel0ρ=+0.219  vel1ρ=-0.273
  h=  2  n=  100  vel0ρ=+0.438  vel1ρ=+0.373
  h=  4  n=  100  vel0ρ=+0.477  vel1ρ=+0.407
  h=  8  n=  100  vel0ρ=+0.585  vel1ρ=+nan
  h= 16  n=  100  vel0ρ=+0.815  vel1ρ=+0.039
  h= 28  n=  100  vel0ρ=+0.750  vel1ρ=-0.014

--- [K=4] decoded pos/vel ρ from ROLLED-OUT latents (test), by partition ---
  [K=4] probe applied to PREDICTED embs (stack 4 consecutive predicted latents):
  PRED-K4 ID          pos0ρ=+0.889  pos1ρ=+0.944  vel0ρ=+0.531  vel1ρ=+0.958
  PRED-K4 r/m-OOD     pos0ρ=+0.814  pos1ρ=+0.913  vel0ρ=+0.598  vel1ρ=+0.929
  PRED-K4 v-OOD       pos0ρ=+0.902  pos1ρ=+0.884  vel0ρ=+0.828  vel1ρ=+0.905
  PRED-K4 both-OOD    pos0ρ=+0.829  pos1ρ=+0.871  vel0ρ=+0.854  vel1ρ=+0.889

--- [K=4] decoded vel ρ from PRED latents vs horizon (test, aggregate) ---
  h=  4  n=  100  vel0ρ=+0.809  vel1ρ=+0.204
  h=  8  n=  100  vel0ρ=+0.906  vel1ρ=+nan
  h= 16  n=  100  vel0ρ=+0.879  vel1ρ=-0.003
  h= 28  n=  100  vel0ρ=+0.516  vel1ρ=-0.093

Total 125s
