[norm] action mean=[ 0.24667731 -0.40296947], std=[0.08836433 0.229554  ]  (from phyworld_parabola_id1k.h5)
[ckpt] /data1/likun-share/junjxu/.stable_worldmodel/parabola_sw_w1p0_f2_id1k/parabola_sw_w1p0_f2_id1k_epoch_20_object.ckpt  tag=w1.0f2
  rolled out 100 trajs, t=30s
  rolled out 200 trajs, t=45s
  rolled out 300 trajs, t=63s
  rolled out 400 trajs, t=80s
  rolled out 500 trajs, t=97s

[data] 500 trajs, 14500 (frame,pred) pairs, emb dim=192
/home/likun-share/junjxu/wm/phyworld/scripts/rollout_eval_id1k.py:242: ConstantInputWarning: An input array is constant; the correlation coefficient is not defined.
  rhos = [pearsonr(vel_all[m][:, d], pv[:, d])[0] for d in range(vel_all.shape[1])]
/home/likun-share/junjxu/wm/phyworld/scripts/rollout_eval_id1k.py:242: NearConstantInputWarning: An input array is nearly constant; the computed correlation coefficient may be inaccurate.
  rhos = [pearsonr(vel_all[m][:, d], pv[:, d])[0] for d in range(vel_all.shape[1])]
/home/likun-share/junjxu/wm/phyworld/scripts/rollout_eval_id1k.py:242: NearConstantInputWarning: An input array is nearly constant; the computed correlation coefficient may be inaccurate.
  rhos = [pearsonr(vel_all[m][:, d], pv[:, d])[0] for d in range(vel_all.shape[1])]
/home/likun-share/junjxu/wm/phyworld/scripts/rollout_eval_id1k.py:296: ConstantInputWarning: An input array is constant; the correlation coefficient is not defined.
  rhos = [pearsonr(vel_all[m][:, d], pv[:, d])[0] for d in range(vel_all.shape[1])]
/home/likun-share/junjxu/wm/phyworld/scripts/rollout_eval_id1k.py:296: NearConstantInputWarning: An input array is nearly constant; the computed correlation coefficient may be inaccurate.
  rhos = [pearsonr(vel_all[m][:, d], pv[:, d])[0] for d in range(vel_all.shape[1])]
/home/likun-share/junjxu/wm/phyworld/scripts/rollout_eval_id1k.py:296: NearConstantInputWarning: An input array is nearly constant; the computed correlation coefficient may be inaccurate.
  rhos = [pearsonr(vel_all[m][:, d], pv[:, d])[0] for d in range(vel_all.shape[1])]

=== parabola AR ROLLOUT (LeWM ID-only FT, history_size=3) ===
--- latent fidelity (pred vs real emb), test trajs, by partition ---
  ID         n=  464  cos=+0.8460  nMSE=0.1308
  r/m-OOD    n=  319  cos=+0.8185  nMSE=0.2181
  v-OOD      n=  928  cos=+0.6691  nMSE=0.4006
  both-OOD   n= 1189  cos=+0.6845  nMSE=0.4444

--- latent fidelity vs horizon (test, aggregate) ---
  h=  1  n=  100  cos=+0.9797  nMSE=0.1452
  h=  2  n=  100  cos=+0.9546  nMSE=0.1786
  h=  4  n=  100  cos=+0.9238  nMSE=0.2321
  h=  8  n=  100  cos=+0.9009  nMSE=0.3493
  h= 16  n=  100  cos=+0.6956  nMSE=0.4290
  h= 28  n=  100  cos=+0.4290  nMSE=16472.8066

--- decoded pos/vel ρ from ROLLED-OUT latents (test), by partition ---
  [baseline] probe applied to REAL embs:
  REAL ID                   pos0ρ=+0.948  pos1ρ=+0.974  vel0ρ=+0.173  vel1ρ=+0.980
  REAL r/m-OOD              pos0ρ=+0.911  pos1ρ=+0.973  vel0ρ=+0.425  vel1ρ=+0.977
  REAL v-OOD                pos0ρ=+0.879  pos1ρ=+0.899  vel0ρ=+0.598  vel1ρ=+0.949
  REAL both-OOD             pos0ρ=+0.841  pos1ρ=+0.902  vel0ρ=+0.633  vel1ρ=+0.949
  [rollout] probe applied to PREDICTED embs:
  PRED ID                   pos0ρ=+0.900  pos1ρ=+0.974  vel0ρ=+0.148  vel1ρ=+0.979
  PRED r/m-OOD              pos0ρ=+0.838  pos1ρ=+0.960  vel0ρ=+0.457  vel1ρ=+0.954
  PRED v-OOD                pos0ρ=+0.823  pos1ρ=+0.926  vel0ρ=+0.563  vel1ρ=+0.967
  PRED both-OOD             pos0ρ=+0.778  pos1ρ=+0.920  vel0ρ=+0.546  vel1ρ=+0.945

--- decoded vel ρ from PRED latents vs horizon (test, aggregate) ---
  h=  1  n=  100  vel0ρ=+0.291  vel1ρ=+0.161
  h=  2  n=  100  vel0ρ=+0.399  vel1ρ=-0.363
  h=  4  n=  100  vel0ρ=+0.576  vel1ρ=-0.365
  h=  8  n=  100  vel0ρ=+0.557  vel1ρ=+nan
  h= 16  n=  100  vel0ρ=+0.823  vel1ρ=+0.080
  h= 28  n=  100  vel0ρ=-0.593  vel1ρ=+0.030

--- [K=4] decoded pos/vel ρ from ROLLED-OUT latents (test), by partition ---
  [K=4] probe applied to PREDICTED embs (stack 4 consecutive predicted latents):
  PRED-K4 ID          pos0ρ=+0.894  pos1ρ=+0.970  vel0ρ=+0.440  vel1ρ=+0.972
  PRED-K4 r/m-OOD     pos0ρ=+0.844  pos1ρ=+0.939  vel0ρ=+0.704  vel1ρ=+0.944
  PRED-K4 v-OOD       pos0ρ=+0.824  pos1ρ=+0.934  vel0ρ=+0.665  vel1ρ=+0.965
  PRED-K4 both-OOD    pos0ρ=+0.816  pos1ρ=+0.880  vel0ρ=+0.623  vel1ρ=+0.925

--- [K=4] decoded vel ρ from PRED latents vs horizon (test, aggregate) ---
  h=  4  n=  100  vel0ρ=+0.734  vel1ρ=-0.336
  h=  8  n=  100  vel0ρ=+0.909  vel1ρ=+nan
  h= 16  n=  100  vel0ρ=+0.777  vel1ρ=+0.158
  h= 28  n=  100  vel0ρ=-0.186  vel1ρ=+0.072

Total 97s
