[norm] action mean=[-0.01484401  0.          0.01575156  0.        ], std=[7.72976437e-02 1.00000000e-08 8.20558954e-02 1.00000000e-08]  (from phyworld_collision_id1k.h5)
[ckpt] /data1/likun-share/junjxu/.stable_worldmodel/collision_sw_w10p0_f1_id1k/collision_sw_w10p0_f1_id1k_epoch_20_object.ckpt  tag=w10.0f1
  rolled out 100 trajs, t=35s
  rolled out 200 trajs, t=52s
  rolled out 300 trajs, t=68s
  rolled out 400 trajs, t=83s
  rolled out 500 trajs, t=98s

[data] 500 trajs, 14500 (frame,pred) pairs, emb dim=192

=== collision AR ROLLOUT (LeWM ID-only FT, history_size=3) ===
--- latent fidelity (pred vs real emb), test trajs, by partition ---
  ID         n=  203  cos=+0.6789  nMSE=0.6987
  r/m-OOD    n=  754  cos=+0.6841  nMSE=0.6522
  v-OOD      n=  290  cos=+0.4649  nMSE=1.2526
  both-OOD   n= 1653  cos=+0.6211  nMSE=0.8095

--- latent fidelity vs horizon (test, aggregate) ---
  h=  1  n=  100  cos=+0.9854  nMSE=0.0401
  h=  2  n=  100  cos=+0.9687  nMSE=0.0790
  h=  4  n=  100  cos=+0.9078  nMSE=0.1962
  h=  8  n=  100  cos=+0.7776  nMSE=0.4777
  h= 16  n=  100  cos=+0.5469  nMSE=0.9329
  h= 28  n=  100  cos=+0.4261  nMSE=1.3635

--- decoded pos/vel ρ from ROLLED-OUT latents (test), by partition ---
  [baseline] probe applied to REAL embs:
  REAL ID                   pos0ρ=+0.901  pos1ρ=+0.913  vel0ρ=+0.762  vel1ρ=+0.765
  REAL r/m-OOD              pos0ρ=+0.812  pos1ρ=+0.768  vel0ρ=+0.768  vel1ρ=+0.726
  REAL v-OOD                pos0ρ=+0.760  pos1ρ=+0.846  vel0ρ=+0.647  vel1ρ=+0.700
  REAL both-OOD             pos0ρ=+0.894  pos1ρ=+0.852  vel0ρ=+0.903  vel1ρ=+0.776
  [rollout] probe applied to PREDICTED embs:
  PRED ID                   pos0ρ=+0.462  pos1ρ=+0.677  vel0ρ=+0.462  vel1ρ=+0.705
  PRED r/m-OOD              pos0ρ=+0.421  pos1ρ=+0.594  vel0ρ=+0.601  vel1ρ=+0.600
  PRED v-OOD                pos0ρ=+0.449  pos1ρ=+0.516  vel0ρ=+0.288  vel1ρ=+0.446
  PRED both-OOD             pos0ρ=+0.513  pos1ρ=+0.569  vel0ρ=+0.637  vel1ρ=+0.677

--- decoded vel ρ from PRED latents vs horizon (test, aggregate) ---
  h=  1  n=  100  vel0ρ=+0.072  vel1ρ=+0.058
  h=  2  n=  100  vel0ρ=+0.063  vel1ρ=+0.047
  h=  4  n=  100  vel0ρ=-0.018  vel1ρ=+0.041
  h=  8  n=  100  vel0ρ=+0.412  vel1ρ=+0.519
  h= 16  n=  100  vel0ρ=+0.649  vel1ρ=+0.669
  h= 28  n=  100  vel0ρ=+0.542  vel1ρ=+0.653

--- [K=4] decoded pos/vel ρ from ROLLED-OUT latents (test), by partition ---
  [K=4] probe applied to PREDICTED embs (stack 4 consecutive predicted latents):
  PRED-K4 ID          pos0ρ=+0.531  pos1ρ=+0.823  vel0ρ=+0.592  vel1ρ=+0.824
  PRED-K4 r/m-OOD     pos0ρ=+0.485  pos1ρ=+0.606  vel0ρ=+0.624  vel1ρ=+0.648
  PRED-K4 v-OOD       pos0ρ=+0.310  pos1ρ=+0.537  vel0ρ=+0.205  vel1ρ=+0.408
  PRED-K4 both-OOD    pos0ρ=+0.595  pos1ρ=+0.622  vel0ρ=+0.623  vel1ρ=+0.685

--- [K=4] decoded vel ρ from PRED latents vs horizon (test, aggregate) ---
  h=  4  n=  100  vel0ρ=+0.337  vel1ρ=+0.175
  h=  8  n=  100  vel0ρ=+0.472  vel1ρ=+0.403
  h= 16  n=  100  vel0ρ=+0.636  vel1ρ=+0.643
  h= 28  n=  100  vel0ρ=+0.496  vel1ρ=+0.722

Total 99s
