[norm] action mean=[ 0.24667731 -0.40296947], std=[0.08836433 0.229554  ]  (from phyworld_parabola_id1k.h5)
[ckpt] /data1/likun-share/junjxu/.stable_worldmodel/parabola_sw_w10p0_f2_id1k/parabola_sw_w10p0_f2_id1k_epoch_20_object.ckpt  tag=w10.0f2
  rolled out 100 trajs, t=23s
  rolled out 200 trajs, t=40s
  rolled out 300 trajs, t=56s
  rolled out 400 trajs, t=72s
  rolled out 500 trajs, t=87s

[data] 500 trajs, 14500 (frame,pred) pairs, emb dim=192
/home/likun-share/junjxu/wm/phyworld/scripts/rollout_eval_id1k.py:242: ConstantInputWarning: An input array is constant; the correlation coefficient is not defined.
  rhos = [pearsonr(vel_all[m][:, d], pv[:, d])[0] for d in range(vel_all.shape[1])]
/home/likun-share/junjxu/wm/phyworld/scripts/rollout_eval_id1k.py:242: NearConstantInputWarning: An input array is nearly constant; the computed correlation coefficient may be inaccurate.
  rhos = [pearsonr(vel_all[m][:, d], pv[:, d])[0] for d in range(vel_all.shape[1])]
/home/likun-share/junjxu/wm/phyworld/scripts/rollout_eval_id1k.py:242: NearConstantInputWarning: An input array is nearly constant; the computed correlation coefficient may be inaccurate.
  rhos = [pearsonr(vel_all[m][:, d], pv[:, d])[0] for d in range(vel_all.shape[1])]
/home/likun-share/junjxu/wm/le-wm/.venv/lib/python3.10/site-packages/sklearn/linear_model/_ridge.py:213: LinAlgWarning: Ill-conditioned matrix (rcond=3.64871e-08): result may not be accurate.
  return linalg.solve(A, Xy, assume_a="pos", overwrite_a=True).T
/home/likun-share/junjxu/wm/le-wm/.venv/lib/python3.10/site-packages/sklearn/linear_model/_ridge.py:213: LinAlgWarning: Ill-conditioned matrix (rcond=3.64871e-08): result may not be accurate.
  return linalg.solve(A, Xy, assume_a="pos", overwrite_a=True).T
/home/likun-share/junjxu/wm/phyworld/scripts/rollout_eval_id1k.py:296: ConstantInputWarning: An input array is constant; the correlation coefficient is not defined.
  rhos = [pearsonr(vel_all[m][:, d], pv[:, d])[0] for d in range(vel_all.shape[1])]
/home/likun-share/junjxu/wm/phyworld/scripts/rollout_eval_id1k.py:296: NearConstantInputWarning: An input array is nearly constant; the computed correlation coefficient may be inaccurate.
  rhos = [pearsonr(vel_all[m][:, d], pv[:, d])[0] for d in range(vel_all.shape[1])]
/home/likun-share/junjxu/wm/phyworld/scripts/rollout_eval_id1k.py:296: NearConstantInputWarning: An input array is nearly constant; the computed correlation coefficient may be inaccurate.
  rhos = [pearsonr(vel_all[m][:, d], pv[:, d])[0] for d in range(vel_all.shape[1])]

=== parabola AR ROLLOUT (LeWM ID-only FT, history_size=3) ===
--- latent fidelity (pred vs real emb), test trajs, by partition ---
  ID         n=  464  cos=+0.9160  nMSE=0.0920
  r/m-OOD    n=  319  cos=+0.9058  nMSE=0.0986
  v-OOD      n=  928  cos=+0.8296  nMSE=0.2489
  both-OOD   n= 1189  cos=+0.8379  nMSE=0.2634

--- latent fidelity vs horizon (test, aggregate) ---
  h=  1  n=  100  cos=+0.9777  nMSE=0.0958
  h=  2  n=  100  cos=+0.9637  nMSE=0.1184
  h=  4  n=  100  cos=+0.9574  nMSE=0.1542
  h=  8  n=  100  cos=+0.9582  nMSE=0.2419
  h= 16  n=  100  cos=+0.8351  nMSE=0.6563
  h= 28  n=  100  cos=+0.6576  nMSE=10295.0000

--- decoded pos/vel ρ from ROLLED-OUT latents (test), by partition ---
  [baseline] probe applied to REAL embs:
  REAL ID                   pos0ρ=+0.950  pos1ρ=+0.978  vel0ρ=+0.227  vel1ρ=+0.983
  REAL r/m-OOD              pos0ρ=+0.907  pos1ρ=+0.972  vel0ρ=+0.433  vel1ρ=+0.981
  REAL v-OOD                pos0ρ=+0.879  pos1ρ=+0.899  vel0ρ=+0.608  vel1ρ=+0.950
  REAL both-OOD             pos0ρ=+0.843  pos1ρ=+0.904  vel0ρ=+0.629  vel1ρ=+0.952
  [rollout] probe applied to PREDICTED embs:
  PRED ID                   pos0ρ=+0.939  pos1ρ=+0.984  vel0ρ=+0.290  vel1ρ=+0.984
  PRED r/m-OOD              pos0ρ=+0.861  pos1ρ=+0.973  vel0ρ=+0.305  vel1ρ=+0.967
  PRED v-OOD                pos0ρ=+0.855  pos1ρ=+0.915  vel0ρ=+0.672  vel1ρ=+0.952
  PRED both-OOD             pos0ρ=+0.821  pos1ρ=+0.931  vel0ρ=+0.701  vel1ρ=+0.933

--- decoded vel ρ from PRED latents vs horizon (test, aggregate) ---
  h=  1  n=  100  vel0ρ=+0.303  vel1ρ=-0.258
  h=  2  n=  100  vel0ρ=+0.367  vel1ρ=+0.091
  h=  4  n=  100  vel0ρ=+0.470  vel1ρ=+0.093
  h=  8  n=  100  vel0ρ=+0.556  vel1ρ=+nan
  h= 16  n=  100  vel0ρ=+0.854  vel1ρ=-0.045
  h= 28  n=  100  vel0ρ=+0.411  vel1ρ=-0.031

--- [K=4] decoded pos/vel ρ from ROLLED-OUT latents (test), by partition ---
  [K=4] probe applied to PREDICTED embs (stack 4 consecutive predicted latents):
  PRED-K4 ID          pos0ρ=+0.910  pos1ρ=+0.986  vel0ρ=+0.640  vel1ρ=+0.984
  PRED-K4 r/m-OOD     pos0ρ=+0.831  pos1ρ=+0.978  vel0ρ=+0.511  vel1ρ=+0.973
  PRED-K4 v-OOD       pos0ρ=+0.904  pos1ρ=+0.948  vel0ρ=+0.795  vel1ρ=+0.961
  PRED-K4 both-OOD    pos0ρ=+0.860  pos1ρ=+0.958  vel0ρ=+0.815  vel1ρ=+0.954

--- [K=4] decoded vel ρ from PRED latents vs horizon (test, aggregate) ---
  h=  4  n=  100  vel0ρ=+0.888  vel1ρ=-0.125
  h=  8  n=  100  vel0ρ=+0.892  vel1ρ=+nan
  h= 16  n=  100  vel0ρ=+0.952  vel1ρ=-0.027
  h= 28  n=  100  vel0ρ=+0.297  vel1ρ=-0.061

Total 87s
