[norm] action mean=[ 0.24667731 -0.40296947], std=[0.08836433 0.229554  ]  (from phyworld_parabola_id1k.h5)
[ckpt] /data1/likun-share/junjxu/.stable_worldmodel/parabola_sw_w1p0_f4_id1k/parabola_sw_w1p0_f4_id1k_epoch_20_object.ckpt  tag=w1.0f4
  rolled out 100 trajs, t=15s
  rolled out 200 trajs, t=26s
  rolled out 300 trajs, t=38s
  rolled out 400 trajs, t=49s
  rolled out 500 trajs, t=61s

[data] 500 trajs, 14500 (frame,pred) pairs, emb dim=192
/home/likun-share/junjxu/wm/phyworld/scripts/rollout_eval_id1k.py:242: ConstantInputWarning: An input array is constant; the correlation coefficient is not defined.
  rhos = [pearsonr(vel_all[m][:, d], pv[:, d])[0] for d in range(vel_all.shape[1])]
/home/likun-share/junjxu/wm/phyworld/scripts/rollout_eval_id1k.py:242: NearConstantInputWarning: An input array is nearly constant; the computed correlation coefficient may be inaccurate.
  rhos = [pearsonr(vel_all[m][:, d], pv[:, d])[0] for d in range(vel_all.shape[1])]
/home/likun-share/junjxu/wm/phyworld/scripts/rollout_eval_id1k.py:242: NearConstantInputWarning: An input array is nearly constant; the computed correlation coefficient may be inaccurate.
  rhos = [pearsonr(vel_all[m][:, d], pv[:, d])[0] for d in range(vel_all.shape[1])]
/home/likun-share/junjxu/wm/le-wm/.venv/lib/python3.10/site-packages/sklearn/linear_model/_ridge.py:213: LinAlgWarning: Ill-conditioned matrix (rcond=5.65725e-08): result may not be accurate.
  return linalg.solve(A, Xy, assume_a="pos", overwrite_a=True).T
/home/likun-share/junjxu/wm/le-wm/.venv/lib/python3.10/site-packages/sklearn/linear_model/_ridge.py:213: LinAlgWarning: Ill-conditioned matrix (rcond=5.65725e-08): result may not be accurate.
  return linalg.solve(A, Xy, assume_a="pos", overwrite_a=True).T
/home/likun-share/junjxu/wm/phyworld/scripts/rollout_eval_id1k.py:296: ConstantInputWarning: An input array is constant; the correlation coefficient is not defined.
  rhos = [pearsonr(vel_all[m][:, d], pv[:, d])[0] for d in range(vel_all.shape[1])]
/home/likun-share/junjxu/wm/phyworld/scripts/rollout_eval_id1k.py:296: NearConstantInputWarning: An input array is nearly constant; the computed correlation coefficient may be inaccurate.
  rhos = [pearsonr(vel_all[m][:, d], pv[:, d])[0] for d in range(vel_all.shape[1])]
/home/likun-share/junjxu/wm/phyworld/scripts/rollout_eval_id1k.py:296: NearConstantInputWarning: An input array is nearly constant; the computed correlation coefficient may be inaccurate.
  rhos = [pearsonr(vel_all[m][:, d], pv[:, d])[0] for d in range(vel_all.shape[1])]

=== parabola AR ROLLOUT (LeWM ID-only FT, history_size=3) ===
--- latent fidelity (pred vs real emb), test trajs, by partition ---
  ID         n=  464  cos=+0.9026  nMSE=0.1220
  r/m-OOD    n=  319  cos=+0.8822  nMSE=0.1944
  v-OOD      n=  928  cos=+0.7292  nMSE=0.2660
  both-OOD   n= 1189  cos=+0.7312  nMSE=0.3252

--- latent fidelity vs horizon (test, aggregate) ---
  h=  1  n=  100  cos=+0.9771  nMSE=0.1385
  h=  2  n=  100  cos=+0.9637  nMSE=0.1608
  h=  4  n=  100  cos=+0.9383  nMSE=0.1962
  h=  8  n=  100  cos=+0.9185  nMSE=0.2336
  h= 16  n=  100  cos=+0.7482  nMSE=0.3651
  h= 28  n=  100  cos=+0.6455  nMSE=8114.5029

--- decoded pos/vel ρ from ROLLED-OUT latents (test), by partition ---
  [baseline] probe applied to REAL embs:
  REAL ID                   pos0ρ=+0.945  pos1ρ=+0.977  vel0ρ=+0.201  vel1ρ=+0.981
  REAL r/m-OOD              pos0ρ=+0.908  pos1ρ=+0.971  vel0ρ=+0.432  vel1ρ=+0.975
  REAL v-OOD                pos0ρ=+0.881  pos1ρ=+0.899  vel0ρ=+0.595  vel1ρ=+0.949
  REAL both-OOD             pos0ρ=+0.845  pos1ρ=+0.905  vel0ρ=+0.634  vel1ρ=+0.951
  [rollout] probe applied to PREDICTED embs:
  PRED ID                   pos0ρ=+0.936  pos1ρ=+0.973  vel0ρ=+0.164  vel1ρ=+0.974
  PRED r/m-OOD              pos0ρ=+0.877  pos1ρ=+0.945  vel0ρ=+0.459  vel1ρ=+0.922
  PRED v-OOD                pos0ρ=+0.891  pos1ρ=+0.944  vel0ρ=+0.692  vel1ρ=+0.966
  PRED both-OOD             pos0ρ=+0.829  pos1ρ=+0.933  vel0ρ=+0.688  vel1ρ=+0.944

--- decoded vel ρ from PRED latents vs horizon (test, aggregate) ---
  h=  1  n=  100  vel0ρ=+0.254  vel1ρ=-0.399
  h=  2  n=  100  vel0ρ=+0.384  vel1ρ=+0.351
  h=  4  n=  100  vel0ρ=+0.393  vel1ρ=+0.227
  h=  8  n=  100  vel0ρ=+0.433  vel1ρ=+nan
  h= 16  n=  100  vel0ρ=+0.902  vel1ρ=-0.078
  h= 28  n=  100  vel0ρ=+0.830  vel1ρ=+0.011

--- [K=4] decoded pos/vel ρ from ROLLED-OUT latents (test), by partition ---
  [K=4] probe applied to PREDICTED embs (stack 4 consecutive predicted latents):
  PRED-K4 ID          pos0ρ=+0.914  pos1ρ=+0.948  vel0ρ=+0.573  vel1ρ=+0.962
  PRED-K4 r/m-OOD     pos0ρ=+0.861  pos1ρ=+0.920  vel0ρ=+0.683  vel1ρ=+0.924
  PRED-K4 v-OOD       pos0ρ=+0.903  pos1ρ=+0.930  vel0ρ=+0.804  vel1ρ=+0.932
  PRED-K4 both-OOD    pos0ρ=+0.848  pos1ρ=+0.925  vel0ρ=+0.779  vel1ρ=+0.915

--- [K=4] decoded vel ρ from PRED latents vs horizon (test, aggregate) ---
  h=  4  n=  100  vel0ρ=+0.826  vel1ρ=-0.073
  h=  8  n=  100  vel0ρ=+0.826  vel1ρ=+nan
  h= 16  n=  100  vel0ρ=+0.846  vel1ρ=-0.218
  h= 28  n=  100  vel0ρ=+0.667  vel1ρ=-0.020

Total 61s
