[norm] action mean=[ 0.24667731 -0.40296947], std=[0.08836433 0.229554  ]  (from phyworld_parabola_id1k.h5)
[ckpt] /data1/likun-share/junjxu/.stable_worldmodel/parabola_sw_w10p0_f4_id1k/parabola_sw_w10p0_f4_id1k_epoch_20_object.ckpt  tag=w10.0f4
  rolled out 100 trajs, t=32s
  rolled out 200 trajs, t=57s
  rolled out 300 trajs, t=82s
  rolled out 400 trajs, t=109s
  rolled out 500 trajs, t=134s

[data] 500 trajs, 14500 (frame,pred) pairs, emb dim=192
/home/likun-share/junjxu/wm/phyworld/scripts/rollout_eval_id1k.py:242: ConstantInputWarning: An input array is constant; the correlation coefficient is not defined.
  rhos = [pearsonr(vel_all[m][:, d], pv[:, d])[0] for d in range(vel_all.shape[1])]
/home/likun-share/junjxu/wm/phyworld/scripts/rollout_eval_id1k.py:242: NearConstantInputWarning: An input array is nearly constant; the computed correlation coefficient may be inaccurate.
  rhos = [pearsonr(vel_all[m][:, d], pv[:, d])[0] for d in range(vel_all.shape[1])]
/home/likun-share/junjxu/wm/phyworld/scripts/rollout_eval_id1k.py:242: NearConstantInputWarning: An input array is nearly constant; the computed correlation coefficient may be inaccurate.
  rhos = [pearsonr(vel_all[m][:, d], pv[:, d])[0] for d in range(vel_all.shape[1])]
/home/likun-share/junjxu/wm/le-wm/.venv/lib/python3.10/site-packages/sklearn/linear_model/_ridge.py:213: LinAlgWarning: Ill-conditioned matrix (rcond=5.64974e-08): result may not be accurate.
  return linalg.solve(A, Xy, assume_a="pos", overwrite_a=True).T
/home/likun-share/junjxu/wm/le-wm/.venv/lib/python3.10/site-packages/sklearn/linear_model/_ridge.py:213: LinAlgWarning: Ill-conditioned matrix (rcond=5.64975e-08): result may not be accurate.
  return linalg.solve(A, Xy, assume_a="pos", overwrite_a=True).T
/home/likun-share/junjxu/wm/phyworld/scripts/rollout_eval_id1k.py:296: ConstantInputWarning: An input array is constant; the correlation coefficient is not defined.
  rhos = [pearsonr(vel_all[m][:, d], pv[:, d])[0] for d in range(vel_all.shape[1])]
/home/likun-share/junjxu/wm/phyworld/scripts/rollout_eval_id1k.py:296: NearConstantInputWarning: An input array is nearly constant; the computed correlation coefficient may be inaccurate.
  rhos = [pearsonr(vel_all[m][:, d], pv[:, d])[0] for d in range(vel_all.shape[1])]
/home/likun-share/junjxu/wm/phyworld/scripts/rollout_eval_id1k.py:296: NearConstantInputWarning: An input array is nearly constant; the computed correlation coefficient may be inaccurate.
  rhos = [pearsonr(vel_all[m][:, d], pv[:, d])[0] for d in range(vel_all.shape[1])]

=== parabola AR ROLLOUT (LeWM ID-only FT, history_size=3) ===
--- latent fidelity (pred vs real emb), test trajs, by partition ---
  ID         n=  464  cos=+0.8117  nMSE=0.2750
  r/m-OOD    n=  319  cos=+0.8313  nMSE=0.1834
  v-OOD      n=  928  cos=+0.7748  nMSE=0.3193
  both-OOD   n= 1189  cos=+0.7664  nMSE=0.2896

--- latent fidelity vs horizon (test, aggregate) ---
  h=  1  n=  100  cos=+0.9775  nMSE=0.1032
  h=  2  n=  100  cos=+0.9533  nMSE=0.1285
  h=  4  n=  100  cos=+0.9225  nMSE=0.1724
  h=  8  n=  100  cos=+0.8977  nMSE=0.2664
  h= 16  n=  100  cos=+0.8097  nMSE=0.4277
  h= 28  n=  100  cos=+0.4881  nMSE=22556.9629

--- decoded pos/vel ρ from ROLLED-OUT latents (test), by partition ---
  [baseline] probe applied to REAL embs:
  REAL ID                   pos0ρ=+0.947  pos1ρ=+0.976  vel0ρ=+0.242  vel1ρ=+0.982
  REAL r/m-OOD              pos0ρ=+0.909  pos1ρ=+0.973  vel0ρ=+0.439  vel1ρ=+0.979
  REAL v-OOD                pos0ρ=+0.882  pos1ρ=+0.900  vel0ρ=+0.615  vel1ρ=+0.950
  REAL both-OOD             pos0ρ=+0.844  pos1ρ=+0.903  vel0ρ=+0.623  vel1ρ=+0.949
  [rollout] probe applied to PREDICTED embs:
  PRED ID                   pos0ρ=+0.942  pos1ρ=+0.983  vel0ρ=+0.291  vel1ρ=+0.983
  PRED r/m-OOD              pos0ρ=+0.867  pos1ρ=+0.968  vel0ρ=+0.264  vel1ρ=+0.968
  PRED v-OOD                pos0ρ=+0.896  pos1ρ=+0.946  vel0ρ=+0.360  vel1ρ=+0.969
  PRED both-OOD             pos0ρ=+0.820  pos1ρ=+0.947  vel0ρ=+0.305  vel1ρ=+0.958

--- decoded vel ρ from PRED latents vs horizon (test, aggregate) ---
  h=  1  n=  100  vel0ρ=+0.301  vel1ρ=+0.175
  h=  2  n=  100  vel0ρ=+0.384  vel1ρ=-0.364
  h=  4  n=  100  vel0ρ=+0.238  vel1ρ=-0.405
  h=  8  n=  100  vel0ρ=-0.140  vel1ρ=+nan
  h= 16  n=  100  vel0ρ=+0.802  vel1ρ=-0.011
  h= 28  n=  100  vel0ρ=-0.673  vel1ρ=+0.024

--- [K=4] decoded pos/vel ρ from ROLLED-OUT latents (test), by partition ---
  [K=4] probe applied to PREDICTED embs (stack 4 consecutive predicted latents):
  PRED-K4 ID          pos0ρ=+0.910  pos1ρ=+0.981  vel0ρ=+0.526  vel1ρ=+0.979
  PRED-K4 r/m-OOD     pos0ρ=+0.850  pos1ρ=+0.966  vel0ρ=+0.460  vel1ρ=+0.969
  PRED-K4 v-OOD       pos0ρ=+0.921  pos1ρ=+0.957  vel0ρ=+0.749  vel1ρ=+0.975
  PRED-K4 both-OOD    pos0ρ=+0.891  pos1ρ=+0.964  vel0ρ=+0.719  vel1ρ=+0.962

--- [K=4] decoded vel ρ from PRED latents vs horizon (test, aggregate) ---
  h=  4  n=  100  vel0ρ=+0.615  vel1ρ=-0.162
  h=  8  n=  100  vel0ρ=+0.721  vel1ρ=+nan
  h= 16  n=  100  vel0ρ=+0.761  vel1ρ=-0.082
  h= 28  n=  100  vel0ρ=+0.369  vel1ρ=+0.031

Total 135s
