[norm] action mean=[-0.01484401  0.          0.01575156  0.        ], std=[7.72976437e-02 1.00000000e-08 8.20558954e-02 1.00000000e-08]  (from phyworld_collision_id1k.h5)
[ckpt] /data1/likun-share/junjxu/.stable_worldmodel/collision_sw_w10p0_f4_id1k/collision_sw_w10p0_f4_id1k_epoch_20_object.ckpt  tag=w10.0f4
  rolled out 100 trajs, t=45s
  rolled out 200 trajs, t=71s
  rolled out 300 trajs, t=95s
  rolled out 400 trajs, t=112s
  rolled out 500 trajs, t=128s

[data] 500 trajs, 14500 (frame,pred) pairs, emb dim=192

=== collision AR ROLLOUT (LeWM ID-only FT, history_size=3) ===
--- latent fidelity (pred vs real emb), test trajs, by partition ---
  ID         n=  203  cos=+0.5307  nMSE=1.0858
  r/m-OOD    n=  754  cos=+0.7305  nMSE=0.6255
  v-OOD      n=  290  cos=+0.5190  nMSE=1.1745
  both-OOD   n= 1653  cos=+0.6075  nMSE=0.9353

--- latent fidelity vs horizon (test, aggregate) ---
  h=  1  n=  100  cos=+0.9862  nMSE=0.0324
  h=  2  n=  100  cos=+0.9687  nMSE=0.0716
  h=  4  n=  100  cos=+0.9147  nMSE=0.1900
  h=  8  n=  100  cos=+0.7951  nMSE=0.4915
  h= 16  n=  100  cos=+0.5556  nMSE=0.9511
  h= 28  n=  100  cos=+0.3813  nMSE=1.6184

--- decoded pos/vel ρ from ROLLED-OUT latents (test), by partition ---
  [baseline] probe applied to REAL embs:
  REAL ID                   pos0ρ=+0.886  pos1ρ=+0.925  vel0ρ=+0.737  vel1ρ=+0.724
  REAL r/m-OOD              pos0ρ=+0.804  pos1ρ=+0.758  vel0ρ=+0.774  vel1ρ=+0.721
  REAL v-OOD                pos0ρ=+0.927  pos1ρ=+0.915  vel0ρ=+0.704  vel1ρ=+0.738
  REAL both-OOD             pos0ρ=+0.902  pos1ρ=+0.860  vel0ρ=+0.900  vel1ρ=+0.776
  [rollout] probe applied to PREDICTED embs:
  PRED ID                   pos0ρ=+0.527  pos1ρ=+0.454  vel0ρ=+0.564  vel1ρ=+0.630
  PRED r/m-OOD              pos0ρ=+0.569  pos1ρ=+0.602  vel0ρ=+0.685  vel1ρ=+0.633
  PRED v-OOD                pos0ρ=+0.617  pos1ρ=+0.526  vel0ρ=+0.414  vel1ρ=+0.353
  PRED both-OOD             pos0ρ=+0.584  pos1ρ=+0.621  vel0ρ=+0.625  vel1ρ=+0.678

--- decoded vel ρ from PRED latents vs horizon (test, aggregate) ---
  h=  1  n=  100  vel0ρ=+0.159  vel1ρ=-0.023
  h=  2  n=  100  vel0ρ=+0.190  vel1ρ=+0.088
  h=  4  n=  100  vel0ρ=+0.215  vel1ρ=+0.242
  h=  8  n=  100  vel0ρ=+0.334  vel1ρ=+0.535
  h= 16  n=  100  vel0ρ=+0.754  vel1ρ=+0.738
  h= 28  n=  100  vel0ρ=+0.556  vel1ρ=+0.664

--- [K=4] decoded pos/vel ρ from ROLLED-OUT latents (test), by partition ---
  [K=4] probe applied to PREDICTED embs (stack 4 consecutive predicted latents):
  PRED-K4 ID          pos0ρ=+0.592  pos1ρ=+0.656  vel0ρ=+0.704  vel1ρ=+0.780
  PRED-K4 r/m-OOD     pos0ρ=+0.604  pos1ρ=+0.605  vel0ρ=+0.722  vel1ρ=+0.647
  PRED-K4 v-OOD       pos0ρ=+0.567  pos1ρ=+0.556  vel0ρ=+0.452  vel1ρ=+0.414
  PRED-K4 both-OOD    pos0ρ=+0.647  pos1ρ=+0.653  vel0ρ=+0.647  vel1ρ=+0.675

--- [K=4] decoded vel ρ from PRED latents vs horizon (test, aggregate) ---
  h=  4  n=  100  vel0ρ=+0.504  vel1ρ=+0.283
  h=  8  n=  100  vel0ρ=+0.645  vel1ρ=+0.519
  h= 16  n=  100  vel0ρ=+0.758  vel1ρ=+0.680
  h= 28  n=  100  vel0ρ=+0.459  vel1ρ=+0.727

Total 129s
