[norm] action mean=[ 0.24667731 -0.40296947], std=[0.08836433 0.229554  ]  (from phyworld_parabola_id1k.h5)
[ckpt] /data1/likun-share/junjxu/.stable_worldmodel/parabola_sw_w1p0_f1_id1k/parabola_sw_w1p0_f1_id1k_epoch_20_object.ckpt  tag=w1.0f1
  rolled out 100 trajs, t=27s
  rolled out 200 trajs, t=45s
  rolled out 300 trajs, t=62s
  rolled out 400 trajs, t=78s
  rolled out 500 trajs, t=93s

[data] 500 trajs, 14500 (frame,pred) pairs, emb dim=192
/home/likun-share/junjxu/wm/phyworld/scripts/rollout_eval_id1k.py:242: ConstantInputWarning: An input array is constant; the correlation coefficient is not defined.
  rhos = [pearsonr(vel_all[m][:, d], pv[:, d])[0] for d in range(vel_all.shape[1])]
/home/likun-share/junjxu/wm/phyworld/scripts/rollout_eval_id1k.py:242: NearConstantInputWarning: An input array is nearly constant; the computed correlation coefficient may be inaccurate.
  rhos = [pearsonr(vel_all[m][:, d], pv[:, d])[0] for d in range(vel_all.shape[1])]
/home/likun-share/junjxu/wm/phyworld/scripts/rollout_eval_id1k.py:242: NearConstantInputWarning: An input array is nearly constant; the computed correlation coefficient may be inaccurate.
  rhos = [pearsonr(vel_all[m][:, d], pv[:, d])[0] for d in range(vel_all.shape[1])]
/home/likun-share/junjxu/wm/phyworld/scripts/rollout_eval_id1k.py:296: ConstantInputWarning: An input array is constant; the correlation coefficient is not defined.
  rhos = [pearsonr(vel_all[m][:, d], pv[:, d])[0] for d in range(vel_all.shape[1])]
/home/likun-share/junjxu/wm/phyworld/scripts/rollout_eval_id1k.py:296: NearConstantInputWarning: An input array is nearly constant; the computed correlation coefficient may be inaccurate.
  rhos = [pearsonr(vel_all[m][:, d], pv[:, d])[0] for d in range(vel_all.shape[1])]
/home/likun-share/junjxu/wm/phyworld/scripts/rollout_eval_id1k.py:296: NearConstantInputWarning: An input array is nearly constant; the computed correlation coefficient may be inaccurate.
  rhos = [pearsonr(vel_all[m][:, d], pv[:, d])[0] for d in range(vel_all.shape[1])]

=== parabola AR ROLLOUT (LeWM ID-only FT, history_size=3) ===
--- latent fidelity (pred vs real emb), test trajs, by partition ---
  ID         n=  464  cos=+0.8111  nMSE=0.2609
  r/m-OOD    n=  319  cos=+0.7869  nMSE=0.2319
  v-OOD      n=  928  cos=+0.6414  nMSE=0.4908
  both-OOD   n= 1189  cos=+0.6184  nMSE=0.4225

--- latent fidelity vs horizon (test, aggregate) ---
  h=  1  n=  100  cos=+0.9703  nMSE=0.1011
  h=  2  n=  100  cos=+0.9413  nMSE=0.1379
  h=  4  n=  100  cos=+0.8902  nMSE=0.2155
  h=  8  n=  100  cos=+0.7953  nMSE=0.3326
  h= 16  n=  100  cos=+0.6460  nMSE=0.5742
  h= 28  n=  100  cos=+0.4650  nMSE=14482.0547

--- decoded pos/vel ρ from ROLLED-OUT latents (test), by partition ---
  [baseline] probe applied to REAL embs:
  REAL ID                   pos0ρ=+0.945  pos1ρ=+0.976  vel0ρ=+0.233  vel1ρ=+0.981
  REAL r/m-OOD              pos0ρ=+0.912  pos1ρ=+0.969  vel0ρ=+0.425  vel1ρ=+0.977
  REAL v-OOD                pos0ρ=+0.879  pos1ρ=+0.899  vel0ρ=+0.597  vel1ρ=+0.948
  REAL both-OOD             pos0ρ=+0.841  pos1ρ=+0.901  vel0ρ=+0.628  vel1ρ=+0.948
  [rollout] probe applied to PREDICTED embs:
  PRED ID                   pos0ρ=+0.922  pos1ρ=+0.982  vel0ρ=+0.246  vel1ρ=+0.981
  PRED r/m-OOD              pos0ρ=+0.812  pos1ρ=+0.954  vel0ρ=+0.419  vel1ρ=+0.942
  PRED v-OOD                pos0ρ=+0.899  pos1ρ=+0.959  vel0ρ=+0.687  vel1ρ=+0.963
  PRED both-OOD             pos0ρ=+0.827  pos1ρ=+0.944  vel0ρ=+0.646  vel1ρ=+0.939

--- decoded vel ρ from PRED latents vs horizon (test, aggregate) ---
  h=  1  n=  100  vel0ρ=+0.266  vel1ρ=-0.269
  h=  2  n=  100  vel0ρ=+0.390  vel1ρ=+0.248
  h=  4  n=  100  vel0ρ=+0.424  vel1ρ=+0.236
  h=  8  n=  100  vel0ρ=+0.580  vel1ρ=+nan
  h= 16  n=  100  vel0ρ=+0.928  vel1ρ=+0.080
  h= 28  n=  100  vel0ρ=+0.449  vel1ρ=-0.005

--- [K=4] decoded pos/vel ρ from ROLLED-OUT latents (test), by partition ---
  [K=4] probe applied to PREDICTED embs (stack 4 consecutive predicted latents):
  PRED-K4 ID          pos0ρ=+0.882  pos1ρ=+0.983  vel0ρ=+0.470  vel1ρ=+0.978
  PRED-K4 r/m-OOD     pos0ρ=+0.750  pos1ρ=+0.921  vel0ρ=+0.570  vel1ρ=+0.904
  PRED-K4 v-OOD       pos0ρ=+0.918  pos1ρ=+0.968  vel0ρ=+0.712  vel1ρ=+0.957
  PRED-K4 both-OOD    pos0ρ=+0.849  pos1ρ=+0.936  vel0ρ=+0.678  vel1ρ=+0.895

--- [K=4] decoded vel ρ from PRED latents vs horizon (test, aggregate) ---
  h=  4  n=  100  vel0ρ=+0.685  vel1ρ=+0.209
  h=  8  n=  100  vel0ρ=+0.574  vel1ρ=+nan
  h= 16  n=  100  vel0ρ=+0.887  vel1ρ=+0.092
  h= 28  n=  100  vel0ρ=-0.023  vel1ρ=-0.030

Total 94s
