[norm] action mean=[0.24667731 0.        ], std=[8.83643282e-02 1.00000000e-08]  (from phyworld_uniform_motion_id1k.h5)
[ckpt] /data1/likun-share/junjxu/.stable_worldmodel/uniform_sw_w10p0_f1_id1k/uniform_sw_w10p0_f1_id1k_epoch_20_object.ckpt  tag=w10.0f1
  rolled out 100 trajs, t=32s
  rolled out 200 trajs, t=48s
  rolled out 300 trajs, t=64s
  rolled out 400 trajs, t=79s
  rolled out 500 trajs, t=94s

[data] 500 trajs, 14500 (frame,pred) pairs, emb dim=192
/home/likun-share/junjxu/wm/phyworld/scripts/rollout_eval_id1k.py:197: ConstantInputWarning: An input array is constant; the correlation coefficient is not defined.
  rho = pearsonr(vel_all[mask][:, d], pv[:, d])[0]
/home/likun-share/junjxu/wm/phyworld/scripts/rollout_eval_id1k.py:197: ConstantInputWarning: An input array is constant; the correlation coefficient is not defined.
  rho = pearsonr(vel_all[mask][:, d], pv[:, d])[0]
/home/likun-share/junjxu/wm/phyworld/scripts/rollout_eval_id1k.py:197: ConstantInputWarning: An input array is constant; the correlation coefficient is not defined.
  rho = pearsonr(vel_all[mask][:, d], pv[:, d])[0]
/home/likun-share/junjxu/wm/phyworld/scripts/rollout_eval_id1k.py:197: ConstantInputWarning: An input array is constant; the correlation coefficient is not defined.
  rho = pearsonr(vel_all[mask][:, d], pv[:, d])[0]
/home/likun-share/junjxu/wm/phyworld/scripts/rollout_eval_id1k.py:197: ConstantInputWarning: An input array is constant; the correlation coefficient is not defined.
  rho = pearsonr(vel_all[mask][:, d], pv[:, d])[0]
/home/likun-share/junjxu/wm/phyworld/scripts/rollout_eval_id1k.py:197: ConstantInputWarning: An input array is constant; the correlation coefficient is not defined.
  rho = pearsonr(vel_all[mask][:, d], pv[:, d])[0]
/home/likun-share/junjxu/wm/phyworld/scripts/rollout_eval_id1k.py:197: ConstantInputWarning: An input array is constant; the correlation coefficient is not defined.
  rho = pearsonr(vel_all[mask][:, d], pv[:, d])[0]
/home/likun-share/junjxu/wm/phyworld/scripts/rollout_eval_id1k.py:197: ConstantInputWarning: An input array is constant; the correlation coefficient is not defined.
  rho = pearsonr(vel_all[mask][:, d], pv[:, d])[0]
/home/likun-share/junjxu/wm/phyworld/scripts/rollout_eval_id1k.py:242: ConstantInputWarning: An input array is constant; the correlation coefficient is not defined.
  rhos = [pearsonr(vel_all[m][:, d], pv[:, d])[0] for d in range(vel_all.shape[1])]
/home/likun-share/junjxu/wm/phyworld/scripts/rollout_eval_id1k.py:242: ConstantInputWarning: An input array is constant; the correlation coefficient is not defined.
  rhos = [pearsonr(vel_all[m][:, d], pv[:, d])[0] for d in range(vel_all.shape[1])]
/home/likun-share/junjxu/wm/phyworld/scripts/rollout_eval_id1k.py:242: ConstantInputWarning: An input array is constant; the correlation coefficient is not defined.
  rhos = [pearsonr(vel_all[m][:, d], pv[:, d])[0] for d in range(vel_all.shape[1])]
/home/likun-share/junjxu/wm/phyworld/scripts/rollout_eval_id1k.py:242: ConstantInputWarning: An input array is constant; the correlation coefficient is not defined.
  rhos = [pearsonr(vel_all[m][:, d], pv[:, d])[0] for d in range(vel_all.shape[1])]
/home/likun-share/junjxu/wm/phyworld/scripts/rollout_eval_id1k.py:242: ConstantInputWarning: An input array is constant; the correlation coefficient is not defined.
  rhos = [pearsonr(vel_all[m][:, d], pv[:, d])[0] for d in range(vel_all.shape[1])]
/home/likun-share/junjxu/wm/phyworld/scripts/rollout_eval_id1k.py:242: ConstantInputWarning: An input array is constant; the correlation coefficient is not defined.
  rhos = [pearsonr(vel_all[m][:, d], pv[:, d])[0] for d in range(vel_all.shape[1])]
/home/likun-share/junjxu/wm/phyworld/scripts/rollout_eval_id1k.py:288: ConstantInputWarning: An input array is constant; the correlation coefficient is not defined.
  line += f"  vel{d}ρ={pearsonr(vel_all[m][:, d], pv[:, d])[0]:+.3f}"
/home/likun-share/junjxu/wm/phyworld/scripts/rollout_eval_id1k.py:288: ConstantInputWarning: An input array is constant; the correlation coefficient is not defined.
  line += f"  vel{d}ρ={pearsonr(vel_all[m][:, d], pv[:, d])[0]:+.3f}"
/home/likun-share/junjxu/wm/phyworld/scripts/rollout_eval_id1k.py:288: ConstantInputWarning: An input array is constant; the correlation coefficient is not defined.
  line += f"  vel{d}ρ={pearsonr(vel_all[m][:, d], pv[:, d])[0]:+.3f}"
/home/likun-share/junjxu/wm/phyworld/scripts/rollout_eval_id1k.py:288: ConstantInputWarning: An input array is constant; the correlation coefficient is not defined.
  line += f"  vel{d}ρ={pearsonr(vel_all[m][:, d], pv[:, d])[0]:+.3f}"
/home/likun-share/junjxu/wm/phyworld/scripts/rollout_eval_id1k.py:296: ConstantInputWarning: An input array is constant; the correlation coefficient is not defined.
  rhos = [pearsonr(vel_all[m][:, d], pv[:, d])[0] for d in range(vel_all.shape[1])]
/home/likun-share/junjxu/wm/phyworld/scripts/rollout_eval_id1k.py:296: ConstantInputWarning: An input array is constant; the correlation coefficient is not defined.
  rhos = [pearsonr(vel_all[m][:, d], pv[:, d])[0] for d in range(vel_all.shape[1])]
/home/likun-share/junjxu/wm/phyworld/scripts/rollout_eval_id1k.py:296: ConstantInputWarning: An input array is constant; the correlation coefficient is not defined.
  rhos = [pearsonr(vel_all[m][:, d], pv[:, d])[0] for d in range(vel_all.shape[1])]
/home/likun-share/junjxu/wm/phyworld/scripts/rollout_eval_id1k.py:296: ConstantInputWarning: An input array is constant; the correlation coefficient is not defined.
  rhos = [pearsonr(vel_all[m][:, d], pv[:, d])[0] for d in range(vel_all.shape[1])]

=== uniform_motion AR ROLLOUT (LeWM ID-only FT, history_size=3) ===
--- latent fidelity (pred vs real emb), test trajs, by partition ---
  ID         n=  406  cos=+0.9371  nMSE=0.1205
  r/m-OOD    n=  464  cos=+0.9140  nMSE=0.2225
  v-OOD      n=  841  cos=+0.9248  nMSE=0.1707
  both-OOD   n= 1189  cos=+0.9098  nMSE=0.2181

--- latent fidelity vs horizon (test, aggregate) ---
  h=  1  n=  100  cos=+0.9891  nMSE=0.0614
  h=  2  n=  100  cos=+0.9835  nMSE=0.0812
  h=  4  n=  100  cos=+0.9712  nMSE=0.1125
  h=  8  n=  100  cos=+0.9440  nMSE=0.1610
  h= 16  n=  100  cos=+0.8973  nMSE=0.2219
  h= 28  n=  100  cos=+0.8825  nMSE=0.3330

--- decoded pos/vel ρ from ROLLED-OUT latents (test), by partition ---
  [baseline] probe applied to REAL embs:
  REAL ID                   pos0ρ=+0.979  pos1ρ=+0.981  vel0ρ=+0.272  vel1ρ=+nan
  REAL r/m-OOD              pos0ρ=+0.939  pos1ρ=+0.910  vel0ρ=+0.006  vel1ρ=+nan
  REAL v-OOD                pos0ρ=+0.952  pos1ρ=+0.823  vel0ρ=+0.457  vel1ρ=+nan
  REAL both-OOD             pos0ρ=+0.947  pos1ρ=+0.852  vel0ρ=+0.658  vel1ρ=+nan
  [rollout] probe applied to PREDICTED embs:
  PRED ID                   pos0ρ=+0.958  pos1ρ=+0.953  vel0ρ=+0.383  vel1ρ=+nan
  PRED r/m-OOD              pos0ρ=+0.911  pos1ρ=+0.830  vel0ρ=+0.230  vel1ρ=+nan
  PRED v-OOD                pos0ρ=+0.961  pos1ρ=+0.787  vel0ρ=+0.522  vel1ρ=+nan
  PRED both-OOD             pos0ρ=+0.919  pos1ρ=+0.638  vel0ρ=+0.746  vel1ρ=+nan

--- decoded vel ρ from PRED latents vs horizon (test, aggregate) ---
  h=  1  n=  100  vel0ρ=-0.038  vel1ρ=+nan
  h=  2  n=  100  vel0ρ=+0.045  vel1ρ=+nan
  h=  4  n=  100  vel0ρ=+0.197  vel1ρ=+nan
  h=  8  n=  100  vel0ρ=+0.239  vel1ρ=+nan
  h= 16  n=  100  vel0ρ=+0.819  vel1ρ=+nan
  h= 28  n=  100  vel0ρ=+0.890  vel1ρ=+nan

--- [K=4] decoded pos/vel ρ from ROLLED-OUT latents (test), by partition ---
  [K=4] probe applied to PREDICTED embs (stack 4 consecutive predicted latents):
  PRED-K4 ID          pos0ρ=+0.946  pos1ρ=+0.958  vel0ρ=+0.787  vel1ρ=+nan
  PRED-K4 r/m-OOD     pos0ρ=+0.904  pos1ρ=+0.863  vel0ρ=+0.802  vel1ρ=+nan
  PRED-K4 v-OOD       pos0ρ=+0.969  pos1ρ=+0.805  vel0ρ=+0.949  vel1ρ=+nan
  PRED-K4 both-OOD    pos0ρ=+0.928  pos1ρ=+0.644  vel0ρ=+0.955  vel1ρ=+nan

--- [K=4] decoded vel ρ from PRED latents vs horizon (test, aggregate) ---
  h=  4  n=  100  vel0ρ=+0.913  vel1ρ=+nan
  h=  8  n=  100  vel0ρ=+0.942  vel1ρ=+nan
  h= 16  n=  100  vel0ρ=+0.912  vel1ρ=+nan
  h= 28  n=  100  vel0ρ=+0.934  vel1ρ=+nan

Total 94s
