=== SWEEP START Fri Jun  5 22:35:39 CST 2026 on GPUs 0 1 2 3 4 5 6 7 ===
  STABLEWM_HOME=/data1/likun-share/junjxu/.stable_worldmodel
  Total configs: 27
[train 22:35:39] parabola_sw_w0p1_f1_id1k on GPU0
[train 22:35:39] parabola_sw_w0p1_f2_id1k on GPU1
[train 22:35:39] parabola_sw_w0p1_f4_id1k on GPU2
[train 22:35:39] parabola_sw_w1p0_f1_id1k on GPU3
[train 22:35:39] parabola_sw_w1p0_f2_id1k on GPU4
[train 22:35:39] parabola_sw_w1p0_f4_id1k on GPU5
[train 22:35:39] parabola_sw_w10p0_f1_id1k on GPU6
[train 22:35:39] parabola_sw_w10p0_f2_id1k on GPU7
[train 22:35:39] uniform_sw_w0p1_f1_id1k on GPU1
[train 22:35:39] parabola_sw_w10p0_f4_id1k on GPU0
[train 22:35:39] uniform_sw_w0p1_f2_id1k on GPU2
[train 22:35:39] uniform_sw_w0p1_f4_id1k on GPU3
[train 22:35:39] uniform_sw_w1p0_f1_id1k on GPU4
[train 22:35:39] uniform_sw_w1p0_f2_id1k on GPU5
[train 22:35:39] uniform_sw_w1p0_f4_id1k on GPU6
[train 22:35:39] uniform_sw_w10p0_f1_id1k on GPU7
[train 22:35:39] uniform_sw_w10p0_f2_id1k on GPU0
[train 22:35:39] uniform_sw_w10p0_f4_id1k on GPU1
[train 22:35:39] collision_sw_w0p1_f1_id1k on GPU2
[train 22:35:39] collision_sw_w0p1_f2_id1k on GPU3
[train 22:35:39] collision_sw_w0p1_f4_id1k on GPU4
[train 22:35:39] collision_sw_w1p0_f2_id1k on GPU6
[train 22:35:39] collision_sw_w1p0_f4_id1k on GPU7
[train 22:35:39] collision_sw_w10p0_f1_id1k on GPU0
[train 22:35:39] collision_sw_w10p0_f2_id1k on GPU1
[train 22:35:39] collision_sw_w1p0_f1_id1k on GPU5
[train 22:35:39] collision_sw_w10p0_f4_id1k on GPU2
[train done 23:19:11] parabola_sw_w0p1_f1_id1k (exit 0)
[train done 23:19:49] collision_sw_w0p1_f4_id1k (exit 0)
[eval done 23:22:21] collision_sw_w0p1_f4_id1k
[eval done 23:22:22] parabola_sw_w0p1_f1_id1k
[train done 23:24:06] parabola_sw_w10p0_f4_id1k (exit 0)
[eval done 23:26:28] parabola_sw_w10p0_f4_id1k
[train done 23:28:10] uniform_sw_w0p1_f2_id1k (exit 0)
[train done 23:28:21] collision_sw_w1p0_f4_id1k (exit 0)
[train done 23:29:02] collision_sw_w10p0_f2_id1k (exit 0)
[train done 23:29:24] collision_sw_w10p0_f4_id1k (exit 0)
[train done 23:29:34] uniform_sw_w10p0_f4_id1k (exit 0)
[train done 23:29:43] uniform_sw_w0p1_f4_id1k (exit 0)
[train done 23:30:17] parabola_sw_w0p1_f2_id1k (exit 0)
[train done 23:30:26] uniform_sw_w0p1_f1_id1k (exit 0)
[train done 23:30:43] parabola_sw_w1p0_f2_id1k (exit 0)
[train done 23:30:57] parabola_sw_w10p0_f1_id1k (exit 0)
[train done 23:31:08] collision_sw_w1p0_f1_id1k (exit 0)
[train done 23:31:11] collision_sw_w0p1_f2_id1k (exit 0)
[train done 23:31:13] uniform_sw_w1p0_f1_id1k (exit 0)
[eval done 23:31:13] collision_sw_w10p0_f2_id1k
[eval done 23:31:13] collision_sw_w1p0_f4_id1k
[eval done 23:31:13] uniform_sw_w0p1_f2_id1k
[train done 23:31:17] collision_sw_w10p0_f1_id1k (exit 0)
[train done 23:31:20] uniform_sw_w10p0_f1_id1k (exit 0)
[train done 23:31:23] collision_sw_w0p1_f1_id1k (exit 0)
[train done 23:31:25] parabola_sw_w1p0_f1_id1k (exit 0)
[train done 23:31:27] uniform_sw_w10p0_f2_id1k (exit 0)
[train done 23:31:28] uniform_sw_w1p0_f2_id1k (exit 0)
[train done 23:31:30] parabola_sw_w10p0_f2_id1k (exit 0)
[eval done 23:31:31] uniform_sw_w10p0_f4_id1k
[train done 23:31:34] parabola_sw_w0p1_f4_id1k (exit 0)
[eval done 23:31:39] collision_sw_w10p0_f4_id1k
[train done 23:31:42] collision_sw_w1p0_f2_id1k (exit 0)
[eval done 23:31:57] uniform_sw_w0p1_f4_id1k
[train done 23:32:19] uniform_sw_w1p0_f4_id1k (exit 0)
[eval done 23:32:26] parabola_sw_w1p0_f2_id1k
[eval done 23:32:28] parabola_sw_w0p1_f2_id1k
[eval done 23:32:29] uniform_sw_w0p1_f1_id1k
[eval done 23:32:50] parabola_sw_w10p0_f1_id1k
[eval done 23:32:51] collision_sw_w1p0_f1_id1k
[eval done 23:32:56] collision_sw_w0p1_f2_id1k
[eval done 23:32:59] uniform_sw_w10p0_f1_id1k
[eval done 23:32:59] uniform_sw_w1p0_f1_id1k
[eval done 23:32:59] collision_sw_w10p0_f1_id1k
[eval done 23:33:00] collision_sw_w0p1_f1_id1k
[eval done 23:33:01] uniform_sw_w10p0_f2_id1k
[eval done 23:33:02] parabola_sw_w10p0_f2_id1k
[eval done 23:33:02] parabola_sw_w1p0_f1_id1k
[eval done 23:33:04] parabola_sw_w0p1_f4_id1k
[eval done 23:33:11] uniform_sw_w1p0_f2_id1k
[eval done 23:33:14] collision_sw_w1p0_f2_id1k
[train done 23:33:30] parabola_sw_w1p0_f4_id1k (exit 0)
[eval done 23:33:34] uniform_sw_w1p0_f4_id1k
[eval done 23:34:34] parabola_sw_w1p0_f4_id1k
=== SWEEP ALL DONE Fri Jun  5 23:34:34 CST 2026 ===
