[ckpt] /data1/likun-share/junjxu/.stable_worldmodel/collision_baseline_fr_id1k/collision_baseline_fr_id1k_epoch_20_object.ckpt  tag=baseline  mode=amnesic  clamp=every-step
  encoded 50 trajs, t=4s
  encoded 100 trajs, t=6s
  encoded 150 trajs, t=8s
[data] 150 trajs, emb dim=192, t=8s
[probe R2 on train]  full=0.806  slot=0.009  bb=0.806

[clean rollout] t=8s
  clean decoded rho from PRED latents (both-OOD, test): +0.599 / +0.582   n=464
  clean latent nMSE (pred vs real, test focus): 0.2899

=== AMNESIC PROJECTION on the black box (slot left intact) ===
  INLP removed rank 154 of 190 to drive position R2 0.806 -> 0.051  [HIT ITERATION CAP -- position NOT erased]
    R2 trace every 5 removals: 0.806 -> 0.710 -> 0.662 -> 0.604 -> 0.545 -> 0.487 -> 0.446 -> 0.417 -> 0.398 -> 0.356 -> 0.331 -> 0.299 -> 0.264 -> 0.241 -> 0.171 -> 0.100
  variance removed: INLP 0.249 of total; rank-matched random 0.805; variance-matched random 0.772
  (slot-side INLP removed rank 0 of 2; trace 0.009)
  bb: position removed (INLP)      nMSE=0.9473
      read-full  rho=-0.076/-0.586  (clean +0.599/+0.582)
      read-bb    rho=-0.094/-0.589  (clean +0.594/+0.585)
      read-slot  rho=+0.108/-0.134  (clean +0.276/+0.357)
  bb: random rank-154 (control)    nMSE=1.0941
      read-full  rho=+0.003/-0.022  (clean +0.599/+0.582)
      read-bb    rho=+0.006/-0.021  (clean +0.594/+0.585)
      read-slot  rho=+0.020/-0.019  (clean +0.276/+0.357)
  bb: random rank-154, var-matched (control) nMSE=1.0832
      read-full  rho=+0.060/-0.036  (clean +0.599/+0.582)
      read-bb    rho=+0.059/-0.035  (clean +0.594/+0.585)
      read-slot  rho=+0.003/-0.018  (clean +0.276/+0.357)
  slot: position removed           nMSE=0.2899
      read-full  rho=+0.599/+0.582  (clean +0.599/+0.582)
      read-bb    rho=+0.594/+0.585  (clean +0.594/+0.585)
      read-slot  rho=+0.276/+0.357  (clean +0.276/+0.357)

[done] t=82s
