[ckpt] /data1/likun-share/junjxu/.stable_worldmodel/collision_structpos_fr_pw30_id1k/collision_structpos_fr_pw30_id1k_epoch_20_object.ckpt  tag=structpos  mode=amnesic  clamp=every-step
  encoded 50 trajs, t=5s
  encoded 100 trajs, t=6s
  encoded 150 trajs, t=8s
[data] 150 trajs, emb dim=192, t=8s
[probe R2 on train]  full=0.850  slot=0.402  bb=0.850

[clean rollout] t=8s
  clean decoded rho from PRED latents (both-OOD, test): +0.741 / +0.856   n=464
  clean latent nMSE (pred vs real, test focus): 0.3803

=== AMNESIC PROJECTION on the black box (slot left intact) ===
  INLP removed rank 152 of 190 to drive position R2 0.850 -> 0.106  [HIT ITERATION CAP -- position NOT erased]
    R2 trace every 5 removals: 0.850 -> 0.803 -> 0.765 -> 0.728 -> 0.685 -> 0.643 -> 0.609 -> 0.568 -> 0.525 -> 0.492 -> 0.446 -> 0.410 -> 0.384 -> 0.321 -> 0.243 -> 0.171
  variance removed: INLP 0.179 of total; rank-matched random 0.793; variance-matched random 0.767
  (slot-side INLP removed rank 2 of 2; trace 0.402 -> 0.000)
  bb: position removed (INLP)      nMSE=1.1080
      read-full  rho=+0.062/-0.039  (clean +0.741/+0.856)
      read-bb    rho=+0.027/-0.034  (clean +0.724/+0.857)
      read-slot  rho=+0.368/-0.147  (clean +0.918/+0.609)
  bb: random rank-152 (control)    nMSE=1.1058
      read-full  rho=+0.112/+0.054  (clean +0.741/+0.856)
      read-bb    rho=+0.109/+0.052  (clean +0.724/+0.857)
      read-slot  rho=+0.154/-0.108  (clean +0.918/+0.609)
  bb: random rank-152, var-matched (control) nMSE=1.1089
      read-full  rho=+0.109/+0.019  (clean +0.741/+0.856)
      read-bb    rho=+0.086/+0.018  (clean +0.724/+0.857)
      read-slot  rho=+0.150/-0.108  (clean +0.918/+0.609)
  slot: position removed           nMSE=0.4408
      read-full  rho=+0.476/+0.811  (clean +0.741/+0.856)
      read-bb    rho=+0.478/+0.811  (clean +0.724/+0.857)
      read-slot  rho=+0.877/+0.680  (clean +0.918/+0.609)

[done] t=81s
