[ckpt] /data1/likun-share/junjxu/.stable_worldmodel/parabola_baseline_fr_id1k/parabola_baseline_fr_id1k_epoch_20_object.ckpt  tag=baseline  mode=amnesic  clamp=every-step
  encoded 50 trajs, t=4s
  encoded 100 trajs, t=5s
  encoded 150 trajs, t=6s
[data] 150 trajs, emb dim=192, t=6s
[probe R2 on train]  full=0.704  slot=0.018  bb=0.704

[clean rollout] t=6s
  clean decoded rho from PRED latents (both-OOD, test): +0.532 / +0.542   n=435
  clean latent nMSE (pred vs real, test focus): 0.3775

=== AMNESIC PROJECTION on the black box (slot left intact) ===
  INLP removed rank 146 of 190 to drive position R2 0.704 -> 0.049
    R2 trace every 5 removals: 0.704 -> 0.563 -> 0.512 -> 0.477 -> 0.442 -> 0.403 -> 0.377 -> 0.360 -> 0.340 -> 0.312 -> 0.286 -> 0.270 -> 0.248 -> 0.208 -> 0.141 -> 0.079
  variance removed: INLP 0.206 of total; rank-matched random 0.768; variance-matched random 0.738
  (slot-side INLP removed rank 0 of 2; trace 0.018)
  bb: position removed (INLP)      nMSE=0.8446
      read-full  rho=+0.267/+0.341  (clean +0.532/+0.542)
      read-bb    rho=+0.259/+0.370  (clean +0.526/+0.547)
      read-slot  rho=+0.035/+0.056  (clean +0.334/+0.207)
  bb: random rank-146 (control)    nMSE=1.0635
      read-full  rho=+0.200/+0.707  (clean +0.532/+0.542)
      read-bb    rho=+0.190/+0.779  (clean +0.526/+0.547)
      read-slot  rho=+0.075/-0.603  (clean +0.334/+0.207)
  bb: random rank-146, var-matched (control) nMSE=1.0466
      read-full  rho=+0.207/+0.509  (clean +0.532/+0.542)
      read-bb    rho=+0.213/+0.624  (clean +0.526/+0.547)
      read-slot  rho=+0.163/-0.672  (clean +0.334/+0.207)
  slot: position removed           nMSE=0.3775
      read-full  rho=+0.532/+0.542  (clean +0.532/+0.542)
      read-bb    rho=+0.526/+0.547  (clean +0.526/+0.547)
      read-slot  rho=+0.334/+0.207  (clean +0.334/+0.207)

[done] t=81s
