[ckpt] /data1/likun-share/junjxu/.stable_worldmodel/parabola_structpos_fr_pw30_id1k/parabola_structpos_fr_pw30_id1k_epoch_20_object.ckpt  tag=structpos  mode=amnesic  clamp=every-step
  encoded 50 trajs, t=4s
  encoded 100 trajs, t=6s
  encoded 150 trajs, t=7s
[data] 150 trajs, emb dim=192, t=7s
[probe R2 on train]  full=0.779  slot=0.752  bb=0.714

[clean rollout] t=7s
  clean decoded rho from PRED latents (both-OOD, test): +0.487 / +0.970   n=435
  clean latent nMSE (pred vs real, test focus): 0.5123

=== AMNESIC PROJECTION on the black box (slot left intact) ===
  INLP removed rank 152 of 190 to drive position R2 0.714 -> 0.132  [HIT ITERATION CAP -- position NOT erased]
    R2 trace every 5 removals: 0.714 -> 0.589 -> 0.532 -> 0.505 -> 0.481 -> 0.462 -> 0.430 -> 0.399 -> 0.373 -> 0.354 -> 0.330 -> 0.303 -> 0.289 -> 0.270 -> 0.235 -> 0.184
  variance removed: INLP 0.223 of total; rank-matched random 0.782; variance-matched random 0.767
  (slot-side INLP removed rank 2 of 2; trace 0.752 -> 0.000)
  bb: position removed (INLP)      nMSE=0.8881
      read-full  rho=+0.366/+0.968  (clean +0.487/+0.970)
      read-bb    rho=+0.313/+0.772  (clean +0.175/+0.779)
      read-slot  rho=+0.388/+0.969  (clean +0.538/+0.972)
  bb: random rank-152 (control)    nMSE=1.0138
      read-full  rho=+0.359/+0.965  (clean +0.487/+0.970)
      read-bb    rho=+0.412/+0.762  (clean +0.175/+0.779)
      read-slot  rho=+0.377/+0.972  (clean +0.538/+0.972)
  bb: random rank-152, var-matched (control) nMSE=0.9902
      read-full  rho=+0.348/+0.962  (clean +0.487/+0.970)
      read-bb    rho=+0.395/+0.901  (clean +0.175/+0.779)
      read-slot  rho=+0.381/+0.973  (clean +0.538/+0.972)
  slot: position removed           nMSE=0.5062
      read-full  rho=+0.434/+0.972  (clean +0.487/+0.970)
      read-bb    rho=+0.038/+0.651  (clean +0.175/+0.779)
      read-slot  rho=+0.506/+0.974  (clean +0.538/+0.972)

[done] t=81s
