[ckpt] /data1/likun-share/junjxu/.stable_worldmodel/uniform_motion_structpos_fr_pw30_id1k/uniform_motion_structpos_fr_pw30_id1k_epoch_20_object.ckpt  tag=structpos  mode=amnesic  clamp=every-step
  encoded 50 trajs, t=4s
  encoded 100 trajs, t=5s
  encoded 150 trajs, t=6s
[data] 150 trajs, emb dim=192, t=6s
[probe R2 on train]  full=0.895  slot=0.875  bb=0.885

[clean rollout] t=6s
  clean decoded rho from PRED latents (both-OOD, test): +0.963 / +0.833   n=377
  clean latent nMSE (pred vs real, test focus): 0.1110

=== AMNESIC PROJECTION on the black box (slot left intact) ===
  INLP removed rank 154 of 190 to drive position R2 0.885 -> 0.150  [HIT ITERATION CAP -- position NOT erased]
    R2 trace every 5 removals: 0.885 -> 0.832 -> 0.785 -> 0.744 -> 0.702 -> 0.646 -> 0.608 -> 0.573 -> 0.546 -> 0.520 -> 0.491 -> 0.466 -> 0.439 -> 0.400 -> 0.330 -> 0.235
  variance removed: INLP 0.174 of total; rank-matched random 0.819; variance-matched random 0.772
  (slot-side INLP removed rank 2 of 2; trace 0.875 -> 0.000)
  bb: position removed (INLP)      nMSE=0.6077
      read-full  rho=+0.837/+0.604  (clean +0.963/+0.833)
      read-bb    rho=+0.472/+0.596  (clean +0.916/+0.825)
      read-slot  rho=+0.839/+0.586  (clean +0.956/+0.821)
  bb: random rank-154 (control)    nMSE=1.1163
      read-full  rho=+0.717/+0.229  (clean +0.963/+0.833)
      read-bb    rho=+0.684/+0.224  (clean +0.916/+0.825)
      read-slot  rho=+0.709/+0.171  (clean +0.956/+0.821)
  bb: random rank-154, var-matched (control) nMSE=1.1062
      read-full  rho=+0.744/+0.252  (clean +0.963/+0.833)
      read-bb    rho=+0.747/+0.271  (clean +0.916/+0.825)
      read-slot  rho=+0.730/+0.206  (clean +0.956/+0.821)
  slot: position removed           nMSE=0.3952
      read-full  rho=+0.776/+0.681  (clean +0.963/+0.833)
      read-bb    rho=+0.699/+0.659  (clean +0.916/+0.825)
      read-slot  rho=+0.768/+0.660  (clean +0.956/+0.821)

[done] t=84s
