[ckpt] /data1/likun-share/junjxu/.stable_worldmodel/uniform_motion_baseline_fr_id1k/uniform_motion_baseline_fr_id1k_epoch_20_object.ckpt  tag=baseline  mode=amnesic  clamp=every-step
  encoded 50 trajs, t=4s
  encoded 100 trajs, t=5s
  encoded 150 trajs, t=6s
[data] 150 trajs, emb dim=192, t=6s
[probe R2 on train]  full=0.888  slot=0.059  bb=0.888

[clean rollout] t=6s
  clean decoded rho from PRED latents (both-OOD, test): +0.943 / +0.791   n=377
  clean latent nMSE (pred vs real, test focus): 0.1078

=== AMNESIC PROJECTION on the black box (slot left intact) ===
  INLP removed rank 148 of 190 to drive position R2 0.888 -> 0.049
    R2 trace every 5 removals: 0.888 -> 0.842 -> 0.815 -> 0.775 -> 0.731 -> 0.688 -> 0.635 -> 0.592 -> 0.555 -> 0.514 -> 0.468 -> 0.429 -> 0.385 -> 0.293 -> 0.179 -> 0.094
  variance removed: INLP 0.267 of total; rank-matched random 0.780; variance-matched random 0.750
  (slot-side INLP removed rank 2 of 2; trace 0.059 -> 0.000)
  bb: position removed (INLP)      nMSE=0.9239
      read-full  rho=+0.477/+0.175  (clean +0.943/+0.791)
      read-bb    rho=+0.512/+0.198  (clean +0.942/+0.796)
      read-slot  rho=+0.406/+0.053  (clean +0.528/-0.116)
  bb: random rank-148 (control)    nMSE=1.0365
      read-full  rho=+0.453/+0.127  (clean +0.943/+0.791)
      read-bb    rho=+0.455/+0.115  (clean +0.942/+0.796)
      read-slot  rho=+0.490/-0.389  (clean +0.528/-0.116)
  bb: random rank-148, var-matched (control) nMSE=1.0285
      read-full  rho=+0.618/-0.083  (clean +0.943/+0.791)
      read-bb    rho=+0.624/-0.081  (clean +0.942/+0.796)
      read-slot  rho=+0.484/-0.382  (clean +0.528/-0.116)
  slot: position removed           nMSE=0.2105
      read-full  rho=+0.917/+0.775  (clean +0.943/+0.791)
      read-bb    rho=+0.916/+0.785  (clean +0.942/+0.796)
      read-slot  rho=+0.613/-0.047  (clean +0.528/-0.116)

[done] t=82s
