[norm] action mean=[0.24667731 0.        ] std=[8.83643282e-02 1.00000000e-08]
[decoder] /data1/likun-share/junjxu/runs/decoder_viz/universal_proj/udecoder_lam0.pt  emb_dim=192
  100 trajs, t=20s
  200 trajs, t=34s
  300 trajs, t=48s
  400 trajs, t=63s
  500 trajs, t=77s
  600 trajs, t=91s
  700 trajs, t=105s
  800 trajs, t=119s

=== PIXEL ROLLOUT | uniform_motion | tag=lam0 | enc=uniform_motion_paperinit_id1k_epoch_20_object.ckpt ===
--- predicted-future-frame PSNR vs true frame, by partition ---
partition   PRED PSNR  REAL(ceil)     gap       n
ID              24.37       38.19   13.82    3712
r/m-OOD         18.50       34.81   16.31    3393
v-OOD           23.64       38.21   14.57    6177
both-OOD        20.01       36.75   16.74    9918

--- predicted-future-frame PSNR vs horizon (aggregate) ---
   h  PRED PSNR  REAL(ceil)     gap       n
   1      26.49       35.29    8.81     800
   2      24.18       35.51   11.33     800
   4      22.27       35.54   13.27     800
   8      20.59       36.19   15.60     800
  16      20.57       37.22   16.65     800
  28      20.64       39.15   18.51     800

[saved] pxroll_lam0.json  (800 trajs, 119s)
