[norm] action mean=[0.24667731 0.        ] std=[8.83643282e-02 1.00000000e-08]
[decoder] /data1/likun-share/junjxu/runs/decoder_viz/universal_proj/udecoder_lam0p3.pt  emb_dim=192
  100 trajs, t=20s
  200 trajs, t=34s
  300 trajs, t=48s
  400 trajs, t=63s
  500 trajs, t=77s
  600 trajs, t=91s
  700 trajs, t=106s
  800 trajs, t=120s

=== PIXEL ROLLOUT | uniform_motion | tag=lam0p3 | enc=uniform_posonly_w0p3_id1k_epoch_20_object.ckpt ===
--- predicted-future-frame PSNR vs true frame, by partition ---
partition   PRED PSNR  REAL(ceil)     gap       n
ID              24.30       38.75   14.45    3712
r/m-OOD         18.78       35.35   16.57    3393
v-OOD           23.48       39.40   15.92    6177
both-OOD        19.98       37.11   17.13    9918

--- predicted-future-frame PSNR vs horizon (aggregate) ---
   h  PRED PSNR  REAL(ceil)     gap       n
   1      29.26       36.49    7.24     800
   2      26.16       36.58   10.41     800
   4      23.18       36.28   13.10     800
   8      20.97       36.95   15.98     800
  16      20.65       37.54   16.88     800
  28      20.03       39.35   19.32     800

[saved] pxroll_lam0p3.json  (800 trajs, 120s)
