[norm] action mean=[0.24667731 0.        ] std=[8.83643282e-02 1.00000000e-08]
[decoder] /data1/likun-share/junjxu/runs/decoder_viz/universal_proj/udecoder_lam1.pt  emb_dim=192
  100 trajs, t=20s
  200 trajs, t=35s
  300 trajs, t=50s
  400 trajs, t=65s
  500 trajs, t=80s
  600 trajs, t=95s
  700 trajs, t=110s
  800 trajs, t=125s

=== PIXEL ROLLOUT | uniform_motion | tag=lam1 | enc=uniform_motion_piwm_probe_id1k_epoch_20_object.ckpt ===
--- predicted-future-frame PSNR vs true frame, by partition ---
partition   PRED PSNR  REAL(ceil)     gap       n
ID              24.71       39.20   14.49    3712
r/m-OOD         18.54       35.74   17.19    3393
v-OOD           23.60       39.64   16.04    6177
both-OOD        19.88       37.65   17.77    9918

--- predicted-future-frame PSNR vs horizon (aggregate) ---
   h  PRED PSNR  REAL(ceil)     gap       n
   1      26.90       36.89    9.99     800
   2      24.90       37.13   12.22     800
   4      23.23       37.34   14.11     800
   8      21.15       37.32   16.17     800
  16      20.59       37.88   17.29     800
  28      19.93       39.65   19.72     800

[saved] pxroll_lam1.json  (800 trajs, 125s)
