[norm] action mean=[0.24667731 0.        ] std=[8.83643282e-02 1.00000000e-08]
[decoder] /data1/likun-share/junjxu/runs/decoder_viz/universal_proj/udecoder_lam10.pt  emb_dim=192
  100 trajs, t=20s
  200 trajs, t=34s
  300 trajs, t=48s
  400 trajs, t=63s
  500 trajs, t=77s
  600 trajs, t=91s
  700 trajs, t=106s
  800 trajs, t=120s

=== PIXEL ROLLOUT | uniform_motion | tag=lam10 | enc=uniform_posonly_w10p0_id1k_epoch_20_object.ckpt ===
--- predicted-future-frame PSNR vs true frame, by partition ---
partition   PRED PSNR  REAL(ceil)     gap       n
ID              26.35       36.89   10.53    3712
r/m-OOD         18.87       35.19   16.33    3393
v-OOD           24.23       38.25   14.03    6177
both-OOD        20.01       36.88   16.87    9918

--- predicted-future-frame PSNR vs horizon (aggregate) ---
   h  PRED PSNR  REAL(ceil)     gap       n
   1      28.91       35.79    6.87     800
   2      26.16       35.97    9.81     800
   4      23.77       36.17   12.40     800
   8      21.63       36.05   14.42     800
  16      20.81       36.96   16.15     800
  28      20.12       38.63   18.51     800

[saved] pxroll_lam10.json  (800 trajs, 120s)
