[norm] action mean=[0.24667731 0.        ] std=[8.83643282e-02 1.00000000e-08]
[decoder] /data1/likun-share/junjxu/runs/decoder_viz/universal_proj/udecoder_lam3.pt  emb_dim=192
  100 trajs, t=20s
  200 trajs, t=34s
  300 trajs, t=48s
  400 trajs, t=63s
  500 trajs, t=77s
  600 trajs, t=91s
  700 trajs, t=105s
  800 trajs, t=119s

=== PIXEL ROLLOUT | uniform_motion | tag=lam3 | enc=uniform_posonly_w3p0_id1k_epoch_20_object.ckpt ===
--- predicted-future-frame PSNR vs true frame, by partition ---
partition   PRED PSNR  REAL(ceil)     gap       n
ID              25.16       37.70   12.54    3712
r/m-OOD         18.63       35.02   16.39    3393
v-OOD           23.33       38.74   15.41    6177
both-OOD        19.58       37.24   17.66    9918

--- predicted-future-frame PSNR vs horizon (aggregate) ---
   h  PRED PSNR  REAL(ceil)     gap       n
   1      26.07       36.21   10.14     800
   2      24.06       36.17   12.11     800
   4      22.33       36.35   14.03     800
   8      20.58       36.66   16.08     800
  16      20.52       37.11   16.60     800
  28      20.01       38.95   18.94     800

[saved] pxroll_lam3.json  (800 trajs, 119s)
