[norm] action mean=[0.24667731 0.        ], std=[8.83643282e-02 1.00000000e-08]  (from phyworld_uniform_motion_id1k.h5)
[ckpt] /data1/likun-share/junjxu/.stable_worldmodel/uniform_motion_piwm_probe_id1k/uniform_motion_piwm_probe_id1k_epoch_20_object.ckpt  tag=lam1
  rolled out 100 trajs, t=18s
  rolled out 200 trajs, t=31s
  rolled out 300 trajs, t=45s
  rolled out 400 trajs, t=57s
  rolled out 500 trajs, t=71s
  rolled out 600 trajs, t=83s
  rolled out 700 trajs, t=96s
  rolled out 800 trajs, t=110s
  rolled out 900 trajs, t=124s
  rolled out 1000 trajs, t=138s
  rolled out 1100 trajs, t=151s

[data] 1152 trajs, 33408 (frame,pred) pairs, emb dim=192
/home/likun-share/junjxu/wm/phyworld/scripts/rollout_eval_id1k.py:197: ConstantInputWarning: An input array is constant; the correlation coefficient is not defined.
  rho = pearsonr(vel_all[mask][:, d], pv[:, d])[0]
/home/likun-share/junjxu/wm/phyworld/scripts/rollout_eval_id1k.py:197: ConstantInputWarning: An input array is constant; the correlation coefficient is not defined.
  rho = pearsonr(vel_all[mask][:, d], pv[:, d])[0]
/home/likun-share/junjxu/wm/phyworld/scripts/rollout_eval_id1k.py:197: ConstantInputWarning: An input array is constant; the correlation coefficient is not defined.
  rho = pearsonr(vel_all[mask][:, d], pv[:, d])[0]
/home/likun-share/junjxu/wm/phyworld/scripts/rollout_eval_id1k.py:197: ConstantInputWarning: An input array is constant; the correlation coefficient is not defined.
  rho = pearsonr(vel_all[mask][:, d], pv[:, d])[0]
/home/likun-share/junjxu/wm/phyworld/scripts/rollout_eval_id1k.py:197: ConstantInputWarning: An input array is constant; the correlation coefficient is not defined.
  rho = pearsonr(vel_all[mask][:, d], pv[:, d])[0]
/home/likun-share/junjxu/wm/phyworld/scripts/rollout_eval_id1k.py:197: ConstantInputWarning: An input array is constant; the correlation coefficient is not defined.
  rho = pearsonr(vel_all[mask][:, d], pv[:, d])[0]
/home/likun-share/junjxu/wm/phyworld/scripts/rollout_eval_id1k.py:197: ConstantInputWarning: An input array is constant; the correlation coefficient is not defined.
  rho = pearsonr(vel_all[mask][:, d], pv[:, d])[0]
/home/likun-share/junjxu/wm/phyworld/scripts/rollout_eval_id1k.py:197: ConstantInputWarning: An input array is constant; the correlation coefficient is not defined.
  rho = pearsonr(vel_all[mask][:, d], pv[:, d])[0]
/home/likun-share/junjxu/wm/phyworld/scripts/rollout_eval_id1k.py:242: ConstantInputWarning: An input array is constant; the correlation coefficient is not defined.
  rhos = [pearsonr(vel_all[m][:, d], pv[:, d])[0] for d in range(vel_all.shape[1])]
/home/likun-share/junjxu/wm/phyworld/scripts/rollout_eval_id1k.py:242: ConstantInputWarning: An input array is constant; the correlation coefficient is not defined.
  rhos = [pearsonr(vel_all[m][:, d], pv[:, d])[0] for d in range(vel_all.shape[1])]
/home/likun-share/junjxu/wm/phyworld/scripts/rollout_eval_id1k.py:242: ConstantInputWarning: An input array is constant; the correlation coefficient is not defined.
  rhos = [pearsonr(vel_all[m][:, d], pv[:, d])[0] for d in range(vel_all.shape[1])]
/home/likun-share/junjxu/wm/phyworld/scripts/rollout_eval_id1k.py:242: ConstantInputWarning: An input array is constant; the correlation coefficient is not defined.
  rhos = [pearsonr(vel_all[m][:, d], pv[:, d])[0] for d in range(vel_all.shape[1])]
/home/likun-share/junjxu/wm/phyworld/scripts/rollout_eval_id1k.py:242: ConstantInputWarning: An input array is constant; the correlation coefficient is not defined.
  rhos = [pearsonr(vel_all[m][:, d], pv[:, d])[0] for d in range(vel_all.shape[1])]
/home/likun-share/junjxu/wm/phyworld/scripts/rollout_eval_id1k.py:242: ConstantInputWarning: An input array is constant; the correlation coefficient is not defined.
  rhos = [pearsonr(vel_all[m][:, d], pv[:, d])[0] for d in range(vel_all.shape[1])]
/home/likun-share/junjxu/wm/phyworld/scripts/rollout_eval_id1k.py:288: ConstantInputWarning: An input array is constant; the correlation coefficient is not defined.
  line += f"  vel{d}ρ={pearsonr(vel_all[m][:, d], pv[:, d])[0]:+.3f}"
/home/likun-share/junjxu/wm/phyworld/scripts/rollout_eval_id1k.py:288: ConstantInputWarning: An input array is constant; the correlation coefficient is not defined.
  line += f"  vel{d}ρ={pearsonr(vel_all[m][:, d], pv[:, d])[0]:+.3f}"
/home/likun-share/junjxu/wm/phyworld/scripts/rollout_eval_id1k.py:288: ConstantInputWarning: An input array is constant; the correlation coefficient is not defined.
  line += f"  vel{d}ρ={pearsonr(vel_all[m][:, d], pv[:, d])[0]:+.3f}"
/home/likun-share/junjxu/wm/phyworld/scripts/rollout_eval_id1k.py:288: ConstantInputWarning: An input array is constant; the correlation coefficient is not defined.
  line += f"  vel{d}ρ={pearsonr(vel_all[m][:, d], pv[:, d])[0]:+.3f}"
/home/likun-share/junjxu/wm/phyworld/scripts/rollout_eval_id1k.py:296: ConstantInputWarning: An input array is constant; the correlation coefficient is not defined.
  rhos = [pearsonr(vel_all[m][:, d], pv[:, d])[0] for d in range(vel_all.shape[1])]
/home/likun-share/junjxu/wm/phyworld/scripts/rollout_eval_id1k.py:296: ConstantInputWarning: An input array is constant; the correlation coefficient is not defined.
  rhos = [pearsonr(vel_all[m][:, d], pv[:, d])[0] for d in range(vel_all.shape[1])]
/home/likun-share/junjxu/wm/phyworld/scripts/rollout_eval_id1k.py:296: ConstantInputWarning: An input array is constant; the correlation coefficient is not defined.
  rhos = [pearsonr(vel_all[m][:, d], pv[:, d])[0] for d in range(vel_all.shape[1])]
/home/likun-share/junjxu/wm/phyworld/scripts/rollout_eval_id1k.py:296: ConstantInputWarning: An input array is constant; the correlation coefficient is not defined.
  rhos = [pearsonr(vel_all[m][:, d], pv[:, d])[0] for d in range(vel_all.shape[1])]

=== uniform_motion AR ROLLOUT (LeWM ID-only FT, history_size=3) ===
--- latent fidelity (pred vs real emb), test trajs, by partition ---
  ID         n= 1015  cos=+0.9690  nMSE=0.0634
  r/m-OOD    n= 1247  cos=+0.8331  nMSE=0.3680
  v-OOD      n= 2117  cos=+0.9286  nMSE=0.1673
  both-OOD   n= 2291  cos=+0.8482  nMSE=0.3585

--- latent fidelity vs horizon (test, aggregate) ---
  h=  1  n=  230  cos=+0.9929  nMSE=0.0144
  h=  2  n=  230  cos=+0.9842  nMSE=0.0306
  h=  4  n=  230  cos=+0.9682  nMSE=0.0613
  h=  8  n=  230  cos=+0.9318  nMSE=0.1325
  h= 16  n=  230  cos=+0.8554  nMSE=0.2802
  h= 28  n=  230  cos=+0.8441  nMSE=0.5308

--- decoded pos/vel ρ from ROLLED-OUT latents (test), by partition ---
  [baseline] probe applied to REAL embs:
  REAL ID                   pos0ρ=+0.976  pos1ρ=+0.977  vel0ρ=+0.296  vel1ρ=+nan
  REAL r/m-OOD              pos0ρ=+0.975  pos1ρ=+0.965  vel0ρ=+0.292  vel1ρ=+nan
  REAL v-OOD                pos0ρ=+0.967  pos1ρ=+0.882  vel0ρ=+0.550  vel1ρ=+nan
  REAL both-OOD             pos0ρ=+0.962  pos1ρ=+0.908  vel0ρ=+0.584  vel1ρ=+nan
  [rollout] probe applied to PREDICTED embs:
  PRED ID                   pos0ρ=+0.973  pos1ρ=+0.968  vel0ρ=+0.386  vel1ρ=+nan
  PRED r/m-OOD              pos0ρ=+0.913  pos1ρ=+0.870  vel0ρ=+0.294  vel1ρ=+nan
  PRED v-OOD                pos0ρ=+0.952  pos1ρ=+0.829  vel0ρ=+0.603  vel1ρ=+nan
  PRED both-OOD             pos0ρ=+0.886  pos1ρ=+0.812  vel0ρ=+0.666  vel1ρ=+nan

--- decoded vel ρ from PRED latents vs horizon (test, aggregate) ---
  h=  1  n=  230  vel0ρ=-0.057  vel1ρ=+nan
  h=  2  n=  230  vel0ρ=+0.117  vel1ρ=+nan
  h=  4  n=  230  vel0ρ=+0.096  vel1ρ=+nan
  h=  8  n=  230  vel0ρ=+0.285  vel1ρ=+nan
  h= 16  n=  230  vel0ρ=+0.804  vel1ρ=+nan
  h= 28  n=  230  vel0ρ=+0.888  vel1ρ=+nan

--- [K=4] decoded pos/vel ρ from ROLLED-OUT latents (test), by partition ---
  [K=4] probe applied to PREDICTED embs (stack 4 consecutive predicted latents):
  PRED-K4 ID          pos0ρ=+0.973  pos1ρ=+0.982  vel0ρ=+0.818  vel1ρ=+nan
  PRED-K4 r/m-OOD     pos0ρ=+0.894  pos1ρ=+0.894  vel0ρ=+0.800  vel1ρ=+nan
  PRED-K4 v-OOD       pos0ρ=+0.962  pos1ρ=+0.850  vel0ρ=+0.936  vel1ρ=+nan
  PRED-K4 both-OOD    pos0ρ=+0.897  pos1ρ=+0.831  vel0ρ=+0.888  vel1ρ=+nan

--- [K=4] decoded vel ρ from PRED latents vs horizon (test, aggregate) ---
  h=  4  n=  230  vel0ρ=+0.875  vel1ρ=+nan
  h=  8  n=  230  vel0ρ=+0.894  vel1ρ=+nan
  h= 16  n=  230  vel0ρ=+0.889  vel1ρ=+nan
  h= 28  n=  230  vel0ρ=+0.944  vel1ρ=+nan

Total 160s
