[norm] action mean=[0.24667731 0.        ], std=[8.83643282e-02 1.00000000e-08]  (from phyworld_uniform_motion_id1k.h5)
[ckpt] /data1/likun-share/junjxu/.stable_worldmodel/uniform_posonly_w3p0_id1k/uniform_posonly_w3p0_id1k_epoch_20_object.ckpt  tag=lam3
  rolled out 100 trajs, t=20s
  rolled out 200 trajs, t=35s
  rolled out 300 trajs, t=49s
  rolled out 400 trajs, t=63s
  rolled out 500 trajs, t=77s
  rolled out 600 trajs, t=91s
  rolled out 700 trajs, t=105s
  rolled out 800 trajs, t=120s
  rolled out 900 trajs, t=134s
  rolled out 1000 trajs, t=149s
  rolled out 1100 trajs, t=165s

[data] 1152 trajs, 33408 (frame,pred) pairs, emb dim=192
/home/likun-share/junjxu/wm/phyworld/scripts/rollout_eval_id1k.py:197: ConstantInputWarning: An input array is constant; the correlation coefficient is not defined.
  rho = pearsonr(vel_all[mask][:, d], pv[:, d])[0]
/home/likun-share/junjxu/wm/phyworld/scripts/rollout_eval_id1k.py:197: ConstantInputWarning: An input array is constant; the correlation coefficient is not defined.
  rho = pearsonr(vel_all[mask][:, d], pv[:, d])[0]
/home/likun-share/junjxu/wm/phyworld/scripts/rollout_eval_id1k.py:197: ConstantInputWarning: An input array is constant; the correlation coefficient is not defined.
  rho = pearsonr(vel_all[mask][:, d], pv[:, d])[0]
/home/likun-share/junjxu/wm/phyworld/scripts/rollout_eval_id1k.py:197: ConstantInputWarning: An input array is constant; the correlation coefficient is not defined.
  rho = pearsonr(vel_all[mask][:, d], pv[:, d])[0]
/home/likun-share/junjxu/wm/phyworld/scripts/rollout_eval_id1k.py:197: ConstantInputWarning: An input array is constant; the correlation coefficient is not defined.
  rho = pearsonr(vel_all[mask][:, d], pv[:, d])[0]
/home/likun-share/junjxu/wm/phyworld/scripts/rollout_eval_id1k.py:197: ConstantInputWarning: An input array is constant; the correlation coefficient is not defined.
  rho = pearsonr(vel_all[mask][:, d], pv[:, d])[0]
/home/likun-share/junjxu/wm/phyworld/scripts/rollout_eval_id1k.py:197: ConstantInputWarning: An input array is constant; the correlation coefficient is not defined.
  rho = pearsonr(vel_all[mask][:, d], pv[:, d])[0]
/home/likun-share/junjxu/wm/phyworld/scripts/rollout_eval_id1k.py:197: ConstantInputWarning: An input array is constant; the correlation coefficient is not defined.
  rho = pearsonr(vel_all[mask][:, d], pv[:, d])[0]
/home/likun-share/junjxu/wm/phyworld/scripts/rollout_eval_id1k.py:242: ConstantInputWarning: An input array is constant; the correlation coefficient is not defined.
  rhos = [pearsonr(vel_all[m][:, d], pv[:, d])[0] for d in range(vel_all.shape[1])]
/home/likun-share/junjxu/wm/phyworld/scripts/rollout_eval_id1k.py:242: ConstantInputWarning: An input array is constant; the correlation coefficient is not defined.
  rhos = [pearsonr(vel_all[m][:, d], pv[:, d])[0] for d in range(vel_all.shape[1])]
/home/likun-share/junjxu/wm/phyworld/scripts/rollout_eval_id1k.py:242: ConstantInputWarning: An input array is constant; the correlation coefficient is not defined.
  rhos = [pearsonr(vel_all[m][:, d], pv[:, d])[0] for d in range(vel_all.shape[1])]
/home/likun-share/junjxu/wm/phyworld/scripts/rollout_eval_id1k.py:242: ConstantInputWarning: An input array is constant; the correlation coefficient is not defined.
  rhos = [pearsonr(vel_all[m][:, d], pv[:, d])[0] for d in range(vel_all.shape[1])]
/home/likun-share/junjxu/wm/phyworld/scripts/rollout_eval_id1k.py:242: ConstantInputWarning: An input array is constant; the correlation coefficient is not defined.
  rhos = [pearsonr(vel_all[m][:, d], pv[:, d])[0] for d in range(vel_all.shape[1])]
/home/likun-share/junjxu/wm/phyworld/scripts/rollout_eval_id1k.py:242: ConstantInputWarning: An input array is constant; the correlation coefficient is not defined.
  rhos = [pearsonr(vel_all[m][:, d], pv[:, d])[0] for d in range(vel_all.shape[1])]
/home/likun-share/junjxu/wm/phyworld/scripts/rollout_eval_id1k.py:288: ConstantInputWarning: An input array is constant; the correlation coefficient is not defined.
  line += f"  vel{d}ρ={pearsonr(vel_all[m][:, d], pv[:, d])[0]:+.3f}"
/home/likun-share/junjxu/wm/phyworld/scripts/rollout_eval_id1k.py:288: ConstantInputWarning: An input array is constant; the correlation coefficient is not defined.
  line += f"  vel{d}ρ={pearsonr(vel_all[m][:, d], pv[:, d])[0]:+.3f}"
/home/likun-share/junjxu/wm/phyworld/scripts/rollout_eval_id1k.py:288: ConstantInputWarning: An input array is constant; the correlation coefficient is not defined.
  line += f"  vel{d}ρ={pearsonr(vel_all[m][:, d], pv[:, d])[0]:+.3f}"
/home/likun-share/junjxu/wm/phyworld/scripts/rollout_eval_id1k.py:288: ConstantInputWarning: An input array is constant; the correlation coefficient is not defined.
  line += f"  vel{d}ρ={pearsonr(vel_all[m][:, d], pv[:, d])[0]:+.3f}"
/home/likun-share/junjxu/wm/phyworld/scripts/rollout_eval_id1k.py:296: ConstantInputWarning: An input array is constant; the correlation coefficient is not defined.
  rhos = [pearsonr(vel_all[m][:, d], pv[:, d])[0] for d in range(vel_all.shape[1])]
/home/likun-share/junjxu/wm/phyworld/scripts/rollout_eval_id1k.py:296: ConstantInputWarning: An input array is constant; the correlation coefficient is not defined.
  rhos = [pearsonr(vel_all[m][:, d], pv[:, d])[0] for d in range(vel_all.shape[1])]
/home/likun-share/junjxu/wm/phyworld/scripts/rollout_eval_id1k.py:296: ConstantInputWarning: An input array is constant; the correlation coefficient is not defined.
  rhos = [pearsonr(vel_all[m][:, d], pv[:, d])[0] for d in range(vel_all.shape[1])]
/home/likun-share/junjxu/wm/phyworld/scripts/rollout_eval_id1k.py:296: ConstantInputWarning: An input array is constant; the correlation coefficient is not defined.
  rhos = [pearsonr(vel_all[m][:, d], pv[:, d])[0] for d in range(vel_all.shape[1])]

=== uniform_motion AR ROLLOUT (LeWM ID-only FT, history_size=3) ===
--- latent fidelity (pred vs real emb), test trajs, by partition ---
  ID         n= 1015  cos=+0.9747  nMSE=0.0517
  r/m-OOD    n= 1247  cos=+0.8810  nMSE=0.2808
  v-OOD      n= 2117  cos=+0.9191  nMSE=0.1791
  both-OOD   n= 2291  cos=+0.8802  nMSE=0.2991

--- latent fidelity vs horizon (test, aggregate) ---
  h=  1  n=  230  cos=+0.9948  nMSE=0.0113
  h=  2  n=  230  cos=+0.9885  nMSE=0.0250
  h=  4  n=  230  cos=+0.9727  nMSE=0.0614
  h=  8  n=  230  cos=+0.9392  nMSE=0.1367
  h= 16  n=  230  cos=+0.8375  nMSE=0.2956
  h= 28  n=  230  cos=+0.8738  nMSE=0.4097

--- decoded pos/vel ρ from ROLLED-OUT latents (test), by partition ---
  [baseline] probe applied to REAL embs:
  REAL ID                   pos0ρ=+0.983  pos1ρ=+0.977  vel0ρ=+0.279  vel1ρ=+nan
  REAL r/m-OOD              pos0ρ=+0.977  pos1ρ=+0.965  vel0ρ=+0.282  vel1ρ=+nan
  REAL v-OOD                pos0ρ=+0.967  pos1ρ=+0.883  vel0ρ=+0.551  vel1ρ=+nan
  REAL both-OOD             pos0ρ=+0.963  pos1ρ=+0.909  vel0ρ=+0.547  vel1ρ=+nan
  [rollout] probe applied to PREDICTED embs:
  PRED ID                   pos0ρ=+0.977  pos1ρ=+0.973  vel0ρ=+0.283  vel1ρ=+nan
  PRED r/m-OOD              pos0ρ=+0.944  pos1ρ=+0.925  vel0ρ=+0.371  vel1ρ=+nan
  PRED v-OOD                pos0ρ=+0.966  pos1ρ=+0.856  vel0ρ=+0.578  vel1ρ=+nan
  PRED both-OOD             pos0ρ=+0.947  pos1ρ=+0.804  vel0ρ=+0.574  vel1ρ=+nan

--- decoded vel ρ from PRED latents vs horizon (test, aggregate) ---
  h=  1  n=  230  vel0ρ=+0.011  vel1ρ=+nan
  h=  2  n=  230  vel0ρ=+0.232  vel1ρ=+nan
  h=  4  n=  230  vel0ρ=+0.187  vel1ρ=+nan
  h=  8  n=  230  vel0ρ=+0.070  vel1ρ=+nan
  h= 16  n=  230  vel0ρ=+0.728  vel1ρ=+nan
  h= 28  n=  230  vel0ρ=+0.894  vel1ρ=+nan

--- [K=4] decoded pos/vel ρ from ROLLED-OUT latents (test), by partition ---
  [K=4] probe applied to PREDICTED embs (stack 4 consecutive predicted latents):
  PRED-K4 ID          pos0ρ=+0.979  pos1ρ=+0.986  vel0ρ=+0.862  vel1ρ=+nan
  PRED-K4 r/m-OOD     pos0ρ=+0.941  pos1ρ=+0.952  vel0ρ=+0.779  vel1ρ=+nan
  PRED-K4 v-OOD       pos0ρ=+0.974  pos1ρ=+0.874  vel0ρ=+0.949  vel1ρ=+nan
  PRED-K4 both-OOD    pos0ρ=+0.955  pos1ρ=+0.830  vel0ρ=+0.928  vel1ρ=+nan

--- [K=4] decoded vel ρ from PRED latents vs horizon (test, aggregate) ---
  h=  4  n=  230  vel0ρ=+0.897  vel1ρ=+nan
  h=  8  n=  230  vel0ρ=+0.913  vel1ρ=+nan
  h= 16  n=  230  vel0ρ=+0.891  vel1ρ=+nan
  h= 28  n=  230  vel0ρ=+0.946  vel1ρ=+nan

Total 173s
