[norm] action mean=[0.24667731 0.        ], std=[8.83643282e-02 1.00000000e-08]  (from phyworld_uniform_motion_id1k.h5)
[ckpt] /data1/likun-share/junjxu/.stable_worldmodel/uniform_posonly_w0p3_id1k/uniform_posonly_w0p3_id1k_epoch_20_object.ckpt  tag=lam0p3
  rolled out 100 trajs, t=19s
  rolled out 200 trajs, t=33s
  rolled out 300 trajs, t=46s
  rolled out 400 trajs, t=60s
  rolled out 500 trajs, t=73s
  rolled out 600 trajs, t=87s
  rolled out 700 trajs, t=100s
  rolled out 800 trajs, t=115s
  rolled out 900 trajs, t=129s
  rolled out 1000 trajs, t=143s
  rolled out 1100 trajs, t=158s

[data] 1152 trajs, 33408 (frame,pred) pairs, emb dim=192
/home/likun-share/junjxu/wm/phyworld/scripts/rollout_eval_id1k.py:197: ConstantInputWarning: An input array is constant; the correlation coefficient is not defined.
  rho = pearsonr(vel_all[mask][:, d], pv[:, d])[0]
/home/likun-share/junjxu/wm/phyworld/scripts/rollout_eval_id1k.py:197: ConstantInputWarning: An input array is constant; the correlation coefficient is not defined.
  rho = pearsonr(vel_all[mask][:, d], pv[:, d])[0]
/home/likun-share/junjxu/wm/phyworld/scripts/rollout_eval_id1k.py:197: ConstantInputWarning: An input array is constant; the correlation coefficient is not defined.
  rho = pearsonr(vel_all[mask][:, d], pv[:, d])[0]
/home/likun-share/junjxu/wm/phyworld/scripts/rollout_eval_id1k.py:197: ConstantInputWarning: An input array is constant; the correlation coefficient is not defined.
  rho = pearsonr(vel_all[mask][:, d], pv[:, d])[0]
/home/likun-share/junjxu/wm/phyworld/scripts/rollout_eval_id1k.py:197: ConstantInputWarning: An input array is constant; the correlation coefficient is not defined.
  rho = pearsonr(vel_all[mask][:, d], pv[:, d])[0]
/home/likun-share/junjxu/wm/phyworld/scripts/rollout_eval_id1k.py:197: ConstantInputWarning: An input array is constant; the correlation coefficient is not defined.
  rho = pearsonr(vel_all[mask][:, d], pv[:, d])[0]
/home/likun-share/junjxu/wm/phyworld/scripts/rollout_eval_id1k.py:197: ConstantInputWarning: An input array is constant; the correlation coefficient is not defined.
  rho = pearsonr(vel_all[mask][:, d], pv[:, d])[0]
/home/likun-share/junjxu/wm/phyworld/scripts/rollout_eval_id1k.py:197: ConstantInputWarning: An input array is constant; the correlation coefficient is not defined.
  rho = pearsonr(vel_all[mask][:, d], pv[:, d])[0]
/home/likun-share/junjxu/wm/phyworld/scripts/rollout_eval_id1k.py:242: ConstantInputWarning: An input array is constant; the correlation coefficient is not defined.
  rhos = [pearsonr(vel_all[m][:, d], pv[:, d])[0] for d in range(vel_all.shape[1])]
/home/likun-share/junjxu/wm/phyworld/scripts/rollout_eval_id1k.py:242: ConstantInputWarning: An input array is constant; the correlation coefficient is not defined.
  rhos = [pearsonr(vel_all[m][:, d], pv[:, d])[0] for d in range(vel_all.shape[1])]
/home/likun-share/junjxu/wm/phyworld/scripts/rollout_eval_id1k.py:242: ConstantInputWarning: An input array is constant; the correlation coefficient is not defined.
  rhos = [pearsonr(vel_all[m][:, d], pv[:, d])[0] for d in range(vel_all.shape[1])]
/home/likun-share/junjxu/wm/phyworld/scripts/rollout_eval_id1k.py:242: ConstantInputWarning: An input array is constant; the correlation coefficient is not defined.
  rhos = [pearsonr(vel_all[m][:, d], pv[:, d])[0] for d in range(vel_all.shape[1])]
/home/likun-share/junjxu/wm/phyworld/scripts/rollout_eval_id1k.py:242: ConstantInputWarning: An input array is constant; the correlation coefficient is not defined.
  rhos = [pearsonr(vel_all[m][:, d], pv[:, d])[0] for d in range(vel_all.shape[1])]
/home/likun-share/junjxu/wm/phyworld/scripts/rollout_eval_id1k.py:242: ConstantInputWarning: An input array is constant; the correlation coefficient is not defined.
  rhos = [pearsonr(vel_all[m][:, d], pv[:, d])[0] for d in range(vel_all.shape[1])]
/home/likun-share/junjxu/wm/phyworld/scripts/rollout_eval_id1k.py:288: ConstantInputWarning: An input array is constant; the correlation coefficient is not defined.
  line += f"  vel{d}ρ={pearsonr(vel_all[m][:, d], pv[:, d])[0]:+.3f}"
/home/likun-share/junjxu/wm/phyworld/scripts/rollout_eval_id1k.py:288: ConstantInputWarning: An input array is constant; the correlation coefficient is not defined.
  line += f"  vel{d}ρ={pearsonr(vel_all[m][:, d], pv[:, d])[0]:+.3f}"
/home/likun-share/junjxu/wm/phyworld/scripts/rollout_eval_id1k.py:288: ConstantInputWarning: An input array is constant; the correlation coefficient is not defined.
  line += f"  vel{d}ρ={pearsonr(vel_all[m][:, d], pv[:, d])[0]:+.3f}"
/home/likun-share/junjxu/wm/phyworld/scripts/rollout_eval_id1k.py:288: ConstantInputWarning: An input array is constant; the correlation coefficient is not defined.
  line += f"  vel{d}ρ={pearsonr(vel_all[m][:, d], pv[:, d])[0]:+.3f}"
/home/likun-share/junjxu/wm/phyworld/scripts/rollout_eval_id1k.py:296: ConstantInputWarning: An input array is constant; the correlation coefficient is not defined.
  rhos = [pearsonr(vel_all[m][:, d], pv[:, d])[0] for d in range(vel_all.shape[1])]
/home/likun-share/junjxu/wm/phyworld/scripts/rollout_eval_id1k.py:296: ConstantInputWarning: An input array is constant; the correlation coefficient is not defined.
  rhos = [pearsonr(vel_all[m][:, d], pv[:, d])[0] for d in range(vel_all.shape[1])]
/home/likun-share/junjxu/wm/phyworld/scripts/rollout_eval_id1k.py:296: ConstantInputWarning: An input array is constant; the correlation coefficient is not defined.
  rhos = [pearsonr(vel_all[m][:, d], pv[:, d])[0] for d in range(vel_all.shape[1])]
/home/likun-share/junjxu/wm/phyworld/scripts/rollout_eval_id1k.py:296: ConstantInputWarning: An input array is constant; the correlation coefficient is not defined.
  rhos = [pearsonr(vel_all[m][:, d], pv[:, d])[0] for d in range(vel_all.shape[1])]

=== uniform_motion AR ROLLOUT (LeWM ID-only FT, history_size=3) ===
--- latent fidelity (pred vs real emb), test trajs, by partition ---
  ID         n= 1015  cos=+0.9694  nMSE=0.0631
  r/m-OOD    n= 1247  cos=+0.8583  nMSE=0.2809
  v-OOD      n= 2117  cos=+0.9272  nMSE=0.1668
  both-OOD   n= 2291  cos=+0.8424  nMSE=0.3423

--- latent fidelity vs horizon (test, aggregate) ---
  h=  1  n=  230  cos=+0.9930  nMSE=0.0135
  h=  2  n=  230  cos=+0.9866  nMSE=0.0259
  h=  4  n=  230  cos=+0.9635  nMSE=0.0645
  h=  8  n=  230  cos=+0.9172  nMSE=0.1404
  h= 16  n=  230  cos=+0.8306  nMSE=0.2821
  h= 28  n=  230  cos=+0.8609  nMSE=0.4648

--- decoded pos/vel ρ from ROLLED-OUT latents (test), by partition ---
  [baseline] probe applied to REAL embs:
  REAL ID                   pos0ρ=+0.981  pos1ρ=+0.977  vel0ρ=+0.344  vel1ρ=+nan
  REAL r/m-OOD              pos0ρ=+0.973  pos1ρ=+0.964  vel0ρ=+0.311  vel1ρ=+nan
  REAL v-OOD                pos0ρ=+0.967  pos1ρ=+0.883  vel0ρ=+0.569  vel1ρ=+nan
  REAL both-OOD             pos0ρ=+0.962  pos1ρ=+0.907  vel0ρ=+0.554  vel1ρ=+nan
  [rollout] probe applied to PREDICTED embs:
  PRED ID                   pos0ρ=+0.974  pos1ρ=+0.968  vel0ρ=+0.337  vel1ρ=+nan
  PRED r/m-OOD              pos0ρ=+0.891  pos1ρ=+0.897  vel0ρ=+0.392  vel1ρ=+nan
  PRED v-OOD                pos0ρ=+0.965  pos1ρ=+0.869  vel0ρ=+0.608  vel1ρ=+nan
  PRED both-OOD             pos0ρ=+0.878  pos1ρ=+0.790  vel0ρ=+0.702  vel1ρ=+nan

--- decoded vel ρ from PRED latents vs horizon (test, aggregate) ---
  h=  1  n=  230  vel0ρ=+0.116  vel1ρ=+nan
  h=  2  n=  230  vel0ρ=+0.279  vel1ρ=+nan
  h=  4  n=  230  vel0ρ=+0.282  vel1ρ=+nan
  h=  8  n=  230  vel0ρ=+0.296  vel1ρ=+nan
  h= 16  n=  230  vel0ρ=+0.803  vel1ρ=+nan
  h= 28  n=  230  vel0ρ=+0.910  vel1ρ=+nan

--- [K=4] decoded pos/vel ρ from ROLLED-OUT latents (test), by partition ---
  [K=4] probe applied to PREDICTED embs (stack 4 consecutive predicted latents):
  PRED-K4 ID          pos0ρ=+0.975  pos1ρ=+0.981  vel0ρ=+0.859  vel1ρ=+nan
  PRED-K4 r/m-OOD     pos0ρ=+0.868  pos1ρ=+0.913  vel0ρ=+0.811  vel1ρ=+nan
  PRED-K4 v-OOD       pos0ρ=+0.973  pos1ρ=+0.888  vel0ρ=+0.944  vel1ρ=+nan
  PRED-K4 both-OOD    pos0ρ=+0.884  pos1ρ=+0.809  vel0ρ=+0.897  vel1ρ=+nan

--- [K=4] decoded vel ρ from PRED latents vs horizon (test, aggregate) ---
  h=  4  n=  230  vel0ρ=+0.834  vel1ρ=+nan
  h=  8  n=  230  vel0ρ=+0.870  vel1ρ=+nan
  h= 16  n=  230  vel0ρ=+0.928  vel1ρ=+nan
  h= 28  n=  230  vel0ρ=+0.963  vel1ρ=+nan

Total 166s
