[norm] action mean=[0.24667731 0.        ], std=[8.83643282e-02 1.00000000e-08]  (from phyworld_uniform_motion_id1k.h5)
[ckpt] /data1/likun-share/junjxu/.stable_worldmodel/uniform_posonly_w10p0_id1k/uniform_posonly_w10p0_id1k_epoch_20_object.ckpt  tag=lam10
  rolled out 100 trajs, t=19s
  rolled out 200 trajs, t=33s
  rolled out 300 trajs, t=48s
  rolled out 400 trajs, t=62s
  rolled out 500 trajs, t=77s
  rolled out 600 trajs, t=91s
  rolled out 700 trajs, t=105s
  rolled out 800 trajs, t=120s
  rolled out 900 trajs, t=135s
  rolled out 1000 trajs, t=150s
  rolled out 1100 trajs, t=165s

[data] 1152 trajs, 33408 (frame,pred) pairs, emb dim=192
/home/likun-share/junjxu/wm/phyworld/scripts/rollout_eval_id1k.py:197: ConstantInputWarning: An input array is constant; the correlation coefficient is not defined.
  rho = pearsonr(vel_all[mask][:, d], pv[:, d])[0]
/home/likun-share/junjxu/wm/phyworld/scripts/rollout_eval_id1k.py:197: ConstantInputWarning: An input array is constant; the correlation coefficient is not defined.
  rho = pearsonr(vel_all[mask][:, d], pv[:, d])[0]
/home/likun-share/junjxu/wm/phyworld/scripts/rollout_eval_id1k.py:197: ConstantInputWarning: An input array is constant; the correlation coefficient is not defined.
  rho = pearsonr(vel_all[mask][:, d], pv[:, d])[0]
/home/likun-share/junjxu/wm/phyworld/scripts/rollout_eval_id1k.py:197: ConstantInputWarning: An input array is constant; the correlation coefficient is not defined.
  rho = pearsonr(vel_all[mask][:, d], pv[:, d])[0]
/home/likun-share/junjxu/wm/phyworld/scripts/rollout_eval_id1k.py:197: ConstantInputWarning: An input array is constant; the correlation coefficient is not defined.
  rho = pearsonr(vel_all[mask][:, d], pv[:, d])[0]
/home/likun-share/junjxu/wm/phyworld/scripts/rollout_eval_id1k.py:197: ConstantInputWarning: An input array is constant; the correlation coefficient is not defined.
  rho = pearsonr(vel_all[mask][:, d], pv[:, d])[0]
/home/likun-share/junjxu/wm/phyworld/scripts/rollout_eval_id1k.py:197: ConstantInputWarning: An input array is constant; the correlation coefficient is not defined.
  rho = pearsonr(vel_all[mask][:, d], pv[:, d])[0]
/home/likun-share/junjxu/wm/phyworld/scripts/rollout_eval_id1k.py:197: ConstantInputWarning: An input array is constant; the correlation coefficient is not defined.
  rho = pearsonr(vel_all[mask][:, d], pv[:, d])[0]
/home/likun-share/junjxu/wm/phyworld/scripts/rollout_eval_id1k.py:242: ConstantInputWarning: An input array is constant; the correlation coefficient is not defined.
  rhos = [pearsonr(vel_all[m][:, d], pv[:, d])[0] for d in range(vel_all.shape[1])]
/home/likun-share/junjxu/wm/phyworld/scripts/rollout_eval_id1k.py:242: ConstantInputWarning: An input array is constant; the correlation coefficient is not defined.
  rhos = [pearsonr(vel_all[m][:, d], pv[:, d])[0] for d in range(vel_all.shape[1])]
/home/likun-share/junjxu/wm/phyworld/scripts/rollout_eval_id1k.py:242: ConstantInputWarning: An input array is constant; the correlation coefficient is not defined.
  rhos = [pearsonr(vel_all[m][:, d], pv[:, d])[0] for d in range(vel_all.shape[1])]
/home/likun-share/junjxu/wm/phyworld/scripts/rollout_eval_id1k.py:242: ConstantInputWarning: An input array is constant; the correlation coefficient is not defined.
  rhos = [pearsonr(vel_all[m][:, d], pv[:, d])[0] for d in range(vel_all.shape[1])]
/home/likun-share/junjxu/wm/phyworld/scripts/rollout_eval_id1k.py:242: ConstantInputWarning: An input array is constant; the correlation coefficient is not defined.
  rhos = [pearsonr(vel_all[m][:, d], pv[:, d])[0] for d in range(vel_all.shape[1])]
/home/likun-share/junjxu/wm/phyworld/scripts/rollout_eval_id1k.py:242: ConstantInputWarning: An input array is constant; the correlation coefficient is not defined.
  rhos = [pearsonr(vel_all[m][:, d], pv[:, d])[0] for d in range(vel_all.shape[1])]
/home/likun-share/junjxu/wm/phyworld/scripts/rollout_eval_id1k.py:288: ConstantInputWarning: An input array is constant; the correlation coefficient is not defined.
  line += f"  vel{d}ρ={pearsonr(vel_all[m][:, d], pv[:, d])[0]:+.3f}"
/home/likun-share/junjxu/wm/phyworld/scripts/rollout_eval_id1k.py:288: ConstantInputWarning: An input array is constant; the correlation coefficient is not defined.
  line += f"  vel{d}ρ={pearsonr(vel_all[m][:, d], pv[:, d])[0]:+.3f}"
/home/likun-share/junjxu/wm/phyworld/scripts/rollout_eval_id1k.py:288: ConstantInputWarning: An input array is constant; the correlation coefficient is not defined.
  line += f"  vel{d}ρ={pearsonr(vel_all[m][:, d], pv[:, d])[0]:+.3f}"
/home/likun-share/junjxu/wm/phyworld/scripts/rollout_eval_id1k.py:288: ConstantInputWarning: An input array is constant; the correlation coefficient is not defined.
  line += f"  vel{d}ρ={pearsonr(vel_all[m][:, d], pv[:, d])[0]:+.3f}"
/home/likun-share/junjxu/wm/phyworld/scripts/rollout_eval_id1k.py:296: ConstantInputWarning: An input array is constant; the correlation coefficient is not defined.
  rhos = [pearsonr(vel_all[m][:, d], pv[:, d])[0] for d in range(vel_all.shape[1])]
/home/likun-share/junjxu/wm/phyworld/scripts/rollout_eval_id1k.py:296: ConstantInputWarning: An input array is constant; the correlation coefficient is not defined.
  rhos = [pearsonr(vel_all[m][:, d], pv[:, d])[0] for d in range(vel_all.shape[1])]
/home/likun-share/junjxu/wm/phyworld/scripts/rollout_eval_id1k.py:296: ConstantInputWarning: An input array is constant; the correlation coefficient is not defined.
  rhos = [pearsonr(vel_all[m][:, d], pv[:, d])[0] for d in range(vel_all.shape[1])]
/home/likun-share/junjxu/wm/phyworld/scripts/rollout_eval_id1k.py:296: ConstantInputWarning: An input array is constant; the correlation coefficient is not defined.
  rhos = [pearsonr(vel_all[m][:, d], pv[:, d])[0] for d in range(vel_all.shape[1])]

=== uniform_motion AR ROLLOUT (LeWM ID-only FT, history_size=3) ===
--- latent fidelity (pred vs real emb), test trajs, by partition ---
  ID         n= 1015  cos=+0.9841  nMSE=0.0304
  r/m-OOD    n= 1247  cos=+0.8864  nMSE=0.2692
  v-OOD      n= 2117  cos=+0.9328  nMSE=0.1489
  both-OOD   n= 2291  cos=+0.8755  nMSE=0.3150

--- latent fidelity vs horizon (test, aggregate) ---
  h=  1  n=  230  cos=+0.9944  nMSE=0.0134
  h=  2  n=  230  cos=+0.9870  nMSE=0.0307
  h=  4  n=  230  cos=+0.9727  nMSE=0.0643
  h=  8  n=  230  cos=+0.9398  nMSE=0.1322
  h= 16  n=  230  cos=+0.8638  nMSE=0.2640
  h= 28  n=  230  cos=+0.8739  nMSE=0.4079

--- decoded pos/vel ρ from ROLLED-OUT latents (test), by partition ---
  [baseline] probe applied to REAL embs:
  REAL ID                   pos0ρ=+0.983  pos1ρ=+0.978  vel0ρ=+0.289  vel1ρ=+nan
  REAL r/m-OOD              pos0ρ=+0.977  pos1ρ=+0.966  vel0ρ=+0.370  vel1ρ=+nan
  REAL v-OOD                pos0ρ=+0.968  pos1ρ=+0.883  vel0ρ=+0.566  vel1ρ=+nan
  REAL both-OOD             pos0ρ=+0.966  pos1ρ=+0.909  vel0ρ=+0.585  vel1ρ=+nan
  [rollout] probe applied to PREDICTED embs:
  PRED ID                   pos0ρ=+0.981  pos1ρ=+0.975  vel0ρ=+0.265  vel1ρ=+nan
  PRED r/m-OOD              pos0ρ=+0.961  pos1ρ=+0.852  vel0ρ=+0.307  vel1ρ=+nan
  PRED v-OOD                pos0ρ=+0.967  pos1ρ=+0.866  vel0ρ=+0.583  vel1ρ=+nan
  PRED both-OOD             pos0ρ=+0.939  pos1ρ=+0.811  vel0ρ=+0.593  vel1ρ=+nan

--- decoded vel ρ from PRED latents vs horizon (test, aggregate) ---
  h=  1  n=  230  vel0ρ=+0.170  vel1ρ=+nan
  h=  2  n=  230  vel0ρ=+0.375  vel1ρ=+nan
  h=  4  n=  230  vel0ρ=+0.326  vel1ρ=+nan
  h=  8  n=  230  vel0ρ=+0.153  vel1ρ=+nan
  h= 16  n=  230  vel0ρ=+0.739  vel1ρ=+nan
  h= 28  n=  230  vel0ρ=+0.830  vel1ρ=+nan

--- [K=4] decoded pos/vel ρ from ROLLED-OUT latents (test), by partition ---
  [K=4] probe applied to PREDICTED embs (stack 4 consecutive predicted latents):
  PRED-K4 ID          pos0ρ=+0.985  pos1ρ=+0.989  vel0ρ=+0.898  vel1ρ=+nan
  PRED-K4 r/m-OOD     pos0ρ=+0.958  pos1ρ=+0.886  vel0ρ=+0.849  vel1ρ=+nan
  PRED-K4 v-OOD       pos0ρ=+0.976  pos1ρ=+0.886  vel0ρ=+0.957  vel1ρ=+nan
  PRED-K4 both-OOD    pos0ρ=+0.948  pos1ρ=+0.826  vel0ρ=+0.954  vel1ρ=+nan

--- [K=4] decoded vel ρ from PRED latents vs horizon (test, aggregate) ---
  h=  4  n=  230  vel0ρ=+0.945  vel1ρ=+nan
  h=  8  n=  230  vel0ρ=+0.923  vel1ρ=+nan
  h= 16  n=  230  vel0ρ=+0.942  vel1ρ=+nan
  h= 28  n=  230  vel0ρ=+0.952  vel1ρ=+nan

Total 173s
