[norm] action mean=[0.24667731 0.        ], std=[8.83643282e-02 1.00000000e-08]  (from phyworld_uniform_motion_id1k.h5)
[ckpt] /data1/likun-share/junjxu/.stable_worldmodel/uniform_motion_paperinit_id1k/uniform_motion_paperinit_id1k_epoch_20_object.ckpt  tag=lam0
  rolled out 100 trajs, t=18s
  rolled out 200 trajs, t=31s
  rolled out 300 trajs, t=45s
  rolled out 400 trajs, t=57s
  rolled out 500 trajs, t=71s
  rolled out 600 trajs, t=84s
  rolled out 700 trajs, t=97s
  rolled out 800 trajs, t=111s
  rolled out 900 trajs, t=125s
  rolled out 1000 trajs, t=139s
  rolled out 1100 trajs, t=153s

[data] 1152 trajs, 33408 (frame,pred) pairs, emb dim=192
/home/likun-share/junjxu/wm/phyworld/scripts/rollout_eval_id1k.py:197: ConstantInputWarning: An input array is constant; the correlation coefficient is not defined.
  rho = pearsonr(vel_all[mask][:, d], pv[:, d])[0]
/home/likun-share/junjxu/wm/phyworld/scripts/rollout_eval_id1k.py:197: ConstantInputWarning: An input array is constant; the correlation coefficient is not defined.
  rho = pearsonr(vel_all[mask][:, d], pv[:, d])[0]
/home/likun-share/junjxu/wm/phyworld/scripts/rollout_eval_id1k.py:197: ConstantInputWarning: An input array is constant; the correlation coefficient is not defined.
  rho = pearsonr(vel_all[mask][:, d], pv[:, d])[0]
/home/likun-share/junjxu/wm/phyworld/scripts/rollout_eval_id1k.py:197: ConstantInputWarning: An input array is constant; the correlation coefficient is not defined.
  rho = pearsonr(vel_all[mask][:, d], pv[:, d])[0]
/home/likun-share/junjxu/wm/phyworld/scripts/rollout_eval_id1k.py:197: ConstantInputWarning: An input array is constant; the correlation coefficient is not defined.
  rho = pearsonr(vel_all[mask][:, d], pv[:, d])[0]
/home/likun-share/junjxu/wm/phyworld/scripts/rollout_eval_id1k.py:197: ConstantInputWarning: An input array is constant; the correlation coefficient is not defined.
  rho = pearsonr(vel_all[mask][:, d], pv[:, d])[0]
/home/likun-share/junjxu/wm/phyworld/scripts/rollout_eval_id1k.py:197: ConstantInputWarning: An input array is constant; the correlation coefficient is not defined.
  rho = pearsonr(vel_all[mask][:, d], pv[:, d])[0]
/home/likun-share/junjxu/wm/phyworld/scripts/rollout_eval_id1k.py:197: ConstantInputWarning: An input array is constant; the correlation coefficient is not defined.
  rho = pearsonr(vel_all[mask][:, d], pv[:, d])[0]
/home/likun-share/junjxu/wm/phyworld/scripts/rollout_eval_id1k.py:242: ConstantInputWarning: An input array is constant; the correlation coefficient is not defined.
  rhos = [pearsonr(vel_all[m][:, d], pv[:, d])[0] for d in range(vel_all.shape[1])]
/home/likun-share/junjxu/wm/phyworld/scripts/rollout_eval_id1k.py:242: ConstantInputWarning: An input array is constant; the correlation coefficient is not defined.
  rhos = [pearsonr(vel_all[m][:, d], pv[:, d])[0] for d in range(vel_all.shape[1])]
/home/likun-share/junjxu/wm/phyworld/scripts/rollout_eval_id1k.py:242: ConstantInputWarning: An input array is constant; the correlation coefficient is not defined.
  rhos = [pearsonr(vel_all[m][:, d], pv[:, d])[0] for d in range(vel_all.shape[1])]
/home/likun-share/junjxu/wm/phyworld/scripts/rollout_eval_id1k.py:242: ConstantInputWarning: An input array is constant; the correlation coefficient is not defined.
  rhos = [pearsonr(vel_all[m][:, d], pv[:, d])[0] for d in range(vel_all.shape[1])]
/home/likun-share/junjxu/wm/phyworld/scripts/rollout_eval_id1k.py:242: ConstantInputWarning: An input array is constant; the correlation coefficient is not defined.
  rhos = [pearsonr(vel_all[m][:, d], pv[:, d])[0] for d in range(vel_all.shape[1])]
/home/likun-share/junjxu/wm/phyworld/scripts/rollout_eval_id1k.py:242: ConstantInputWarning: An input array is constant; the correlation coefficient is not defined.
  rhos = [pearsonr(vel_all[m][:, d], pv[:, d])[0] for d in range(vel_all.shape[1])]
/home/likun-share/junjxu/wm/phyworld/scripts/rollout_eval_id1k.py:288: ConstantInputWarning: An input array is constant; the correlation coefficient is not defined.
  line += f"  vel{d}ρ={pearsonr(vel_all[m][:, d], pv[:, d])[0]:+.3f}"
/home/likun-share/junjxu/wm/phyworld/scripts/rollout_eval_id1k.py:288: ConstantInputWarning: An input array is constant; the correlation coefficient is not defined.
  line += f"  vel{d}ρ={pearsonr(vel_all[m][:, d], pv[:, d])[0]:+.3f}"
/home/likun-share/junjxu/wm/phyworld/scripts/rollout_eval_id1k.py:288: ConstantInputWarning: An input array is constant; the correlation coefficient is not defined.
  line += f"  vel{d}ρ={pearsonr(vel_all[m][:, d], pv[:, d])[0]:+.3f}"
/home/likun-share/junjxu/wm/phyworld/scripts/rollout_eval_id1k.py:288: ConstantInputWarning: An input array is constant; the correlation coefficient is not defined.
  line += f"  vel{d}ρ={pearsonr(vel_all[m][:, d], pv[:, d])[0]:+.3f}"
/home/likun-share/junjxu/wm/phyworld/scripts/rollout_eval_id1k.py:296: ConstantInputWarning: An input array is constant; the correlation coefficient is not defined.
  rhos = [pearsonr(vel_all[m][:, d], pv[:, d])[0] for d in range(vel_all.shape[1])]
/home/likun-share/junjxu/wm/phyworld/scripts/rollout_eval_id1k.py:296: ConstantInputWarning: An input array is constant; the correlation coefficient is not defined.
  rhos = [pearsonr(vel_all[m][:, d], pv[:, d])[0] for d in range(vel_all.shape[1])]
/home/likun-share/junjxu/wm/phyworld/scripts/rollout_eval_id1k.py:296: ConstantInputWarning: An input array is constant; the correlation coefficient is not defined.
  rhos = [pearsonr(vel_all[m][:, d], pv[:, d])[0] for d in range(vel_all.shape[1])]
/home/likun-share/junjxu/wm/phyworld/scripts/rollout_eval_id1k.py:296: ConstantInputWarning: An input array is constant; the correlation coefficient is not defined.
  rhos = [pearsonr(vel_all[m][:, d], pv[:, d])[0] for d in range(vel_all.shape[1])]

=== uniform_motion AR ROLLOUT (LeWM ID-only FT, history_size=3) ===
--- latent fidelity (pred vs real emb), test trajs, by partition ---
  ID         n= 1015  cos=+0.9712  nMSE=0.0538
  r/m-OOD    n= 1247  cos=+0.8387  nMSE=0.2961
  v-OOD      n= 2117  cos=+0.9230  nMSE=0.1583
  both-OOD   n= 2291  cos=+0.8451  nMSE=0.3218

--- latent fidelity vs horizon (test, aggregate) ---
  h=  1  n=  230  cos=+0.9894  nMSE=0.0162
  h=  2  n=  230  cos=+0.9802  nMSE=0.0303
  h=  4  n=  230  cos=+0.9582  nMSE=0.0678
  h=  8  n=  230  cos=+0.9189  nMSE=0.1389
  h= 16  n=  230  cos=+0.8257  nMSE=0.2577
  h= 28  n=  230  cos=+0.8634  nMSE=0.4265

--- decoded pos/vel ρ from ROLLED-OUT latents (test), by partition ---
  [baseline] probe applied to REAL embs:
  REAL ID                   pos0ρ=+0.858  pos1ρ=+0.960  vel0ρ=+0.326  vel1ρ=+nan
  REAL r/m-OOD              pos0ρ=+0.925  pos1ρ=+0.938  vel0ρ=+0.335  vel1ρ=+nan
  REAL v-OOD                pos0ρ=+0.924  pos1ρ=+0.869  vel0ρ=+0.455  vel1ρ=+nan
  REAL both-OOD             pos0ρ=+0.930  pos1ρ=+0.894  vel0ρ=+0.579  vel1ρ=+nan
  [rollout] probe applied to PREDICTED embs:
  PRED ID                   pos0ρ=+0.880  pos1ρ=+0.957  vel0ρ=+0.269  vel1ρ=+nan
  PRED r/m-OOD              pos0ρ=+0.841  pos1ρ=+0.874  vel0ρ=+0.287  vel1ρ=+nan
  PRED v-OOD                pos0ρ=+0.921  pos1ρ=+0.841  vel0ρ=+0.483  vel1ρ=+nan
  PRED both-OOD             pos0ρ=+0.860  pos1ρ=+0.791  vel0ρ=+0.641  vel1ρ=+nan

--- decoded vel ρ from PRED latents vs horizon (test, aggregate) ---
  h=  1  n=  230  vel0ρ=-0.008  vel1ρ=+nan
  h=  2  n=  230  vel0ρ=+0.121  vel1ρ=+nan
  h=  4  n=  230  vel0ρ=+0.155  vel1ρ=+nan
  h=  8  n=  230  vel0ρ=+0.150  vel1ρ=+nan
  h= 16  n=  230  vel0ρ=+0.718  vel1ρ=+nan
  h= 28  n=  230  vel0ρ=+0.861  vel1ρ=+nan

--- [K=4] decoded pos/vel ρ from ROLLED-OUT latents (test), by partition ---
  [K=4] probe applied to PREDICTED embs (stack 4 consecutive predicted latents):
  PRED-K4 ID          pos0ρ=+0.883  pos1ρ=+0.976  vel0ρ=+0.519  vel1ρ=+nan
  PRED-K4 r/m-OOD     pos0ρ=+0.834  pos1ρ=+0.897  vel0ρ=+0.674  vel1ρ=+nan
  PRED-K4 v-OOD       pos0ρ=+0.927  pos1ρ=+0.858  vel0ρ=+0.812  vel1ρ=+nan
  PRED-K4 both-OOD    pos0ρ=+0.869  pos1ρ=+0.808  vel0ρ=+0.899  vel1ρ=+nan

--- [K=4] decoded vel ρ from PRED latents vs horizon (test, aggregate) ---
  h=  4  n=  230  vel0ρ=+0.738  vel1ρ=+nan
  h=  8  n=  230  vel0ρ=+0.788  vel1ρ=+nan
  h= 16  n=  230  vel0ρ=+0.816  vel1ρ=+nan
  h= 28  n=  230  vel0ρ=+0.894  vel1ρ=+nan

Total 162s
