[ckpt] /data1/likun-share/junjxu/.stable_worldmodel/sc_col_reweight_s1234/sc_col_reweight_s1234_epoch_20_object.ckpt  tag=jac_collision_lewm_structpos_s1234  mode=jacobian  clamp=every-step
  encoded 50 trajs, t=22s
  encoded 100 trajs, t=31s
  encoded 150 trajs, t=39s
[data] 150 trajs, emb dim=192, t=39s
[probe R2 on train]  full=0.849  slot=0.411  bb=0.849

=== JACOBIAN: d(predicted position) / d(input latent dim) ===
    Every interventional measure of the black box here had to pick a
    direction first (the probe pseudo-inverse), and a redundant
    distributed code barely moves along any one direction -- which is
    why the min-norm patch reads ~0.09 on a channel that reads ~0.96
    when replaced wholesale. Differentiating picks no direction.
    100/400  t=41s
    200/400  t=42s
    300/400  t=44s
    400/400  t=45s
    slot [0:2]    mean |dpos/dz| per dim = 0.960817
    black box     mean |dpos/dz| per dim = 0.584754
    RATIO slot/bb per dim = 1.64
    totals: slot 1.921635 vs black box 111.103333  (slot share 0.017)
    slot dims rank [4, 100] of 192 by sensitivity

[clean rollout] t=45s
  clean decoded rho from PRED latents (both-OOD, test): +0.761 / +0.800   n=464
  clean latent nMSE (pred vs real, test focus): 0.4191

[done] t=61s
[W722 21:56:13.843331511 AllocatorConfig.cpp:28] Warning: PYTORCH_CUDA_ALLOC_CONF is deprecated, use PYTORCH_ALLOC_CONF instead (function operator())
