[ckpt] /data1/likun-share/junjxu/.stable_worldmodel/collision_baseline_fr_id1k/collision_baseline_fr_id1k_epoch_20_object.ckpt  tag=jac_collision_lewm_baseline_s3072  mode=jacobian  clamp=every-step
  encoded 50 trajs, t=21s
  encoded 100 trajs, t=30s
  encoded 150 trajs, t=38s
[data] 150 trajs, emb dim=192, t=38s
[probe R2 on train]  full=0.806  slot=0.009  bb=0.806

=== JACOBIAN: d(predicted position) / d(input latent dim) ===
    Every interventional measure of the black box here had to pick a
    direction first (the probe pseudo-inverse), and a redundant
    distributed code barely moves along any one direction -- which is
    why the min-norm patch reads ~0.09 on a channel that reads ~0.96
    when replaced wholesale. Differentiating picks no direction.
    100/400  t=41s
    200/400  t=42s
    300/400  t=43s
    400/400  t=44s
    slot [0:2]    mean |dpos/dz| per dim = 0.796146
    black box     mean |dpos/dz| per dim = 1.016650
    RATIO slot/bb per dim = 0.78
    totals: slot 1.592292 vs black box 193.163452  (slot share 0.008)
    slot dims rank [86, 135] of 192 by sensitivity

[clean rollout] t=44s
  clean decoded rho from PRED latents (both-OOD, test): +0.599 / +0.582   n=464
  clean latent nMSE (pred vs real, test focus): 0.2899

[done] t=60s
[W722 21:56:12.053251482 AllocatorConfig.cpp:28] Warning: PYTORCH_CUDA_ALLOC_CONF is deprecated, use PYTORCH_ALLOC_CONF instead (function operator())
