[ckpt] /data1/likun-share/junjxu/.stable_worldmodel/dinowm_par_structpos_pw30_s1234/dinowm_par_structpos_pw30_s1234_epoch_20_object.ckpt  tag=jac_parabola_dino_structpos_s1234  mode=jacobian  clamp=every-step
  encoded 50 trajs, t=23s
  encoded 100 trajs, t=32s
  encoded 150 trajs, t=40s
[data] 150 trajs, emb dim=192, t=40s
[probe R2 on train]  full=0.896  slot=0.774  bb=0.769

=== JACOBIAN: d(predicted position) / d(input latent dim) ===
    Every interventional measure of the black box here had to pick a
    direction first (the probe pseudo-inverse), and a redundant
    distributed code barely moves along any one direction -- which is
    why the min-norm patch reads ~0.09 on a channel that reads ~0.96
    when replaced wholesale. Differentiating picks no direction.
    100/400  t=41s
    200/400  t=42s
    300/400  t=44s
    400/400  t=45s
    slot [0:2]    mean |dpos/dz| per dim = 0.118165
    black box     mean |dpos/dz| per dim = 0.112956
    RATIO slot/bb per dim = 1.05
    totals: slot 0.236329 vs black box 21.461622  (slot share 0.011)
    slot dims rank [138, 29] of 192 by sensitivity

[clean rollout] t=45s
  clean decoded rho from PRED latents (both-OOD, test): +0.764 / +0.969   n=435
  clean latent nMSE (pred vs real, test focus): 0.3970

[done] t=62s
[W722 21:56:14.722142594 AllocatorConfig.cpp:28] Warning: PYTORCH_CUDA_ALLOC_CONF is deprecated, use PYTORCH_ALLOC_CONF instead (function operator())
