[ckpt] /data1/likun-share/junjxu/.stable_worldmodel/dinowm_par_structpos_pw30/dinowm_par_structpos_pw30_epoch_20_object.ckpt  tag=jac_parabola_dino_structpos_s3072  mode=jacobian  clamp=every-step
  encoded 50 trajs, t=23s
  encoded 100 trajs, t=33s
  encoded 150 trajs, t=41s
[data] 150 trajs, emb dim=192, t=41s
[probe R2 on train]  full=0.893  slot=0.771  bb=0.763

=== JACOBIAN: d(predicted position) / d(input latent dim) ===
    Every interventional measure of the black box here had to pick a
    direction first (the probe pseudo-inverse), and a redundant
    distributed code barely moves along any one direction -- which is
    why the min-norm patch reads ~0.09 on a channel that reads ~0.96
    when replaced wholesale. Differentiating picks no direction.
    100/400  t=42s
    200/400  t=44s
    300/400  t=45s
    400/400  t=47s
    slot [0:2]    mean |dpos/dz| per dim = 0.087100
    black box     mean |dpos/dz| per dim = 0.099870
    RATIO slot/bb per dim = 0.87
    totals: slot 0.174199 vs black box 18.975334  (slot share 0.009)
    slot dims rank [175, 69] of 192 by sensitivity

[clean rollout] t=47s
  clean decoded rho from PRED latents (both-OOD, test): +0.813 / +0.973   n=435
  clean latent nMSE (pred vs real, test focus): 0.3578

[done] t=67s
[W722 21:56:18.916951185 AllocatorConfig.cpp:28] Warning: PYTORCH_CUDA_ALLOC_CONF is deprecated, use PYTORCH_ALLOC_CONF instead (function operator())
