[ckpt] /data1/likun-share/junjxu/.stable_worldmodel/dinowm_um_structpos_pw30/dinowm_um_structpos_pw30_epoch_20_object.ckpt  tag=jac_uniform_motion_dino_structpos_s3072  mode=jacobian  clamp=every-step
  encoded 50 trajs, t=22s
  encoded 100 trajs, t=31s
  encoded 150 trajs, t=40s
[data] 150 trajs, emb dim=192, t=40s
[probe R2 on train]  full=0.970  slot=0.945  bb=0.940

=== JACOBIAN: d(predicted position) / d(input latent dim) ===
    Every interventional measure of the black box here had to pick a
    direction first (the probe pseudo-inverse), and a redundant
    distributed code barely moves along any one direction -- which is
    why the min-norm patch reads ~0.09 on a channel that reads ~0.96
    when replaced wholesale. Differentiating picks no direction.
    100/400  t=42s
    200/400  t=43s
    300/400  t=44s
    400/400  t=45s
    slot [0:2]    mean |dpos/dz| per dim = 0.133688
    black box     mean |dpos/dz| per dim = 0.062532
    RATIO slot/bb per dim = 2.14
    totals: slot 0.267375 vs black box 11.881170  (slot share 0.022)
    slot dims rank [1, 11] of 192 by sensitivity

[clean rollout] t=45s
  clean decoded rho from PRED latents (both-OOD, test): +0.910 / +0.931   n=377
  clean latent nMSE (pred vs real, test focus): 0.3334

[done] t=62s
[W722 21:56:14.363139920 AllocatorConfig.cpp:28] Warning: PYTORCH_CUDA_ALLOC_CONF is deprecated, use PYTORCH_ALLOC_CONF instead (function operator())
