[ckpt] /data1/likun-share/junjxu/.stable_worldmodel/dinowm_col_fr_s42/dinowm_col_fr_s42_epoch_20_object.ckpt  tag=jac_collision_dino_baseline_s42  mode=jacobian  clamp=every-step
  encoded 50 trajs, t=24s
  encoded 100 trajs, t=34s
  encoded 150 trajs, t=42s
[data] 150 trajs, emb dim=192, t=42s
[probe R2 on train]  full=0.886  slot=0.095  bb=0.886

=== JACOBIAN: d(predicted position) / d(input latent dim) ===
    Every interventional measure of the black box here had to pick a
    direction first (the probe pseudo-inverse), and a redundant
    distributed code barely moves along any one direction -- which is
    why the min-norm patch reads ~0.09 on a channel that reads ~0.96
    when replaced wholesale. Differentiating picks no direction.
    100/400  t=43s
    200/400  t=45s
    300/400  t=46s
    400/400  t=47s
    slot [0:2]    mean |dpos/dz| per dim = 0.336252
    black box     mean |dpos/dz| per dim = 0.361765
    RATIO slot/bb per dim = 0.93
    totals: slot 0.672504 vs black box 68.735420  (slot share 0.010)
    slot dims rank [130, 54] of 192 by sensitivity

[clean rollout] t=48s
  clean decoded rho from PRED latents (both-OOD, test): +0.698 / +0.781   n=464
  clean latent nMSE (pred vs real, test focus): 0.3745

[done] t=65s
[W722 21:56:17.373552920 AllocatorConfig.cpp:28] Warning: PYTORCH_CUDA_ALLOC_CONF is deprecated, use PYTORCH_ALLOC_CONF instead (function operator())
