[ckpt] /data1/likun-share/junjxu/.stable_worldmodel/uniform_baseline_fr_s1234/uniform_baseline_fr_s1234_epoch_20_object.ckpt  tag=jac_uniform_motion_lewm_baseline_s1234  mode=jacobian  clamp=every-step
  encoded 50 trajs, t=21s
  encoded 100 trajs, t=29s
  encoded 150 trajs, t=37s
[data] 150 trajs, emb dim=192, t=37s
[probe R2 on train]  full=0.886  slot=0.094  bb=0.885

=== JACOBIAN: d(predicted position) / d(input latent dim) ===
    Every interventional measure of the black box here had to pick a
    direction first (the probe pseudo-inverse), and a redundant
    distributed code barely moves along any one direction -- which is
    why the min-norm patch reads ~0.09 on a channel that reads ~0.96
    when replaced wholesale. Differentiating picks no direction.
    100/400  t=40s
    200/400  t=42s
    300/400  t=43s
    400/400  t=44s
    slot [0:2]    mean |dpos/dz| per dim = 0.250243
    black box     mean |dpos/dz| per dim = 0.365386
    RATIO slot/bb per dim = 0.68
    totals: slot 0.500485 vs black box 69.423325  (slot share 0.007)
    slot dims rank [111, 159] of 192 by sensitivity

[clean rollout] t=44s
  clean decoded rho from PRED latents (both-OOD, test): +0.941 / +0.804   n=377
  clean latent nMSE (pred vs real, test focus): 0.1335

[done] t=64s
[W722 21:56:15.923657737 AllocatorConfig.cpp:28] Warning: PYTORCH_CUDA_ALLOC_CONF is deprecated, use PYTORCH_ALLOC_CONF instead (function operator())
