[ckpt] /data1/likun-share/junjxu/.stable_worldmodel/uniform_structpos_fr_pw30_s42/uniform_structpos_fr_pw30_s42_epoch_20_object.ckpt  tag=jac_uniform_motion_lewm_structpos_s42  mode=jacobian  clamp=every-step
  encoded 50 trajs, t=20s
  encoded 100 trajs, t=28s
  encoded 150 trajs, t=36s
[data] 150 trajs, emb dim=192, t=36s
[probe R2 on train]  full=0.895  slot=0.872  bb=0.886

=== JACOBIAN: d(predicted position) / d(input latent dim) ===
    Every interventional measure of the black box here had to pick a
    direction first (the probe pseudo-inverse), and a redundant
    distributed code barely moves along any one direction -- which is
    why the min-norm patch reads ~0.09 on a channel that reads ~0.96
    when replaced wholesale. Differentiating picks no direction.
    100/400  t=40s
    200/400  t=41s
    300/400  t=43s
    400/400  t=44s
    slot [0:2]    mean |dpos/dz| per dim = 0.541140
    black box     mean |dpos/dz| per dim = 0.133475
    RATIO slot/bb per dim = 4.05
    totals: slot 1.082281 vs black box 25.360210  (slot share 0.041)
    slot dims rank [2, 1] of 192 by sensitivity

[clean rollout] t=44s
  clean decoded rho from PRED latents (both-OOD, test): +0.889 / +0.785   n=377
  clean latent nMSE (pred vs real, test focus): 0.1651

[done] t=60s
[W722 21:56:11.653001328 AllocatorConfig.cpp:28] Warning: PYTORCH_CUDA_ALLOC_CONF is deprecated, use PYTORCH_ALLOC_CONF instead (function operator())
