[ckpt] /data1/likun-share/junjxu/.stable_worldmodel/uniform_baseline_fr_s42/uniform_baseline_fr_s42_epoch_20_object.ckpt  tag=jac_uniform_motion_lewm_baseline_s42  mode=jacobian  clamp=every-step
  encoded 50 trajs, t=20s
  encoded 100 trajs, t=29s
  encoded 150 trajs, t=38s
[data] 150 trajs, emb dim=192, t=38s
[probe R2 on train]  full=0.886  slot=0.052  bb=0.886

=== JACOBIAN: d(predicted position) / d(input latent dim) ===
    Every interventional measure of the black box here had to pick a
    direction first (the probe pseudo-inverse), and a redundant
    distributed code barely moves along any one direction -- which is
    why the min-norm patch reads ~0.09 on a channel that reads ~0.96
    when replaced wholesale. Differentiating picks no direction.
    100/400  t=40s
    200/400  t=42s
    300/400  t=43s
    400/400  t=44s
    slot [0:2]    mean |dpos/dz| per dim = 0.432724
    black box     mean |dpos/dz| per dim = 0.293394
    RATIO slot/bb per dim = 1.47
    totals: slot 0.865448 vs black box 55.744850  (slot share 0.015)
    slot dims rank [15, 44] of 192 by sensitivity

[clean rollout] t=44s
  clean decoded rho from PRED latents (both-OOD, test): +0.940 / +0.807   n=377
  clean latent nMSE (pred vs real, test focus): 0.1032

[done] t=64s
[W722 21:56:16.995462999 AllocatorConfig.cpp:28] Warning: PYTORCH_CUDA_ALLOC_CONF is deprecated, use PYTORCH_ALLOC_CONF instead (function operator())
