[ckpt] /data1/likun-share/junjxu/.stable_worldmodel/dinowm_col_fr_s1234/dinowm_col_fr_s1234_epoch_20_object.ckpt  tag=jac_collision_dino_baseline_s1234  mode=jacobian  clamp=every-step
  encoded 50 trajs, t=23s
  encoded 100 trajs, t=32s
  encoded 150 trajs, t=39s
[data] 150 trajs, emb dim=192, t=39s
[probe R2 on train]  full=0.885  slot=0.078  bb=0.884

=== JACOBIAN: d(predicted position) / d(input latent dim) ===
    Every interventional measure of the black box here had to pick a
    direction first (the probe pseudo-inverse), and a redundant
    distributed code barely moves along any one direction -- which is
    why the min-norm patch reads ~0.09 on a channel that reads ~0.96
    when replaced wholesale. Differentiating picks no direction.
    100/400  t=41s
    200/400  t=42s
    300/400  t=44s
    400/400  t=45s
    slot [0:2]    mean |dpos/dz| per dim = 0.264649
    black box     mean |dpos/dz| per dim = 0.379058
    RATIO slot/bb per dim = 0.70
    totals: slot 0.529298 vs black box 72.021004  (slot share 0.007)
    slot dims rank [129, 173] of 192 by sensitivity

[clean rollout] t=45s
  clean decoded rho from PRED latents (both-OOD, test): +0.749 / +0.816   n=464
  clean latent nMSE (pred vs real, test focus): 0.3812

[done] t=62s
[W722 21:56:14.766029974 AllocatorConfig.cpp:28] Warning: PYTORCH_CUDA_ALLOC_CONF is deprecated, use PYTORCH_ALLOC_CONF instead (function operator())
