[ckpt] /data1/likun-share/junjxu/.stable_worldmodel/dinowm_um_fr_s3072/dinowm_um_fr_s3072_epoch_20_object.ckpt  tag=jac_uniform_motion_dino_baseline_s3072  mode=jacobian  clamp=every-step
  encoded 50 trajs, t=25s
  encoded 100 trajs, t=35s
  encoded 150 trajs, t=43s
[data] 150 trajs, emb dim=192, t=43s
[probe R2 on train]  full=0.918  slot=0.103  bb=0.918

=== JACOBIAN: d(predicted position) / d(input latent dim) ===
    Every interventional measure of the black box here had to pick a
    direction first (the probe pseudo-inverse), and a redundant
    distributed code barely moves along any one direction -- which is
    why the min-norm patch reads ~0.09 on a channel that reads ~0.96
    when replaced wholesale. Differentiating picks no direction.
    100/400  t=45s
    200/400  t=46s
    300/400  t=47s
    400/400  t=49s
    slot [0:2]    mean |dpos/dz| per dim = 0.154546
    black box     mean |dpos/dz| per dim = 0.163714
    RATIO slot/bb per dim = 0.94
    totals: slot 0.309093 vs black box 31.105728  (slot share 0.010)
    slot dims rank [67, 124] of 192 by sensitivity

[clean rollout] t=49s
  clean decoded rho from PRED latents (both-OOD, test): +0.681 / +0.776   n=377
  clean latent nMSE (pred vs real, test focus): 0.5438

[done] t=69s
[W722 21:56:20.861652709 AllocatorConfig.cpp:28] Warning: PYTORCH_CUDA_ALLOC_CONF is deprecated, use PYTORCH_ALLOC_CONF instead (function operator())
