[ckpt] /data1/likun-share/junjxu/.stable_worldmodel/collision_baseline_fr_s42/collision_baseline_fr_s42_epoch_20_object.ckpt  tag=jac_collision_lewm_baseline_s42  mode=jacobian  clamp=every-step
  encoded 50 trajs, t=21s
  encoded 100 trajs, t=30s
  encoded 150 trajs, t=39s
[data] 150 trajs, emb dim=192, t=39s
[probe R2 on train]  full=0.810  slot=0.049  bb=0.810

=== JACOBIAN: d(predicted position) / d(input latent dim) ===
    Every interventional measure of the black box here had to pick a
    direction first (the probe pseudo-inverse), and a redundant
    distributed code barely moves along any one direction -- which is
    why the min-norm patch reads ~0.09 on a channel that reads ~0.96
    when replaced wholesale. Differentiating picks no direction.
    100/400  t=41s
    200/400  t=42s
    300/400  t=43s
    400/400  t=44s
    slot [0:2]    mean |dpos/dz| per dim = 1.063479
    black box     mean |dpos/dz| per dim = 1.049283
    RATIO slot/bb per dim = 1.01
    totals: slot 2.126959 vs black box 199.363754  (slot share 0.011)
    slot dims rank [108, 48] of 192 by sensitivity

[clean rollout] t=44s
  clean decoded rho from PRED latents (both-OOD, test): +0.278 / +0.673   n=464
  clean latent nMSE (pred vs real, test focus): 0.3448

[done] t=60s
[W722 21:56:12.259868360 AllocatorConfig.cpp:28] Warning: PYTORCH_CUDA_ALLOC_CONF is deprecated, use PYTORCH_ALLOC_CONF instead (function operator())
