[ckpt] /data1/likun-share/junjxu/.stable_worldmodel/sc_par_reweight_s42/sc_par_reweight_s42_epoch_20_object.ckpt  tag=jac_parabola_lewm_structpos_s42  mode=jacobian  clamp=every-step
  encoded 50 trajs, t=21s
  encoded 100 trajs, t=31s
  encoded 150 trajs, t=39s
[data] 150 trajs, emb dim=192, t=39s
[probe R2 on train]  full=0.779  slot=0.752  bb=0.714

=== JACOBIAN: d(predicted position) / d(input latent dim) ===
    Every interventional measure of the black box here had to pick a
    direction first (the probe pseudo-inverse), and a redundant
    distributed code barely moves along any one direction -- which is
    why the min-norm patch reads ~0.09 on a channel that reads ~0.96
    when replaced wholesale. Differentiating picks no direction.
    100/400  t=41s
    200/400  t=42s
    300/400  t=44s
    400/400  t=45s
    slot [0:2]    mean |dpos/dz| per dim = 0.577483
    black box     mean |dpos/dz| per dim = 0.144504
    RATIO slot/bb per dim = 4.00
    totals: slot 1.154966 vs black box 27.455753  (slot share 0.040)
    slot dims rank [2, 1] of 192 by sensitivity

[clean rollout] t=45s
  clean decoded rho from PRED latents (both-OOD, test): +0.546 / +0.970   n=435
  clean latent nMSE (pred vs real, test focus): 0.3746

[done] t=64s
[W722 21:56:15.868310110 AllocatorConfig.cpp:28] Warning: PYTORCH_CUDA_ALLOC_CONF is deprecated, use PYTORCH_ALLOC_CONF instead (function operator())
