[ckpt] /data1/likun-share/junjxu/.stable_worldmodel/dinowm_par_fr_s42/dinowm_par_fr_s42_epoch_20_object.ckpt  tag=jac_parabola_dino_baseline_s42  mode=jacobian  clamp=every-step
  encoded 50 trajs, t=22s
  encoded 100 trajs, t=33s
  encoded 150 trajs, t=42s
[data] 150 trajs, emb dim=192, t=42s
[probe R2 on train]  full=0.745  slot=0.220  bb=0.744

=== JACOBIAN: d(predicted position) / d(input latent dim) ===
    Every interventional measure of the black box here had to pick a
    direction first (the probe pseudo-inverse), and a redundant
    distributed code barely moves along any one direction -- which is
    why the min-norm patch reads ~0.09 on a channel that reads ~0.96
    when replaced wholesale. Differentiating picks no direction.
    100/400  t=43s
    200/400  t=45s
    300/400  t=46s
    400/400  t=48s
    slot [0:2]    mean |dpos/dz| per dim = 0.156118
    black box     mean |dpos/dz| per dim = 0.231172
    RATIO slot/bb per dim = 0.68
    totals: slot 0.312235 vs black box 43.922630  (slot share 0.007)
    slot dims rank [147, 175] of 192 by sensitivity

[clean rollout] t=48s
  clean decoded rho from PRED latents (both-OOD, test): +0.604 / +0.946   n=435
  clean latent nMSE (pred vs real, test focus): 0.4129

[done] t=68s
[W722 21:56:20.116740939 AllocatorConfig.cpp:28] Warning: PYTORCH_CUDA_ALLOC_CONF is deprecated, use PYTORCH_ALLOC_CONF instead (function operator())
