[ckpt] /data1/likun-share/junjxu/.stable_worldmodel/dinowm_par_structpos_pw30_s42/dinowm_par_structpos_pw30_s42_epoch_20_object.ckpt  tag=jac_parabola_dino_structpos_s42  mode=jacobian  clamp=every-step
  encoded 50 trajs, t=24s
  encoded 100 trajs, t=33s
  encoded 150 trajs, t=41s
[data] 150 trajs, emb dim=192, t=41s
[probe R2 on train]  full=0.895  slot=0.771  bb=0.762

=== JACOBIAN: d(predicted position) / d(input latent dim) ===
    Every interventional measure of the black box here had to pick a
    direction first (the probe pseudo-inverse), and a redundant
    distributed code barely moves along any one direction -- which is
    why the min-norm patch reads ~0.09 on a channel that reads ~0.96
    when replaced wholesale. Differentiating picks no direction.
    100/400  t=42s
    200/400  t=43s
    300/400  t=44s
    400/400  t=46s
    slot [0:2]    mean |dpos/dz| per dim = 0.112633
    black box     mean |dpos/dz| per dim = 0.105812
    RATIO slot/bb per dim = 1.06
    totals: slot 0.225267 vs black box 20.104328  (slot share 0.011)
    slot dims rank [21, 172] of 192 by sensitivity

[clean rollout] t=46s
  clean decoded rho from PRED latents (both-OOD, test): +0.792 / +0.974   n=435
  clean latent nMSE (pred vs real, test focus): 0.3439

[done] t=63s
[W722 21:56:15.373624246 AllocatorConfig.cpp:28] Warning: PYTORCH_CUDA_ALLOC_CONF is deprecated, use PYTORCH_ALLOC_CONF instead (function operator())
