[ckpt] /data1/likun-share/junjxu/.stable_worldmodel/uniform_motion_baseline_fr_id1k/uniform_motion_baseline_fr_id1k_epoch_20_object.ckpt  tag=jac_uniform_motion_lewm_baseline_s3072  mode=jacobian  clamp=every-step
  encoded 50 trajs, t=7s
  encoded 100 trajs, t=8s
  encoded 150 trajs, t=10s
[data] 150 trajs, emb dim=192, t=10s
[probe R2 on train]  full=0.888  slot=0.059  bb=0.888

=== JACOBIAN: d(predicted position) / d(input latent dim) ===
    Every interventional measure of the black box here had to pick a
    direction first (the probe pseudo-inverse), and a redundant
    distributed code barely moves along any one direction -- which is
    why the min-norm patch reads ~0.09 on a channel that reads ~0.96
    when replaced wholesale. Differentiating picks no direction.
    100/400  t=11s
    200/400  t=12s
    300/400  t=13s
    400/400  t=15s
    slot [0:2]    mean |dpos/dz| per dim = 0.239211
    black box     mean |dpos/dz| per dim = 0.308090
    RATIO slot/bb per dim = 0.78
    totals: slot 0.478421 vs black box 58.537193  (slot share 0.008)
    slot dims rank [172, 66] of 192 by sensitivity

[clean rollout] t=15s
  clean decoded rho from PRED latents (both-OOD, test): +0.943 / +0.791   n=377
  clean latent nMSE (pred vs real, test focus): 0.1078

[done] t=51s
[W722 21:56:03.126292579 AllocatorConfig.cpp:28] Warning: PYTORCH_CUDA_ALLOC_CONF is deprecated, use PYTORCH_ALLOC_CONF instead (function operator())
