[ckpt] /data1/likun-share/junjxu/.stable_worldmodel/dinowm_um_fr_s1234/dinowm_um_fr_s1234_epoch_20_object.ckpt  tag=jac_uniform_motion_dino_baseline_s1234  mode=jacobian  clamp=every-step
  encoded 50 trajs, t=23s
  encoded 100 trajs, t=33s
  encoded 150 trajs, t=42s
[data] 150 trajs, emb dim=192, t=42s
[probe R2 on train]  full=0.918  slot=0.187  bb=0.918

=== JACOBIAN: d(predicted position) / d(input latent dim) ===
    Every interventional measure of the black box here had to pick a
    direction first (the probe pseudo-inverse), and a redundant
    distributed code barely moves along any one direction -- which is
    why the min-norm patch reads ~0.09 on a channel that reads ~0.96
    when replaced wholesale. Differentiating picks no direction.
    100/400  t=44s
    200/400  t=45s
    300/400  t=47s
    400/400  t=48s
    slot [0:2]    mean |dpos/dz| per dim = 0.128590
    black box     mean |dpos/dz| per dim = 0.150499
    RATIO slot/bb per dim = 0.85
    totals: slot 0.257180 vs black box 28.594776  (slot share 0.009)
    slot dims rank [66, 171] of 192 by sensitivity

[clean rollout] t=48s
  clean decoded rho from PRED latents (both-OOD, test): +0.763 / +0.812   n=377
  clean latent nMSE (pred vs real, test focus): 0.4235

[done] t=68s
[W722 21:56:20.084804006 AllocatorConfig.cpp:28] Warning: PYTORCH_CUDA_ALLOC_CONF is deprecated, use PYTORCH_ALLOC_CONF instead (function operator())
