=== jacobian sweep START Wed Jul 22 21:55:08 CST 2026 ===
[21:55] START jac_uniform_motion_lewm_baseline_s3072 on GPU0
[21:55] START jac_uniform_motion_lewm_baseline_s1234 on GPU1
[21:55] START jac_uniform_motion_lewm_baseline_s42 on GPU2
[21:55] START jac_uniform_motion_lewm_structpos_s3072 on GPU3
[21:55] START jac_uniform_motion_lewm_structpos_s1234 on GPU4
[21:55] START jac_uniform_motion_lewm_structpos_s42 on GPU5
[21:55] START jac_parabola_lewm_baseline_s3072 on GPU6
[21:55] START jac_parabola_lewm_baseline_s1234 on GPU7
[21:55] START jac_parabola_lewm_baseline_s42 on GPU0
[21:55] START jac_parabola_lewm_structpos_s3072 on GPU1
[21:55] START jac_parabola_lewm_structpos_s1234 on GPU2
[21:55] START jac_parabola_lewm_structpos_s42 on GPU3
[21:55] START jac_collision_lewm_baseline_s3072 on GPU4
[21:55] START jac_collision_lewm_baseline_s1234 on GPU5
[21:55] START jac_collision_lewm_baseline_s42 on GPU6
[21:55] START jac_collision_lewm_structpos_s3072 on GPU7
[21:55] START jac_collision_lewm_structpos_s1234 on GPU0
[21:55] START jac_collision_lewm_structpos_s42 on GPU1
[21:55] START jac_uniform_motion_dino_baseline_s3072 on GPU2
[21:55] START jac_uniform_motion_dino_baseline_s1234 on GPU3
[21:55] START jac_uniform_motion_dino_baseline_s42 on GPU4
[21:55] START jac_uniform_motion_dino_structpos_s3072 on GPU5
[21:55] START jac_uniform_motion_dino_structpos_s1234 on GPU6
[21:55] START jac_uniform_motion_dino_structpos_s42 on GPU7
[21:55] START jac_parabola_dino_baseline_s3072 on GPU0
[21:55] START jac_parabola_dino_baseline_s1234 on GPU1
[21:55] START jac_parabola_dino_baseline_s42 on GPU2
[21:55] START jac_parabola_dino_structpos_s3072 on GPU3
[21:55] START jac_parabola_dino_structpos_s1234 on GPU4
[21:55] START jac_parabola_dino_structpos_s42 on GPU5
[21:55] START jac_collision_dino_baseline_s3072 on GPU6
[21:55] START jac_collision_dino_baseline_s1234 on GPU7
[21:55] START jac_collision_dino_baseline_s42 on GPU0
[21:55] START jac_collision_dino_structpos_s3072 on GPU1
[21:55] START jac_collision_dino_structpos_s1234 on GPU2
[21:55] START jac_collision_dino_structpos_s42 on GPU3
[21:56] DONE  jac_uniform_motion_lewm_baseline_s3072 ec=0
[21:56] DONE  jac_collision_lewm_baseline_s1234 ec=0
[21:56] DONE  jac_uniform_motion_lewm_structpos_s42 ec=0
[21:56] DONE  jac_collision_lewm_baseline_s3072 ec=0
[21:56] DONE  jac_uniform_motion_lewm_structpos_s1234 ec=0
[21:56] DONE  jac_collision_lewm_baseline_s42 ec=0
[21:56] DONE  jac_parabola_lewm_baseline_s3072 ec=0
[21:56] DONE  jac_collision_lewm_structpos_s3072 ec=0
[21:56] DONE  jac_parabola_lewm_baseline_s1234 ec=0
[21:56] DONE  jac_uniform_motion_lewm_structpos_s3072 ec=0
[21:56] DONE  jac_parabola_lewm_baseline_s42 ec=0
[21:56] DONE  jac_collision_lewm_structpos_s1234 ec=0
[21:56] DONE  jac_uniform_motion_dino_structpos_s3072 ec=0
[21:56] DONE  jac_uniform_motion_dino_structpos_s1234 ec=0
[21:56] DONE  jac_parabola_dino_structpos_s1234 ec=0
[21:56] DONE  jac_collision_dino_baseline_s1234 ec=0
[21:56] DONE  jac_parabola_dino_structpos_s42 ec=0
[21:56] DONE  jac_parabola_lewm_structpos_s3072 ec=0
[21:56] DONE  jac_uniform_motion_dino_baseline_s42 ec=0
[21:56] DONE  jac_uniform_motion_dino_structpos_s42 ec=0
[21:56] DONE  jac_parabola_lewm_structpos_s42 ec=0
[21:56] DONE  jac_uniform_motion_lewm_baseline_s1234 ec=0
[21:56] DONE  jac_uniform_motion_lewm_baseline_s42 ec=0
[21:56] DONE  jac_collision_dino_baseline_s3072 ec=0
[21:56] DONE  jac_collision_lewm_structpos_s42 ec=0
[21:56] DONE  jac_parabola_lewm_structpos_s1234 ec=0
[21:56] DONE  jac_parabola_dino_baseline_s3072 ec=0
[21:56] DONE  jac_collision_dino_baseline_s42 ec=0
[21:56] DONE  jac_parabola_dino_structpos_s3072 ec=0
[21:56] DONE  jac_parabola_dino_baseline_s1234 ec=0
[21:56] DONE  jac_uniform_motion_dino_baseline_s1234 ec=0
[21:56] DONE  jac_parabola_dino_baseline_s42 ec=0
[21:56] DONE  jac_uniform_motion_dino_baseline_s3072 ec=0
[21:56] DONE  jac_collision_dino_structpos_s1234 ec=0
[21:56] DONE  jac_collision_dino_structpos_s42 ec=0
[21:56] DONE  jac_collision_dino_structpos_s3072 ec=0
=== jacobian sweep ALL DONE Wed Jul 22 21:56:21 CST 2026 ===
