[ckpt] /data1/likun-share/junjxu/.stable_worldmodel/uniform_motion_structpos_fr_pw30_id1k/uniform_motion_structpos_fr_pw30_id1k_epoch_20_object.ckpt  tag=JSMOKE  mode=jacobian  clamp=every-step
  encoded 50 trajs, t=4s
  encoded 100 trajs, t=5s
  encoded 150 trajs, t=6s
[data] 150 trajs, emb dim=192, t=6s
[probe R2 on train]  full=0.895  slot=0.875  bb=0.885

=== JACOBIAN: d(predicted position) / d(input latent dim) ===
    Every interventional measure of the black box here had to pick a
    direction first (the probe pseudo-inverse), and a redundant
    distributed code barely moves along any one direction -- which is
    why the min-norm patch reads ~0.09 on a channel that reads ~0.96
    when replaced wholesale. Differentiating picks no direction.
    100/400  t=7s
    200/400  t=8s
    300/400  t=9s
    400/400  t=10s
    slot [0:2]    mean |dpos/dz| per dim = 0.428941
    black box     mean |dpos/dz| per dim = 0.124539
    RATIO slot/bb per dim = 3.44
    totals: slot 0.857883 vs black box 23.662430  (slot share 0.035)
    slot dims rank [1, 3] of 192 by sensitivity

[clean rollout] t=10s
  clean decoded rho from PRED latents (both-OOD, test): +0.963 / +0.833   n=377
  clean latent nMSE (pred vs real, test focus): 0.1110

[done] t=23s
