[1/3] VAE ep 1/50 loss 6585.71 (92s)
[1/3] VAE ep 2/50 loss 1043.54 (182s)
[1/3] VAE ep 3/50 loss 965.94 (277s)
[1/3] VAE ep 4/50 loss 927.84 (401s)
[1/3] VAE ep 5/50 loss 893.57 (529s)
[1/3] VAE ep 6/50 loss 865.48 (659s)
[1/3] VAE ep 7/50 loss 837.00 (790s)
[1/3] VAE ep 8/50 loss 816.63 (921s)
[1/3] VAE ep 9/50 loss 797.98 (1050s)
[1/3] VAE ep 10/50 loss 784.48 (1183s)
[1/3] VAE ep 11/50 loss 769.56 (1319s)
[1/3] VAE ep 12/50 loss 760.07 (1454s)
[1/3] VAE ep 13/50 loss 748.67 (1592s)
[1/3] VAE ep 14/50 loss 742.60 (1728s)
[1/3] VAE ep 15/50 loss 734.83 (1865s)
[1/3] VAE ep 16/50 loss 725.13 (1997s)
[1/3] VAE ep 17/50 loss 720.92 (2131s)
[1/3] VAE ep 18/50 loss 714.67 (2264s)
[1/3] VAE ep 19/50 loss 708.74 (2396s)
[1/3] VAE ep 20/50 loss 705.14 (2528s)
[1/3] VAE ep 21/50 loss 699.42 (2664s)
[1/3] VAE ep 22/50 loss 696.72 (2795s)
[1/3] VAE ep 23/50 loss 693.02 (2924s)
[1/3] VAE ep 24/50 loss 687.97 (3053s)
[1/3] VAE ep 25/50 loss 684.34 (3174s)
[1/3] VAE ep 26/50 loss 682.17 (3282s)
[1/3] VAE ep 27/50 loss 678.10 (3393s)
[1/3] VAE ep 28/50 loss 674.92 (3502s)
[1/3] VAE ep 29/50 loss 673.19 (3615s)
[1/3] VAE ep 30/50 loss 669.65 (3720s)
[1/3] VAE ep 31/50 loss 667.51 (3824s)
[1/3] VAE ep 32/50 loss 664.68 (3927s)
[1/3] VAE ep 33/50 loss 663.86 (4031s)
[1/3] VAE ep 34/50 loss 660.81 (4135s)
[1/3] VAE ep 35/50 loss 657.80 (4238s)
[1/3] VAE ep 36/50 loss 656.40 (4341s)
[1/3] VAE ep 37/50 loss 653.88 (4446s)
[1/3] VAE ep 38/50 loss 652.95 (4553s)
[1/3] VAE ep 39/50 loss 650.10 (4660s)
[1/3] VAE ep 40/50 loss 650.25 (4765s)
[1/3] VAE ep 41/50 loss 645.74 (4870s)
[1/3] VAE ep 42/50 loss 644.40 (4978s)
[1/3] VAE ep 43/50 loss 644.91 (5087s)
[1/3] VAE ep 44/50 loss 641.56 (5190s)
[1/3] VAE ep 45/50 loss 640.67 (5299s)
[1/3] VAE ep 46/50 loss 637.72 (5410s)
[1/3] VAE ep 47/50 loss 638.20 (5513s)
[1/3] VAE ep 48/50 loss 635.89 (5615s)
[1/3] VAE ep 49/50 loss 635.62 (5722s)
[1/3] VAE ep 50/50 loss 633.39 (5824s)
[2/3] ext ep 20/100 val 0.0977
[2/3] ext ep 40/100 val 0.0867
[2/3] ext ep 60/100 val 0.0864
[2/3] ext ep 80/100 val 0.0881
[2/3] ext ep 100/100 val 0.0836
[2/3] extractor best val MSE 0.0836
/home/likun-share/junjxu/wm/PIWM/phyworld_port/train_piwm.py:202: UserWarning: Converting a tensor with requires_grad=True to a scalar may lead to unexpected behavior.
Consider using tensor.detach() first. (Triggered internally at /pytorch/torch/csrc/autograd/generated/python_variable_methods.cpp:836.)
  s = float(dyn.log_s.exp())
[3/3] dyn ep 10/50 loss 0.5122 s=0.9993 g=[0.0, 0.0]
[3/3] dyn ep 20/50 loss 0.5120 s=0.9956 g=[0.0, 0.0]
[3/3] dyn ep 30/50 loss 0.5258 s=0.9979 g=[0.0, 0.0]
[3/3] dyn ep 40/50 loss 0.5095 s=1.0027 g=[0.0, 0.0]
[3/3] dyn ep 50/50 loss 0.5112 s=1.0002 g=[0.0, 0.0]
[done] uniform_motion_d0 total 6155s -> /data1/likun-share/junjxu/runs/piwm_baseline/ckpts
