[1/3] VAE ep 1/50 loss 6852.34 (90s)
[1/3] VAE ep 2/50 loss 963.63 (178s)
[1/3] VAE ep 3/50 loss 868.19 (273s)
[1/3] VAE ep 4/50 loss 822.95 (396s)
[1/3] VAE ep 5/50 loss 792.04 (525s)
[1/3] VAE ep 6/50 loss 763.56 (654s)
[1/3] VAE ep 7/50 loss 744.70 (783s)
[1/3] VAE ep 8/50 loss 721.26 (912s)
[1/3] VAE ep 9/50 loss 706.38 (1042s)
[1/3] VAE ep 10/50 loss 693.49 (1171s)
[1/3] VAE ep 11/50 loss 683.09 (1304s)
[1/3] VAE ep 12/50 loss 669.55 (1439s)
[1/3] VAE ep 13/50 loss 659.16 (1574s)
[1/3] VAE ep 14/50 loss 652.92 (1705s)
[1/3] VAE ep 15/50 loss 644.33 (1838s)
[1/3] VAE ep 16/50 loss 637.17 (1972s)
[1/3] VAE ep 17/50 loss 632.56 (2107s)
[1/3] VAE ep 18/50 loss 626.12 (2240s)
[1/3] VAE ep 19/50 loss 618.52 (2373s)
[1/3] VAE ep 20/50 loss 613.89 (2502s)
[1/3] VAE ep 21/50 loss 606.34 (2631s)
[1/3] VAE ep 22/50 loss 605.72 (2761s)
[1/3] VAE ep 23/50 loss 599.58 (2892s)
[1/3] VAE ep 24/50 loss 595.93 (3021s)
[1/3] VAE ep 25/50 loss 593.08 (3147s)
[1/3] VAE ep 26/50 loss 591.81 (3261s)
[1/3] VAE ep 27/50 loss 589.03 (3372s)
[1/3] VAE ep 28/50 loss 586.21 (3482s)
[1/3] VAE ep 29/50 loss 582.87 (3594s)
[1/3] VAE ep 30/50 loss 583.13 (3699s)
[1/3] VAE ep 31/50 loss 580.06 (3807s)
[1/3] VAE ep 32/50 loss 577.81 (3912s)
[1/3] VAE ep 33/50 loss 575.92 (4018s)
[1/3] VAE ep 34/50 loss 574.11 (4127s)
[1/3] VAE ep 35/50 loss 572.23 (4231s)
[1/3] VAE ep 36/50 loss 572.63 (4337s)
[1/3] VAE ep 37/50 loss 569.46 (4443s)
[1/3] VAE ep 38/50 loss 567.35 (4546s)
[1/3] VAE ep 39/50 loss 566.57 (4651s)
[1/3] VAE ep 40/50 loss 564.65 (4758s)
[1/3] VAE ep 41/50 loss 567.18 (4865s)
[1/3] VAE ep 42/50 loss 561.61 (4973s)
[1/3] VAE ep 43/50 loss 563.14 (5083s)
[1/3] VAE ep 44/50 loss 559.53 (5191s)
[1/3] VAE ep 45/50 loss 560.69 (5302s)
[1/3] VAE ep 46/50 loss 558.69 (5412s)
[1/3] VAE ep 47/50 loss 556.80 (5517s)
[1/3] VAE ep 48/50 loss 556.41 (5623s)
[1/3] VAE ep 49/50 loss 555.29 (5728s)
[1/3] VAE ep 50/50 loss 553.50 (5834s)
[2/3] ext ep 20/100 val 0.4502
[2/3] ext ep 40/100 val 0.4246
[2/3] ext ep 60/100 val 0.4204
[2/3] ext ep 80/100 val 0.4095
[2/3] ext ep 100/100 val 0.4149
[2/3] extractor best val MSE 0.3986
/home/likun-share/junjxu/wm/PIWM/phyworld_port/train_piwm.py:202: UserWarning: Converting a tensor with requires_grad=True to a scalar may lead to unexpected behavior.
Consider using tensor.detach() first. (Triggered internally at /pytorch/torch/csrc/autograd/generated/python_variable_methods.cpp:836.)
  s = float(dyn.log_s.exp())
[3/3] dyn ep 10/50 loss 0.4470 s=0.9790 g=[0.006300000008195639, -0.02800000086426735]
[3/3] dyn ep 20/50 loss 0.4474 s=0.9797 g=[0.006099999882280827, -0.02879999950528145]
[3/3] dyn ep 30/50 loss 0.4509 s=0.9773 g=[0.0052999998442828655, -0.02889999933540821]
[3/3] dyn ep 40/50 loss 0.4556 s=0.9783 g=[0.00559999980032444, -0.027699999511241913]
[3/3] dyn ep 50/50 loss 0.4578 s=0.9789 g=[0.005200000014156103, -0.029100000858306885]
[done] parabola_d0 total 6165s -> /data1/likun-share/junjxu/runs/piwm_baseline/ckpts
