[1/5] frozen encoder from /data1/likun-share/junjxu/.stable_worldmodel/uniform_posonly_w0p3_id1k/uniform_posonly_w0p3_id1k_epoch_20_object.ckpt (emb_source=proj)
      emb_dim = 192
[2/5] load eval set /data1/likun-share/junjxu/.stable_worldmodel/datasets/phyworld_uniform_motion.h5 (all partitions)
      36864 frames; per-partition frame counts: ID=5632, r/m-OOD=5632, v-OOD=10240, both-OOD=15360
      train frames 29504 / test frames 7360 (test trajs=230)
[3/5] precompute embeddings
  embed 0/36864
  embed 5120/36864
  embed 10240/36864
  embed 15360/36864
  embed 20480/36864
  embed 25600/36864
  embed 30720/36864
  embed 35840/36864
[4/5] train universal decoder, 40 epochs
  ep   5 | train 0.0056 | ID 31.23dB | r/m-OOD 28.82dB | v-OOD 31.41dB | both-OOD 29.15dB
  ep  10 | train 0.0025 | ID 32.55dB | r/m-OOD 30.69dB | v-OOD 32.51dB | both-OOD 31.34dB
  ep  15 | train 0.0018 | ID 33.72dB | r/m-OOD 31.34dB | v-OOD 33.10dB | both-OOD 31.72dB
  ep  20 | train 0.0015 | ID 34.42dB | r/m-OOD 31.68dB | v-OOD 34.03dB | both-OOD 32.20dB
  ep  25 | train 0.0012 | ID 34.99dB | r/m-OOD 32.53dB | v-OOD 34.56dB | both-OOD 33.06dB
  ep  30 | train 0.0011 | ID 35.47dB | r/m-OOD 32.80dB | v-OOD 34.47dB | both-OOD 33.67dB
  ep  35 | train 0.0009 | ID 35.54dB | r/m-OOD 32.70dB | v-OOD 34.62dB | both-OOD 33.83dB
  ep  40 | train 0.0009 | ID 35.68dB | r/m-OOD 32.98dB | v-OOD 34.75dB | both-OOD 33.91dB
[5/5] final per-partition PSNR (held-out)

=== UNIVERSAL decoder | uniform_motion | tag=lam0p3 | enc=uniform_posonly_w0p3_id1k_epoch_20_object.ckpt ===
partition       n  PSNR(dB)        MSE
ID           1120     35.68    0.00027
r/m-OOD      1120     32.98    0.00050
v-OOD        2048     34.75    0.00034
both-OOD     3072     33.91    0.00041
[saved] upsnr_lam0p3.json in /data1/likun-share/junjxu/runs/decoder_viz/universal_proj
[saved] grids in /data1/likun-share/junjxu/runs/decoder_viz/universal_proj
