[1/5] frozen encoder from /data1/likun-share/junjxu/.stable_worldmodel/uniform_motion_paperinit_id1k/uniform_motion_paperinit_id1k_epoch_20_object.ckpt (emb_source=proj)
      emb_dim = 192
[2/5] load eval set /data1/likun-share/junjxu/.stable_worldmodel/datasets/phyworld_uniform_motion.h5 (all partitions)
      36864 frames; per-partition frame counts: ID=5632, r/m-OOD=5632, v-OOD=10240, both-OOD=15360
      train frames 29504 / test frames 7360 (test trajs=230)
[3/5] precompute embeddings
  embed 0/36864
  embed 5120/36864
  embed 10240/36864
  embed 15360/36864
  embed 20480/36864
  embed 25600/36864
  embed 30720/36864
  embed 35840/36864
[4/5] train universal decoder, 40 epochs
  ep   5 | train 0.0060 | ID 28.64dB | r/m-OOD 28.35dB | v-OOD 29.06dB | both-OOD 29.20dB
  ep  10 | train 0.0028 | ID 30.43dB | r/m-OOD 30.04dB | v-OOD 30.59dB | both-OOD 30.69dB
  ep  15 | train 0.0019 | ID 31.98dB | r/m-OOD 30.43dB | v-OOD 31.80dB | both-OOD 31.46dB
  ep  20 | train 0.0016 | ID 32.00dB | r/m-OOD 30.78dB | v-OOD 32.30dB | both-OOD 31.93dB
  ep  25 | train 0.0013 | ID 32.91dB | r/m-OOD 31.26dB | v-OOD 32.50dB | both-OOD 32.25dB
  ep  30 | train 0.0011 | ID 33.27dB | r/m-OOD 31.85dB | v-OOD 32.88dB | both-OOD 32.93dB
  ep  35 | train 0.0010 | ID 33.46dB | r/m-OOD 32.03dB | v-OOD 32.96dB | both-OOD 33.09dB
  ep  40 | train 0.0009 | ID 33.52dB | r/m-OOD 32.05dB | v-OOD 33.03dB | both-OOD 33.17dB
[5/5] final per-partition PSNR (held-out)

=== UNIVERSAL decoder | uniform_motion | tag=lam0 | enc=uniform_motion_paperinit_id1k_epoch_20_object.ckpt ===
partition       n  PSNR(dB)        MSE
ID           1120     33.52    0.00044
r/m-OOD      1120     32.05    0.00062
v-OOD        2048     33.03    0.00050
both-OOD     3072     33.17    0.00048
[saved] upsnr_lam0.json in /data1/likun-share/junjxu/runs/decoder_viz/universal_proj
[saved] grids in /data1/likun-share/junjxu/runs/decoder_viz/universal_proj
