[1/5] frozen encoder from /data1/likun-share/junjxu/.stable_worldmodel/uniform_motion_piwm_probe_id1k/uniform_motion_piwm_probe_id1k_epoch_20_object.ckpt (emb_source=proj)
      emb_dim = 192
[2/5] load eval set /data1/likun-share/junjxu/.stable_worldmodel/datasets/phyworld_uniform_motion.h5 (all partitions)
      36864 frames; per-partition frame counts: ID=5632, r/m-OOD=5632, v-OOD=10240, both-OOD=15360
      train frames 29504 / test frames 7360 (test trajs=230)
[3/5] precompute embeddings
  embed 0/36864
  embed 5120/36864
  embed 10240/36864
  embed 15360/36864
  embed 20480/36864
  embed 25600/36864
  embed 30720/36864
  embed 35840/36864
[4/5] train universal decoder, 40 epochs
  ep   5 | train 0.0055 | ID 30.36dB | r/m-OOD 28.72dB | v-OOD 31.34dB | both-OOD 29.92dB
  ep  10 | train 0.0023 | ID 32.75dB | r/m-OOD 30.71dB | v-OOD 32.75dB | both-OOD 31.85dB
  ep  15 | train 0.0017 | ID 33.21dB | r/m-OOD 31.40dB | v-OOD 33.13dB | both-OOD 32.22dB
  ep  20 | train 0.0014 | ID 34.43dB | r/m-OOD 31.58dB | v-OOD 34.22dB | both-OOD 32.36dB
  ep  25 | train 0.0012 | ID 35.15dB | r/m-OOD 31.97dB | v-OOD 34.77dB | both-OOD 33.52dB
  ep  30 | train 0.0010 | ID 35.78dB | r/m-OOD 32.96dB | v-OOD 34.87dB | both-OOD 34.14dB
  ep  35 | train 0.0009 | ID 36.21dB | r/m-OOD 33.14dB | v-OOD 35.30dB | both-OOD 34.58dB
  ep  40 | train 0.0009 | ID 36.27dB | r/m-OOD 33.32dB | v-OOD 35.39dB | both-OOD 34.73dB
[5/5] final per-partition PSNR (held-out)

=== UNIVERSAL decoder | uniform_motion | tag=lam1 | enc=uniform_motion_piwm_probe_id1k_epoch_20_object.ckpt ===
partition       n  PSNR(dB)        MSE
ID           1120     36.27    0.00024
r/m-OOD      1120     33.32    0.00047
v-OOD        2048     35.39    0.00029
both-OOD     3072     34.73    0.00034
[saved] upsnr_lam1.json in /data1/likun-share/junjxu/runs/decoder_viz/universal_proj
[saved] grids in /data1/likun-share/junjxu/runs/decoder_viz/universal_proj
