[1/5] frozen encoder from /data1/likun-share/junjxu/.stable_worldmodel/uniform_posonly_w10p0_id1k/uniform_posonly_w10p0_id1k_epoch_20_object.ckpt (emb_source=proj)
      emb_dim = 192
[2/5] load eval set /data1/likun-share/junjxu/.stable_worldmodel/datasets/phyworld_uniform_motion.h5 (all partitions)
      36864 frames; per-partition frame counts: ID=5632, r/m-OOD=5632, v-OOD=10240, both-OOD=15360
      train frames 29504 / test frames 7360 (test trajs=230)
[3/5] precompute embeddings
  embed 0/36864
  embed 5120/36864
  embed 10240/36864
  embed 15360/36864
  embed 20480/36864
  embed 25600/36864
  embed 30720/36864
  embed 35840/36864
[4/5] train universal decoder, 40 epochs
  ep   5 | train 0.0055 | ID 31.43dB | r/m-OOD 29.95dB | v-OOD 32.07dB | both-OOD 31.25dB
  ep  10 | train 0.0024 | ID 32.81dB | r/m-OOD 31.16dB | v-OOD 33.90dB | both-OOD 31.88dB
  ep  15 | train 0.0018 | ID 32.63dB | r/m-OOD 31.45dB | v-OOD 33.61dB | both-OOD 32.23dB
  ep  20 | train 0.0015 | ID 33.78dB | r/m-OOD 32.62dB | v-OOD 34.89dB | both-OOD 33.37dB
  ep  25 | train 0.0013 | ID 34.44dB | r/m-OOD 32.73dB | v-OOD 35.22dB | both-OOD 33.46dB
  ep  30 | train 0.0012 | ID 34.92dB | r/m-OOD 33.38dB | v-OOD 35.76dB | both-OOD 34.27dB
  ep  35 | train 0.0011 | ID 35.32dB | r/m-OOD 33.88dB | v-OOD 36.06dB | both-OOD 34.68dB
  ep  40 | train 0.0010 | ID 35.43dB | r/m-OOD 34.07dB | v-OOD 36.14dB | both-OOD 34.81dB
[5/5] final per-partition PSNR (held-out)

=== UNIVERSAL decoder | uniform_motion | tag=lam10 | enc=uniform_posonly_w10p0_id1k_epoch_20_object.ckpt ===
partition       n  PSNR(dB)        MSE
ID           1120     35.43    0.00029
r/m-OOD      1120     34.07    0.00039
v-OOD        2048     36.14    0.00024
both-OOD     3072     34.81    0.00033
[saved] upsnr_lam10.json in /data1/likun-share/junjxu/runs/decoder_viz/universal_proj
[saved] grids in /data1/likun-share/junjxu/runs/decoder_viz/universal_proj
