[ckpt] trained = /data1/likun-share/junjxu/.stable_worldmodel/collision_rerun_w1p0_f2_id1k/collision_rerun_w1p0_f2_id1k_epoch_20_object.ckpt
[frozen] target encoder = /data1/likun-share/junjxu/.stable_worldmodel/lewm_paper_pusht/weights.pt
  rolled out 100 trajs, t=15s
  rolled out 200 trajs, t=31s
  rolled out 300 trajs, t=45s

[data] 300 trajs, 8700 pairs, emb dim=192

=== cos by partition — TRAINED-target (original loop) vs FROZEN-target ===
  partition  | trained-target | frozen-target |   Δ
  -----------+----------------+---------------+--------
  ID         | +0.6475        | +0.5197      | -0.1277
  r/m-OOD    | +0.5879        | +0.5215      | -0.0664

=== cos vs horizon — TRAINED-target vs FROZEN-target ===
    h | trained-target | frozen-target |   Δ
  ----+----------------+---------------+--------
    1 | +0.9916        | +0.7675      | -0.2240
    2 | +0.9808        | +0.7588      | -0.2220
    4 | +0.9282        | +0.7285      | -0.1998
    8 | +0.7885        | +0.6545      | -0.1340
   16 | +0.5240        | +0.4613      | -0.0627
   28 | +0.3653        | +0.3462      | -0.0191
