[ckpt] trained = /data1/likun-share/junjxu/.stable_worldmodel/collision_rerun_w5p0_f2_id1k/collision_rerun_w5p0_f2_id1k_epoch_20_object.ckpt
[frozen] target encoder = /data1/likun-share/junjxu/.stable_worldmodel/lewm_paper_pusht/weights.pt
  rolled out 100 trajs, t=16s
  rolled out 200 trajs, t=31s
  rolled out 300 trajs, t=46s

[data] 300 trajs, 8700 pairs, emb dim=192

=== cos by partition — TRAINED-target (original loop) vs FROZEN-target ===
  partition  | trained-target | frozen-target |   Δ
  -----------+----------------+---------------+--------
  ID         | +0.7161        | +0.5938      | -0.1224
  r/m-OOD    | +0.6483        | +0.5775      | -0.0708

=== cos vs horizon — TRAINED-target vs FROZEN-target ===
    h | trained-target | frozen-target |   Δ
  ----+----------------+---------------+--------
    1 | +0.9908        | +0.7902      | -0.2006
    2 | +0.9811        | +0.7773      | -0.2038
    4 | +0.9382        | +0.7536      | -0.1846
    8 | +0.8438        | +0.7181      | -0.1257
   16 | +0.6080        | +0.5428      | -0.0652
   28 | +0.4561        | +0.4282      | -0.0279
