[ckpt] trained = /data1/likun-share/junjxu/.stable_worldmodel/collision_rerun_w10p0_f2_id1k/collision_rerun_w10p0_f2_id1k_epoch_20_object.ckpt
[frozen] target encoder = /data1/likun-share/junjxu/.stable_worldmodel/lewm_paper_pusht/weights.pt
  rolled out 100 trajs, t=16s
  rolled out 200 trajs, t=33s
  rolled out 300 trajs, t=48s

[data] 300 trajs, 8700 pairs, emb dim=192

=== cos by partition — TRAINED-target (original loop) vs FROZEN-target ===
  partition  | trained-target | frozen-target |   Δ
  -----------+----------------+---------------+--------
  ID         | +0.7283        | +0.6290      | -0.0993
  r/m-OOD    | +0.6826        | +0.6355      | -0.0472

=== cos vs horizon — TRAINED-target vs FROZEN-target ===
    h | trained-target | frozen-target |   Δ
  ----+----------------+---------------+--------
    1 | +0.9898        | +0.7961      | -0.1937
    2 | +0.9791        | +0.7847      | -0.1944
    4 | +0.9387        | +0.7769      | -0.1618
    8 | +0.8655        | +0.7729      | -0.0926
   16 | +0.6259        | +0.5828      | -0.0431
   28 | +0.4929        | +0.4803      | -0.0125
