[ckpt] trained = /data1/likun-share/junjxu/.stable_worldmodel/uniform_motion_rerun_w5p0_f2_id1k/uniform_motion_rerun_w5p0_f2_id1k_epoch_20_object.ckpt
[frozen] target encoder = /data1/likun-share/junjxu/.stable_worldmodel/lewm_paper_pusht/weights.pt
  rolled out 100 trajs, t=16s
  rolled out 200 trajs, t=31s
  rolled out 300 trajs, t=46s

[data] 300 trajs, 8700 pairs, emb dim=192

=== cos by partition — TRAINED-target (original loop) vs FROZEN-target ===
  partition  | trained-target | frozen-target |   Δ
  -----------+----------------+---------------+--------
  ID         | +0.8684        | +0.5749      | -0.2935
  r/m-OOD    | +0.7325        | +0.6352      | -0.0972
  v-OOD      | +0.8233        | +0.5224      | -0.3009

=== cos vs horizon — TRAINED-target vs FROZEN-target ===
    h | trained-target | frozen-target |   Δ
  ----+----------------+---------------+--------
    1 | +0.9838        | +0.7377      | -0.2461
    2 | +0.9753        | +0.7170      | -0.2582
    4 | +0.9526        | +0.6671      | -0.2854
    8 | +0.8980        | +0.6092      | -0.2887
   16 | +0.8037        | +0.5353      | -0.2684
   28 | +0.7266        | +0.5560      | -0.1705
