[ckpt] trained = /data1/likun-share/junjxu/.stable_worldmodel/uniform_motion_rerun_w10p0_f2_id1k/uniform_motion_rerun_w10p0_f2_id1k_epoch_20_object.ckpt
[frozen] target encoder = /data1/likun-share/junjxu/.stable_worldmodel/lewm_paper_pusht/weights.pt
  rolled out 100 trajs, t=16s
  rolled out 200 trajs, t=31s
  rolled out 300 trajs, t=46s

[data] 300 trajs, 8700 pairs, emb dim=192

=== cos by partition — TRAINED-target (original loop) vs FROZEN-target ===
  partition  | trained-target | frozen-target |   Δ
  -----------+----------------+---------------+--------
  ID         | +0.8841        | +0.7269      | -0.1572
  r/m-OOD    | +0.7392        | +0.6960      | -0.0432
  v-OOD      | +0.8467        | +0.6850      | -0.1617

=== cos vs horizon — TRAINED-target vs FROZEN-target ===
    h | trained-target | frozen-target |   Δ
  ----+----------------+---------------+--------
    1 | +0.9879        | +0.8881      | -0.0998
    2 | +0.9813        | +0.8804      | -0.1008
    4 | +0.9634        | +0.8466      | -0.1169
    8 | +0.9020        | +0.7600      | -0.1420
   16 | +0.8220        | +0.6640      | -0.1580
   28 | +0.7605        | +0.6610      | -0.0995
