=== queue4 WAITING for matrix to drain (started Thu Jul 16 03:18:52 CST 2026) ===
[05:08] matrix drained (n=5), launching
[05:08] START dinowm_pp_fr_s3072 on GPU0
[05:08] START dinowm_pp_fr_s1234 on GPU1
[05:08] START dinowm_pp_fr_s42 on GPU2
[05:08] START dinowm_pp_tf_s3072 on GPU3
[05:08] START dinowm_pp_tf_s1234 on GPU4
[05:08] START dinowm_pp_tf_s42 on GPU5
[05:08] START dinowm_um_structpos_pw1 on GPU6
[05:08] START dinowm_um_structpos_pw10 on GPU7
[05:08] START dinowm_um_structpos_pw300 on GPU0
[06:12] ALL DONE dinowm_um_structpos_pw10 ec=0
[06:13] ALL DONE dinowm_um_structpos_pw300 ec=0
[06:18] ALL DONE dinowm_um_structpos_pw1 ec=0
[07:31] ALL DONE dinowm_pp_tf_s1234 ec=0
[07:38] ALL DONE dinowm_pp_tf_s42 ec=0
[07:38] ALL DONE dinowm_pp_tf_s3072 ec=0
[08:35] ALL DONE dinowm_pp_fr_s3072 ec=0
[08:52] ALL DONE dinowm_pp_fr_s42 ec=0
[08:53] ALL DONE dinowm_pp_fr_s1234 ec=0
=== queue4 ALL FINISHED Thu Jul 16 08:53:00 CST 2026 ===
