=== dinowm queue3 START Thu Jul 16 00:42:16 CST 2026, 23 jobs ===
[00:42] START dinowm_um_structpos_pw30_s1234 on GPU0
[00:42] START dinowm_um_structpos_pw30_s42 on GPU1
[00:42] START dinowm_par_structpos_pw30_s1234 on GPU2
[00:42] START dinowm_par_structpos_pw30_s42 on GPU3
[00:42] START dinowm_col_structpos_pw30_s1234 on GPU4
[00:42] START dinowm_col_structpos_pw30_s42 on GPU5
[00:42] START dinowm_um_probeF2_s1234 on GPU6
[00:42] START dinowm_um_probeF2_s42 on GPU7
[00:42] START dinowm_par_probeF2_s1234 on GPU0
[00:42] START dinowm_par_probeF2_s42 on GPU1
[00:42] START dinowm_col_probeF2_s1234 on GPU2
[00:42] START dinowm_col_probeF2_s42 on GPU3
[00:42] START dinowm_um_cons_s1234 on GPU4
[00:42] START dinowm_um_cons_s42 on GPU5
[00:42] START dinowm_par_cons_s1234 on GPU6
[00:43] START dinowm_par_cons_s42 on GPU7
[00:43] START dinowm_col_cons_s1234 on GPU0
[00:43] START dinowm_col_cons_s42 on GPU1
[00:43] START dinowm_col_np20 on GPU2
[00:43] START dinowm_col_np16 on GPU3
[00:43] START dinowm_um_np16 on GPU4
[00:43] START dinowm_par_np16 on GPU5
[00:43] START dinowm_um_structpos_pw100 on GPU6
[04:06] ALL DONE dinowm_col_np20 ec=0
[04:26] ALL DONE dinowm_par_np16 ec=0
[04:27] ALL DONE dinowm_col_np16 ec=0
[04:27] ALL DONE dinowm_um_np16 ec=0
[04:34] ALL DONE dinowm_um_structpos_pw30_s42 ec=0
[04:34] ALL DONE dinowm_par_cons_s42 ec=0
[04:34] ALL DONE dinowm_um_structpos_pw100 ec=0
[04:35] ALL DONE dinowm_um_structpos_pw30_s1234 ec=0
[04:43] ALL DONE dinowm_col_cons_s42 ec=0
[04:47] ALL DONE dinowm_um_probeF2_s42 ec=0
[04:47] ALL DONE dinowm_par_probeF2_s1234 ec=0
[04:47] ALL DONE dinowm_par_probeF2_s42 ec=0
[04:48] ALL DONE dinowm_um_cons_s1234 ec=0
[04:48] ALL DONE dinowm_col_structpos_pw30_s42 ec=0
[04:48] ALL DONE dinowm_um_cons_s42 ec=0
[04:49] ALL DONE dinowm_col_cons_s1234 ec=0
[04:49] ALL DONE dinowm_col_structpos_pw30_s1234 ec=0
[04:50] ALL DONE dinowm_col_probeF2_s42 ec=0
[04:55] ALL DONE dinowm_par_cons_s1234 ec=0
[05:04] ALL DONE dinowm_um_probeF2_s1234 ec=0
[05:07] ALL DONE dinowm_par_structpos_pw30_s42 ec=0
[05:09] ALL DONE dinowm_par_structpos_pw30_s1234 ec=0
[05:12] ALL DONE dinowm_col_probeF2_s1234 ec=0
=== dinowm queue3 ALL FINISHED Thu Jul 16 05:12:47 CST 2026 ===
