=== queue10 WAIT for queue8/9 to drain (Thu Jul 16 14:04:16 CST 2026) ===
[16:04] START dinowm_um_structpos_plain_s1234 on GPU0
[16:04] START dinowm_um_structpos_plain_s42 on GPU1
[16:04] START dinowm_um_posvel_pw30_s1234 on GPU2
[16:04] START dinowm_um_posvel_pw30_s42 on GPU3
[16:04] START dinowm_um_grounded_const_s1234 on GPU4
[16:04] START dinowm_um_grounded_const_s42 on GPU5
[16:04] START dinowm_um_probe_structpos_pw30_s1234 on GPU6
[16:04] START dinowm_um_probe_structpos_pw30_s42 on GPU7
[16:04] START dinowm_um_dyn_mlp_s1234 on GPU0
[16:04] START dinowm_um_dyn_mlp_s42 on GPU1
[16:04] START dinowm_um_labelfree_const_s1234 on GPU2
[16:04] START dinowm_um_labelfree_const_s42 on GPU3
[16:04] START dinowm_par_structpos_plain_s1234 on GPU4
[16:05] START dinowm_par_structpos_plain_s42 on GPU5
[16:05] START dinowm_par_posvel_pw30_s1234 on GPU6
[16:05] START dinowm_par_posvel_pw30_s42 on GPU7
[16:05] START dinowm_par_grounded_const_s1234 on GPU0
[16:05] START dinowm_par_grounded_const_s42 on GPU1
[16:05] START dinowm_par_probe_structpos_pw30_s1234 on GPU2
[16:05] START dinowm_par_probe_structpos_pw30_s42 on GPU3
[16:05] START dinowm_par_dyn_mlp_s1234 on GPU4
[16:05] START dinowm_par_dyn_mlp_s42 on GPU5
[16:05] START dinowm_par_labelfree_const_s1234 on GPU6
[16:05] START dinowm_par_labelfree_const_s42 on GPU7
[16:05] START dinowm_col_structpos_plain_s1234 on GPU0
[16:05] START dinowm_col_structpos_plain_s42 on GPU1
[16:05] START dinowm_col_posvel_pw30_s1234 on GPU2
[16:05] START dinowm_col_posvel_pw30_s42 on GPU3
[16:05] START dinowm_col_grounded_const_s1234 on GPU4
[16:05] START dinowm_col_grounded_const_s42 on GPU5
[16:05] START dinowm_col_probe_structpos_pw30_s1234 on GPU6
[16:05] START dinowm_col_probe_structpos_pw30_s42 on GPU7
[16:05] START dinowm_col_dyn_mlp_s1234 on GPU0
[16:06] START dinowm_col_dyn_mlp_s42 on GPU1
[16:06] START dinowm_col_labelfree_const_s1234 on GPU2
[16:06] START dinowm_col_labelfree_const_s42 on GPU3
[18:47] ALL DONE dinowm_par_probe_structpos_pw30_s1234 ec=0
[18:49] ALL DONE dinowm_um_grounded_const_s42 ec=0
[18:50] ALL DONE dinowm_par_grounded_const_s42 ec=0
[18:50] ALL DONE dinowm_par_posvel_pw30_s42 ec=0
[18:51] ALL DONE dinowm_col_probe_structpos_pw30_s1234 ec=0
[18:51] ALL DONE dinowm_col_posvel_pw30_s1234 ec=0
[18:53] ALL DONE dinowm_col_structpos_plain_s42 ec=0
[18:53] ALL DONE dinowm_par_structpos_plain_s42 ec=0
[18:53] ALL DONE dinowm_col_grounded_const_s1234 ec=0
[18:53] ALL DONE dinowm_par_structpos_plain_s1234 ec=0
[18:55] ALL DONE dinowm_um_grounded_const_s1234 ec=0
[18:55] ALL DONE dinowm_par_dyn_mlp_s1234 ec=0
[18:55] ALL DONE dinowm_um_dyn_mlp_s42 ec=0
[18:55] ALL DONE dinowm_um_posvel_pw30_s42 ec=0
[18:56] ALL DONE dinowm_par_probe_structpos_pw30_s42 ec=0
[18:56] ALL DONE dinowm_um_probe_structpos_pw30_s42 ec=0
[18:56] ALL DONE dinowm_um_structpos_plain_s42 ec=0
[18:56] ALL DONE dinowm_um_dyn_mlp_s1234 ec=0
[18:57] ALL DONE dinowm_um_labelfree_const_s42 ec=0
[18:57] ALL DONE dinowm_col_posvel_pw30_s42 ec=0
[18:57] ALL DONE dinowm_col_dyn_mlp_s42 ec=0
[18:57] ALL DONE dinowm_col_grounded_const_s42 ec=0
[18:57] ALL DONE dinowm_col_structpos_plain_s1234 ec=0
[18:58] ALL DONE dinowm_par_posvel_pw30_s1234 ec=0
[18:59] ALL DONE dinowm_col_dyn_mlp_s1234 ec=0
[19:00] ALL DONE dinowm_col_labelfree_const_s42 ec=0
[19:06] ALL DONE dinowm_par_dyn_mlp_s42 ec=0
[19:08] ALL DONE dinowm_um_labelfree_const_s1234 ec=0
[19:09] ALL DONE dinowm_par_labelfree_const_s42 ec=0
[19:09] ALL DONE dinowm_um_posvel_pw30_s1234 ec=0
[19:13] ALL DONE dinowm_um_probe_structpos_pw30_s1234 ec=0
[19:14] ALL DONE dinowm_par_labelfree_const_s1234 ec=0
[19:16] ALL DONE dinowm_um_structpos_plain_s1234 ec=0
[19:16] ALL DONE dinowm_col_labelfree_const_s1234 ec=0
[19:17] ALL DONE dinowm_par_grounded_const_s1234 ec=0
[19:18] ALL DONE dinowm_col_probe_structpos_pw30_s42 ec=0
=== queue10 ALL FINISHED Thu Jul 16 19:18:29 CST 2026 ===
