=== dinowm queue2 START Thu Jul 16 00:39:54 CST 2026, 9 jobs ===
[00:39] START dinowm_um_posvel_pw30 on GPU0
[00:39] START dinowm_par_posvel_pw30 on GPU1
[00:40] START dinowm_col_posvel_pw30 on GPU2
[00:40] START dinowm_um_structpos_plain on GPU3
[00:40] START dinowm_par_structpos_plain on GPU4
[00:40] START dinowm_col_structpos_plain on GPU5
[00:40] START dinowm_um_grounded_const on GPU6
[00:40] START dinowm_par_grounded_const on GPU7
[00:40] START dinowm_col_grounded_const on GPU0
[03:49] ALL DONE dinowm_col_grounded_const ec=0
[04:04] ALL DONE dinowm_par_structpos_plain ec=0
[04:04] ALL DONE dinowm_col_posvel_pw30 ec=0
[04:05] ALL DONE dinowm_um_posvel_pw30 ec=0
[04:05] ALL DONE dinowm_col_structpos_plain ec=0
[04:06] ALL DONE dinowm_um_grounded_const ec=0
[04:11] ALL DONE dinowm_par_grounded_const ec=0
[04:13] ALL DONE dinowm_par_posvel_pw30 ec=0
[04:26] ALL DONE dinowm_um_structpos_plain ec=0
=== dinowm queue2 ALL FINISHED Thu Jul 16 04:26:53 CST 2026 ===
