=== dinowm queue START Thu Jul 16 00:33:10 CST 2026, 27 jobs, static packing over 8 GPUs ===
[00:33] START dinowm_um_tf_s3072 on GPU0 (wm.free_rollout=false wm.num_preds=1 loader.batch_size=128 seed=3072)
[00:33] START dinowm_um_tf_s1234 on GPU1 (wm.free_rollout=false wm.num_preds=1 loader.batch_size=128 seed=1234)
[00:33] START dinowm_um_tf_s42 on GPU2 (wm.free_rollout=false wm.num_preds=1 loader.batch_size=128 seed=42)
[00:33] START dinowm_um_fr_s3072 on GPU3 (seed=3072)
[00:33] START dinowm_um_fr_s1234 on GPU4 (seed=1234)
[00:33] START dinowm_um_fr_s42 on GPU5 (seed=42)
[00:33] START dinowm_par_tf_s3072 on GPU6 (wm.free_rollout=false wm.num_preds=1 loader.batch_size=128 seed=3072)
[00:33] START dinowm_par_tf_s1234 on GPU7 (wm.free_rollout=false wm.num_preds=1 loader.batch_size=128 seed=1234)
[00:33] START dinowm_par_tf_s42 on GPU0 (wm.free_rollout=false wm.num_preds=1 loader.batch_size=128 seed=42)
[00:33] START dinowm_par_fr_s3072 on GPU1 (seed=3072)
[00:33] START dinowm_par_fr_s1234 on GPU2 (seed=1234)
[00:33] START dinowm_par_fr_s42 on GPU3 (seed=42)
[00:33] START dinowm_col_tf_s3072 on GPU4 (wm.free_rollout=false wm.num_preds=1 loader.batch_size=128 seed=3072)
[00:33] START dinowm_col_tf_s1234 on GPU5 (wm.free_rollout=false wm.num_preds=1 loader.batch_size=128 seed=1234)
[00:33] START dinowm_col_tf_s42 on GPU6 (wm.free_rollout=false wm.num_preds=1 loader.batch_size=128 seed=42)
[00:33] START dinowm_col_fr_s3072 on GPU7 (seed=3072)
[00:33] START dinowm_col_fr_s1234 on GPU0 (seed=1234)
[00:34] START dinowm_col_fr_s42 on GPU1 (seed=42)
[00:34] START dinowm_um_structpos_pw30 on GPU2 (loss.structured.weight=1.0 loss.structured.target=proprio loss.pos_weight=30)
[00:34] START dinowm_par_structpos_pw30 on GPU3 (loss.structured.weight=1.0 loss.structured.target=proprio loss.pos_weight=30)
[00:34] START dinowm_col_structpos_pw30 on GPU4 (loss.structured.weight=1.0 loss.structured.target=proprio loss.pos_weight=30)
[00:34] START dinowm_um_probeF2 on GPU5 (loss.probe.weight=1.0 loss.probe.target=[proprio,action] loss.probe.frames=2)
[00:34] START dinowm_par_probeF2 on GPU6 (loss.probe.weight=1.0 loss.probe.target=[proprio,action] loss.probe.frames=2)
[00:34] START dinowm_col_probeF2 on GPU7 (loss.probe.weight=1.0 loss.probe.target=[proprio,action] loss.probe.frames=2)
[00:34] START dinowm_um_cons on GPU0 (loss.structured.weight=1.0 loss.structured.target=proprio loss.consistency.weight=1.0)
[00:34] START dinowm_par_cons on GPU1 (loss.structured.weight=1.0 loss.structured.target=proprio loss.consistency.weight=1.0)
[00:34] START dinowm_col_cons on GPU2 (loss.structured.weight=1.0 loss.structured.target=proprio loss.consistency.weight=1.0)
[02:58] train done dinowm_par_tf_s3072 ec=0
[03:03] ALL DONE dinowm_par_tf_s3072 ec=0
[03:04] train done dinowm_par_tf_s1234 ec=0
[03:09] ALL DONE dinowm_par_tf_s1234 ec=0
[03:09] train done dinowm_um_tf_s1234 ec=0
[03:12] train done dinowm_par_tf_s42 ec=0
[03:14] ALL DONE dinowm_um_tf_s1234 ec=0
[03:15] train done dinowm_col_tf_s3072 ec=0
[03:16] train done dinowm_col_tf_s42 ec=0
[03:16] ALL DONE dinowm_par_tf_s42 ec=0
[03:17] train done dinowm_um_tf_s42 ec=0
[03:20] ALL DONE dinowm_col_tf_s3072 ec=0
[03:21] ALL DONE dinowm_col_tf_s42 ec=0
[03:21] ALL DONE dinowm_um_tf_s42 ec=0
[03:33] train done dinowm_um_tf_s3072 ec=0
[03:39] train done dinowm_um_fr_s3072 ec=0
[03:39] ALL DONE dinowm_um_tf_s3072 ec=0
[03:39] train done dinowm_col_tf_s1234 ec=0
[03:40] train done dinowm_par_probeF2 ec=0
[03:43] ALL DONE dinowm_col_tf_s1234 ec=0
[03:43] ALL DONE dinowm_um_fr_s3072 ec=0
[03:44] ALL DONE dinowm_par_probeF2 ec=0
[03:46] train done dinowm_col_probeF2 ec=0
[03:50] train done dinowm_um_fr_s1234 ec=0
[03:50] ALL DONE dinowm_col_probeF2 ec=0
[03:50] train done dinowm_par_structpos_pw30 ec=0
[03:50] train done dinowm_par_fr_s3072 ec=0
[03:51] train done dinowm_um_fr_s42 ec=0
[03:51] train done dinowm_um_cons ec=0
[03:53] train done dinowm_par_fr_s1234 ec=0
[03:54] ALL DONE dinowm_um_fr_s1234 ec=0
[03:54] ALL DONE dinowm_par_structpos_pw30 ec=0
[03:54] train done dinowm_col_fr_s3072 ec=0
[03:55] ALL DONE dinowm_par_fr_s3072 ec=0
[03:55] ALL DONE dinowm_um_cons ec=0
[03:55] train done dinowm_col_cons ec=0
[03:55] ALL DONE dinowm_um_fr_s42 ec=0
[03:56] train done dinowm_col_fr_s1234 ec=0
[03:57] ALL DONE dinowm_par_fr_s1234 ec=0
[03:58] ALL DONE dinowm_col_fr_s3072 ec=0
[03:58] train done dinowm_col_fr_s42 ec=0
[03:59] ALL DONE dinowm_col_cons ec=0
[04:00] ALL DONE dinowm_col_fr_s1234 ec=0
[04:02] ALL DONE dinowm_col_fr_s42 ec=0
[04:03] train done dinowm_um_structpos_pw30 ec=0
[04:06] ALL DONE dinowm_um_structpos_pw30 ec=0
[04:07] train done dinowm_um_probeF2 ec=0
[04:07] train done dinowm_col_structpos_pw30 ec=0
[04:10] ALL DONE dinowm_um_probeF2 ec=0
[04:10] ALL DONE dinowm_col_structpos_pw30 ec=0
[04:17] train done dinowm_par_fr_s42 ec=0
[04:19] train done dinowm_par_cons ec=0
[04:20] ALL DONE dinowm_par_fr_s42 ec=0
[04:22] ALL DONE dinowm_par_cons ec=0
=== dinowm queue ALL FINISHED Thu Jul 16 04:22:09 CST 2026 ===
