=== queue6 START Thu Jul 16 12:47:27 CST 2026, 9 jobs ===
[12:47] START dinowm_col_structpos_pw300_s3072 on GPU0
[12:47] START dinowm_par_structpos_pw300_s3072 on GPU1
[12:47] START dinowm_col_structpos_pw300_s1234 on GPU2
[12:47] START dinowm_par_structpos_pw300_s1234 on GPU3
[12:47] START dinowm_col_structpos_pw300_s42 on GPU4
[12:47] START dinowm_par_structpos_pw300_s42 on GPU5
[12:47] START dinowm_um_structpos_pw1000_s3072 on GPU6
[12:47] START dinowm_um_structpos_pw1000_s1234 on GPU7
[12:47] START dinowm_um_structpos_pw1000_s42 on GPU0
[13:52] ALL DONE dinowm_um_structpos_pw1000_s42 ec=0
[13:53] ALL DONE dinowm_par_structpos_pw300_s1234 ec=0
[13:53] ALL DONE dinowm_par_structpos_pw300_s42 ec=0
[13:54] ALL DONE dinowm_par_structpos_pw300_s3072 ec=0
[13:55] ALL DONE dinowm_col_structpos_pw300_s1234 ec=0
[13:55] ALL DONE dinowm_um_structpos_pw1000_s1234 ec=0
[13:56] ALL DONE dinowm_col_structpos_pw300_s3072 ec=0
[13:56] ALL DONE dinowm_um_structpos_pw1000_s3072 ec=0
[13:56] ALL DONE dinowm_col_structpos_pw300_s42 ec=0
=== queue6 ALL FINISHED Thu Jul 16 13:56:56 CST 2026 ===
