=== queue9 START Thu Jul 16 14:02:27 CST 2026, 12 jobs (complete the 30-cell scan) ===
[14:02] START dinowm_um_probe_structpos_pw30 on GPU0
[14:02] START dinowm_par_probe_structpos_pw30 on GPU1
[14:02] START dinowm_col_probe_structpos_pw30 on GPU2
[14:02] START dinowm_um_dyn_mlp on GPU3
[14:02] START dinowm_par_dyn_mlp on GPU4
[14:02] START dinowm_col_dyn_mlp on GPU5
[14:02] START dinowm_um_labelfree_const on GPU6
[14:02] START dinowm_par_labelfree_const on GPU7
[14:02] START dinowm_col_labelfree_const on GPU0
[14:02] START dinowm_um_grounded2_const on GPU1
[14:02] START dinowm_par_grounded2_const on GPU2
[14:03] START dinowm_col_grounded2_const on GPU3
  TRAIN FAIL dinowm_um_probe_structpos_pw30
  TRAIN FAIL dinowm_um_dyn_mlp
  TRAIN FAIL dinowm_par_dyn_mlp
  TRAIN FAIL dinowm_par_probe_structpos_pw30
  TRAIN FAIL dinowm_col_labelfree_const
  TRAIN FAIL dinowm_um_grounded2_const
  TRAIN FAIL dinowm_par_grounded2_const
  TRAIN FAIL dinowm_um_labelfree_const
  TRAIN FAIL dinowm_col_grounded2_const
  TRAIN FAIL dinowm_col_probe_structpos_pw30
  TRAIN FAIL dinowm_col_dyn_mlp
  TRAIN FAIL dinowm_par_labelfree_const
=== queue9 ALL FINISHED Thu Jul 16 19:06:22 CST 2026 ===
