[norm] action mean=[0.24667731 0.        ], std=[8.83643282e-02 1.00000000e-08]  (from phyworld_uniform_motion_id1k.h5)
[ckpt] /data1/likun-share/junjxu/.stable_worldmodel/dinowm_um_structpos_plain/dinowm_um_structpos_plain_epoch_20_object.ckpt  tag=dinowm_um_structpos_plain
  rolled out 100 trajs, t=31s
  rolled out 200 trajs, t=57s
  rolled out 300 trajs, t=84s
  rolled out 400 trajs, t=111s
  rolled out 500 trajs, t=137s

[data] 500 trajs, 14500 (frame,pred) pairs, emb dim=192
/home/likun-share/junjxu/wm/phyworld/scripts/rollout_eval_id1k.py:197: ConstantInputWarning: An input array is constant; the correlation coefficient is not defined.
  rho = pearsonr(vel_all[mask][:, d], pv[:, d])[0]
/home/likun-share/junjxu/wm/phyworld/scripts/rollout_eval_id1k.py:197: ConstantInputWarning: An input array is constant; the correlation coefficient is not defined.
  rho = pearsonr(vel_all[mask][:, d], pv[:, d])[0]
/home/likun-share/junjxu/wm/phyworld/scripts/rollout_eval_id1k.py:197: ConstantInputWarning: An input array is constant; the correlation coefficient is not defined.
  rho = pearsonr(vel_all[mask][:, d], pv[:, d])[0]
/home/likun-share/junjxu/wm/phyworld/scripts/rollout_eval_id1k.py:197: ConstantInputWarning: An input array is constant; the correlation coefficient is not defined.
  rho = pearsonr(vel_all[mask][:, d], pv[:, d])[0]
/home/likun-share/junjxu/wm/phyworld/scripts/rollout_eval_id1k.py:197: ConstantInputWarning: An input array is constant; the correlation coefficient is not defined.
  rho = pearsonr(vel_all[mask][:, d], pv[:, d])[0]
/home/likun-share/junjxu/wm/phyworld/scripts/rollout_eval_id1k.py:197: ConstantInputWarning: An input array is constant; the correlation coefficient is not defined.
  rho = pearsonr(vel_all[mask][:, d], pv[:, d])[0]
/home/likun-share/junjxu/wm/phyworld/scripts/rollout_eval_id1k.py:197: ConstantInputWarning: An input array is constant; the correlation coefficient is not defined.
  rho = pearsonr(vel_all[mask][:, d], pv[:, d])[0]
/home/likun-share/junjxu/wm/phyworld/scripts/rollout_eval_id1k.py:197: ConstantInputWarning: An input array is constant; the correlation coefficient is not defined.
  rho = pearsonr(vel_all[mask][:, d], pv[:, d])[0]
/home/likun-share/junjxu/wm/phyworld/scripts/rollout_eval_id1k.py:242: ConstantInputWarning: An input array is constant; the correlation coefficient is not defined.
  rhos = [pearsonr(vel_all[m][:, d], pv[:, d])[0] for d in range(vel_all.shape[1])]
/home/likun-share/junjxu/wm/phyworld/scripts/rollout_eval_id1k.py:242: ConstantInputWarning: An input array is constant; the correlation coefficient is not defined.
  rhos = [pearsonr(vel_all[m][:, d], pv[:, d])[0] for d in range(vel_all.shape[1])]
/home/likun-share/junjxu/wm/phyworld/scripts/rollout_eval_id1k.py:242: ConstantInputWarning: An input array is constant; the correlation coefficient is not defined.
  rhos = [pearsonr(vel_all[m][:, d], pv[:, d])[0] for d in range(vel_all.shape[1])]
/home/likun-share/junjxu/wm/phyworld/scripts/rollout_eval_id1k.py:242: ConstantInputWarning: An input array is constant; the correlation coefficient is not defined.
  rhos = [pearsonr(vel_all[m][:, d], pv[:, d])[0] for d in range(vel_all.shape[1])]
/home/likun-share/junjxu/wm/phyworld/scripts/rollout_eval_id1k.py:242: ConstantInputWarning: An input array is constant; the correlation coefficient is not defined.
  rhos = [pearsonr(vel_all[m][:, d], pv[:, d])[0] for d in range(vel_all.shape[1])]
/home/likun-share/junjxu/wm/phyworld/scripts/rollout_eval_id1k.py:242: ConstantInputWarning: An input array is constant; the correlation coefficient is not defined.
  rhos = [pearsonr(vel_all[m][:, d], pv[:, d])[0] for d in range(vel_all.shape[1])]
/home/likun-share/junjxu/wm/phyworld/scripts/rollout_eval_id1k.py:288: ConstantInputWarning: An input array is constant; the correlation coefficient is not defined.
  line += f"  vel{d}ρ={pearsonr(vel_all[m][:, d], pv[:, d])[0]:+.3f}"
/home/likun-share/junjxu/wm/phyworld/scripts/rollout_eval_id1k.py:288: ConstantInputWarning: An input array is constant; the correlation coefficient is not defined.
  line += f"  vel{d}ρ={pearsonr(vel_all[m][:, d], pv[:, d])[0]:+.3f}"
/home/likun-share/junjxu/wm/phyworld/scripts/rollout_eval_id1k.py:288: ConstantInputWarning: An input array is constant; the correlation coefficient is not defined.
  line += f"  vel{d}ρ={pearsonr(vel_all[m][:, d], pv[:, d])[0]:+.3f}"
/home/likun-share/junjxu/wm/phyworld/scripts/rollout_eval_id1k.py:288: ConstantInputWarning: An input array is constant; the correlation coefficient is not defined.
  line += f"  vel{d}ρ={pearsonr(vel_all[m][:, d], pv[:, d])[0]:+.3f}"
/home/likun-share/junjxu/wm/phyworld/scripts/rollout_eval_id1k.py:296: ConstantInputWarning: An input array is constant; the correlation coefficient is not defined.
  rhos = [pearsonr(vel_all[m][:, d], pv[:, d])[0] for d in range(vel_all.shape[1])]
/home/likun-share/junjxu/wm/phyworld/scripts/rollout_eval_id1k.py:296: ConstantInputWarning: An input array is constant; the correlation coefficient is not defined.
  rhos = [pearsonr(vel_all[m][:, d], pv[:, d])[0] for d in range(vel_all.shape[1])]
/home/likun-share/junjxu/wm/phyworld/scripts/rollout_eval_id1k.py:296: ConstantInputWarning: An input array is constant; the correlation coefficient is not defined.
  rhos = [pearsonr(vel_all[m][:, d], pv[:, d])[0] for d in range(vel_all.shape[1])]
/home/likun-share/junjxu/wm/phyworld/scripts/rollout_eval_id1k.py:296: ConstantInputWarning: An input array is constant; the correlation coefficient is not defined.
  rhos = [pearsonr(vel_all[m][:, d], pv[:, d])[0] for d in range(vel_all.shape[1])]

=== uniform_motion AR ROLLOUT (LeWM ID-only FT, history_size=3) ===
--- latent fidelity (pred vs real emb), test trajs, by partition ---
  ID         n=  406  cos=+0.9452  nMSE=0.1022
  r/m-OOD    n=  464  cos=+0.8813  nMSE=0.5565
  v-OOD      n=  841  cos=+0.9516  nMSE=0.0975
  both-OOD   n= 1189  cos=+0.8144  nMSE=0.6080

--- latent fidelity vs horizon (test, aggregate) ---
  h=  1  n=  100  cos=+0.9759  nMSE=0.1953
  h=  2  n=  100  cos=+0.9566  nMSE=0.2366
  h=  4  n=  100  cos=+0.8818  nMSE=0.4524
  h=  8  n=  100  cos=+0.7998  nMSE=0.6383
  h= 16  n=  100  cos=+0.8625  nMSE=0.3820
  h= 28  n=  100  cos=+0.9343  nMSE=0.2430

--- decoded pos/vel ρ from ROLLED-OUT latents (test), by partition ---
  [baseline] probe applied to REAL embs:
  REAL ID                   pos0ρ=+0.988  pos1ρ=+0.995  vel0ρ=+0.621  vel1ρ=+nan
  REAL r/m-OOD              pos0ρ=+0.976  pos1ρ=+0.983  vel0ρ=+0.481  vel1ρ=+nan
  REAL v-OOD                pos0ρ=+0.961  pos1ρ=+0.972  vel0ρ=+0.709  vel1ρ=+nan
  REAL both-OOD             pos0ρ=+0.964  pos1ρ=+0.989  vel0ρ=+0.751  vel1ρ=+nan
  [rollout] probe applied to PREDICTED embs:
  PRED ID                   pos0ρ=+0.988  pos1ρ=+0.995  vel0ρ=+0.512  vel1ρ=+nan
  PRED r/m-OOD              pos0ρ=+0.766  pos1ρ=+0.825  vel0ρ=+0.456  vel1ρ=+nan
  PRED v-OOD                pos0ρ=+0.960  pos1ρ=+0.910  vel0ρ=+0.830  vel1ρ=+nan
  PRED both-OOD             pos0ρ=+0.764  pos1ρ=+0.835  vel0ρ=+0.872  vel1ρ=+nan

--- decoded vel ρ from PRED latents vs horizon (test, aggregate) ---
  h=  1  n=  100  vel0ρ=+0.558  vel1ρ=+nan
  h=  2  n=  100  vel0ρ=+0.727  vel1ρ=+nan
  h=  4  n=  100  vel0ρ=+0.742  vel1ρ=+nan
  h=  8  n=  100  vel0ρ=+0.706  vel1ρ=+nan
  h= 16  n=  100  vel0ρ=+0.864  vel1ρ=+nan
  h= 28  n=  100  vel0ρ=+0.902  vel1ρ=+nan

--- [K=4] decoded pos/vel ρ from ROLLED-OUT latents (test), by partition ---
  [K=4] probe applied to PREDICTED embs (stack 4 consecutive predicted latents):
  PRED-K4 ID          pos0ρ=+0.992  pos1ρ=+0.995  vel0ρ=+0.771  vel1ρ=+nan
  PRED-K4 r/m-OOD     pos0ρ=+0.736  pos1ρ=+0.845  vel0ρ=+0.514  vel1ρ=+nan
  PRED-K4 v-OOD       pos0ρ=+0.972  pos1ρ=+0.926  vel0ρ=+0.939  vel1ρ=+nan
  PRED-K4 both-OOD    pos0ρ=+0.782  pos1ρ=+0.844  vel0ρ=+0.817  vel1ρ=+nan

--- [K=4] decoded vel ρ from PRED latents vs horizon (test, aggregate) ---
  h=  4  n=  100  vel0ρ=+0.782  vel1ρ=+nan
  h=  8  n=  100  vel0ρ=+0.741  vel1ρ=+nan
  h= 16  n=  100  vel0ρ=+0.929  vel1ρ=+nan
  h= 28  n=  100  vel0ρ=+0.956  vel1ρ=+nan

Total 138s
