[norm] action mean=[ 0.24667731 -0.40296947], std=[0.08836433 0.229554  ]  (from phyworld_parabola_id1k.h5)
[ckpt] /data1/likun-share/junjxu/.stable_worldmodel/dinowm_par_fr_s42/dinowm_par_fr_s42_epoch_20_object.ckpt  tag=dinowm_par_fr_s42
  rolled out 100 trajs, t=38s
  rolled out 200 trajs, t=69s
  rolled out 300 trajs, t=100s
  rolled out 400 trajs, t=130s
  rolled out 500 trajs, t=161s

[data] 500 trajs, 14500 (frame,pred) pairs, emb dim=192
/home/likun-share/junjxu/wm/phyworld/scripts/rollout_eval_id1k.py:242: ConstantInputWarning: An input array is constant; the correlation coefficient is not defined.
  rhos = [pearsonr(vel_all[m][:, d], pv[:, d])[0] for d in range(vel_all.shape[1])]
/home/likun-share/junjxu/wm/phyworld/scripts/rollout_eval_id1k.py:242: NearConstantInputWarning: An input array is nearly constant; the computed correlation coefficient may be inaccurate.
  rhos = [pearsonr(vel_all[m][:, d], pv[:, d])[0] for d in range(vel_all.shape[1])]
/home/likun-share/junjxu/wm/phyworld/scripts/rollout_eval_id1k.py:242: NearConstantInputWarning: An input array is nearly constant; the computed correlation coefficient may be inaccurate.
  rhos = [pearsonr(vel_all[m][:, d], pv[:, d])[0] for d in range(vel_all.shape[1])]
/home/likun-share/junjxu/wm/phyworld/scripts/rollout_eval_id1k.py:296: ConstantInputWarning: An input array is constant; the correlation coefficient is not defined.
  rhos = [pearsonr(vel_all[m][:, d], pv[:, d])[0] for d in range(vel_all.shape[1])]
/home/likun-share/junjxu/wm/phyworld/scripts/rollout_eval_id1k.py:296: NearConstantInputWarning: An input array is nearly constant; the computed correlation coefficient may be inaccurate.
  rhos = [pearsonr(vel_all[m][:, d], pv[:, d])[0] for d in range(vel_all.shape[1])]
/home/likun-share/junjxu/wm/phyworld/scripts/rollout_eval_id1k.py:296: NearConstantInputWarning: An input array is nearly constant; the computed correlation coefficient may be inaccurate.
  rhos = [pearsonr(vel_all[m][:, d], pv[:, d])[0] for d in range(vel_all.shape[1])]

=== parabola AR ROLLOUT (LeWM ID-only FT, history_size=3) ===
--- latent fidelity (pred vs real emb), test trajs, by partition ---
  ID         n=  464  cos=+0.9602  nMSE=0.0754
  r/m-OOD    n=  319  cos=+0.9538  nMSE=0.2509
  v-OOD      n=  928  cos=+0.7758  nMSE=0.3467
  both-OOD   n= 1189  cos=+0.7988  nMSE=0.4104

--- latent fidelity vs horizon (test, aggregate) ---
  h=  1  n=  100  cos=+0.9592  nMSE=0.1771
  h=  2  n=  100  cos=+0.9519  nMSE=0.2058
  h=  4  n=  100  cos=+0.9500  nMSE=0.2452
  h=  8  n=  100  cos=+0.9238  nMSE=0.3540
  h= 16  n=  100  cos=+0.8053  nMSE=0.3574
  h= 28  n=  100  cos=+0.7757  nMSE=1.3503

--- decoded pos/vel ρ from ROLLED-OUT latents (test), by partition ---
  [baseline] probe applied to REAL embs:
  REAL ID                   pos0ρ=+0.536  pos1ρ=+0.633  vel0ρ=+0.599  vel1ρ=+0.580
  REAL r/m-OOD              pos0ρ=+0.805  pos1ρ=+0.884  vel0ρ=+0.590  vel1ρ=+0.880
  REAL v-OOD                pos0ρ=+0.873  pos1ρ=+0.753  vel0ρ=+0.766  vel1ρ=+0.777
  REAL both-OOD             pos0ρ=+0.894  pos1ρ=+0.880  vel0ρ=+0.776  vel1ρ=+0.903
  [rollout] probe applied to PREDICTED embs:
  PRED ID                   pos0ρ=+0.522  pos1ρ=+0.534  vel0ρ=+0.670  vel1ρ=+0.453
  PRED r/m-OOD              pos0ρ=+0.819  pos1ρ=+0.903  vel0ρ=+0.739  vel1ρ=+0.895
  PRED v-OOD                pos0ρ=+0.378  pos1ρ=+0.746  vel0ρ=+0.550  vel1ρ=+0.673
  PRED both-OOD             pos0ρ=+0.658  pos1ρ=+0.919  vel0ρ=+0.767  vel1ρ=+0.898

--- decoded vel ρ from PRED latents vs horizon (test, aggregate) ---
  h=  1  n=  100  vel0ρ=+0.485  vel1ρ=+0.124
  h=  2  n=  100  vel0ρ=+0.687  vel1ρ=+0.080
  h=  4  n=  100  vel0ρ=+0.727  vel1ρ=+0.118
  h=  8  n=  100  vel0ρ=+0.729  vel1ρ=+nan
  h= 16  n=  100  vel0ρ=+0.785  vel1ρ=+0.020
  h= 28  n=  100  vel0ρ=+0.721  vel1ρ=-0.109

--- [K=4] decoded pos/vel ρ from ROLLED-OUT latents (test), by partition ---
  [K=4] probe applied to PREDICTED embs (stack 4 consecutive predicted latents):
  PRED-K4 ID          pos0ρ=+0.917  pos1ρ=+0.944  vel0ρ=+0.783  vel1ρ=+0.938
  PRED-K4 r/m-OOD     pos0ρ=+0.916  pos1ρ=+0.965  vel0ρ=+0.872  vel1ρ=+0.964
  PRED-K4 v-OOD       pos0ρ=+0.766  pos1ρ=+0.938  vel0ρ=+0.629  vel1ρ=+0.952
  PRED-K4 both-OOD    pos0ρ=+0.784  pos1ρ=+0.942  vel0ρ=+0.796  vel1ρ=+0.960

--- [K=4] decoded vel ρ from PRED latents vs horizon (test, aggregate) ---
  h=  4  n=  100  vel0ρ=+0.890  vel1ρ=+0.061
  h=  8  n=  100  vel0ρ=+0.922  vel1ρ=+nan
  h= 16  n=  100  vel0ρ=+0.793  vel1ρ=+0.080
  h= 28  n=  100  vel0ρ=+0.512  vel1ρ=-0.071

Total 162s
