[norm] action mean=[-0.01484401  0.          0.01575156  0.        ], std=[7.72976437e-02 1.00000000e-08 8.20558954e-02 1.00000000e-08]  (from phyworld_collision_id1k.h5)
[ckpt] /data1/likun-share/junjxu/.stable_worldmodel/dinowm_col_dyn_mlp_s1234/dinowm_col_dyn_mlp_s1234_epoch_20_object.ckpt  tag=dinowm_col_dyn_mlp_s1234
  rolled out 100 trajs, t=35s
  rolled out 200 trajs, t=58s
  rolled out 300 trajs, t=80s
  rolled out 400 trajs, t=103s
  rolled out 500 trajs, t=123s

[data] 500 trajs, 14500 (frame,pred) pairs, emb dim=192

=== collision AR ROLLOUT (LeWM ID-only FT, history_size=3) ===
--- latent fidelity (pred vs real emb), test trajs, by partition ---
  ID         n=  203  cos=+0.8805  nMSE=0.2299
  r/m-OOD    n=  754  cos=+0.8743  nMSE=0.2840
  v-OOD      n=  290  cos=+0.6818  nMSE=0.6285
  both-OOD   n= 1653  cos=+0.7276  nMSE=0.5616

--- latent fidelity vs horizon (test, aggregate) ---
  h=  1  n=  100  cos=+0.9847  nMSE=0.0556
  h=  2  n=  100  cos=+0.9799  nMSE=0.0660
  h=  4  n=  100  cos=+0.9712  nMSE=0.0933
  h=  8  n=  100  cos=+0.9499  nMSE=0.1597
  h= 16  n=  100  cos=+0.7603  nMSE=0.4861
  h= 28  n=  100  cos=+0.5073  nMSE=0.9767

--- decoded pos/vel ρ from ROLLED-OUT latents (test), by partition ---
  [baseline] probe applied to REAL embs:
  REAL ID                   pos0ρ=+0.936  pos1ρ=+0.933  vel0ρ=+0.733  vel1ρ=+0.772
  REAL r/m-OOD              pos0ρ=+0.825  pos1ρ=+0.794  vel0ρ=+0.768  vel1ρ=+0.761
  REAL v-OOD                pos0ρ=+0.949  pos1ρ=+0.879  vel0ρ=+0.743  vel1ρ=+0.715
  REAL both-OOD             pos0ρ=+0.906  pos1ρ=+0.862  vel0ρ=+0.887  vel1ρ=+0.796
  [rollout] probe applied to PREDICTED embs:
  PRED ID                   pos0ρ=+0.639  pos1ρ=+0.589  vel0ρ=+0.710  vel1ρ=+0.641
  PRED r/m-OOD              pos0ρ=+0.583  pos1ρ=+0.522  vel0ρ=+0.712  vel1ρ=+0.694
  PRED v-OOD                pos0ρ=+0.499  pos1ρ=+0.470  vel0ρ=+0.275  vel1ρ=+0.446
  PRED both-OOD             pos0ρ=+0.584  pos1ρ=+0.481  vel0ρ=+0.747  vel1ρ=+0.736

--- decoded vel ρ from PRED latents vs horizon (test, aggregate) ---
  h=  1  n=  100  vel0ρ=+0.248  vel1ρ=+0.197
  h=  2  n=  100  vel0ρ=+0.217  vel1ρ=+0.202
  h=  4  n=  100  vel0ρ=+0.201  vel1ρ=+0.282
  h=  8  n=  100  vel0ρ=+0.574  vel1ρ=+0.659
  h= 16  n=  100  vel0ρ=+0.796  vel1ρ=+0.811
  h= 28  n=  100  vel0ρ=+0.711  vel1ρ=+0.556

--- [K=4] decoded pos/vel ρ from ROLLED-OUT latents (test), by partition ---
  [K=4] probe applied to PREDICTED embs (stack 4 consecutive predicted latents):
  PRED-K4 ID          pos0ρ=+0.714  pos1ρ=+0.800  vel0ρ=+0.722  vel1ρ=+0.749
  PRED-K4 r/m-OOD     pos0ρ=+0.580  pos1ρ=+0.549  vel0ρ=+0.714  vel1ρ=+0.666
  PRED-K4 v-OOD       pos0ρ=+0.416  pos1ρ=+0.544  vel0ρ=+0.301  vel1ρ=+0.479
  PRED-K4 both-OOD    pos0ρ=+0.579  pos1ρ=+0.529  vel0ρ=+0.670  vel1ρ=+0.666

--- [K=4] decoded vel ρ from PRED latents vs horizon (test, aggregate) ---
  h=  4  n=  100  vel0ρ=+0.292  vel1ρ=+0.460
  h=  8  n=  100  vel0ρ=+0.606  vel1ρ=+0.676
  h= 16  n=  100  vel0ρ=+0.672  vel1ρ=+0.711
  h= 28  n=  100  vel0ρ=+0.663  vel1ρ=+0.488

Total 124s
