[norm] action mean=[0.24667731 0.        ], std=[8.83643282e-02 1.00000000e-08]  (from phyworld_uniform_motion_id1k.h5)
[ckpt] /data1/likun-share/junjxu/.stable_worldmodel/dinowm_um_labelfree_const/dinowm_um_labelfree_const_epoch_20_object.ckpt  tag=dinowm_um_labelfree_const
  rolled out 100 trajs, t=23s
  rolled out 200 trajs, t=41s
  rolled out 300 trajs, t=59s
  rolled out 400 trajs, t=77s
  rolled out 500 trajs, t=94s

[data] 500 trajs, 14500 (frame,pred) pairs, emb dim=192
/home/likun-share/junjxu/wm/phyworld/scripts/rollout_eval_id1k.py:197: ConstantInputWarning: An input array is constant; the correlation coefficient is not defined.
  rho = pearsonr(vel_all[mask][:, d], pv[:, d])[0]
/home/likun-share/junjxu/wm/phyworld/scripts/rollout_eval_id1k.py:197: ConstantInputWarning: An input array is constant; the correlation coefficient is not defined.
  rho = pearsonr(vel_all[mask][:, d], pv[:, d])[0]
/home/likun-share/junjxu/wm/phyworld/scripts/rollout_eval_id1k.py:197: ConstantInputWarning: An input array is constant; the correlation coefficient is not defined.
  rho = pearsonr(vel_all[mask][:, d], pv[:, d])[0]
/home/likun-share/junjxu/wm/phyworld/scripts/rollout_eval_id1k.py:197: ConstantInputWarning: An input array is constant; the correlation coefficient is not defined.
  rho = pearsonr(vel_all[mask][:, d], pv[:, d])[0]
/home/likun-share/junjxu/wm/phyworld/scripts/rollout_eval_id1k.py:197: ConstantInputWarning: An input array is constant; the correlation coefficient is not defined.
  rho = pearsonr(vel_all[mask][:, d], pv[:, d])[0]
/home/likun-share/junjxu/wm/phyworld/scripts/rollout_eval_id1k.py:197: ConstantInputWarning: An input array is constant; the correlation coefficient is not defined.
  rho = pearsonr(vel_all[mask][:, d], pv[:, d])[0]
/home/likun-share/junjxu/wm/phyworld/scripts/rollout_eval_id1k.py:197: ConstantInputWarning: An input array is constant; the correlation coefficient is not defined.
  rho = pearsonr(vel_all[mask][:, d], pv[:, d])[0]
/home/likun-share/junjxu/wm/phyworld/scripts/rollout_eval_id1k.py:197: ConstantInputWarning: An input array is constant; the correlation coefficient is not defined.
  rho = pearsonr(vel_all[mask][:, d], pv[:, d])[0]
/home/likun-share/junjxu/wm/phyworld/scripts/rollout_eval_id1k.py:242: ConstantInputWarning: An input array is constant; the correlation coefficient is not defined.
  rhos = [pearsonr(vel_all[m][:, d], pv[:, d])[0] for d in range(vel_all.shape[1])]
/home/likun-share/junjxu/wm/phyworld/scripts/rollout_eval_id1k.py:242: ConstantInputWarning: An input array is constant; the correlation coefficient is not defined.
  rhos = [pearsonr(vel_all[m][:, d], pv[:, d])[0] for d in range(vel_all.shape[1])]
/home/likun-share/junjxu/wm/phyworld/scripts/rollout_eval_id1k.py:242: ConstantInputWarning: An input array is constant; the correlation coefficient is not defined.
  rhos = [pearsonr(vel_all[m][:, d], pv[:, d])[0] for d in range(vel_all.shape[1])]
/home/likun-share/junjxu/wm/phyworld/scripts/rollout_eval_id1k.py:242: ConstantInputWarning: An input array is constant; the correlation coefficient is not defined.
  rhos = [pearsonr(vel_all[m][:, d], pv[:, d])[0] for d in range(vel_all.shape[1])]
/home/likun-share/junjxu/wm/phyworld/scripts/rollout_eval_id1k.py:242: ConstantInputWarning: An input array is constant; the correlation coefficient is not defined.
  rhos = [pearsonr(vel_all[m][:, d], pv[:, d])[0] for d in range(vel_all.shape[1])]
/home/likun-share/junjxu/wm/phyworld/scripts/rollout_eval_id1k.py:242: ConstantInputWarning: An input array is constant; the correlation coefficient is not defined.
  rhos = [pearsonr(vel_all[m][:, d], pv[:, d])[0] for d in range(vel_all.shape[1])]
/home/likun-share/junjxu/wm/phyworld/scripts/rollout_eval_id1k.py:288: ConstantInputWarning: An input array is constant; the correlation coefficient is not defined.
  line += f"  vel{d}ρ={pearsonr(vel_all[m][:, d], pv[:, d])[0]:+.3f}"
/home/likun-share/junjxu/wm/phyworld/scripts/rollout_eval_id1k.py:288: ConstantInputWarning: An input array is constant; the correlation coefficient is not defined.
  line += f"  vel{d}ρ={pearsonr(vel_all[m][:, d], pv[:, d])[0]:+.3f}"
/home/likun-share/junjxu/wm/phyworld/scripts/rollout_eval_id1k.py:288: ConstantInputWarning: An input array is constant; the correlation coefficient is not defined.
  line += f"  vel{d}ρ={pearsonr(vel_all[m][:, d], pv[:, d])[0]:+.3f}"
/home/likun-share/junjxu/wm/phyworld/scripts/rollout_eval_id1k.py:288: ConstantInputWarning: An input array is constant; the correlation coefficient is not defined.
  line += f"  vel{d}ρ={pearsonr(vel_all[m][:, d], pv[:, d])[0]:+.3f}"
/home/likun-share/junjxu/wm/phyworld/scripts/rollout_eval_id1k.py:296: ConstantInputWarning: An input array is constant; the correlation coefficient is not defined.
  rhos = [pearsonr(vel_all[m][:, d], pv[:, d])[0] for d in range(vel_all.shape[1])]
/home/likun-share/junjxu/wm/phyworld/scripts/rollout_eval_id1k.py:296: ConstantInputWarning: An input array is constant; the correlation coefficient is not defined.
  rhos = [pearsonr(vel_all[m][:, d], pv[:, d])[0] for d in range(vel_all.shape[1])]
/home/likun-share/junjxu/wm/phyworld/scripts/rollout_eval_id1k.py:296: ConstantInputWarning: An input array is constant; the correlation coefficient is not defined.
  rhos = [pearsonr(vel_all[m][:, d], pv[:, d])[0] for d in range(vel_all.shape[1])]
/home/likun-share/junjxu/wm/phyworld/scripts/rollout_eval_id1k.py:296: ConstantInputWarning: An input array is constant; the correlation coefficient is not defined.
  rhos = [pearsonr(vel_all[m][:, d], pv[:, d])[0] for d in range(vel_all.shape[1])]

=== uniform_motion AR ROLLOUT (LeWM ID-only FT, history_size=3) ===
--- latent fidelity (pred vs real emb), test trajs, by partition ---
  ID         n=  406  cos=+0.9479  nMSE=0.0969
  r/m-OOD    n=  464  cos=+0.9254  nMSE=0.4249
  v-OOD      n=  841  cos=+0.9468  nMSE=0.1087
  both-OOD   n= 1189  cos=+0.9287  nMSE=0.3316

--- latent fidelity vs horizon (test, aggregate) ---
  h=  1  n=  100  cos=+0.9788  nMSE=0.1807
  h=  2  n=  100  cos=+0.9738  nMSE=0.1746
  h=  4  n=  100  cos=+0.9615  nMSE=0.2235
  h=  8  n=  100  cos=+0.9353  nMSE=0.2893
  h= 16  n=  100  cos=+0.9161  nMSE=0.2555
  h= 28  n=  100  cos=+0.9408  nMSE=0.2312

--- decoded pos/vel ρ from ROLLED-OUT latents (test), by partition ---
  [baseline] probe applied to REAL embs:
  REAL ID                   pos0ρ=+0.717  pos1ρ=+0.977  vel0ρ=+0.648  vel1ρ=+nan
  REAL r/m-OOD              pos0ρ=+0.925  pos1ρ=+0.959  vel0ρ=+0.480  vel1ρ=+nan
  REAL v-OOD                pos0ρ=+0.918  pos1ρ=+0.954  vel0ρ=+0.679  vel1ρ=+nan
  REAL both-OOD             pos0ρ=+0.935  pos1ρ=+0.972  vel0ρ=+0.754  vel1ρ=+nan
  [rollout] probe applied to PREDICTED embs:
  PRED ID                   pos0ρ=-0.017  pos1ρ=+0.861  vel0ρ=+0.107  vel1ρ=+nan
  PRED r/m-OOD              pos0ρ=+0.246  pos1ρ=+0.319  vel0ρ=+0.098  vel1ρ=+nan
  PRED v-OOD                pos0ρ=+0.359  pos1ρ=+0.779  vel0ρ=+0.278  vel1ρ=+nan
  PRED both-OOD             pos0ρ=+0.165  pos1ρ=+0.555  vel0ρ=+0.136  vel1ρ=+nan

--- decoded vel ρ from PRED latents vs horizon (test, aggregate) ---
  h=  1  n=  100  vel0ρ=+0.355  vel1ρ=+nan
  h=  2  n=  100  vel0ρ=+0.386  vel1ρ=+nan
  h=  4  n=  100  vel0ρ=+0.296  vel1ρ=+nan
  h=  8  n=  100  vel0ρ=+0.048  vel1ρ=+nan
  h= 16  n=  100  vel0ρ=+0.181  vel1ρ=+nan
  h= 28  n=  100  vel0ρ=+0.158  vel1ρ=+nan

--- [K=4] decoded pos/vel ρ from ROLLED-OUT latents (test), by partition ---
  [K=4] probe applied to PREDICTED embs (stack 4 consecutive predicted latents):
  PRED-K4 ID          pos0ρ=+0.042  pos1ρ=+0.839  vel0ρ=+0.040  vel1ρ=+nan
  PRED-K4 r/m-OOD     pos0ρ=+0.287  pos1ρ=+0.232  vel0ρ=+0.082  vel1ρ=+nan
  PRED-K4 v-OOD       pos0ρ=+0.400  pos1ρ=+0.781  vel0ρ=+0.184  vel1ρ=+nan
  PRED-K4 both-OOD    pos0ρ=+0.223  pos1ρ=+0.526  vel0ρ=+0.110  vel1ρ=+nan

--- [K=4] decoded vel ρ from PRED latents vs horizon (test, aggregate) ---
  h=  4  n=  100  vel0ρ=+0.185  vel1ρ=+nan
  h=  8  n=  100  vel0ρ=+0.151  vel1ρ=+nan
  h= 16  n=  100  vel0ρ=+0.111  vel1ρ=+nan
  h= 28  n=  100  vel0ρ=+0.115  vel1ρ=+nan

Total 95s
