[norm] action mean=[-0.01484401  0.          0.01575156  0.        ], std=[7.72976437e-02 1.00000000e-08 8.20558954e-02 1.00000000e-08]  (from phyworld_collision_id1k.h5)
[ckpt] /data1/likun-share/junjxu/.stable_worldmodel/dinowm_col_np20/dinowm_col_np20_epoch_20_object.ckpt  tag=dinowm_col_np20
  rolled out 100 trajs, t=41s
  rolled out 200 trajs, t=72s
  rolled out 300 trajs, t=102s
  rolled out 400 trajs, t=132s
  rolled out 500 trajs, t=161s

[data] 500 trajs, 14500 (frame,pred) pairs, emb dim=192

=== collision AR ROLLOUT (LeWM ID-only FT, history_size=3) ===
--- latent fidelity (pred vs real emb), test trajs, by partition ---
  ID         n=  203  cos=+0.9318  nMSE=0.1374
  r/m-OOD    n=  754  cos=+0.9539  nMSE=0.1198
  v-OOD      n=  290  cos=+0.7570  nMSE=0.4482
  both-OOD   n= 1653  cos=+0.8521  nMSE=0.2955

--- latent fidelity vs horizon (test, aggregate) ---
  h=  1  n=  100  cos=+0.9903  nMSE=0.0421
  h=  2  n=  100  cos=+0.9886  nMSE=0.0529
  h=  4  n=  100  cos=+0.9853  nMSE=0.0729
  h=  8  n=  100  cos=+0.9737  nMSE=0.0945
  h= 16  n=  100  cos=+0.9106  nMSE=0.1714
  h= 28  n=  100  cos=+0.6933  nMSE=0.5506

--- decoded pos/vel ρ from ROLLED-OUT latents (test), by partition ---
  [baseline] probe applied to REAL embs:
  REAL ID                   pos0ρ=+0.737  pos1ρ=+0.687  vel0ρ=+0.535  vel1ρ=+0.644
  REAL r/m-OOD              pos0ρ=+0.723  pos1ρ=+0.621  vel0ρ=+0.720  vel1ρ=+0.623
  REAL v-OOD                pos0ρ=+0.744  pos1ρ=+0.641  vel0ρ=+0.531  vel1ρ=+0.525
  REAL both-OOD             pos0ρ=+0.868  pos1ρ=+0.809  vel0ρ=+0.868  vel1ρ=+0.772
  [rollout] probe applied to PREDICTED embs:
  PRED ID                   pos0ρ=+0.322  pos1ρ=+0.403  vel0ρ=+0.485  vel1ρ=+0.491
  PRED r/m-OOD              pos0ρ=+0.640  pos1ρ=+0.636  vel0ρ=+0.693  vel1ρ=+0.639
  PRED v-OOD                pos0ρ=-0.295  pos1ρ=+0.270  vel0ρ=-0.227  vel1ρ=+0.408
  PRED both-OOD             pos0ρ=+0.646  pos1ρ=+0.730  vel0ρ=+0.755  vel1ρ=+0.774

--- decoded vel ρ from PRED latents vs horizon (test, aggregate) ---
  h=  1  n=  100  vel0ρ=+0.062  vel1ρ=-0.086
  h=  2  n=  100  vel0ρ=+0.090  vel1ρ=-0.096
  h=  4  n=  100  vel0ρ=+0.074  vel1ρ=-0.086
  h=  8  n=  100  vel0ρ=+0.620  vel1ρ=+0.787
  h= 16  n=  100  vel0ρ=+0.837  vel1ρ=+0.870
  h= 28  n=  100  vel0ρ=+0.834  vel1ρ=+0.874

--- [K=4] decoded pos/vel ρ from ROLLED-OUT latents (test), by partition ---
  [K=4] probe applied to PREDICTED embs (stack 4 consecutive predicted latents):
  PRED-K4 ID          pos0ρ=+0.400  pos1ρ=+0.460  vel0ρ=+0.559  vel1ρ=+0.584
  PRED-K4 r/m-OOD     pos0ρ=+0.664  pos1ρ=+0.667  vel0ρ=+0.725  vel1ρ=+0.684
  PRED-K4 v-OOD       pos0ρ=-0.281  pos1ρ=+0.309  vel0ρ=-0.237  vel1ρ=+0.463
  PRED-K4 both-OOD    pos0ρ=+0.662  pos1ρ=+0.766  vel0ρ=+0.768  vel1ρ=+0.841

--- [K=4] decoded vel ρ from PRED latents vs horizon (test, aggregate) ---
  h=  4  n=  100  vel0ρ=+0.072  vel1ρ=-0.123
  h=  8  n=  100  vel0ρ=+0.560  vel1ρ=+0.777
  h= 16  n=  100  vel0ρ=+0.813  vel1ρ=+0.859
  h= 28  n=  100  vel0ρ=+0.818  vel1ρ=+0.874

Total 163s
