[norm] action mean=[ 0.24667731 -0.40296947], std=[0.08836433 0.229554  ]  (from phyworld_parabola_id1k.h5)
[ckpt] /data1/likun-share/junjxu/.stable_worldmodel/dinowm_par_dyn_mlp/dinowm_par_dyn_mlp_epoch_20_object.ckpt  tag=dinowm_par_dyn_mlp
  rolled out 100 trajs, t=17s
  rolled out 200 trajs, t=31s
  rolled out 300 trajs, t=45s
  rolled out 400 trajs, t=59s
  rolled out 500 trajs, t=73s

[data] 500 trajs, 14500 (frame,pred) pairs, emb dim=192
/home/likun-share/junjxu/wm/phyworld/scripts/rollout_eval_id1k.py:242: ConstantInputWarning: An input array is constant; the correlation coefficient is not defined.
  rhos = [pearsonr(vel_all[m][:, d], pv[:, d])[0] for d in range(vel_all.shape[1])]
/home/likun-share/junjxu/wm/phyworld/scripts/rollout_eval_id1k.py:242: NearConstantInputWarning: An input array is nearly constant; the computed correlation coefficient may be inaccurate.
  rhos = [pearsonr(vel_all[m][:, d], pv[:, d])[0] for d in range(vel_all.shape[1])]
/home/likun-share/junjxu/wm/phyworld/scripts/rollout_eval_id1k.py:242: NearConstantInputWarning: An input array is nearly constant; the computed correlation coefficient may be inaccurate.
  rhos = [pearsonr(vel_all[m][:, d], pv[:, d])[0] for d in range(vel_all.shape[1])]
/home/likun-share/junjxu/wm/phyworld/scripts/rollout_eval_id1k.py:296: ConstantInputWarning: An input array is constant; the correlation coefficient is not defined.
  rhos = [pearsonr(vel_all[m][:, d], pv[:, d])[0] for d in range(vel_all.shape[1])]
/home/likun-share/junjxu/wm/phyworld/scripts/rollout_eval_id1k.py:296: NearConstantInputWarning: An input array is nearly constant; the computed correlation coefficient may be inaccurate.
  rhos = [pearsonr(vel_all[m][:, d], pv[:, d])[0] for d in range(vel_all.shape[1])]
/home/likun-share/junjxu/wm/phyworld/scripts/rollout_eval_id1k.py:296: NearConstantInputWarning: An input array is nearly constant; the computed correlation coefficient may be inaccurate.
  rhos = [pearsonr(vel_all[m][:, d], pv[:, d])[0] for d in range(vel_all.shape[1])]

=== parabola AR ROLLOUT (LeWM ID-only FT, history_size=3) ===
--- latent fidelity (pred vs real emb), test trajs, by partition ---
  ID         n=  464  cos=+0.9532  nMSE=0.0900
  r/m-OOD    n=  319  cos=+0.9574  nMSE=0.2416
  v-OOD      n=  928  cos=+0.7861  nMSE=0.3010
  both-OOD   n= 1189  cos=+0.8037  nMSE=0.3566

--- latent fidelity vs horizon (test, aggregate) ---
  h=  1  n=  100  cos=+0.9680  nMSE=0.1598
  h=  2  n=  100  cos=+0.9634  nMSE=0.1827
  h=  4  n=  100  cos=+0.9586  nMSE=0.2188
  h=  8  n=  100  cos=+0.9343  nMSE=0.3092
  h= 16  n=  100  cos=+0.8078  nMSE=0.2899
  h= 28  n=  100  cos=+0.7841  nMSE=1.3128

--- decoded pos/vel ρ from ROLLED-OUT latents (test), by partition ---
  [baseline] probe applied to REAL embs:
  REAL ID                   pos0ρ=+0.943  pos1ρ=+0.988  vel0ρ=+0.617  vel1ρ=+0.991
  REAL r/m-OOD              pos0ρ=+0.919  pos1ρ=+0.985  vel0ρ=+0.590  vel1ρ=+0.986
  REAL v-OOD                pos0ρ=+0.919  pos1ρ=+0.914  vel0ρ=+0.768  vel1ρ=+0.954
  REAL both-OOD             pos0ρ=+0.917  pos1ρ=+0.930  vel0ρ=+0.787  vel1ρ=+0.960
  [rollout] probe applied to PREDICTED embs:
  PRED ID                   pos0ρ=+0.845  pos1ρ=+0.935  vel0ρ=+0.707  vel1ρ=+0.923
  PRED r/m-OOD              pos0ρ=+0.822  pos1ρ=+0.945  vel0ρ=+0.642  vel1ρ=+0.916
  PRED v-OOD                pos0ρ=+0.718  pos1ρ=+0.925  vel0ρ=+0.643  vel1ρ=+0.892
  PRED both-OOD             pos0ρ=+0.562  pos1ρ=+0.860  vel0ρ=+0.709  vel1ρ=+0.809

--- decoded vel ρ from PRED latents vs horizon (test, aggregate) ---
  h=  1  n=  100  vel0ρ=+0.419  vel1ρ=-0.380
  h=  2  n=  100  vel0ρ=+0.538  vel1ρ=+0.255
  h=  4  n=  100  vel0ρ=+0.669  vel1ρ=+0.199
  h=  8  n=  100  vel0ρ=+0.742  vel1ρ=+nan
  h= 16  n=  100  vel0ρ=+0.762  vel1ρ=-0.038
  h= 28  n=  100  vel0ρ=+0.486  vel1ρ=+0.066

--- [K=4] decoded pos/vel ρ from ROLLED-OUT latents (test), by partition ---
  [K=4] probe applied to PREDICTED embs (stack 4 consecutive predicted latents):
  PRED-K4 ID          pos0ρ=+0.823  pos1ρ=+0.919  vel0ρ=+0.641  vel1ρ=+0.905
  PRED-K4 r/m-OOD     pos0ρ=+0.829  pos1ρ=+0.931  vel0ρ=+0.786  vel1ρ=+0.902
  PRED-K4 v-OOD       pos0ρ=+0.665  pos1ρ=+0.900  vel0ρ=+0.715  vel1ρ=+0.861
  PRED-K4 both-OOD    pos0ρ=+0.558  pos1ρ=+0.824  vel0ρ=+0.797  vel1ρ=+0.769

--- [K=4] decoded vel ρ from PRED latents vs horizon (test, aggregate) ---
  h=  4  n=  100  vel0ρ=+0.764  vel1ρ=+0.228
  h=  8  n=  100  vel0ρ=+0.831  vel1ρ=+nan
  h= 16  n=  100  vel0ρ=+0.779  vel1ρ=-0.049
  h= 28  n=  100  vel0ρ=-0.027  vel1ρ=+0.062

Total 73s
