[norm] action mean=[ 0.24667731 -0.40296947], std=[0.08836433 0.229554  ]  (from phyworld_parabola_id1k.h5)
[ckpt] /data1/likun-share/junjxu/.stable_worldmodel/dinowm_par_labelfree_const_s1234/dinowm_par_labelfree_const_s1234_epoch_20_object.ckpt  tag=dinowm_par_labelfree_const_s1234
  rolled out 100 trajs, t=22s
  rolled out 200 trajs, t=41s
  rolled out 300 trajs, t=59s
  rolled out 400 trajs, t=77s
  rolled out 500 trajs, t=94s

[data] 500 trajs, 14500 (frame,pred) pairs, emb dim=192
/home/likun-share/junjxu/wm/phyworld/scripts/rollout_eval_id1k.py:242: ConstantInputWarning: An input array is constant; the correlation coefficient is not defined.
  rhos = [pearsonr(vel_all[m][:, d], pv[:, d])[0] for d in range(vel_all.shape[1])]
/home/likun-share/junjxu/wm/phyworld/scripts/rollout_eval_id1k.py:242: NearConstantInputWarning: An input array is nearly constant; the computed correlation coefficient may be inaccurate.
  rhos = [pearsonr(vel_all[m][:, d], pv[:, d])[0] for d in range(vel_all.shape[1])]
/home/likun-share/junjxu/wm/phyworld/scripts/rollout_eval_id1k.py:242: NearConstantInputWarning: An input array is nearly constant; the computed correlation coefficient may be inaccurate.
  rhos = [pearsonr(vel_all[m][:, d], pv[:, d])[0] for d in range(vel_all.shape[1])]
/home/likun-share/junjxu/wm/phyworld/scripts/rollout_eval_id1k.py:296: ConstantInputWarning: An input array is constant; the correlation coefficient is not defined.
  rhos = [pearsonr(vel_all[m][:, d], pv[:, d])[0] for d in range(vel_all.shape[1])]
/home/likun-share/junjxu/wm/phyworld/scripts/rollout_eval_id1k.py:296: NearConstantInputWarning: An input array is nearly constant; the computed correlation coefficient may be inaccurate.
  rhos = [pearsonr(vel_all[m][:, d], pv[:, d])[0] for d in range(vel_all.shape[1])]
/home/likun-share/junjxu/wm/phyworld/scripts/rollout_eval_id1k.py:296: NearConstantInputWarning: An input array is nearly constant; the computed correlation coefficient may be inaccurate.
  rhos = [pearsonr(vel_all[m][:, d], pv[:, d])[0] for d in range(vel_all.shape[1])]

=== parabola AR ROLLOUT (LeWM ID-only FT, history_size=3) ===
--- latent fidelity (pred vs real emb), test trajs, by partition ---
  ID         n=  464  cos=+0.9529  nMSE=0.0780
  r/m-OOD    n=  319  cos=+0.9546  nMSE=0.2188
  v-OOD      n=  928  cos=+0.7687  nMSE=0.3323
  both-OOD   n= 1189  cos=+0.7808  nMSE=0.3733

--- latent fidelity vs horizon (test, aggregate) ---
  h=  1  n=  100  cos=+0.9682  nMSE=0.1581
  h=  2  n=  100  cos=+0.9643  nMSE=0.1784
  h=  4  n=  100  cos=+0.9575  nMSE=0.2138
  h=  8  n=  100  cos=+0.9370  nMSE=0.3043
  h= 16  n=  100  cos=+0.8039  nMSE=0.3094
  h= 28  n=  100  cos=+0.7166  nMSE=1.6278

--- decoded pos/vel ρ from ROLLED-OUT latents (test), by partition ---
  [baseline] probe applied to REAL embs:
  REAL ID                   pos0ρ=+0.579  pos1ρ=+0.668  vel0ρ=+0.639  vel1ρ=+0.604
  REAL r/m-OOD              pos0ρ=+0.789  pos1ρ=+0.890  vel0ρ=+0.586  vel1ρ=+0.873
  REAL v-OOD                pos0ρ=+0.876  pos1ρ=+0.744  vel0ρ=+0.769  vel1ρ=+0.758
  REAL both-OOD             pos0ρ=+0.888  pos1ρ=+0.882  vel0ρ=+0.774  vel1ρ=+0.904
  [rollout] probe applied to PREDICTED embs:
  PRED ID                   pos0ρ=+0.503  pos1ρ=+0.520  vel0ρ=+0.433  vel1ρ=+0.433
  PRED r/m-OOD              pos0ρ=+0.710  pos1ρ=+0.789  vel0ρ=+0.440  vel1ρ=+0.784
  PRED v-OOD                pos0ρ=+0.279  pos1ρ=+0.577  vel0ρ=+0.512  vel1ρ=+0.481
  PRED both-OOD             pos0ρ=+0.617  pos1ρ=+0.646  vel0ρ=+0.606  vel1ρ=+0.672

--- decoded vel ρ from PRED latents vs horizon (test, aggregate) ---
  h=  1  n=  100  vel0ρ=+0.634  vel1ρ=+0.202
  h=  2  n=  100  vel0ρ=+0.827  vel1ρ=+0.049
  h=  4  n=  100  vel0ρ=+0.863  vel1ρ=-0.092
  h=  8  n=  100  vel0ρ=+0.806  vel1ρ=+nan
  h= 16  n=  100  vel0ρ=+0.630  vel1ρ=+0.343
  h= 28  n=  100  vel0ρ=+0.159  vel1ρ=-0.050

--- [K=4] decoded pos/vel ρ from ROLLED-OUT latents (test), by partition ---
  [K=4] probe applied to PREDICTED embs (stack 4 consecutive predicted latents):
  PRED-K4 ID          pos0ρ=+0.877  pos1ρ=+0.902  vel0ρ=+0.648  vel1ρ=+0.907
  PRED-K4 r/m-OOD     pos0ρ=+0.804  pos1ρ=+0.900  vel0ρ=+0.707  vel1ρ=+0.917
  PRED-K4 v-OOD       pos0ρ=+0.767  pos1ρ=+0.871  vel0ρ=+0.632  vel1ρ=+0.883
  PRED-K4 both-OOD    pos0ρ=+0.756  pos1ρ=+0.795  vel0ρ=+0.729  vel1ρ=+0.861

--- [K=4] decoded vel ρ from PRED latents vs horizon (test, aggregate) ---
  h=  4  n=  100  vel0ρ=+0.934  vel1ρ=+0.005
  h=  8  n=  100  vel0ρ=+0.931  vel1ρ=+nan
  h= 16  n=  100  vel0ρ=+0.787  vel1ρ=+0.264
  h= 28  n=  100  vel0ρ=+0.186  vel1ρ=-0.044

Total 95s
