[norm] action mean=[0.24667731 0.        ], std=[8.83643282e-02 1.00000000e-08]  (from phyworld_uniform_motion_id1k.h5)
[ckpt] /data1/likun-share/junjxu/.stable_worldmodel/dinowm_um_shufslot_pw300_s1234/dinowm_um_shufslot_pw300_s1234_epoch_20_object.ckpt  tag=dinowm_um_shufslot_pw300_s1234
  rolled out 100 trajs, t=23s
  rolled out 200 trajs, t=43s
  rolled out 300 trajs, t=62s
  rolled out 400 trajs, t=81s
  rolled out 500 trajs, t=101s

[data] 500 trajs, 14500 (frame,pred) pairs, emb dim=192
/home/likun-share/junjxu/wm/phyworld/scripts/rollout_eval_id1k.py:197: ConstantInputWarning: An input array is constant; the correlation coefficient is not defined.
  rho = pearsonr(vel_all[mask][:, d], pv[:, d])[0]
/home/likun-share/junjxu/wm/phyworld/scripts/rollout_eval_id1k.py:197: ConstantInputWarning: An input array is constant; the correlation coefficient is not defined.
  rho = pearsonr(vel_all[mask][:, d], pv[:, d])[0]
/home/likun-share/junjxu/wm/phyworld/scripts/rollout_eval_id1k.py:197: ConstantInputWarning: An input array is constant; the correlation coefficient is not defined.
  rho = pearsonr(vel_all[mask][:, d], pv[:, d])[0]
/home/likun-share/junjxu/wm/phyworld/scripts/rollout_eval_id1k.py:197: ConstantInputWarning: An input array is constant; the correlation coefficient is not defined.
  rho = pearsonr(vel_all[mask][:, d], pv[:, d])[0]
/home/likun-share/junjxu/wm/phyworld/scripts/rollout_eval_id1k.py:197: ConstantInputWarning: An input array is constant; the correlation coefficient is not defined.
  rho = pearsonr(vel_all[mask][:, d], pv[:, d])[0]
/home/likun-share/junjxu/wm/phyworld/scripts/rollout_eval_id1k.py:197: ConstantInputWarning: An input array is constant; the correlation coefficient is not defined.
  rho = pearsonr(vel_all[mask][:, d], pv[:, d])[0]
/home/likun-share/junjxu/wm/phyworld/scripts/rollout_eval_id1k.py:197: ConstantInputWarning: An input array is constant; the correlation coefficient is not defined.
  rho = pearsonr(vel_all[mask][:, d], pv[:, d])[0]
/home/likun-share/junjxu/wm/phyworld/scripts/rollout_eval_id1k.py:197: ConstantInputWarning: An input array is constant; the correlation coefficient is not defined.
  rho = pearsonr(vel_all[mask][:, d], pv[:, d])[0]
/home/likun-share/junjxu/wm/phyworld/scripts/rollout_eval_id1k.py:242: ConstantInputWarning: An input array is constant; the correlation coefficient is not defined.
  rhos = [pearsonr(vel_all[m][:, d], pv[:, d])[0] for d in range(vel_all.shape[1])]
/home/likun-share/junjxu/wm/phyworld/scripts/rollout_eval_id1k.py:242: ConstantInputWarning: An input array is constant; the correlation coefficient is not defined.
  rhos = [pearsonr(vel_all[m][:, d], pv[:, d])[0] for d in range(vel_all.shape[1])]
/home/likun-share/junjxu/wm/phyworld/scripts/rollout_eval_id1k.py:242: ConstantInputWarning: An input array is constant; the correlation coefficient is not defined.
  rhos = [pearsonr(vel_all[m][:, d], pv[:, d])[0] for d in range(vel_all.shape[1])]
/home/likun-share/junjxu/wm/phyworld/scripts/rollout_eval_id1k.py:242: ConstantInputWarning: An input array is constant; the correlation coefficient is not defined.
  rhos = [pearsonr(vel_all[m][:, d], pv[:, d])[0] for d in range(vel_all.shape[1])]
/home/likun-share/junjxu/wm/phyworld/scripts/rollout_eval_id1k.py:242: ConstantInputWarning: An input array is constant; the correlation coefficient is not defined.
  rhos = [pearsonr(vel_all[m][:, d], pv[:, d])[0] for d in range(vel_all.shape[1])]
/home/likun-share/junjxu/wm/phyworld/scripts/rollout_eval_id1k.py:242: ConstantInputWarning: An input array is constant; the correlation coefficient is not defined.
  rhos = [pearsonr(vel_all[m][:, d], pv[:, d])[0] for d in range(vel_all.shape[1])]
/home/likun-share/junjxu/wm/phyworld/scripts/rollout_eval_id1k.py:288: ConstantInputWarning: An input array is constant; the correlation coefficient is not defined.
  line += f"  vel{d}ρ={pearsonr(vel_all[m][:, d], pv[:, d])[0]:+.3f}"
/home/likun-share/junjxu/wm/phyworld/scripts/rollout_eval_id1k.py:288: ConstantInputWarning: An input array is constant; the correlation coefficient is not defined.
  line += f"  vel{d}ρ={pearsonr(vel_all[m][:, d], pv[:, d])[0]:+.3f}"
/home/likun-share/junjxu/wm/phyworld/scripts/rollout_eval_id1k.py:288: ConstantInputWarning: An input array is constant; the correlation coefficient is not defined.
  line += f"  vel{d}ρ={pearsonr(vel_all[m][:, d], pv[:, d])[0]:+.3f}"
/home/likun-share/junjxu/wm/phyworld/scripts/rollout_eval_id1k.py:288: ConstantInputWarning: An input array is constant; the correlation coefficient is not defined.
  line += f"  vel{d}ρ={pearsonr(vel_all[m][:, d], pv[:, d])[0]:+.3f}"
/home/likun-share/junjxu/wm/phyworld/scripts/rollout_eval_id1k.py:296: ConstantInputWarning: An input array is constant; the correlation coefficient is not defined.
  rhos = [pearsonr(vel_all[m][:, d], pv[:, d])[0] for d in range(vel_all.shape[1])]
/home/likun-share/junjxu/wm/phyworld/scripts/rollout_eval_id1k.py:296: ConstantInputWarning: An input array is constant; the correlation coefficient is not defined.
  rhos = [pearsonr(vel_all[m][:, d], pv[:, d])[0] for d in range(vel_all.shape[1])]
/home/likun-share/junjxu/wm/phyworld/scripts/rollout_eval_id1k.py:296: ConstantInputWarning: An input array is constant; the correlation coefficient is not defined.
  rhos = [pearsonr(vel_all[m][:, d], pv[:, d])[0] for d in range(vel_all.shape[1])]
/home/likun-share/junjxu/wm/phyworld/scripts/rollout_eval_id1k.py:296: ConstantInputWarning: An input array is constant; the correlation coefficient is not defined.
  rhos = [pearsonr(vel_all[m][:, d], pv[:, d])[0] for d in range(vel_all.shape[1])]

=== uniform_motion AR ROLLOUT (LeWM ID-only FT, history_size=3) ===
--- latent fidelity (pred vs real emb), test trajs, by partition ---
  ID         n=  406  cos=+0.9338  nMSE=0.1273
  r/m-OOD    n=  464  cos=+0.9335  nMSE=0.3746
  v-OOD      n=  841  cos=+0.9067  nMSE=0.1882
  both-OOD   n= 1189  cos=+0.9313  nMSE=0.3127

--- latent fidelity vs horizon (test, aggregate) ---
  h=  1  n=  100  cos=+0.9741  nMSE=0.1807
  h=  2  n=  100  cos=+0.9689  nMSE=0.1763
  h=  4  n=  100  cos=+0.9584  nMSE=0.2041
  h=  8  n=  100  cos=+0.9356  nMSE=0.2477
  h= 16  n=  100  cos=+0.9181  nMSE=0.2437
  h= 28  n=  100  cos=+0.8592  nMSE=0.3361

--- decoded pos/vel ρ from ROLLED-OUT latents (test), by partition ---
  [baseline] probe applied to REAL embs:
  REAL ID                   pos0ρ=+0.947  pos1ρ=+0.972  vel0ρ=+0.559  vel1ρ=+nan
  REAL r/m-OOD              pos0ρ=+0.956  pos1ρ=+0.976  vel0ρ=+0.486  vel1ρ=+nan
  REAL v-OOD                pos0ρ=+0.955  pos1ρ=+0.956  vel0ρ=+0.731  vel1ρ=+nan
  REAL both-OOD             pos0ρ=+0.958  pos1ρ=+0.978  vel0ρ=+0.752  vel1ρ=+nan
  [rollout] probe applied to PREDICTED embs:
  PRED ID                   pos0ρ=+0.980  pos1ρ=+0.990  vel0ρ=+0.479  vel1ρ=+nan
  PRED r/m-OOD              pos0ρ=+0.934  pos1ρ=+0.902  vel0ρ=+0.442  vel1ρ=+nan
  PRED v-OOD                pos0ρ=+0.777  pos1ρ=+0.866  vel0ρ=+0.800  vel1ρ=+nan
  PRED both-OOD             pos0ρ=+0.812  pos1ρ=+0.883  vel0ρ=+0.689  vel1ρ=+nan

--- decoded vel ρ from PRED latents vs horizon (test, aggregate) ---
  h=  1  n=  100  vel0ρ=+0.320  vel1ρ=+nan
  h=  2  n=  100  vel0ρ=+0.484  vel1ρ=+nan
  h=  4  n=  100  vel0ρ=+0.541  vel1ρ=+nan
  h=  8  n=  100  vel0ρ=+0.564  vel1ρ=+nan
  h= 16  n=  100  vel0ρ=+0.886  vel1ρ=+nan
  h= 28  n=  100  vel0ρ=+0.843  vel1ρ=+nan

--- [K=4] decoded pos/vel ρ from ROLLED-OUT latents (test), by partition ---
  [K=4] probe applied to PREDICTED embs (stack 4 consecutive predicted latents):
  PRED-K4 ID          pos0ρ=+0.978  pos1ρ=+0.991  vel0ρ=+0.588  vel1ρ=+nan
  PRED-K4 r/m-OOD     pos0ρ=+0.949  pos1ρ=+0.925  vel0ρ=+0.605  vel1ρ=+nan
  PRED-K4 v-OOD       pos0ρ=+0.841  pos1ρ=+0.885  vel0ρ=+0.878  vel1ρ=+nan
  PRED-K4 both-OOD    pos0ρ=+0.869  pos1ρ=+0.898  vel0ρ=+0.795  vel1ρ=+nan

--- [K=4] decoded vel ρ from PRED latents vs horizon (test, aggregate) ---
  h=  4  n=  100  vel0ρ=+0.657  vel1ρ=+nan
  h=  8  n=  100  vel0ρ=+0.829  vel1ρ=+nan
  h= 16  n=  100  vel0ρ=+0.922  vel1ρ=+nan
  h= 28  n=  100  vel0ρ=+0.786  vel1ρ=+nan

Total 101s
