[norm] action mean=[ 0.24667731 -0.40296947], std=[0.08836433 0.229554  ]  (from phyworld_parabola_id1k.h5)
[ckpt] /data1/likun-share/junjxu/.stable_worldmodel/dinowm_par_posvel_pw30/dinowm_par_posvel_pw30_epoch_20_object.ckpt  tag=dinowm_par_posvel_pw30
  rolled out 100 trajs, t=37s
  rolled out 200 trajs, t=67s
  rolled out 300 trajs, t=94s
  rolled out 400 trajs, t=121s
  rolled out 500 trajs, t=146s

[data] 500 trajs, 14500 (frame,pred) pairs, emb dim=192
/home/likun-share/junjxu/wm/phyworld/scripts/rollout_eval_id1k.py:242: ConstantInputWarning: An input array is constant; the correlation coefficient is not defined.
  rhos = [pearsonr(vel_all[m][:, d], pv[:, d])[0] for d in range(vel_all.shape[1])]
/home/likun-share/junjxu/wm/phyworld/scripts/rollout_eval_id1k.py:242: NearConstantInputWarning: An input array is nearly constant; the computed correlation coefficient may be inaccurate.
  rhos = [pearsonr(vel_all[m][:, d], pv[:, d])[0] for d in range(vel_all.shape[1])]
/home/likun-share/junjxu/wm/phyworld/scripts/rollout_eval_id1k.py:242: NearConstantInputWarning: An input array is nearly constant; the computed correlation coefficient may be inaccurate.
  rhos = [pearsonr(vel_all[m][:, d], pv[:, d])[0] for d in range(vel_all.shape[1])]
/home/likun-share/junjxu/wm/phyworld/scripts/rollout_eval_id1k.py:296: ConstantInputWarning: An input array is constant; the correlation coefficient is not defined.
  rhos = [pearsonr(vel_all[m][:, d], pv[:, d])[0] for d in range(vel_all.shape[1])]
/home/likun-share/junjxu/wm/phyworld/scripts/rollout_eval_id1k.py:296: NearConstantInputWarning: An input array is nearly constant; the computed correlation coefficient may be inaccurate.
  rhos = [pearsonr(vel_all[m][:, d], pv[:, d])[0] for d in range(vel_all.shape[1])]
/home/likun-share/junjxu/wm/phyworld/scripts/rollout_eval_id1k.py:296: NearConstantInputWarning: An input array is nearly constant; the computed correlation coefficient may be inaccurate.
  rhos = [pearsonr(vel_all[m][:, d], pv[:, d])[0] for d in range(vel_all.shape[1])]

=== parabola AR ROLLOUT (LeWM ID-only FT, history_size=3) ===
--- latent fidelity (pred vs real emb), test trajs, by partition ---
  ID         n=  464  cos=+0.9547  nMSE=0.0833
  r/m-OOD    n=  319  cos=+0.9626  nMSE=0.2206
  v-OOD      n=  928  cos=+0.7572  nMSE=0.3669
  both-OOD   n= 1189  cos=+0.7862  nMSE=0.3866

--- latent fidelity vs horizon (test, aggregate) ---
  h=  1  n=  100  cos=+0.9658  nMSE=0.1654
  h=  2  n=  100  cos=+0.9588  nMSE=0.1856
  h=  4  n=  100  cos=+0.9521  nMSE=0.2257
  h=  8  n=  100  cos=+0.9264  nMSE=0.3213
  h= 16  n=  100  cos=+0.8012  nMSE=0.3417
  h= 28  n=  100  cos=+0.7292  nMSE=1.4014

--- decoded pos/vel ρ from ROLLED-OUT latents (test), by partition ---
  [baseline] probe applied to REAL embs:
  REAL ID                   pos0ρ=+0.936  pos1ρ=+0.988  vel0ρ=+0.610  vel1ρ=+0.992
  REAL r/m-OOD              pos0ρ=+0.913  pos1ρ=+0.985  vel0ρ=+0.579  vel1ρ=+0.986
  REAL v-OOD                pos0ρ=+0.930  pos1ρ=+0.914  vel0ρ=+0.815  vel1ρ=+0.955
  REAL both-OOD             pos0ρ=+0.915  pos1ρ=+0.929  vel0ρ=+0.792  vel1ρ=+0.961
  [rollout] probe applied to PREDICTED embs:
  PRED ID                   pos0ρ=+0.961  pos1ρ=+0.991  vel0ρ=+0.732  vel1ρ=+0.994
  PRED r/m-OOD              pos0ρ=+0.932  pos1ρ=+0.982  vel0ρ=+0.770  vel1ρ=+0.987
  PRED v-OOD                pos0ρ=+0.863  pos1ρ=+0.927  vel0ρ=+0.698  vel1ρ=+0.967
  PRED both-OOD             pos0ρ=+0.854  pos1ρ=+0.933  vel0ρ=+0.808  vel1ρ=+0.967

--- decoded vel ρ from PRED latents vs horizon (test, aggregate) ---
  h=  1  n=  100  vel0ρ=+0.754  vel1ρ=+0.008
  h=  2  n=  100  vel0ρ=+0.854  vel1ρ=-0.146
  h=  4  n=  100  vel0ρ=+0.919  vel1ρ=-0.234
  h=  8  n=  100  vel0ρ=+0.944  vel1ρ=+nan
  h= 16  n=  100  vel0ρ=+0.805  vel1ρ=+0.278
  h= 28  n=  100  vel0ρ=+0.822  vel1ρ=+0.076

--- [K=4] decoded pos/vel ρ from ROLLED-OUT latents (test), by partition ---
  [K=4] probe applied to PREDICTED embs (stack 4 consecutive predicted latents):
  PRED-K4 ID          pos0ρ=+0.969  pos1ρ=+0.998  vel0ρ=+0.853  vel1ρ=+0.996
  PRED-K4 r/m-OOD     pos0ρ=+0.951  pos1ρ=+0.990  vel0ρ=+0.860  vel1ρ=+0.993
  PRED-K4 v-OOD       pos0ρ=+0.850  pos1ρ=+0.943  vel0ρ=+0.748  vel1ρ=+0.968
  PRED-K4 both-OOD    pos0ρ=+0.846  pos1ρ=+0.951  vel0ρ=+0.858  vel1ρ=+0.973

--- [K=4] decoded vel ρ from PRED latents vs horizon (test, aggregate) ---
  h=  4  n=  100  vel0ρ=+0.876  vel1ρ=-0.317
  h=  8  n=  100  vel0ρ=+0.966  vel1ρ=+nan
  h= 16  n=  100  vel0ρ=+0.867  vel1ρ=+0.167
  h= 28  n=  100  vel0ρ=+0.855  vel1ρ=-0.120

Total 148s
