[norm] action mean=[ 0.24667731 -0.40296947], std=[0.08836433 0.229554  ]  (from phyworld_parabola_id1k.h5)
[ckpt] /data1/likun-share/junjxu/.stable_worldmodel/dinowm_par_labelfree_const/dinowm_par_labelfree_const_epoch_20_object.ckpt  tag=dinowm_par_labelfree_const
  rolled out 100 trajs, t=19s
  rolled out 200 trajs, t=34s
  rolled out 300 trajs, t=49s
  rolled out 400 trajs, t=64s
  rolled out 500 trajs, t=78s

[data] 500 trajs, 14500 (frame,pred) pairs, emb dim=192
/home/likun-share/junjxu/wm/phyworld/scripts/rollout_eval_id1k.py:242: ConstantInputWarning: An input array is constant; the correlation coefficient is not defined.
  rhos = [pearsonr(vel_all[m][:, d], pv[:, d])[0] for d in range(vel_all.shape[1])]
/home/likun-share/junjxu/wm/phyworld/scripts/rollout_eval_id1k.py:242: NearConstantInputWarning: An input array is nearly constant; the computed correlation coefficient may be inaccurate.
  rhos = [pearsonr(vel_all[m][:, d], pv[:, d])[0] for d in range(vel_all.shape[1])]
/home/likun-share/junjxu/wm/phyworld/scripts/rollout_eval_id1k.py:242: NearConstantInputWarning: An input array is nearly constant; the computed correlation coefficient may be inaccurate.
  rhos = [pearsonr(vel_all[m][:, d], pv[:, d])[0] for d in range(vel_all.shape[1])]
/home/likun-share/junjxu/wm/phyworld/scripts/rollout_eval_id1k.py:296: ConstantInputWarning: An input array is constant; the correlation coefficient is not defined.
  rhos = [pearsonr(vel_all[m][:, d], pv[:, d])[0] for d in range(vel_all.shape[1])]
/home/likun-share/junjxu/wm/phyworld/scripts/rollout_eval_id1k.py:296: NearConstantInputWarning: An input array is nearly constant; the computed correlation coefficient may be inaccurate.
  rhos = [pearsonr(vel_all[m][:, d], pv[:, d])[0] for d in range(vel_all.shape[1])]
/home/likun-share/junjxu/wm/phyworld/scripts/rollout_eval_id1k.py:296: NearConstantInputWarning: An input array is nearly constant; the computed correlation coefficient may be inaccurate.
  rhos = [pearsonr(vel_all[m][:, d], pv[:, d])[0] for d in range(vel_all.shape[1])]

=== parabola AR ROLLOUT (LeWM ID-only FT, history_size=3) ===
--- latent fidelity (pred vs real emb), test trajs, by partition ---
  ID         n=  464  cos=+0.9536  nMSE=0.0798
  r/m-OOD    n=  319  cos=+0.9419  nMSE=0.2177
  v-OOD      n=  928  cos=+0.7625  nMSE=0.3993
  both-OOD   n= 1189  cos=+0.7993  nMSE=0.3825

--- latent fidelity vs horizon (test, aggregate) ---
  h=  1  n=  100  cos=+0.9671  nMSE=0.1501
  h=  2  n=  100  cos=+0.9623  nMSE=0.1677
  h=  4  n=  100  cos=+0.9570  nMSE=0.2065
  h=  8  n=  100  cos=+0.9202  nMSE=0.3218
  h= 16  n=  100  cos=+0.7844  nMSE=0.3533
  h= 28  n=  100  cos=+0.7565  nMSE=1.5050

--- decoded pos/vel ρ from ROLLED-OUT latents (test), by partition ---
  [baseline] probe applied to REAL embs:
  REAL ID                   pos0ρ=+0.576  pos1ρ=+0.623  vel0ρ=+0.670  vel1ρ=+0.570
  REAL r/m-OOD              pos0ρ=+0.801  pos1ρ=+0.897  vel0ρ=+0.578  vel1ρ=+0.889
  REAL v-OOD                pos0ρ=+0.899  pos1ρ=+0.753  vel0ρ=+0.777  vel1ρ=+0.771
  REAL both-OOD             pos0ρ=+0.892  pos1ρ=+0.880  vel0ρ=+0.785  vel1ρ=+0.905
  [rollout] probe applied to PREDICTED embs:
  PRED ID                   pos0ρ=+0.485  pos1ρ=+0.558  vel0ρ=+0.539  vel1ρ=+0.483
  PRED r/m-OOD              pos0ρ=+0.654  pos1ρ=+0.822  vel0ρ=+0.555  vel1ρ=+0.752
  PRED v-OOD                pos0ρ=+0.137  pos1ρ=+0.654  vel0ρ=+0.554  vel1ρ=+0.583
  PRED both-OOD             pos0ρ=+0.446  pos1ρ=+0.804  vel0ρ=+0.531  vel1ρ=+0.779

--- decoded vel ρ from PRED latents vs horizon (test, aggregate) ---
  h=  1  n=  100  vel0ρ=+0.496  vel1ρ=-0.226
  h=  2  n=  100  vel0ρ=+0.701  vel1ρ=+0.338
  h=  4  n=  100  vel0ρ=+0.851  vel1ρ=+0.436
  h=  8  n=  100  vel0ρ=+0.861  vel1ρ=+nan
  h= 16  n=  100  vel0ρ=+0.597  vel1ρ=-0.100
  h= 28  n=  100  vel0ρ=-0.071  vel1ρ=-0.033

--- [K=4] decoded pos/vel ρ from ROLLED-OUT latents (test), by partition ---
  [K=4] probe applied to PREDICTED embs (stack 4 consecutive predicted latents):
  PRED-K4 ID          pos0ρ=+0.913  pos1ρ=+0.952  vel0ρ=+0.837  vel1ρ=+0.925
  PRED-K4 r/m-OOD     pos0ρ=+0.864  pos1ρ=+0.957  vel0ρ=+0.766  vel1ρ=+0.899
  PRED-K4 v-OOD       pos0ρ=+0.477  pos1ρ=+0.904  vel0ρ=+0.601  vel1ρ=+0.880
  PRED-K4 both-OOD    pos0ρ=+0.667  pos1ρ=+0.912  vel0ρ=+0.718  vel1ρ=+0.871

--- [K=4] decoded vel ρ from PRED latents vs horizon (test, aggregate) ---
  h=  4  n=  100  vel0ρ=+0.906  vel1ρ=+0.343
  h=  8  n=  100  vel0ρ=+0.948  vel1ρ=+nan
  h= 16  n=  100  vel0ρ=+0.612  vel1ρ=+0.139
  h= 28  n=  100  vel0ρ=+0.190  vel1ρ=-0.130

Total 79s
