[norm] action mean=[ 0.24667731 -0.40296947], std=[0.08836433 0.229554  ]  (from phyworld_parabola_id1k.h5)
[ckpt] /data1/likun-share/junjxu/.stable_worldmodel/dinowm_par_tf_s3072/dinowm_par_tf_s3072_epoch_20_object.ckpt  tag=dinowm_par_tf_s3072
  rolled out 100 trajs, t=68s
  rolled out 200 trajs, t=124s
  rolled out 300 trajs, t=177s
  rolled out 400 trajs, t=233s
  rolled out 500 trajs, t=292s

[data] 500 trajs, 14500 (frame,pred) pairs, emb dim=192
/home/likun-share/junjxu/wm/phyworld/scripts/rollout_eval_id1k.py:242: ConstantInputWarning: An input array is constant; the correlation coefficient is not defined.
  rhos = [pearsonr(vel_all[m][:, d], pv[:, d])[0] for d in range(vel_all.shape[1])]
/home/likun-share/junjxu/wm/phyworld/scripts/rollout_eval_id1k.py:242: NearConstantInputWarning: An input array is nearly constant; the computed correlation coefficient may be inaccurate.
  rhos = [pearsonr(vel_all[m][:, d], pv[:, d])[0] for d in range(vel_all.shape[1])]
/home/likun-share/junjxu/wm/phyworld/scripts/rollout_eval_id1k.py:242: NearConstantInputWarning: An input array is nearly constant; the computed correlation coefficient may be inaccurate.
  rhos = [pearsonr(vel_all[m][:, d], pv[:, d])[0] for d in range(vel_all.shape[1])]
/home/likun-share/junjxu/wm/phyworld/scripts/rollout_eval_id1k.py:296: ConstantInputWarning: An input array is constant; the correlation coefficient is not defined.
  rhos = [pearsonr(vel_all[m][:, d], pv[:, d])[0] for d in range(vel_all.shape[1])]
/home/likun-share/junjxu/wm/phyworld/scripts/rollout_eval_id1k.py:296: NearConstantInputWarning: An input array is nearly constant; the computed correlation coefficient may be inaccurate.
  rhos = [pearsonr(vel_all[m][:, d], pv[:, d])[0] for d in range(vel_all.shape[1])]
/home/likun-share/junjxu/wm/phyworld/scripts/rollout_eval_id1k.py:296: NearConstantInputWarning: An input array is nearly constant; the computed correlation coefficient may be inaccurate.
  rhos = [pearsonr(vel_all[m][:, d], pv[:, d])[0] for d in range(vel_all.shape[1])]

=== parabola AR ROLLOUT (LeWM ID-only FT, history_size=3) ===
--- latent fidelity (pred vs real emb), test trajs, by partition ---
  ID         n=  464  cos=+0.8909  nMSE=0.2184
  r/m-OOD    n=  319  cos=+0.9097  nMSE=0.3635
  v-OOD      n=  928  cos=+0.5310  nMSE=0.8607
  both-OOD   n= 1189  cos=+0.6198  nMSE=0.6259

--- latent fidelity vs horizon (test, aggregate) ---
  h=  1  n=  100  cos=+0.9577  nMSE=0.1905
  h=  2  n=  100  cos=+0.9435  nMSE=0.2139
  h=  4  n=  100  cos=+0.9086  nMSE=0.3023
  h=  8  n=  100  cos=+0.8116  nMSE=0.5049
  h= 16  n=  100  cos=+0.6647  nMSE=0.5632
  h= 28  n=  100  cos=+0.4570  nMSE=2.2505

--- decoded pos/vel ρ from ROLLED-OUT latents (test), by partition ---
  [baseline] probe applied to REAL embs:
  REAL ID                   pos0ρ=+0.914  pos1ρ=+0.984  vel0ρ=+0.585  vel1ρ=+0.989
  REAL r/m-OOD              pos0ρ=+0.891  pos1ρ=+0.983  vel0ρ=+0.534  vel1ρ=+0.981
  REAL v-OOD                pos0ρ=+0.915  pos1ρ=+0.911  vel0ρ=+0.755  vel1ρ=+0.952
  REAL both-OOD             pos0ρ=+0.911  pos1ρ=+0.926  vel0ρ=+0.780  vel1ρ=+0.958
  [rollout] probe applied to PREDICTED embs:
  PRED ID                   pos0ρ=+0.947  pos1ρ=+0.989  vel0ρ=+0.642  vel1ρ=+0.994
  PRED r/m-OOD              pos0ρ=+0.913  pos1ρ=+0.979  vel0ρ=+0.702  vel1ρ=+0.983
  PRED v-OOD                pos0ρ=+0.808  pos1ρ=+0.914  vel0ρ=+0.519  vel1ρ=+0.958
  PRED both-OOD             pos0ρ=+0.859  pos1ρ=+0.921  vel0ρ=+0.687  vel1ρ=+0.957

--- decoded vel ρ from PRED latents vs horizon (test, aggregate) ---
  h=  1  n=  100  vel0ρ=+0.512  vel1ρ=-0.073
  h=  2  n=  100  vel0ρ=+0.630  vel1ρ=+0.025
  h=  4  n=  100  vel0ρ=+0.665  vel1ρ=-0.060
  h=  8  n=  100  vel0ρ=+0.779  vel1ρ=+nan
  h= 16  n=  100  vel0ρ=+0.728  vel1ρ=+0.192
  h= 28  n=  100  vel0ρ=+0.592  vel1ρ=+0.186

--- [K=4] decoded pos/vel ρ from ROLLED-OUT latents (test), by partition ---
  [K=4] probe applied to PREDICTED embs (stack 4 consecutive predicted latents):
  PRED-K4 ID          pos0ρ=+0.961  pos1ρ=+0.997  vel0ρ=+0.819  vel1ρ=+0.997
  PRED-K4 r/m-OOD     pos0ρ=+0.939  pos1ρ=+0.989  vel0ρ=+0.823  vel1ρ=+0.991
  PRED-K4 v-OOD       pos0ρ=+0.837  pos1ρ=+0.934  vel0ρ=+0.706  vel1ρ=+0.963
  PRED-K4 both-OOD    pos0ρ=+0.902  pos1ρ=+0.944  vel0ρ=+0.846  vel1ρ=+0.971

--- [K=4] decoded vel ρ from PRED latents vs horizon (test, aggregate) ---
  h=  4  n=  100  vel0ρ=+0.789  vel1ρ=-0.116
  h=  8  n=  100  vel0ρ=+0.882  vel1ρ=+nan
  h= 16  n=  100  vel0ρ=+0.913  vel1ρ=+0.144
  h= 28  n=  100  vel0ρ=+0.620  vel1ρ=+0.011

Total 297s
