[norm] action mean=[0.24667731 0.        ], std=[8.83643282e-02 1.00000000e-08]  (from phyworld_uniform_motion_id1k.h5)
[ckpt] /data1/likun-share/junjxu/.stable_worldmodel/dinowm_um_probeF2_s42/dinowm_um_probeF2_s42_epoch_20_object.ckpt  tag=dinowm_um_probeF2_s42
  rolled out 100 trajs, t=32s
  rolled out 200 trajs, t=58s
  rolled out 300 trajs, t=84s
  rolled out 400 trajs, t=111s
  rolled out 500 trajs, t=137s

[data] 500 trajs, 14500 (frame,pred) pairs, emb dim=192
/home/likun-share/junjxu/wm/phyworld/scripts/rollout_eval_id1k.py:197: ConstantInputWarning: An input array is constant; the correlation coefficient is not defined.
  rho = pearsonr(vel_all[mask][:, d], pv[:, d])[0]
/home/likun-share/junjxu/wm/phyworld/scripts/rollout_eval_id1k.py:197: ConstantInputWarning: An input array is constant; the correlation coefficient is not defined.
  rho = pearsonr(vel_all[mask][:, d], pv[:, d])[0]
/home/likun-share/junjxu/wm/phyworld/scripts/rollout_eval_id1k.py:197: ConstantInputWarning: An input array is constant; the correlation coefficient is not defined.
  rho = pearsonr(vel_all[mask][:, d], pv[:, d])[0]
/home/likun-share/junjxu/wm/phyworld/scripts/rollout_eval_id1k.py:197: ConstantInputWarning: An input array is constant; the correlation coefficient is not defined.
  rho = pearsonr(vel_all[mask][:, d], pv[:, d])[0]
/home/likun-share/junjxu/wm/phyworld/scripts/rollout_eval_id1k.py:197: ConstantInputWarning: An input array is constant; the correlation coefficient is not defined.
  rho = pearsonr(vel_all[mask][:, d], pv[:, d])[0]
/home/likun-share/junjxu/wm/phyworld/scripts/rollout_eval_id1k.py:197: ConstantInputWarning: An input array is constant; the correlation coefficient is not defined.
  rho = pearsonr(vel_all[mask][:, d], pv[:, d])[0]
/home/likun-share/junjxu/wm/phyworld/scripts/rollout_eval_id1k.py:197: ConstantInputWarning: An input array is constant; the correlation coefficient is not defined.
  rho = pearsonr(vel_all[mask][:, d], pv[:, d])[0]
/home/likun-share/junjxu/wm/phyworld/scripts/rollout_eval_id1k.py:197: ConstantInputWarning: An input array is constant; the correlation coefficient is not defined.
  rho = pearsonr(vel_all[mask][:, d], pv[:, d])[0]
/home/likun-share/junjxu/wm/phyworld/scripts/rollout_eval_id1k.py:242: ConstantInputWarning: An input array is constant; the correlation coefficient is not defined.
  rhos = [pearsonr(vel_all[m][:, d], pv[:, d])[0] for d in range(vel_all.shape[1])]
/home/likun-share/junjxu/wm/phyworld/scripts/rollout_eval_id1k.py:242: ConstantInputWarning: An input array is constant; the correlation coefficient is not defined.
  rhos = [pearsonr(vel_all[m][:, d], pv[:, d])[0] for d in range(vel_all.shape[1])]
/home/likun-share/junjxu/wm/phyworld/scripts/rollout_eval_id1k.py:242: ConstantInputWarning: An input array is constant; the correlation coefficient is not defined.
  rhos = [pearsonr(vel_all[m][:, d], pv[:, d])[0] for d in range(vel_all.shape[1])]
/home/likun-share/junjxu/wm/phyworld/scripts/rollout_eval_id1k.py:242: ConstantInputWarning: An input array is constant; the correlation coefficient is not defined.
  rhos = [pearsonr(vel_all[m][:, d], pv[:, d])[0] for d in range(vel_all.shape[1])]
/home/likun-share/junjxu/wm/phyworld/scripts/rollout_eval_id1k.py:242: ConstantInputWarning: An input array is constant; the correlation coefficient is not defined.
  rhos = [pearsonr(vel_all[m][:, d], pv[:, d])[0] for d in range(vel_all.shape[1])]
/home/likun-share/junjxu/wm/phyworld/scripts/rollout_eval_id1k.py:242: ConstantInputWarning: An input array is constant; the correlation coefficient is not defined.
  rhos = [pearsonr(vel_all[m][:, d], pv[:, d])[0] for d in range(vel_all.shape[1])]
/home/likun-share/junjxu/wm/phyworld/scripts/rollout_eval_id1k.py:288: ConstantInputWarning: An input array is constant; the correlation coefficient is not defined.
  line += f"  vel{d}ρ={pearsonr(vel_all[m][:, d], pv[:, d])[0]:+.3f}"
/home/likun-share/junjxu/wm/phyworld/scripts/rollout_eval_id1k.py:288: ConstantInputWarning: An input array is constant; the correlation coefficient is not defined.
  line += f"  vel{d}ρ={pearsonr(vel_all[m][:, d], pv[:, d])[0]:+.3f}"
/home/likun-share/junjxu/wm/phyworld/scripts/rollout_eval_id1k.py:288: ConstantInputWarning: An input array is constant; the correlation coefficient is not defined.
  line += f"  vel{d}ρ={pearsonr(vel_all[m][:, d], pv[:, d])[0]:+.3f}"
/home/likun-share/junjxu/wm/phyworld/scripts/rollout_eval_id1k.py:288: ConstantInputWarning: An input array is constant; the correlation coefficient is not defined.
  line += f"  vel{d}ρ={pearsonr(vel_all[m][:, d], pv[:, d])[0]:+.3f}"
/home/likun-share/junjxu/wm/phyworld/scripts/rollout_eval_id1k.py:296: ConstantInputWarning: An input array is constant; the correlation coefficient is not defined.
  rhos = [pearsonr(vel_all[m][:, d], pv[:, d])[0] for d in range(vel_all.shape[1])]
/home/likun-share/junjxu/wm/phyworld/scripts/rollout_eval_id1k.py:296: ConstantInputWarning: An input array is constant; the correlation coefficient is not defined.
  rhos = [pearsonr(vel_all[m][:, d], pv[:, d])[0] for d in range(vel_all.shape[1])]
/home/likun-share/junjxu/wm/phyworld/scripts/rollout_eval_id1k.py:296: ConstantInputWarning: An input array is constant; the correlation coefficient is not defined.
  rhos = [pearsonr(vel_all[m][:, d], pv[:, d])[0] for d in range(vel_all.shape[1])]
/home/likun-share/junjxu/wm/phyworld/scripts/rollout_eval_id1k.py:296: ConstantInputWarning: An input array is constant; the correlation coefficient is not defined.
  rhos = [pearsonr(vel_all[m][:, d], pv[:, d])[0] for d in range(vel_all.shape[1])]

=== uniform_motion AR ROLLOUT (LeWM ID-only FT, history_size=3) ===
--- latent fidelity (pred vs real emb), test trajs, by partition ---
  ID         n=  406  cos=+0.9402  nMSE=0.1187
  r/m-OOD    n=  464  cos=+0.9200  nMSE=0.4269
  v-OOD      n=  841  cos=+0.9403  nMSE=0.1190
  both-OOD   n= 1189  cos=+0.8747  nMSE=0.4544

--- latent fidelity vs horizon (test, aggregate) ---
  h=  1  n=  100  cos=+0.9714  nMSE=0.1952
  h=  2  n=  100  cos=+0.9559  nMSE=0.2194
  h=  4  n=  100  cos=+0.9076  nMSE=0.3513
  h=  8  n=  100  cos=+0.8635  nMSE=0.4491
  h= 16  n=  100  cos=+0.9172  nMSE=0.2684
  h= 28  n=  100  cos=+0.9460  nMSE=0.2195

--- decoded pos/vel ρ from ROLLED-OUT latents (test), by partition ---
  [baseline] probe applied to REAL embs:
  REAL ID                   pos0ρ=+0.965  pos1ρ=+0.972  vel0ρ=+0.474  vel1ρ=+nan
  REAL r/m-OOD              pos0ρ=+0.972  pos1ρ=+0.972  vel0ρ=+0.505  vel1ρ=+nan
  REAL v-OOD                pos0ρ=+0.955  pos1ρ=+0.958  vel0ρ=+0.741  vel1ρ=+nan
  REAL both-OOD             pos0ρ=+0.959  pos1ρ=+0.975  vel0ρ=+0.759  vel1ρ=+nan
  [rollout] probe applied to PREDICTED embs:
  PRED ID                   pos0ρ=+0.967  pos1ρ=+0.989  vel0ρ=+0.479  vel1ρ=+nan
  PRED r/m-OOD              pos0ρ=+0.779  pos1ρ=+0.862  vel0ρ=+0.634  vel1ρ=+nan
  PRED v-OOD                pos0ρ=+0.963  pos1ρ=+0.865  vel0ρ=+0.770  vel1ρ=+nan
  PRED both-OOD             pos0ρ=+0.823  pos1ρ=+0.857  vel0ρ=+0.812  vel1ρ=+nan

--- decoded vel ρ from PRED latents vs horizon (test, aggregate) ---
  h=  1  n=  100  vel0ρ=+0.379  vel1ρ=+nan
  h=  2  n=  100  vel0ρ=+0.529  vel1ρ=+nan
  h=  4  n=  100  vel0ρ=+0.670  vel1ρ=+nan
  h=  8  n=  100  vel0ρ=+0.696  vel1ρ=+nan
  h= 16  n=  100  vel0ρ=+0.835  vel1ρ=+nan
  h= 28  n=  100  vel0ρ=+0.930  vel1ρ=+nan

--- [K=4] decoded pos/vel ρ from ROLLED-OUT latents (test), by partition ---
  [K=4] probe applied to PREDICTED embs (stack 4 consecutive predicted latents):
  PRED-K4 ID          pos0ρ=+0.970  pos1ρ=+0.992  vel0ρ=+0.592  vel1ρ=+nan
  PRED-K4 r/m-OOD     pos0ρ=+0.787  pos1ρ=+0.888  vel0ρ=+0.679  vel1ρ=+nan
  PRED-K4 v-OOD       pos0ρ=+0.971  pos1ρ=+0.882  vel0ρ=+0.869  vel1ρ=+nan
  PRED-K4 both-OOD    pos0ρ=+0.846  pos1ρ=+0.867  vel0ρ=+0.892  vel1ρ=+nan

--- [K=4] decoded vel ρ from PRED latents vs horizon (test, aggregate) ---
  h=  4  n=  100  vel0ρ=+0.704  vel1ρ=+nan
  h=  8  n=  100  vel0ρ=+0.876  vel1ρ=+nan
  h= 16  n=  100  vel0ρ=+0.848  vel1ρ=+nan
  h= 28  n=  100  vel0ρ=+0.956  vel1ρ=+nan

Total 138s
