[norm] action mean=[0.24667731 0.        ], std=[8.83643282e-02 1.00000000e-08]  (from phyworld_uniform_motion_id1k.h5)
[ckpt] /data1/likun-share/junjxu/.stable_worldmodel/dinowm_um_fr_s3072/dinowm_um_fr_s3072_epoch_20_object.ckpt  tag=dinowm_um_fr_s3072
  rolled out 100 trajs, t=86s
  rolled out 200 trajs, t=132s
  rolled out 300 trajs, t=180s
  rolled out 400 trajs, t=228s
  rolled out 500 trajs, t=277s

[data] 500 trajs, 14500 (frame,pred) pairs, emb dim=192
/home/likun-share/junjxu/wm/phyworld/scripts/rollout_eval_id1k.py:197: ConstantInputWarning: An input array is constant; the correlation coefficient is not defined.
  rho = pearsonr(vel_all[mask][:, d], pv[:, d])[0]
/home/likun-share/junjxu/wm/phyworld/scripts/rollout_eval_id1k.py:197: ConstantInputWarning: An input array is constant; the correlation coefficient is not defined.
  rho = pearsonr(vel_all[mask][:, d], pv[:, d])[0]
/home/likun-share/junjxu/wm/phyworld/scripts/rollout_eval_id1k.py:197: ConstantInputWarning: An input array is constant; the correlation coefficient is not defined.
  rho = pearsonr(vel_all[mask][:, d], pv[:, d])[0]
/home/likun-share/junjxu/wm/phyworld/scripts/rollout_eval_id1k.py:197: ConstantInputWarning: An input array is constant; the correlation coefficient is not defined.
  rho = pearsonr(vel_all[mask][:, d], pv[:, d])[0]
/home/likun-share/junjxu/wm/phyworld/scripts/rollout_eval_id1k.py:197: ConstantInputWarning: An input array is constant; the correlation coefficient is not defined.
  rho = pearsonr(vel_all[mask][:, d], pv[:, d])[0]
/home/likun-share/junjxu/wm/phyworld/scripts/rollout_eval_id1k.py:197: ConstantInputWarning: An input array is constant; the correlation coefficient is not defined.
  rho = pearsonr(vel_all[mask][:, d], pv[:, d])[0]
/home/likun-share/junjxu/wm/phyworld/scripts/rollout_eval_id1k.py:197: ConstantInputWarning: An input array is constant; the correlation coefficient is not defined.
  rho = pearsonr(vel_all[mask][:, d], pv[:, d])[0]
/home/likun-share/junjxu/wm/phyworld/scripts/rollout_eval_id1k.py:197: ConstantInputWarning: An input array is constant; the correlation coefficient is not defined.
  rho = pearsonr(vel_all[mask][:, d], pv[:, d])[0]
/home/likun-share/junjxu/wm/phyworld/scripts/rollout_eval_id1k.py:242: ConstantInputWarning: An input array is constant; the correlation coefficient is not defined.
  rhos = [pearsonr(vel_all[m][:, d], pv[:, d])[0] for d in range(vel_all.shape[1])]
/home/likun-share/junjxu/wm/phyworld/scripts/rollout_eval_id1k.py:242: ConstantInputWarning: An input array is constant; the correlation coefficient is not defined.
  rhos = [pearsonr(vel_all[m][:, d], pv[:, d])[0] for d in range(vel_all.shape[1])]
/home/likun-share/junjxu/wm/phyworld/scripts/rollout_eval_id1k.py:242: ConstantInputWarning: An input array is constant; the correlation coefficient is not defined.
  rhos = [pearsonr(vel_all[m][:, d], pv[:, d])[0] for d in range(vel_all.shape[1])]
/home/likun-share/junjxu/wm/phyworld/scripts/rollout_eval_id1k.py:242: ConstantInputWarning: An input array is constant; the correlation coefficient is not defined.
  rhos = [pearsonr(vel_all[m][:, d], pv[:, d])[0] for d in range(vel_all.shape[1])]
/home/likun-share/junjxu/wm/phyworld/scripts/rollout_eval_id1k.py:242: ConstantInputWarning: An input array is constant; the correlation coefficient is not defined.
  rhos = [pearsonr(vel_all[m][:, d], pv[:, d])[0] for d in range(vel_all.shape[1])]
/home/likun-share/junjxu/wm/phyworld/scripts/rollout_eval_id1k.py:242: ConstantInputWarning: An input array is constant; the correlation coefficient is not defined.
  rhos = [pearsonr(vel_all[m][:, d], pv[:, d])[0] for d in range(vel_all.shape[1])]
/home/likun-share/junjxu/wm/phyworld/scripts/rollout_eval_id1k.py:288: ConstantInputWarning: An input array is constant; the correlation coefficient is not defined.
  line += f"  vel{d}ρ={pearsonr(vel_all[m][:, d], pv[:, d])[0]:+.3f}"
/home/likun-share/junjxu/wm/phyworld/scripts/rollout_eval_id1k.py:288: ConstantInputWarning: An input array is constant; the correlation coefficient is not defined.
  line += f"  vel{d}ρ={pearsonr(vel_all[m][:, d], pv[:, d])[0]:+.3f}"
/home/likun-share/junjxu/wm/phyworld/scripts/rollout_eval_id1k.py:288: ConstantInputWarning: An input array is constant; the correlation coefficient is not defined.
  line += f"  vel{d}ρ={pearsonr(vel_all[m][:, d], pv[:, d])[0]:+.3f}"
/home/likun-share/junjxu/wm/phyworld/scripts/rollout_eval_id1k.py:288: ConstantInputWarning: An input array is constant; the correlation coefficient is not defined.
  line += f"  vel{d}ρ={pearsonr(vel_all[m][:, d], pv[:, d])[0]:+.3f}"
/home/likun-share/junjxu/wm/phyworld/scripts/rollout_eval_id1k.py:296: ConstantInputWarning: An input array is constant; the correlation coefficient is not defined.
  rhos = [pearsonr(vel_all[m][:, d], pv[:, d])[0] for d in range(vel_all.shape[1])]
/home/likun-share/junjxu/wm/phyworld/scripts/rollout_eval_id1k.py:296: ConstantInputWarning: An input array is constant; the correlation coefficient is not defined.
  rhos = [pearsonr(vel_all[m][:, d], pv[:, d])[0] for d in range(vel_all.shape[1])]
/home/likun-share/junjxu/wm/phyworld/scripts/rollout_eval_id1k.py:296: ConstantInputWarning: An input array is constant; the correlation coefficient is not defined.
  rhos = [pearsonr(vel_all[m][:, d], pv[:, d])[0] for d in range(vel_all.shape[1])]
/home/likun-share/junjxu/wm/phyworld/scripts/rollout_eval_id1k.py:296: ConstantInputWarning: An input array is constant; the correlation coefficient is not defined.
  rhos = [pearsonr(vel_all[m][:, d], pv[:, d])[0] for d in range(vel_all.shape[1])]

=== uniform_motion AR ROLLOUT (LeWM ID-only FT, history_size=3) ===
--- latent fidelity (pred vs real emb), test trajs, by partition ---
  ID         n=  406  cos=+0.9460  nMSE=0.1006
  r/m-OOD    n=  464  cos=+0.8625  nMSE=0.6268
  v-OOD      n=  841  cos=+0.9496  nMSE=0.1039
  both-OOD   n= 1189  cos=+0.8647  nMSE=0.4815

--- latent fidelity vs horizon (test, aggregate) ---
  h=  1  n=  100  cos=+0.9773  nMSE=0.1883
  h=  2  n=  100  cos=+0.9648  nMSE=0.2120
  h=  4  n=  100  cos=+0.9212  nMSE=0.3466
  h=  8  n=  100  cos=+0.8567  nMSE=0.4950
  h= 16  n=  100  cos=+0.8715  nMSE=0.3550
  h= 28  n=  100  cos=+0.9544  nMSE=0.2012

--- decoded pos/vel ρ from ROLLED-OUT latents (test), by partition ---
  [baseline] probe applied to REAL embs:
  REAL ID                   pos0ρ=+0.668  pos1ρ=+0.965  vel0ρ=+0.623  vel1ρ=+nan
  REAL r/m-OOD              pos0ρ=+0.929  pos1ρ=+0.961  vel0ρ=+0.505  vel1ρ=+nan
  REAL v-OOD                pos0ρ=+0.882  pos1ρ=+0.955  vel0ρ=+0.686  vel1ρ=+nan
  REAL both-OOD             pos0ρ=+0.933  pos1ρ=+0.974  vel0ρ=+0.737  vel1ρ=+nan
  [rollout] probe applied to PREDICTED embs:
  PRED ID                   pos0ρ=+0.769  pos1ρ=+0.989  vel0ρ=+0.535  vel1ρ=+nan
  PRED r/m-OOD              pos0ρ=+0.528  pos1ρ=+0.855  vel0ρ=+0.595  vel1ρ=+nan
  PRED v-OOD                pos0ρ=+0.901  pos1ρ=+0.863  vel0ρ=+0.745  vel1ρ=+nan
  PRED both-OOD             pos0ρ=+0.762  pos1ρ=+0.826  vel0ρ=+0.826  vel1ρ=+nan

--- decoded vel ρ from PRED latents vs horizon (test, aggregate) ---
  h=  1  n=  100  vel0ρ=+0.395  vel1ρ=+nan
  h=  2  n=  100  vel0ρ=+0.620  vel1ρ=+nan
  h=  4  n=  100  vel0ρ=+0.707  vel1ρ=+nan
  h=  8  n=  100  vel0ρ=+0.659  vel1ρ=+nan
  h= 16  n=  100  vel0ρ=+0.834  vel1ρ=+nan
  h= 28  n=  100  vel0ρ=+0.954  vel1ρ=+nan

--- [K=4] decoded pos/vel ρ from ROLLED-OUT latents (test), by partition ---
  [K=4] probe applied to PREDICTED embs (stack 4 consecutive predicted latents):
  PRED-K4 ID          pos0ρ=+0.864  pos1ρ=+0.991  vel0ρ=+0.485  vel1ρ=+nan
  PRED-K4 r/m-OOD     pos0ρ=+0.560  pos1ρ=+0.878  vel0ρ=+0.630  vel1ρ=+nan
  PRED-K4 v-OOD       pos0ρ=+0.937  pos1ρ=+0.880  vel0ρ=+0.769  vel1ρ=+nan
  PRED-K4 both-OOD    pos0ρ=+0.799  pos1ρ=+0.835  vel0ρ=+0.875  vel1ρ=+nan

--- [K=4] decoded vel ρ from PRED latents vs horizon (test, aggregate) ---
  h=  4  n=  100  vel0ρ=+0.574  vel1ρ=+nan
  h=  8  n=  100  vel0ρ=+0.743  vel1ρ=+nan
  h= 16  n=  100  vel0ρ=+0.825  vel1ρ=+nan
  h= 28  n=  100  vel0ρ=+0.962  vel1ρ=+nan

Total 281s
