[norm] action mean=[-0.01484401  0.          0.01575156  0.        ], std=[7.72976437e-02 1.00000000e-08 8.20558954e-02 1.00000000e-08]  (from phyworld_collision_id1k.h5)
[ckpt] /data1/likun-share/junjxu/.stable_worldmodel/dinowm_col_fr_s3072/dinowm_col_fr_s3072_epoch_20_object.ckpt  tag=dinowm_col_fr_s3072
  rolled out 100 trajs, t=51s
  rolled out 200 trajs, t=86s
  rolled out 300 trajs, t=121s
  rolled out 400 trajs, t=157s
  rolled out 500 trajs, t=196s

[data] 500 trajs, 14500 (frame,pred) pairs, emb dim=192

=== collision AR ROLLOUT (LeWM ID-only FT, history_size=3) ===
--- latent fidelity (pred vs real emb), test trajs, by partition ---
  ID         n=  203  cos=+0.8612  nMSE=0.2741
  r/m-OOD    n=  754  cos=+0.9050  nMSE=0.1984
  v-OOD      n=  290  cos=+0.7246  nMSE=0.5072
  both-OOD   n= 1653  cos=+0.7686  nMSE=0.4689

--- latent fidelity vs horizon (test, aggregate) ---
  h=  1  n=  100  cos=+0.9848  nMSE=0.0514
  h=  2  n=  100  cos=+0.9798  nMSE=0.0626
  h=  4  n=  100  cos=+0.9698  nMSE=0.0921
  h=  8  n=  100  cos=+0.9516  nMSE=0.1422
  h= 16  n=  100  cos=+0.7930  nMSE=0.4099
  h= 28  n=  100  cos=+0.6155  nMSE=0.7190

--- decoded pos/vel ρ from ROLLED-OUT latents (test), by partition ---
  [baseline] probe applied to REAL embs:
  REAL ID                   pos0ρ=+0.897  pos1ρ=+0.888  vel0ρ=+0.698  vel1ρ=+0.734
  REAL r/m-OOD              pos0ρ=+0.776  pos1ρ=+0.745  vel0ρ=+0.768  vel1ρ=+0.739
  REAL v-OOD                pos0ρ=+0.946  pos1ρ=+0.871  vel0ρ=+0.711  vel1ρ=+0.688
  REAL both-OOD             pos0ρ=+0.902  pos1ρ=+0.860  vel0ρ=+0.887  vel1ρ=+0.790
  [rollout] probe applied to PREDICTED embs:
  PRED ID                   pos0ρ=+0.648  pos1ρ=+0.630  vel0ρ=+0.604  vel1ρ=+0.599
  PRED r/m-OOD              pos0ρ=+0.742  pos1ρ=+0.783  vel0ρ=+0.770  vel1ρ=+0.760
  PRED v-OOD                pos0ρ=+0.332  pos1ρ=+0.553  vel0ρ=+0.330  vel1ρ=+0.585
  PRED both-OOD             pos0ρ=+0.752  pos1ρ=+0.794  vel0ρ=+0.845  vel1ρ=+0.789

--- decoded vel ρ from PRED latents vs horizon (test, aggregate) ---
  h=  1  n=  100  vel0ρ=+0.233  vel1ρ=-0.051
  h=  2  n=  100  vel0ρ=+0.221  vel1ρ=-0.023
  h=  4  n=  100  vel0ρ=+0.193  vel1ρ=+0.052
  h=  8  n=  100  vel0ρ=+0.734  vel1ρ=+0.741
  h= 16  n=  100  vel0ρ=+0.916  vel1ρ=+0.835
  h= 28  n=  100  vel0ρ=+0.822  vel1ρ=+0.834

--- [K=4] decoded pos/vel ρ from ROLLED-OUT latents (test), by partition ---
  [K=4] probe applied to PREDICTED embs (stack 4 consecutive predicted latents):
  PRED-K4 ID          pos0ρ=+0.730  pos1ρ=+0.742  vel0ρ=+0.757  vel1ρ=+0.742
  PRED-K4 r/m-OOD     pos0ρ=+0.801  pos1ρ=+0.827  vel0ρ=+0.825  vel1ρ=+0.835
  PRED-K4 v-OOD       pos0ρ=+0.381  pos1ρ=+0.591  vel0ρ=+0.456  vel1ρ=+0.679
  PRED-K4 both-OOD    pos0ρ=+0.796  pos1ρ=+0.818  vel0ρ=+0.857  vel1ρ=+0.852

--- [K=4] decoded vel ρ from PRED latents vs horizon (test, aggregate) ---
  h=  4  n=  100  vel0ρ=+0.357  vel1ρ=+0.087
  h=  8  n=  100  vel0ρ=+0.725  vel1ρ=+0.773
  h= 16  n=  100  vel0ρ=+0.890  vel1ρ=+0.872
  h= 28  n=  100  vel0ρ=+0.835  vel1ρ=+0.843

Total 198s
