[norm] action mean=[-0.01484401  0.          0.01575156  0.        ], std=[7.72976437e-02 1.00000000e-08 8.20558954e-02 1.00000000e-08]  (from phyworld_collision_id1k.h5)
[ckpt] /data1/likun-share/junjxu/.stable_worldmodel/dinowm_col_fr_s42/dinowm_col_fr_s42_epoch_20_object.ckpt  tag=dinowm_col_fr_s42
  rolled out 100 trajs, t=51s
  rolled out 200 trajs, t=88s
  rolled out 300 trajs, t=125s
  rolled out 400 trajs, t=161s
  rolled out 500 trajs, t=196s

[data] 500 trajs, 14500 (frame,pred) pairs, emb dim=192

=== collision AR ROLLOUT (LeWM ID-only FT, history_size=3) ===
--- latent fidelity (pred vs real emb), test trajs, by partition ---
  ID         n=  203  cos=+0.8681  nMSE=0.2635
  r/m-OOD    n=  754  cos=+0.8985  nMSE=0.2234
  v-OOD      n=  290  cos=+0.7481  nMSE=0.4291
  both-OOD   n= 1653  cos=+0.7656  nMSE=0.4780

--- latent fidelity vs horizon (test, aggregate) ---
  h=  1  n=  100  cos=+0.9856  nMSE=0.0527
  h=  2  n=  100  cos=+0.9805  nMSE=0.0626
  h=  4  n=  100  cos=+0.9719  nMSE=0.0889
  h=  8  n=  100  cos=+0.9506  nMSE=0.1508
  h= 16  n=  100  cos=+0.7999  nMSE=0.4109
  h= 28  n=  100  cos=+0.6104  nMSE=0.7237

--- decoded pos/vel ρ from ROLLED-OUT latents (test), by partition ---
  [baseline] probe applied to REAL embs:
  REAL ID                   pos0ρ=+0.900  pos1ρ=+0.872  vel0ρ=+0.681  vel1ρ=+0.708
  REAL r/m-OOD              pos0ρ=+0.813  pos1ρ=+0.771  vel0ρ=+0.764  vel1ρ=+0.730
  REAL v-OOD                pos0ρ=+0.945  pos1ρ=+0.858  vel0ρ=+0.721  vel1ρ=+0.648
  REAL both-OOD             pos0ρ=+0.905  pos1ρ=+0.859  vel0ρ=+0.885  vel1ρ=+0.784
  [rollout] probe applied to PREDICTED embs:
  PRED ID                   pos0ρ=+0.795  pos1ρ=+0.722  vel0ρ=+0.645  vel1ρ=+0.658
  PRED r/m-OOD              pos0ρ=+0.793  pos1ρ=+0.800  vel0ρ=+0.769  vel1ρ=+0.768
  PRED v-OOD                pos0ρ=+0.307  pos1ρ=+0.625  vel0ρ=+0.381  vel1ρ=+0.631
  PRED both-OOD             pos0ρ=+0.767  pos1ρ=+0.791  vel0ρ=+0.827  vel1ρ=+0.835

--- decoded vel ρ from PRED latents vs horizon (test, aggregate) ---
  h=  1  n=  100  vel0ρ=+0.364  vel1ρ=-0.012
  h=  2  n=  100  vel0ρ=+0.337  vel1ρ=+0.138
  h=  4  n=  100  vel0ρ=+0.307  vel1ρ=+0.151
  h=  8  n=  100  vel0ρ=+0.704  vel1ρ=+0.814
  h= 16  n=  100  vel0ρ=+0.914  vel1ρ=+0.863
  h= 28  n=  100  vel0ρ=+0.846  vel1ρ=+0.874

--- [K=4] decoded pos/vel ρ from ROLLED-OUT latents (test), by partition ---
  [K=4] probe applied to PREDICTED embs (stack 4 consecutive predicted latents):
  PRED-K4 ID          pos0ρ=+0.843  pos1ρ=+0.788  vel0ρ=+0.830  vel1ρ=+0.807
  PRED-K4 r/m-OOD     pos0ρ=+0.826  pos1ρ=+0.832  vel0ρ=+0.853  vel1ρ=+0.818
  PRED-K4 v-OOD       pos0ρ=+0.359  pos1ρ=+0.678  vel0ρ=+0.484  vel1ρ=+0.749
  PRED-K4 both-OOD    pos0ρ=+0.815  pos1ρ=+0.811  vel0ρ=+0.868  vel1ρ=+0.863

--- [K=4] decoded vel ρ from PRED latents vs horizon (test, aggregate) ---
  h=  4  n=  100  vel0ρ=+0.475  vel1ρ=+0.286
  h=  8  n=  100  vel0ρ=+0.765  vel1ρ=+0.784
  h= 16  n=  100  vel0ρ=+0.919  vel1ρ=+0.875
  h= 28  n=  100  vel0ρ=+0.846  vel1ρ=+0.864

Total 197s
