[norm] action mean=[ 0.24667731 -0.40296947], std=[0.08836433 0.229554  ]  (from phyworld_parabola_id1k.h5)
[ckpt] /data1/likun-share/junjxu/.stable_worldmodel/dinowm_par_structpos_pw30_s1234/dinowm_par_structpos_pw30_s1234_epoch_20_object.ckpt  tag=dinowm_par_structpos_pw30_s1234
  rolled out 100 trajs, t=26s
  rolled out 200 trajs, t=47s
  rolled out 300 trajs, t=70s
  rolled out 400 trajs, t=93s
  rolled out 500 trajs, t=122s

[data] 500 trajs, 14500 (frame,pred) pairs, emb dim=192
/home/likun-share/junjxu/wm/phyworld/scripts/rollout_eval_id1k.py:242: ConstantInputWarning: An input array is constant; the correlation coefficient is not defined.
  rhos = [pearsonr(vel_all[m][:, d], pv[:, d])[0] for d in range(vel_all.shape[1])]
/home/likun-share/junjxu/wm/phyworld/scripts/rollout_eval_id1k.py:242: NearConstantInputWarning: An input array is nearly constant; the computed correlation coefficient may be inaccurate.
  rhos = [pearsonr(vel_all[m][:, d], pv[:, d])[0] for d in range(vel_all.shape[1])]
/home/likun-share/junjxu/wm/phyworld/scripts/rollout_eval_id1k.py:242: NearConstantInputWarning: An input array is nearly constant; the computed correlation coefficient may be inaccurate.
  rhos = [pearsonr(vel_all[m][:, d], pv[:, d])[0] for d in range(vel_all.shape[1])]
/home/likun-share/junjxu/wm/phyworld/scripts/rollout_eval_id1k.py:296: ConstantInputWarning: An input array is constant; the correlation coefficient is not defined.
  rhos = [pearsonr(vel_all[m][:, d], pv[:, d])[0] for d in range(vel_all.shape[1])]
/home/likun-share/junjxu/wm/phyworld/scripts/rollout_eval_id1k.py:296: NearConstantInputWarning: An input array is nearly constant; the computed correlation coefficient may be inaccurate.
  rhos = [pearsonr(vel_all[m][:, d], pv[:, d])[0] for d in range(vel_all.shape[1])]
/home/likun-share/junjxu/wm/phyworld/scripts/rollout_eval_id1k.py:296: NearConstantInputWarning: An input array is nearly constant; the computed correlation coefficient may be inaccurate.
  rhos = [pearsonr(vel_all[m][:, d], pv[:, d])[0] for d in range(vel_all.shape[1])]

=== parabola AR ROLLOUT (LeWM ID-only FT, history_size=3) ===
--- latent fidelity (pred vs real emb), test trajs, by partition ---
  ID         n=  464  cos=+0.9569  nMSE=0.0793
  r/m-OOD    n=  319  cos=+0.9613  nMSE=0.2262
  v-OOD      n=  928  cos=+0.7513  nMSE=0.4002
  both-OOD   n= 1189  cos=+0.7831  nMSE=0.4091

--- latent fidelity vs horizon (test, aggregate) ---
  h=  1  n=  100  cos=+0.9668  nMSE=0.1580
  h=  2  n=  100  cos=+0.9612  nMSE=0.1887
  h=  4  n=  100  cos=+0.9534  nMSE=0.2335
  h=  8  n=  100  cos=+0.9230  nMSE=0.3408
  h= 16  n=  100  cos=+0.7993  nMSE=0.3536
  h= 28  n=  100  cos=+0.7411  nMSE=1.4509

--- decoded pos/vel ρ from ROLLED-OUT latents (test), by partition ---
  [baseline] probe applied to REAL embs:
  REAL ID                   pos0ρ=+0.940  pos1ρ=+0.988  vel0ρ=+0.641  vel1ρ=+0.991
  REAL r/m-OOD              pos0ρ=+0.917  pos1ρ=+0.985  vel0ρ=+0.537  vel1ρ=+0.986
  REAL v-OOD                pos0ρ=+0.923  pos1ρ=+0.914  vel0ρ=+0.779  vel1ρ=+0.955
  REAL both-OOD             pos0ρ=+0.917  pos1ρ=+0.928  vel0ρ=+0.777  vel1ρ=+0.960
  [rollout] probe applied to PREDICTED embs:
  PRED ID                   pos0ρ=+0.957  pos1ρ=+0.992  vel0ρ=+0.667  vel1ρ=+0.994
  PRED r/m-OOD              pos0ρ=+0.922  pos1ρ=+0.986  vel0ρ=+0.722  vel1ρ=+0.989
  PRED v-OOD                pos0ρ=+0.761  pos1ρ=+0.929  vel0ρ=+0.598  vel1ρ=+0.968
  PRED both-OOD             pos0ρ=+0.788  pos1ρ=+0.932  vel0ρ=+0.706  vel1ρ=+0.965

--- decoded vel ρ from PRED latents vs horizon (test, aggregate) ---
  h=  1  n=  100  vel0ρ=+0.752  vel1ρ=-0.147
  h=  2  n=  100  vel0ρ=+0.836  vel1ρ=+0.316
  h=  4  n=  100  vel0ρ=+0.885  vel1ρ=+0.167
  h=  8  n=  100  vel0ρ=+0.946  vel1ρ=+nan
  h= 16  n=  100  vel0ρ=+0.842  vel1ρ=+0.205
  h= 28  n=  100  vel0ρ=-0.501  vel1ρ=+0.111

--- [K=4] decoded pos/vel ρ from ROLLED-OUT latents (test), by partition ---
  [K=4] probe applied to PREDICTED embs (stack 4 consecutive predicted latents):
  PRED-K4 ID          pos0ρ=+0.967  pos1ρ=+0.998  vel0ρ=+0.832  vel1ρ=+0.996
  PRED-K4 r/m-OOD     pos0ρ=+0.945  pos1ρ=+0.993  vel0ρ=+0.871  vel1ρ=+0.995
  PRED-K4 v-OOD       pos0ρ=+0.786  pos1ρ=+0.943  vel0ρ=+0.715  vel1ρ=+0.976
  PRED-K4 both-OOD    pos0ρ=+0.800  pos1ρ=+0.945  vel0ρ=+0.819  vel1ρ=+0.971

--- [K=4] decoded vel ρ from PRED latents vs horizon (test, aggregate) ---
  h=  4  n=  100  vel0ρ=+0.913  vel1ρ=+0.020
  h=  8  n=  100  vel0ρ=+0.980  vel1ρ=+nan
  h= 16  n=  100  vel0ρ=+0.931  vel1ρ=+0.033
  h= 28  n=  100  vel0ρ=+0.354  vel1ρ=+0.134

Total 123s
