[norm] action mean=[0.24667731 0.        ], std=[8.83643282e-02 1.00000000e-08]  (from phyworld_uniform_motion_id1k.h5)
[ckpt] /data1/likun-share/junjxu/.stable_worldmodel/dinowm_um_shufslot_pw300_s3072/dinowm_um_shufslot_pw300_s3072_epoch_20_object.ckpt  tag=dinowm_um_shufslot_pw300_s3072
  rolled out 100 trajs, t=23s
  rolled out 200 trajs, t=43s
  rolled out 300 trajs, t=62s
  rolled out 400 trajs, t=81s
  rolled out 500 trajs, t=101s

[data] 500 trajs, 14500 (frame,pred) pairs, emb dim=192
/home/likun-share/junjxu/wm/phyworld/scripts/rollout_eval_id1k.py:197: ConstantInputWarning: An input array is constant; the correlation coefficient is not defined.
  rho = pearsonr(vel_all[mask][:, d], pv[:, d])[0]
/home/likun-share/junjxu/wm/phyworld/scripts/rollout_eval_id1k.py:197: ConstantInputWarning: An input array is constant; the correlation coefficient is not defined.
  rho = pearsonr(vel_all[mask][:, d], pv[:, d])[0]
/home/likun-share/junjxu/wm/phyworld/scripts/rollout_eval_id1k.py:197: ConstantInputWarning: An input array is constant; the correlation coefficient is not defined.
  rho = pearsonr(vel_all[mask][:, d], pv[:, d])[0]
/home/likun-share/junjxu/wm/phyworld/scripts/rollout_eval_id1k.py:197: ConstantInputWarning: An input array is constant; the correlation coefficient is not defined.
  rho = pearsonr(vel_all[mask][:, d], pv[:, d])[0]
/home/likun-share/junjxu/wm/phyworld/scripts/rollout_eval_id1k.py:197: ConstantInputWarning: An input array is constant; the correlation coefficient is not defined.
  rho = pearsonr(vel_all[mask][:, d], pv[:, d])[0]
/home/likun-share/junjxu/wm/phyworld/scripts/rollout_eval_id1k.py:197: ConstantInputWarning: An input array is constant; the correlation coefficient is not defined.
  rho = pearsonr(vel_all[mask][:, d], pv[:, d])[0]
/home/likun-share/junjxu/wm/phyworld/scripts/rollout_eval_id1k.py:197: ConstantInputWarning: An input array is constant; the correlation coefficient is not defined.
  rho = pearsonr(vel_all[mask][:, d], pv[:, d])[0]
/home/likun-share/junjxu/wm/phyworld/scripts/rollout_eval_id1k.py:197: ConstantInputWarning: An input array is constant; the correlation coefficient is not defined.
  rho = pearsonr(vel_all[mask][:, d], pv[:, d])[0]
/home/likun-share/junjxu/wm/phyworld/scripts/rollout_eval_id1k.py:242: ConstantInputWarning: An input array is constant; the correlation coefficient is not defined.
  rhos = [pearsonr(vel_all[m][:, d], pv[:, d])[0] for d in range(vel_all.shape[1])]
/home/likun-share/junjxu/wm/phyworld/scripts/rollout_eval_id1k.py:242: ConstantInputWarning: An input array is constant; the correlation coefficient is not defined.
  rhos = [pearsonr(vel_all[m][:, d], pv[:, d])[0] for d in range(vel_all.shape[1])]
/home/likun-share/junjxu/wm/phyworld/scripts/rollout_eval_id1k.py:242: ConstantInputWarning: An input array is constant; the correlation coefficient is not defined.
  rhos = [pearsonr(vel_all[m][:, d], pv[:, d])[0] for d in range(vel_all.shape[1])]
/home/likun-share/junjxu/wm/phyworld/scripts/rollout_eval_id1k.py:242: ConstantInputWarning: An input array is constant; the correlation coefficient is not defined.
  rhos = [pearsonr(vel_all[m][:, d], pv[:, d])[0] for d in range(vel_all.shape[1])]
/home/likun-share/junjxu/wm/phyworld/scripts/rollout_eval_id1k.py:242: ConstantInputWarning: An input array is constant; the correlation coefficient is not defined.
  rhos = [pearsonr(vel_all[m][:, d], pv[:, d])[0] for d in range(vel_all.shape[1])]
/home/likun-share/junjxu/wm/phyworld/scripts/rollout_eval_id1k.py:242: ConstantInputWarning: An input array is constant; the correlation coefficient is not defined.
  rhos = [pearsonr(vel_all[m][:, d], pv[:, d])[0] for d in range(vel_all.shape[1])]
/home/likun-share/junjxu/wm/phyworld/scripts/rollout_eval_id1k.py:288: ConstantInputWarning: An input array is constant; the correlation coefficient is not defined.
  line += f"  vel{d}ρ={pearsonr(vel_all[m][:, d], pv[:, d])[0]:+.3f}"
/home/likun-share/junjxu/wm/phyworld/scripts/rollout_eval_id1k.py:288: ConstantInputWarning: An input array is constant; the correlation coefficient is not defined.
  line += f"  vel{d}ρ={pearsonr(vel_all[m][:, d], pv[:, d])[0]:+.3f}"
/home/likun-share/junjxu/wm/phyworld/scripts/rollout_eval_id1k.py:288: ConstantInputWarning: An input array is constant; the correlation coefficient is not defined.
  line += f"  vel{d}ρ={pearsonr(vel_all[m][:, d], pv[:, d])[0]:+.3f}"
/home/likun-share/junjxu/wm/phyworld/scripts/rollout_eval_id1k.py:288: ConstantInputWarning: An input array is constant; the correlation coefficient is not defined.
  line += f"  vel{d}ρ={pearsonr(vel_all[m][:, d], pv[:, d])[0]:+.3f}"
/home/likun-share/junjxu/wm/phyworld/scripts/rollout_eval_id1k.py:296: ConstantInputWarning: An input array is constant; the correlation coefficient is not defined.
  rhos = [pearsonr(vel_all[m][:, d], pv[:, d])[0] for d in range(vel_all.shape[1])]
/home/likun-share/junjxu/wm/phyworld/scripts/rollout_eval_id1k.py:296: ConstantInputWarning: An input array is constant; the correlation coefficient is not defined.
  rhos = [pearsonr(vel_all[m][:, d], pv[:, d])[0] for d in range(vel_all.shape[1])]
/home/likun-share/junjxu/wm/phyworld/scripts/rollout_eval_id1k.py:296: ConstantInputWarning: An input array is constant; the correlation coefficient is not defined.
  rhos = [pearsonr(vel_all[m][:, d], pv[:, d])[0] for d in range(vel_all.shape[1])]
/home/likun-share/junjxu/wm/phyworld/scripts/rollout_eval_id1k.py:296: ConstantInputWarning: An input array is constant; the correlation coefficient is not defined.
  rhos = [pearsonr(vel_all[m][:, d], pv[:, d])[0] for d in range(vel_all.shape[1])]

=== uniform_motion AR ROLLOUT (LeWM ID-only FT, history_size=3) ===
--- latent fidelity (pred vs real emb), test trajs, by partition ---
  ID         n=  406  cos=+0.9338  nMSE=0.1300
  r/m-OOD    n=  464  cos=+0.9399  nMSE=0.3668
  v-OOD      n=  841  cos=+0.9294  nMSE=0.1447
  both-OOD   n= 1189  cos=+0.9111  nMSE=0.3429

--- latent fidelity vs horizon (test, aggregate) ---
  h=  1  n=  100  cos=+0.9733  nMSE=0.1708
  h=  2  n=  100  cos=+0.9662  nMSE=0.1832
  h=  4  n=  100  cos=+0.9509  nMSE=0.2308
  h=  8  n=  100  cos=+0.9212  nMSE=0.2897
  h= 16  n=  100  cos=+0.9020  nMSE=0.2638
  h= 28  n=  100  cos=+0.9258  nMSE=0.2586

--- decoded pos/vel ρ from ROLLED-OUT latents (test), by partition ---
  [baseline] probe applied to REAL embs:
  REAL ID                   pos0ρ=+0.956  pos1ρ=+0.976  vel0ρ=+0.571  vel1ρ=+nan
  REAL r/m-OOD              pos0ρ=+0.964  pos1ρ=+0.971  vel0ρ=+0.519  vel1ρ=+nan
  REAL v-OOD                pos0ρ=+0.957  pos1ρ=+0.962  vel0ρ=+0.715  vel1ρ=+nan
  REAL both-OOD             pos0ρ=+0.955  pos1ρ=+0.978  vel0ρ=+0.763  vel1ρ=+nan
  [rollout] probe applied to PREDICTED embs:
  PRED ID                   pos0ρ=+0.971  pos1ρ=+0.992  vel0ρ=+0.504  vel1ρ=+nan
  PRED r/m-OOD              pos0ρ=+0.895  pos1ρ=+0.880  vel0ρ=+0.580  vel1ρ=+nan
  PRED v-OOD                pos0ρ=+0.950  pos1ρ=+0.865  vel0ρ=+0.792  vel1ρ=+nan
  PRED both-OOD             pos0ρ=+0.870  pos1ρ=+0.887  vel0ρ=+0.775  vel1ρ=+nan

--- decoded vel ρ from PRED latents vs horizon (test, aggregate) ---
  h=  1  n=  100  vel0ρ=+0.312  vel1ρ=+nan
  h=  2  n=  100  vel0ρ=+0.583  vel1ρ=+nan
  h=  4  n=  100  vel0ρ=+0.715  vel1ρ=+nan
  h=  8  n=  100  vel0ρ=+0.666  vel1ρ=+nan
  h= 16  n=  100  vel0ρ=+0.858  vel1ρ=+nan
  h= 28  n=  100  vel0ρ=+0.871  vel1ρ=+nan

--- [K=4] decoded pos/vel ρ from ROLLED-OUT latents (test), by partition ---
  [K=4] probe applied to PREDICTED embs (stack 4 consecutive predicted latents):
  PRED-K4 ID          pos0ρ=+0.971  pos1ρ=+0.994  vel0ρ=+0.617  vel1ρ=+nan
  PRED-K4 r/m-OOD     pos0ρ=+0.933  pos1ρ=+0.889  vel0ρ=+0.616  vel1ρ=+nan
  PRED-K4 v-OOD       pos0ρ=+0.964  pos1ρ=+0.870  vel0ρ=+0.860  vel1ρ=+nan
  PRED-K4 both-OOD    pos0ρ=+0.897  pos1ρ=+0.896  vel0ρ=+0.792  vel1ρ=+nan

--- [K=4] decoded vel ρ from PRED latents vs horizon (test, aggregate) ---
  h=  4  n=  100  vel0ρ=+0.807  vel1ρ=+nan
  h=  8  n=  100  vel0ρ=+0.783  vel1ρ=+nan
  h= 16  n=  100  vel0ρ=+0.794  vel1ρ=+nan
  h= 28  n=  100  vel0ρ=+0.902  vel1ρ=+nan

Total 101s
