[norm] action mean=[-0.01484401  0.          0.01575156  0.        ], std=[7.72976437e-02 1.00000000e-08 8.20558954e-02 1.00000000e-08]  (from phyworld_collision_id1k.h5)
[ckpt] /data1/likun-share/junjxu/.stable_worldmodel/dinowm_col_structpos_pw30_s1234/dinowm_col_structpos_pw30_s1234_epoch_20_object.ckpt  tag=dinowm_col_structpos_pw30_s1234
  rolled out 100 trajs, t=33s
  rolled out 200 trajs, t=58s
  rolled out 300 trajs, t=82s
  rolled out 400 trajs, t=106s
  rolled out 500 trajs, t=130s

[data] 500 trajs, 14500 (frame,pred) pairs, emb dim=192

=== collision AR ROLLOUT (LeWM ID-only FT, history_size=3) ===
--- latent fidelity (pred vs real emb), test trajs, by partition ---
  ID         n=  203  cos=+0.8346  nMSE=0.3253
  r/m-OOD    n=  754  cos=+0.8926  nMSE=0.2514
  v-OOD      n=  290  cos=+0.6972  nMSE=0.5796
  both-OOD   n= 1653  cos=+0.7477  nMSE=0.5492

--- latent fidelity vs horizon (test, aggregate) ---
  h=  1  n=  100  cos=+0.9847  nMSE=0.0580
  h=  2  n=  100  cos=+0.9793  nMSE=0.0688
  h=  4  n=  100  cos=+0.9693  nMSE=0.0992
  h=  8  n=  100  cos=+0.9419  nMSE=0.1826
  h= 16  n=  100  cos=+0.7741  nMSE=0.4815
  h= 28  n=  100  cos=+0.5635  nMSE=0.8884

--- decoded pos/vel ρ from ROLLED-OUT latents (test), by partition ---
  [baseline] probe applied to REAL embs:
  REAL ID                   pos0ρ=+0.922  pos1ρ=+0.946  vel0ρ=+0.743  vel1ρ=+0.780
  REAL r/m-OOD              pos0ρ=+0.843  pos1ρ=+0.798  vel0ρ=+0.777  vel1ρ=+0.754
  REAL v-OOD                pos0ρ=+0.941  pos1ρ=+0.926  vel0ρ=+0.755  vel1ρ=+0.729
  REAL both-OOD             pos0ρ=+0.899  pos1ρ=+0.851  vel0ρ=+0.881  vel1ρ=+0.794
  [rollout] probe applied to PREDICTED embs:
  PRED ID                   pos0ρ=+0.632  pos1ρ=+0.663  vel0ρ=+0.617  vel1ρ=+0.748
  PRED r/m-OOD              pos0ρ=+0.787  pos1ρ=+0.826  vel0ρ=+0.795  vel1ρ=+0.759
  PRED v-OOD                pos0ρ=+0.511  pos1ρ=+0.564  vel0ρ=+0.399  vel1ρ=+0.587
  PRED both-OOD             pos0ρ=+0.758  pos1ρ=+0.834  vel0ρ=+0.808  vel1ρ=+0.822

--- decoded vel ρ from PRED latents vs horizon (test, aggregate) ---
  h=  1  n=  100  vel0ρ=+0.268  vel1ρ=+0.065
  h=  2  n=  100  vel0ρ=+0.257  vel1ρ=+0.060
  h=  4  n=  100  vel0ρ=+0.279  vel1ρ=+0.187
  h=  8  n=  100  vel0ρ=+0.700  vel1ρ=+0.749
  h= 16  n=  100  vel0ρ=+0.892  vel1ρ=+0.839
  h= 28  n=  100  vel0ρ=+0.804  vel1ρ=+0.863

--- [K=4] decoded pos/vel ρ from ROLLED-OUT latents (test), by partition ---
  [K=4] probe applied to PREDICTED embs (stack 4 consecutive predicted latents):
  PRED-K4 ID          pos0ρ=+0.697  pos1ρ=+0.773  vel0ρ=+0.773  vel1ρ=+0.843
  PRED-K4 r/m-OOD     pos0ρ=+0.845  pos1ρ=+0.850  vel0ρ=+0.861  vel1ρ=+0.830
  PRED-K4 v-OOD       pos0ρ=+0.524  pos1ρ=+0.603  vel0ρ=+0.510  vel1ρ=+0.672
  PRED-K4 both-OOD    pos0ρ=+0.799  pos1ρ=+0.849  vel0ρ=+0.811  vel1ρ=+0.861

--- [K=4] decoded vel ρ from PRED latents vs horizon (test, aggregate) ---
  h=  4  n=  100  vel0ρ=+0.421  vel1ρ=+0.429
  h=  8  n=  100  vel0ρ=+0.663  vel1ρ=+0.687
  h= 16  n=  100  vel0ρ=+0.853  vel1ρ=+0.867
  h= 28  n=  100  vel0ρ=+0.807  vel1ρ=+0.890

Total 131s
