[norm] action mean=[-0.01484401  0.          0.01575156  0.        ], std=[7.72976437e-02 1.00000000e-08 8.20558954e-02 1.00000000e-08]  (from phyworld_collision_id1k.h5)
[ckpt] /data1/likun-share/junjxu/.stable_worldmodel/dinowm_col_probeF2/dinowm_col_probeF2_epoch_20_object.ckpt  tag=dinowm_col_probeF2
  rolled out 100 trajs, t=54s
  rolled out 200 trajs, t=97s
  rolled out 300 trajs, t=140s
  rolled out 400 trajs, t=183s
  rolled out 500 trajs, t=223s

[data] 500 trajs, 14500 (frame,pred) pairs, emb dim=192

=== collision AR ROLLOUT (LeWM ID-only FT, history_size=3) ===
--- latent fidelity (pred vs real emb), test trajs, by partition ---
  ID         n=  203  cos=+0.8521  nMSE=0.2654
  r/m-OOD    n=  754  cos=+0.8960  nMSE=0.2259
  v-OOD      n=  290  cos=+0.7177  nMSE=0.4963
  both-OOD   n= 1653  cos=+0.7529  nMSE=0.4868

--- latent fidelity vs horizon (test, aggregate) ---
  h=  1  n=  100  cos=+0.9829  nMSE=0.0610
  h=  2  n=  100  cos=+0.9767  nMSE=0.0732
  h=  4  n=  100  cos=+0.9627  nMSE=0.1114
  h=  8  n=  100  cos=+0.9446  nMSE=0.1631
  h= 16  n=  100  cos=+0.7756  nMSE=0.4560
  h= 28  n=  100  cos=+0.5949  nMSE=0.7268

--- decoded pos/vel ρ from ROLLED-OUT latents (test), by partition ---
  [baseline] probe applied to REAL embs:
  REAL ID                   pos0ρ=+0.938  pos1ρ=+0.910  vel0ρ=+0.706  vel1ρ=+0.782
  REAL r/m-OOD              pos0ρ=+0.821  pos1ρ=+0.777  vel0ρ=+0.776  vel1ρ=+0.738
  REAL v-OOD                pos0ρ=+0.940  pos1ρ=+0.902  vel0ρ=+0.770  vel1ρ=+0.736
  REAL both-OOD             pos0ρ=+0.909  pos1ρ=+0.862  vel0ρ=+0.892  vel1ρ=+0.797
  [rollout] probe applied to PREDICTED embs:
  PRED ID                   pos0ρ=+0.696  pos1ρ=+0.678  vel0ρ=+0.611  vel1ρ=+0.678
  PRED r/m-OOD              pos0ρ=+0.810  pos1ρ=+0.861  vel0ρ=+0.822  vel1ρ=+0.790
  PRED v-OOD                pos0ρ=+0.532  pos1ρ=+0.620  vel0ρ=+0.413  vel1ρ=+0.616
  PRED both-OOD             pos0ρ=+0.787  pos1ρ=+0.844  vel0ρ=+0.867  vel1ρ=+0.823

--- decoded vel ρ from PRED latents vs horizon (test, aggregate) ---
  h=  1  n=  100  vel0ρ=+0.255  vel1ρ=+0.119
  h=  2  n=  100  vel0ρ=+0.236  vel1ρ=+0.179
  h=  4  n=  100  vel0ρ=+0.208  vel1ρ=+0.221
  h=  8  n=  100  vel0ρ=+0.776  vel1ρ=+0.676
  h= 16  n=  100  vel0ρ=+0.917  vel1ρ=+0.889
  h= 28  n=  100  vel0ρ=+0.838  vel1ρ=+0.883

--- [K=4] decoded pos/vel ρ from ROLLED-OUT latents (test), by partition ---
  [K=4] probe applied to PREDICTED embs (stack 4 consecutive predicted latents):
  PRED-K4 ID          pos0ρ=+0.772  pos1ρ=+0.733  vel0ρ=+0.762  vel1ρ=+0.793
  PRED-K4 r/m-OOD     pos0ρ=+0.840  pos1ρ=+0.877  vel0ρ=+0.862  vel1ρ=+0.847
  PRED-K4 v-OOD       pos0ρ=+0.554  pos1ρ=+0.675  vel0ρ=+0.511  vel1ρ=+0.689
  PRED-K4 both-OOD    pos0ρ=+0.832  pos1ρ=+0.869  vel0ρ=+0.870  vel1ρ=+0.875

--- [K=4] decoded vel ρ from PRED latents vs horizon (test, aggregate) ---
  h=  4  n=  100  vel0ρ=+0.341  vel1ρ=+0.425
  h=  8  n=  100  vel0ρ=+0.706  vel1ρ=+0.791
  h= 16  n=  100  vel0ρ=+0.919  vel1ρ=+0.903
  h= 28  n=  100  vel0ρ=+0.842  vel1ρ=+0.880

Total 225s
