[norm] action mean=[0.24667731 0.        ], std=[8.83643282e-02 1.00000000e-08]  (from phyworld_uniform_motion_id1k.h5)
[ckpt] /data1/likun-share/junjxu/.stable_worldmodel/dinowm_um_probeF2_s1234/dinowm_um_probeF2_s1234_epoch_20_object.ckpt  tag=dinowm_um_probeF2_s1234
  rolled out 100 trajs, t=26s
  rolled out 200 trajs, t=49s
  rolled out 300 trajs, t=70s
  rolled out 400 trajs, t=93s
  rolled out 500 trajs, t=116s

[data] 500 trajs, 14500 (frame,pred) pairs, emb dim=192
/home/likun-share/junjxu/wm/phyworld/scripts/rollout_eval_id1k.py:197: ConstantInputWarning: An input array is constant; the correlation coefficient is not defined.
  rho = pearsonr(vel_all[mask][:, d], pv[:, d])[0]
/home/likun-share/junjxu/wm/phyworld/scripts/rollout_eval_id1k.py:197: ConstantInputWarning: An input array is constant; the correlation coefficient is not defined.
  rho = pearsonr(vel_all[mask][:, d], pv[:, d])[0]
/home/likun-share/junjxu/wm/phyworld/scripts/rollout_eval_id1k.py:197: ConstantInputWarning: An input array is constant; the correlation coefficient is not defined.
  rho = pearsonr(vel_all[mask][:, d], pv[:, d])[0]
/home/likun-share/junjxu/wm/phyworld/scripts/rollout_eval_id1k.py:197: ConstantInputWarning: An input array is constant; the correlation coefficient is not defined.
  rho = pearsonr(vel_all[mask][:, d], pv[:, d])[0]
/home/likun-share/junjxu/wm/phyworld/scripts/rollout_eval_id1k.py:197: ConstantInputWarning: An input array is constant; the correlation coefficient is not defined.
  rho = pearsonr(vel_all[mask][:, d], pv[:, d])[0]
/home/likun-share/junjxu/wm/phyworld/scripts/rollout_eval_id1k.py:197: ConstantInputWarning: An input array is constant; the correlation coefficient is not defined.
  rho = pearsonr(vel_all[mask][:, d], pv[:, d])[0]
/home/likun-share/junjxu/wm/phyworld/scripts/rollout_eval_id1k.py:197: ConstantInputWarning: An input array is constant; the correlation coefficient is not defined.
  rho = pearsonr(vel_all[mask][:, d], pv[:, d])[0]
/home/likun-share/junjxu/wm/phyworld/scripts/rollout_eval_id1k.py:197: ConstantInputWarning: An input array is constant; the correlation coefficient is not defined.
  rho = pearsonr(vel_all[mask][:, d], pv[:, d])[0]
/home/likun-share/junjxu/wm/phyworld/scripts/rollout_eval_id1k.py:242: ConstantInputWarning: An input array is constant; the correlation coefficient is not defined.
  rhos = [pearsonr(vel_all[m][:, d], pv[:, d])[0] for d in range(vel_all.shape[1])]
/home/likun-share/junjxu/wm/phyworld/scripts/rollout_eval_id1k.py:242: ConstantInputWarning: An input array is constant; the correlation coefficient is not defined.
  rhos = [pearsonr(vel_all[m][:, d], pv[:, d])[0] for d in range(vel_all.shape[1])]
/home/likun-share/junjxu/wm/phyworld/scripts/rollout_eval_id1k.py:242: ConstantInputWarning: An input array is constant; the correlation coefficient is not defined.
  rhos = [pearsonr(vel_all[m][:, d], pv[:, d])[0] for d in range(vel_all.shape[1])]
/home/likun-share/junjxu/wm/phyworld/scripts/rollout_eval_id1k.py:242: ConstantInputWarning: An input array is constant; the correlation coefficient is not defined.
  rhos = [pearsonr(vel_all[m][:, d], pv[:, d])[0] for d in range(vel_all.shape[1])]
/home/likun-share/junjxu/wm/phyworld/scripts/rollout_eval_id1k.py:242: ConstantInputWarning: An input array is constant; the correlation coefficient is not defined.
  rhos = [pearsonr(vel_all[m][:, d], pv[:, d])[0] for d in range(vel_all.shape[1])]
/home/likun-share/junjxu/wm/phyworld/scripts/rollout_eval_id1k.py:242: ConstantInputWarning: An input array is constant; the correlation coefficient is not defined.
  rhos = [pearsonr(vel_all[m][:, d], pv[:, d])[0] for d in range(vel_all.shape[1])]
/home/likun-share/junjxu/wm/phyworld/scripts/rollout_eval_id1k.py:288: ConstantInputWarning: An input array is constant; the correlation coefficient is not defined.
  line += f"  vel{d}ρ={pearsonr(vel_all[m][:, d], pv[:, d])[0]:+.3f}"
/home/likun-share/junjxu/wm/phyworld/scripts/rollout_eval_id1k.py:288: ConstantInputWarning: An input array is constant; the correlation coefficient is not defined.
  line += f"  vel{d}ρ={pearsonr(vel_all[m][:, d], pv[:, d])[0]:+.3f}"
/home/likun-share/junjxu/wm/phyworld/scripts/rollout_eval_id1k.py:288: ConstantInputWarning: An input array is constant; the correlation coefficient is not defined.
  line += f"  vel{d}ρ={pearsonr(vel_all[m][:, d], pv[:, d])[0]:+.3f}"
/home/likun-share/junjxu/wm/phyworld/scripts/rollout_eval_id1k.py:288: ConstantInputWarning: An input array is constant; the correlation coefficient is not defined.
  line += f"  vel{d}ρ={pearsonr(vel_all[m][:, d], pv[:, d])[0]:+.3f}"
/home/likun-share/junjxu/wm/phyworld/scripts/rollout_eval_id1k.py:296: ConstantInputWarning: An input array is constant; the correlation coefficient is not defined.
  rhos = [pearsonr(vel_all[m][:, d], pv[:, d])[0] for d in range(vel_all.shape[1])]
/home/likun-share/junjxu/wm/phyworld/scripts/rollout_eval_id1k.py:296: ConstantInputWarning: An input array is constant; the correlation coefficient is not defined.
  rhos = [pearsonr(vel_all[m][:, d], pv[:, d])[0] for d in range(vel_all.shape[1])]
/home/likun-share/junjxu/wm/phyworld/scripts/rollout_eval_id1k.py:296: ConstantInputWarning: An input array is constant; the correlation coefficient is not defined.
  rhos = [pearsonr(vel_all[m][:, d], pv[:, d])[0] for d in range(vel_all.shape[1])]
/home/likun-share/junjxu/wm/phyworld/scripts/rollout_eval_id1k.py:296: ConstantInputWarning: An input array is constant; the correlation coefficient is not defined.
  rhos = [pearsonr(vel_all[m][:, d], pv[:, d])[0] for d in range(vel_all.shape[1])]

=== uniform_motion AR ROLLOUT (LeWM ID-only FT, history_size=3) ===
--- latent fidelity (pred vs real emb), test trajs, by partition ---
  ID         n=  406  cos=+0.9379  nMSE=0.1162
  r/m-OOD    n=  464  cos=+0.9228  nMSE=0.4424
  v-OOD      n=  841  cos=+0.9344  nMSE=0.1301
  both-OOD   n= 1189  cos=+0.8640  nMSE=0.4825

--- latent fidelity vs horizon (test, aggregate) ---
  h=  1  n=  100  cos=+0.9741  nMSE=0.1989
  h=  2  n=  100  cos=+0.9645  nMSE=0.2018
  h=  4  n=  100  cos=+0.9193  nMSE=0.3288
  h=  8  n=  100  cos=+0.8494  nMSE=0.4854
  h= 16  n=  100  cos=+0.8982  nMSE=0.3041
  h= 28  n=  100  cos=+0.9403  nMSE=0.2363

--- decoded pos/vel ρ from ROLLED-OUT latents (test), by partition ---
  [baseline] probe applied to REAL embs:
  REAL ID                   pos0ρ=+0.965  pos1ρ=+0.975  vel0ρ=+0.605  vel1ρ=+nan
  REAL r/m-OOD              pos0ρ=+0.972  pos1ρ=+0.969  vel0ρ=+0.534  vel1ρ=+nan
  REAL v-OOD                pos0ρ=+0.954  pos1ρ=+0.960  vel0ρ=+0.736  vel1ρ=+nan
  REAL both-OOD             pos0ρ=+0.959  pos1ρ=+0.977  vel0ρ=+0.744  vel1ρ=+nan
  [rollout] probe applied to PREDICTED embs:
  PRED ID                   pos0ρ=+0.970  pos1ρ=+0.986  vel0ρ=+0.502  vel1ρ=+nan
  PRED r/m-OOD              pos0ρ=+0.803  pos1ρ=+0.838  vel0ρ=+0.487  vel1ρ=+nan
  PRED v-OOD                pos0ρ=+0.959  pos1ρ=+0.869  vel0ρ=+0.803  vel1ρ=+nan
  PRED both-OOD             pos0ρ=+0.801  pos1ρ=+0.862  vel0ρ=+0.793  vel1ρ=+nan

--- decoded vel ρ from PRED latents vs horizon (test, aggregate) ---
  h=  1  n=  100  vel0ρ=+0.319  vel1ρ=+nan
  h=  2  n=  100  vel0ρ=+0.404  vel1ρ=+nan
  h=  4  n=  100  vel0ρ=+0.625  vel1ρ=+nan
  h=  8  n=  100  vel0ρ=+0.687  vel1ρ=+nan
  h= 16  n=  100  vel0ρ=+0.779  vel1ρ=+nan
  h= 28  n=  100  vel0ρ=+0.923  vel1ρ=+nan

--- [K=4] decoded pos/vel ρ from ROLLED-OUT latents (test), by partition ---
  [K=4] probe applied to PREDICTED embs (stack 4 consecutive predicted latents):
  PRED-K4 ID          pos0ρ=+0.975  pos1ρ=+0.988  vel0ρ=+0.652  vel1ρ=+nan
  PRED-K4 r/m-OOD     pos0ρ=+0.807  pos1ρ=+0.842  vel0ρ=+0.582  vel1ρ=+nan
  PRED-K4 v-OOD       pos0ρ=+0.970  pos1ρ=+0.886  vel0ρ=+0.900  vel1ρ=+nan
  PRED-K4 both-OOD    pos0ρ=+0.819  pos1ρ=+0.869  vel0ρ=+0.887  vel1ρ=+nan

--- [K=4] decoded vel ρ from PRED latents vs horizon (test, aggregate) ---
  h=  4  n=  100  vel0ρ=+0.704  vel1ρ=+nan
  h=  8  n=  100  vel0ρ=+0.839  vel1ρ=+nan
  h= 16  n=  100  vel0ρ=+0.854  vel1ρ=+nan
  h= 28  n=  100  vel0ρ=+0.951  vel1ρ=+nan

Total 117s
