[norm] action mean=[-0.01484401  0.          0.01575156  0.        ], std=[7.72976437e-02 1.00000000e-08 8.20558954e-02 1.00000000e-08]  (from phyworld_collision_id1k.h5)
[ckpt] /data1/likun-share/junjxu/.stable_worldmodel/dinowm_col_np16/dinowm_col_np16_epoch_20_object.ckpt  tag=dinowm_col_np16
  rolled out 100 trajs, t=34s
  rolled out 200 trajs, t=61s
  rolled out 300 trajs, t=88s
  rolled out 400 trajs, t=113s
  rolled out 500 trajs, t=136s

[data] 500 trajs, 14500 (frame,pred) pairs, emb dim=192

=== collision AR ROLLOUT (LeWM ID-only FT, history_size=3) ===
--- latent fidelity (pred vs real emb), test trajs, by partition ---
  ID         n=  203  cos=+0.8989  nMSE=0.1904
  r/m-OOD    n=  754  cos=+0.9404  nMSE=0.1400
  v-OOD      n=  290  cos=+0.7788  nMSE=0.3957
  both-OOD   n= 1653  cos=+0.8257  nMSE=0.3610

--- latent fidelity vs horizon (test, aggregate) ---
  h=  1  n=  100  cos=+0.9888  nMSE=0.0457
  h=  2  n=  100  cos=+0.9853  nMSE=0.0567
  h=  4  n=  100  cos=+0.9777  nMSE=0.0847
  h=  8  n=  100  cos=+0.9687  nMSE=0.1055
  h= 16  n=  100  cos=+0.8855  nMSE=0.2231
  h= 28  n=  100  cos=+0.6685  nMSE=0.6308

--- decoded pos/vel ρ from ROLLED-OUT latents (test), by partition ---
  [baseline] probe applied to REAL embs:
  REAL ID                   pos0ρ=+0.715  pos1ρ=+0.775  vel0ρ=+0.551  vel1ρ=+0.675
  REAL r/m-OOD              pos0ρ=+0.814  pos1ρ=+0.716  vel0ρ=+0.741  vel1ρ=+0.674
  REAL v-OOD                pos0ρ=+0.803  pos1ρ=+0.716  vel0ρ=+0.568  vel1ρ=+0.549
  REAL both-OOD             pos0ρ=+0.875  pos1ρ=+0.818  vel0ρ=+0.862  vel1ρ=+0.762
  [rollout] probe applied to PREDICTED embs:
  PRED ID                   pos0ρ=+0.467  pos1ρ=+0.415  vel0ρ=+0.565  vel1ρ=+0.541
  PRED r/m-OOD              pos0ρ=+0.710  pos1ρ=+0.688  vel0ρ=+0.743  vel1ρ=+0.684
  PRED v-OOD                pos0ρ=-0.110  pos1ρ=+0.347  vel0ρ=-0.075  vel1ρ=+0.529
  PRED both-OOD             pos0ρ=+0.630  pos1ρ=+0.782  vel0ρ=+0.771  vel1ρ=+0.780

--- decoded vel ρ from PRED latents vs horizon (test, aggregate) ---
  h=  1  n=  100  vel0ρ=+0.091  vel1ρ=-0.165
  h=  2  n=  100  vel0ρ=+0.084  vel1ρ=-0.184
  h=  4  n=  100  vel0ρ=+0.134  vel1ρ=-0.132
  h=  8  n=  100  vel0ρ=+0.591  vel1ρ=+0.819
  h= 16  n=  100  vel0ρ=+0.798  vel1ρ=+0.886
  h= 28  n=  100  vel0ρ=+0.807  vel1ρ=+0.884

--- [K=4] decoded pos/vel ρ from ROLLED-OUT latents (test), by partition ---
  [K=4] probe applied to PREDICTED embs (stack 4 consecutive predicted latents):
  PRED-K4 ID          pos0ρ=+0.493  pos1ρ=+0.460  vel0ρ=+0.518  vel1ρ=+0.616
  PRED-K4 r/m-OOD     pos0ρ=+0.734  pos1ρ=+0.719  vel0ρ=+0.760  vel1ρ=+0.727
  PRED-K4 v-OOD       pos0ρ=-0.103  pos1ρ=+0.401  vel0ρ=-0.058  vel1ρ=+0.592
  PRED-K4 both-OOD    pos0ρ=+0.672  pos1ρ=+0.820  vel0ρ=+0.762  vel1ρ=+0.809

--- [K=4] decoded vel ρ from PRED latents vs horizon (test, aggregate) ---
  h=  4  n=  100  vel0ρ=+0.055  vel1ρ=-0.210
  h=  8  n=  100  vel0ρ=+0.513  vel1ρ=+0.710
  h= 16  n=  100  vel0ρ=+0.761  vel1ρ=+0.879
  h= 28  n=  100  vel0ρ=+0.792  vel1ρ=+0.892

Total 137s
