[norm] action mean=[ 0.24667731 -0.40296947], std=[0.08836433 0.229554  ]  (from phyworld_parabola_id1k.h5)
[ckpt] /data1/likun-share/junjxu/.stable_worldmodel/dinowm_par_tf_s42/dinowm_par_tf_s42_epoch_20_object.ckpt  tag=dinowm_par_tf_s42
  rolled out 100 trajs, t=65s
  rolled out 200 trajs, t=113s
  rolled out 300 trajs, t=161s
  rolled out 400 trajs, t=209s
  rolled out 500 trajs, t=257s

[data] 500 trajs, 14500 (frame,pred) pairs, emb dim=192
/home/likun-share/junjxu/wm/phyworld/scripts/rollout_eval_id1k.py:242: ConstantInputWarning: An input array is constant; the correlation coefficient is not defined.
  rhos = [pearsonr(vel_all[m][:, d], pv[:, d])[0] for d in range(vel_all.shape[1])]
/home/likun-share/junjxu/wm/phyworld/scripts/rollout_eval_id1k.py:242: NearConstantInputWarning: An input array is nearly constant; the computed correlation coefficient may be inaccurate.
  rhos = [pearsonr(vel_all[m][:, d], pv[:, d])[0] for d in range(vel_all.shape[1])]
/home/likun-share/junjxu/wm/phyworld/scripts/rollout_eval_id1k.py:242: NearConstantInputWarning: An input array is nearly constant; the computed correlation coefficient may be inaccurate.
  rhos = [pearsonr(vel_all[m][:, d], pv[:, d])[0] for d in range(vel_all.shape[1])]
/home/likun-share/junjxu/wm/phyworld/scripts/rollout_eval_id1k.py:296: ConstantInputWarning: An input array is constant; the correlation coefficient is not defined.
  rhos = [pearsonr(vel_all[m][:, d], pv[:, d])[0] for d in range(vel_all.shape[1])]
/home/likun-share/junjxu/wm/phyworld/scripts/rollout_eval_id1k.py:296: NearConstantInputWarning: An input array is nearly constant; the computed correlation coefficient may be inaccurate.
  rhos = [pearsonr(vel_all[m][:, d], pv[:, d])[0] for d in range(vel_all.shape[1])]
/home/likun-share/junjxu/wm/phyworld/scripts/rollout_eval_id1k.py:296: NearConstantInputWarning: An input array is nearly constant; the computed correlation coefficient may be inaccurate.
  rhos = [pearsonr(vel_all[m][:, d], pv[:, d])[0] for d in range(vel_all.shape[1])]

=== parabola AR ROLLOUT (LeWM ID-only FT, history_size=3) ===
--- latent fidelity (pred vs real emb), test trajs, by partition ---
  ID         n=  464  cos=+0.8937  nMSE=0.2155
  r/m-OOD    n=  319  cos=+0.8998  nMSE=0.3991
  v-OOD      n=  928  cos=+0.5982  nMSE=0.7367
  both-OOD   n= 1189  cos=+0.6640  nMSE=0.5719

--- latent fidelity vs horizon (test, aggregate) ---
  h=  1  n=  100  cos=+0.9594  nMSE=0.1945
  h=  2  n=  100  cos=+0.9470  nMSE=0.2213
  h=  4  n=  100  cos=+0.9190  nMSE=0.3050
  h=  8  n=  100  cos=+0.8522  nMSE=0.4428
  h= 16  n=  100  cos=+0.7412  nMSE=0.4599
  h= 28  n=  100  cos=+0.5027  nMSE=2.0994

--- decoded pos/vel ρ from ROLLED-OUT latents (test), by partition ---
  [baseline] probe applied to REAL embs:
  REAL ID                   pos0ρ=+0.922  pos1ρ=+0.986  vel0ρ=+0.585  vel1ρ=+0.990
  REAL r/m-OOD              pos0ρ=+0.902  pos1ρ=+0.983  vel0ρ=+0.532  vel1ρ=+0.983
  REAL v-OOD                pos0ρ=+0.921  pos1ρ=+0.908  vel0ρ=+0.764  vel1ρ=+0.952
  REAL both-OOD             pos0ρ=+0.908  pos1ρ=+0.927  vel0ρ=+0.783  vel1ρ=+0.958
  [rollout] probe applied to PREDICTED embs:
  PRED ID                   pos0ρ=+0.945  pos1ρ=+0.989  vel0ρ=+0.657  vel1ρ=+0.993
  PRED r/m-OOD              pos0ρ=+0.916  pos1ρ=+0.981  vel0ρ=+0.693  vel1ρ=+0.988
  PRED v-OOD                pos0ρ=+0.816  pos1ρ=+0.924  vel0ρ=+0.564  vel1ρ=+0.960
  PRED both-OOD             pos0ρ=+0.857  pos1ρ=+0.928  vel0ρ=+0.726  vel1ρ=+0.964

--- decoded vel ρ from PRED latents vs horizon (test, aggregate) ---
  h=  1  n=  100  vel0ρ=+0.443  vel1ρ=+0.097
  h=  2  n=  100  vel0ρ=+0.536  vel1ρ=-0.103
  h=  4  n=  100  vel0ρ=+0.730  vel1ρ=-0.176
  h=  8  n=  100  vel0ρ=+0.891  vel1ρ=+nan
  h= 16  n=  100  vel0ρ=+0.749  vel1ρ=+0.189
  h= 28  n=  100  vel0ρ=+0.601  vel1ρ=+0.072

--- [K=4] decoded pos/vel ρ from ROLLED-OUT latents (test), by partition ---
  [K=4] probe applied to PREDICTED embs (stack 4 consecutive predicted latents):
  PRED-K4 ID          pos0ρ=+0.957  pos1ρ=+0.997  vel0ρ=+0.799  vel1ρ=+0.996
  PRED-K4 r/m-OOD     pos0ρ=+0.938  pos1ρ=+0.989  vel0ρ=+0.833  vel1ρ=+0.994
  PRED-K4 v-OOD       pos0ρ=+0.834  pos1ρ=+0.947  vel0ρ=+0.750  vel1ρ=+0.971
  PRED-K4 both-OOD    pos0ρ=+0.891  pos1ρ=+0.951  vel0ρ=+0.853  vel1ρ=+0.980

--- [K=4] decoded vel ρ from PRED latents vs horizon (test, aggregate) ---
  h=  4  n=  100  vel0ρ=+0.736  vel1ρ=-0.218
  h=  8  n=  100  vel0ρ=+0.925  vel1ρ=+nan
  h= 16  n=  100  vel0ρ=+0.922  vel1ρ=+0.176
  h= 28  n=  100  vel0ρ=+0.758  vel1ρ=+0.009

Total 260s
