[norm] action mean=[-0.01484401  0.          0.01575156  0.        ], std=[7.72976437e-02 1.00000000e-08 8.20558954e-02 1.00000000e-08]  (from phyworld_collision_id1k.h5)
[ckpt] /data1/likun-share/junjxu/.stable_worldmodel/dinowm_col_probe_structpos_pw30_s42/dinowm_col_probe_structpos_pw30_s42_epoch_20_object.ckpt  tag=dinowm_col_probe_structpos_pw30_s42
  rolled out 100 trajs, t=19s
  rolled out 200 trajs, t=33s
  rolled out 300 trajs, t=49s
  rolled out 400 trajs, t=64s
  rolled out 500 trajs, t=79s

[data] 500 trajs, 14500 (frame,pred) pairs, emb dim=192

=== collision AR ROLLOUT (LeWM ID-only FT, history_size=3) ===
--- latent fidelity (pred vs real emb), test trajs, by partition ---
  ID         n=  203  cos=+0.8251  nMSE=0.3328
  r/m-OOD    n=  754  cos=+0.8968  nMSE=0.2238
  v-OOD      n=  290  cos=+0.7231  nMSE=0.4740
  both-OOD   n= 1653  cos=+0.7766  nMSE=0.4854

--- latent fidelity vs horizon (test, aggregate) ---
  h=  1  n=  100  cos=+0.9815  nMSE=0.0652
  h=  2  n=  100  cos=+0.9750  nMSE=0.0811
  h=  4  n=  100  cos=+0.9576  nMSE=0.1332
  h=  8  n=  100  cos=+0.9348  nMSE=0.1965
  h= 16  n=  100  cos=+0.7904  nMSE=0.4270
  h= 28  n=  100  cos=+0.6517  nMSE=0.6968

--- decoded pos/vel ρ from ROLLED-OUT latents (test), by partition ---
  [baseline] probe applied to REAL embs:
  REAL ID                   pos0ρ=+0.928  pos1ρ=+0.934  vel0ρ=+0.694  vel1ρ=+0.782
  REAL r/m-OOD              pos0ρ=+0.822  pos1ρ=+0.780  vel0ρ=+0.778  vel1ρ=+0.767
  REAL v-OOD                pos0ρ=+0.969  pos1ρ=+0.896  vel0ρ=+0.720  vel1ρ=+0.705
  REAL both-OOD             pos0ρ=+0.900  pos1ρ=+0.850  vel0ρ=+0.886  vel1ρ=+0.792
  [rollout] probe applied to PREDICTED embs:
  PRED ID                   pos0ρ=+0.621  pos1ρ=+0.705  vel0ρ=+0.577  vel1ρ=+0.642
  PRED r/m-OOD              pos0ρ=+0.845  pos1ρ=+0.856  vel0ρ=+0.805  vel1ρ=+0.802
  PRED v-OOD                pos0ρ=+0.570  pos1ρ=+0.702  vel0ρ=+0.409  vel1ρ=+0.695
  PRED both-OOD             pos0ρ=+0.819  pos1ρ=+0.828  vel0ρ=+0.816  vel1ρ=+0.784

--- decoded vel ρ from PRED latents vs horizon (test, aggregate) ---
  h=  1  n=  100  vel0ρ=+0.350  vel1ρ=+0.247
  h=  2  n=  100  vel0ρ=+0.334  vel1ρ=+0.232
  h=  4  n=  100  vel0ρ=+0.328  vel1ρ=+0.264
  h=  8  n=  100  vel0ρ=+0.721  vel1ρ=+0.688
  h= 16  n=  100  vel0ρ=+0.902  vel1ρ=+0.839
  h= 28  n=  100  vel0ρ=+0.865  vel1ρ=+0.862

--- [K=4] decoded pos/vel ρ from ROLLED-OUT latents (test), by partition ---
  [K=4] probe applied to PREDICTED embs (stack 4 consecutive predicted latents):
  PRED-K4 ID          pos0ρ=+0.630  pos1ρ=+0.754  vel0ρ=+0.736  vel1ρ=+0.795
  PRED-K4 r/m-OOD     pos0ρ=+0.874  pos1ρ=+0.878  vel0ρ=+0.873  vel1ρ=+0.864
  PRED-K4 v-OOD       pos0ρ=+0.597  pos1ρ=+0.743  vel0ρ=+0.479  vel1ρ=+0.786
  PRED-K4 both-OOD    pos0ρ=+0.839  pos1ρ=+0.850  vel0ρ=+0.811  vel1ρ=+0.860

--- [K=4] decoded vel ρ from PRED latents vs horizon (test, aggregate) ---
  h=  4  n=  100  vel0ρ=+0.430  vel1ρ=+0.431
  h=  8  n=  100  vel0ρ=+0.696  vel1ρ=+0.830
  h= 16  n=  100  vel0ρ=+0.851  vel1ρ=+0.891
  h= 28  n=  100  vel0ρ=+0.849  vel1ρ=+0.883

Total 79s
