[ckpt] dinowm_pp_tf_s1234_epoch_20_object.ckpt  dinowm_pp_tf_s1234
  100 trajs t=56s
  200 trajs t=114s
  300 trajs t=168s
[data] 300 trajs, 32836 (frame,pred) pairs, dim=192
/home/likun-share/junjxu/wm/phyworld/scripts/physion/rollout_eval_physionpp.py:130: ConstantInputWarning: An input array is constant; the correlation coefficient is not defined.
  line += f" vel{d}ρ={pearsonr(vel_all[mask][:, d], pv[:, d])[0]:+.2f}"
/home/likun-share/junjxu/wm/phyworld/scripts/physion/rollout_eval_physionpp.py:130: ConstantInputWarning: An input array is constant; the correlation coefficient is not defined.
  line += f" vel{d}ρ={pearsonr(vel_all[mask][:, d], pv[:, d])[0]:+.2f}"

=== Physion++ AR ROLLOUT  dinowm_pp_tf_s1234  (HS=3) ===
--- latent fidelity vs HORIZON (long-horizon drift, test) ---
  h=  1  n=   60  cos=+0.9926  nMSE=0.0138
  h=  2  n=   60  cos=+0.9869  nMSE=0.0248
  h=  4  n=   60  cos=+0.9804  nMSE=0.0380
  h=  8  n=   60  cos=+0.9709  nMSE=0.0563
  h= 16  n=   60  cos=+0.9612  nMSE=0.0754
  h= 32  n=   60  cos=+0.8308  nMSE=0.3002
  h= 64  n=   56  cos=+0.4661  nMSE=1.0678
--- latent fidelity by SCENE (physical-property OOD, test) ---
  bouncy_platform      n=  578  cos=+0.9641  nMSE=0.1022
  bouncy_wall          n=  433  cos=+0.7110  nMSE=0.7917
  deform_clothhang     n=  890  cos=+0.3822  nMSE=1.3829
  deform_clothhit      n=  705  cos=+0.4679  nMSE=1.2779
  friction_cloth       n=  980  cos=+0.8102  nMSE=0.4452
  friction_collision   n=  752  cos=+0.7735  nMSE=0.6242
  friction_platform    n=  315  cos=+0.9541  nMSE=0.4640
  mass_collision       n=  678  cos=+0.5508  nMSE=1.2607
  mass_dominoes        n=  525  cos=+0.4381  nMSE=1.2795
  mass_waterpush       n=  452  cos=+0.7237  nMSE=0.7321
--- decoded target pos/vel ρ from ROLLED-OUT latents (test, by scene) ---
  PRED bouncy_platform   pos0ρ=+0.25 pos1ρ=+0.21 pos2ρ=+0.05 vel0ρ=+0.32 vel1ρ=+0.06 vel2ρ=+0.12
  PRED bouncy_wall       pos0ρ=+0.25 pos1ρ=+0.64 pos2ρ=-0.37 vel0ρ=-0.27 vel1ρ=-0.03 vel2ρ=-0.08
  PRED deform_clothhang  pos0ρ=-0.09 pos1ρ=+0.18 pos2ρ=+0.47 vel0ρ=-0.03 vel1ρ=+0.17 vel2ρ=-0.10
  PRED deform_clothhit   pos0ρ=+0.83 pos1ρ=+0.04 pos2ρ=+0.80 vel0ρ=+0.19 vel1ρ=+nan vel2ρ=+0.22
  PRED friction_cloth    pos0ρ=+0.81 pos1ρ=+0.78 pos2ρ=-0.06 vel0ρ=-0.10 vel1ρ=+0.15 vel2ρ=+0.04
  PRED friction_collision pos0ρ=+0.40 pos1ρ=+0.50 pos2ρ=+0.38 vel0ρ=+0.02 vel1ρ=-0.30 vel2ρ=+0.12
  PRED friction_platform pos0ρ=+0.34 pos1ρ=+0.34 pos2ρ=+0.24 vel0ρ=-0.08 vel1ρ=+0.32 vel2ρ=+0.09
  PRED mass_collision    pos0ρ=+0.33 pos1ρ=+0.39 pos2ρ=+0.22 vel0ρ=+0.18 vel1ρ=+0.14 vel2ρ=+0.29
  PRED mass_dominoes     pos0ρ=+0.10 pos1ρ=+0.32 pos2ρ=+0.43 vel0ρ=+0.09 vel1ρ=+0.14 vel2ρ=+0.11
  PRED mass_waterpush    pos0ρ=+0.51 pos1ρ=+0.04 pos2ρ=-0.13 vel0ρ=+0.37 vel1ρ=+nan vel2ρ=+0.39
