[norm] action mean=[0.24667731 0.        ], std=[8.83643282e-02 1.00000000e-08]  (from phyworld_uniform_motion_id1k.h5)
[ckpt] /data1/likun-share/junjxu/.stable_worldmodel/dinowm_um_posvel_pw30_s42/dinowm_um_posvel_pw30_s42_epoch_20_object.ckpt  tag=dinowm_um_posvel_pw30_s42
  rolled out 100 trajs, t=37s
  rolled out 200 trajs, t=67s
  rolled out 300 trajs, t=92s
  rolled out 400 trajs, t=122s
  rolled out 500 trajs, t=154s

[data] 500 trajs, 14500 (frame,pred) pairs, emb dim=192
/home/likun-share/junjxu/wm/phyworld/scripts/rollout_eval_id1k.py:197: ConstantInputWarning: An input array is constant; the correlation coefficient is not defined.
  rho = pearsonr(vel_all[mask][:, d], pv[:, d])[0]
/home/likun-share/junjxu/wm/phyworld/scripts/rollout_eval_id1k.py:197: ConstantInputWarning: An input array is constant; the correlation coefficient is not defined.
  rho = pearsonr(vel_all[mask][:, d], pv[:, d])[0]
/home/likun-share/junjxu/wm/phyworld/scripts/rollout_eval_id1k.py:197: ConstantInputWarning: An input array is constant; the correlation coefficient is not defined.
  rho = pearsonr(vel_all[mask][:, d], pv[:, d])[0]
/home/likun-share/junjxu/wm/phyworld/scripts/rollout_eval_id1k.py:197: ConstantInputWarning: An input array is constant; the correlation coefficient is not defined.
  rho = pearsonr(vel_all[mask][:, d], pv[:, d])[0]
/home/likun-share/junjxu/wm/phyworld/scripts/rollout_eval_id1k.py:197: ConstantInputWarning: An input array is constant; the correlation coefficient is not defined.
  rho = pearsonr(vel_all[mask][:, d], pv[:, d])[0]
/home/likun-share/junjxu/wm/phyworld/scripts/rollout_eval_id1k.py:197: ConstantInputWarning: An input array is constant; the correlation coefficient is not defined.
  rho = pearsonr(vel_all[mask][:, d], pv[:, d])[0]
/home/likun-share/junjxu/wm/phyworld/scripts/rollout_eval_id1k.py:197: ConstantInputWarning: An input array is constant; the correlation coefficient is not defined.
  rho = pearsonr(vel_all[mask][:, d], pv[:, d])[0]
/home/likun-share/junjxu/wm/phyworld/scripts/rollout_eval_id1k.py:197: ConstantInputWarning: An input array is constant; the correlation coefficient is not defined.
  rho = pearsonr(vel_all[mask][:, d], pv[:, d])[0]
/home/likun-share/junjxu/wm/phyworld/scripts/rollout_eval_id1k.py:242: ConstantInputWarning: An input array is constant; the correlation coefficient is not defined.
  rhos = [pearsonr(vel_all[m][:, d], pv[:, d])[0] for d in range(vel_all.shape[1])]
/home/likun-share/junjxu/wm/phyworld/scripts/rollout_eval_id1k.py:242: ConstantInputWarning: An input array is constant; the correlation coefficient is not defined.
  rhos = [pearsonr(vel_all[m][:, d], pv[:, d])[0] for d in range(vel_all.shape[1])]
/home/likun-share/junjxu/wm/phyworld/scripts/rollout_eval_id1k.py:242: ConstantInputWarning: An input array is constant; the correlation coefficient is not defined.
  rhos = [pearsonr(vel_all[m][:, d], pv[:, d])[0] for d in range(vel_all.shape[1])]
/home/likun-share/junjxu/wm/phyworld/scripts/rollout_eval_id1k.py:242: ConstantInputWarning: An input array is constant; the correlation coefficient is not defined.
  rhos = [pearsonr(vel_all[m][:, d], pv[:, d])[0] for d in range(vel_all.shape[1])]
/home/likun-share/junjxu/wm/phyworld/scripts/rollout_eval_id1k.py:242: ConstantInputWarning: An input array is constant; the correlation coefficient is not defined.
  rhos = [pearsonr(vel_all[m][:, d], pv[:, d])[0] for d in range(vel_all.shape[1])]
/home/likun-share/junjxu/wm/phyworld/scripts/rollout_eval_id1k.py:242: ConstantInputWarning: An input array is constant; the correlation coefficient is not defined.
  rhos = [pearsonr(vel_all[m][:, d], pv[:, d])[0] for d in range(vel_all.shape[1])]
/home/likun-share/junjxu/wm/phyworld/scripts/rollout_eval_id1k.py:288: ConstantInputWarning: An input array is constant; the correlation coefficient is not defined.
  line += f"  vel{d}ρ={pearsonr(vel_all[m][:, d], pv[:, d])[0]:+.3f}"
/home/likun-share/junjxu/wm/phyworld/scripts/rollout_eval_id1k.py:288: ConstantInputWarning: An input array is constant; the correlation coefficient is not defined.
  line += f"  vel{d}ρ={pearsonr(vel_all[m][:, d], pv[:, d])[0]:+.3f}"
/home/likun-share/junjxu/wm/phyworld/scripts/rollout_eval_id1k.py:288: ConstantInputWarning: An input array is constant; the correlation coefficient is not defined.
  line += f"  vel{d}ρ={pearsonr(vel_all[m][:, d], pv[:, d])[0]:+.3f}"
/home/likun-share/junjxu/wm/phyworld/scripts/rollout_eval_id1k.py:288: ConstantInputWarning: An input array is constant; the correlation coefficient is not defined.
  line += f"  vel{d}ρ={pearsonr(vel_all[m][:, d], pv[:, d])[0]:+.3f}"
/home/likun-share/junjxu/wm/phyworld/scripts/rollout_eval_id1k.py:296: ConstantInputWarning: An input array is constant; the correlation coefficient is not defined.
  rhos = [pearsonr(vel_all[m][:, d], pv[:, d])[0] for d in range(vel_all.shape[1])]
/home/likun-share/junjxu/wm/phyworld/scripts/rollout_eval_id1k.py:296: ConstantInputWarning: An input array is constant; the correlation coefficient is not defined.
  rhos = [pearsonr(vel_all[m][:, d], pv[:, d])[0] for d in range(vel_all.shape[1])]
/home/likun-share/junjxu/wm/phyworld/scripts/rollout_eval_id1k.py:296: ConstantInputWarning: An input array is constant; the correlation coefficient is not defined.
  rhos = [pearsonr(vel_all[m][:, d], pv[:, d])[0] for d in range(vel_all.shape[1])]
/home/likun-share/junjxu/wm/phyworld/scripts/rollout_eval_id1k.py:296: ConstantInputWarning: An input array is constant; the correlation coefficient is not defined.
  rhos = [pearsonr(vel_all[m][:, d], pv[:, d])[0] for d in range(vel_all.shape[1])]

=== uniform_motion AR ROLLOUT (LeWM ID-only FT, history_size=3) ===
--- latent fidelity (pred vs real emb), test trajs, by partition ---
  ID         n=  406  cos=+0.9412  nMSE=0.1130
  r/m-OOD    n=  464  cos=+0.9392  nMSE=0.3683
  v-OOD      n=  841  cos=+0.9483  nMSE=0.1024
  both-OOD   n= 1189  cos=+0.9462  nMSE=0.2928

--- latent fidelity vs horizon (test, aggregate) ---
  h=  1  n=  100  cos=+0.9757  nMSE=0.1961
  h=  2  n=  100  cos=+0.9712  nMSE=0.1801
  h=  4  n=  100  cos=+0.9626  nMSE=0.2048
  h=  8  n=  100  cos=+0.9380  nMSE=0.2623
  h= 16  n=  100  cos=+0.9416  nMSE=0.2120
  h= 28  n=  100  cos=+0.9523  nMSE=0.2030

--- decoded pos/vel ρ from ROLLED-OUT latents (test), by partition ---
  [baseline] probe applied to REAL embs:
  REAL ID                   pos0ρ=+0.987  pos1ρ=+0.990  vel0ρ=+0.557  vel1ρ=+nan
  REAL r/m-OOD              pos0ρ=+0.977  pos1ρ=+0.984  vel0ρ=+0.493  vel1ρ=+nan
  REAL v-OOD                pos0ρ=+0.959  pos1ρ=+0.972  vel0ρ=+0.718  vel1ρ=+nan
  REAL both-OOD             pos0ρ=+0.963  pos1ρ=+0.987  vel0ρ=+0.737  vel1ρ=+nan
  [rollout] probe applied to PREDICTED embs:
  PRED ID                   pos0ρ=+0.990  pos1ρ=+0.997  vel0ρ=+0.467  vel1ρ=+nan
  PRED r/m-OOD              pos0ρ=+0.966  pos1ρ=+0.954  vel0ρ=+0.661  vel1ρ=+nan
  PRED v-OOD                pos0ρ=+0.963  pos1ρ=+0.964  vel0ρ=+0.821  vel1ρ=+nan
  PRED both-OOD             pos0ρ=+0.949  pos1ρ=+0.932  vel0ρ=+0.838  vel1ρ=+nan

--- decoded vel ρ from PRED latents vs horizon (test, aggregate) ---
  h=  1  n=  100  vel0ρ=+0.545  vel1ρ=+nan
  h=  2  n=  100  vel0ρ=+0.737  vel1ρ=+nan
  h=  4  n=  100  vel0ρ=+0.802  vel1ρ=+nan
  h=  8  n=  100  vel0ρ=+0.800  vel1ρ=+nan
  h= 16  n=  100  vel0ρ=+0.924  vel1ρ=+nan
  h= 28  n=  100  vel0ρ=+0.912  vel1ρ=+nan

--- [K=4] decoded pos/vel ρ from ROLLED-OUT latents (test), by partition ---
  [K=4] probe applied to PREDICTED embs (stack 4 consecutive predicted latents):
  PRED-K4 ID          pos0ρ=+0.994  pos1ρ=+0.998  vel0ρ=+0.851  vel1ρ=+nan
  PRED-K4 r/m-OOD     pos0ρ=+0.977  pos1ρ=+0.957  vel0ρ=+0.836  vel1ρ=+nan
  PRED-K4 v-OOD       pos0ρ=+0.976  pos1ρ=+0.972  vel0ρ=+0.979  vel1ρ=+nan
  PRED-K4 both-OOD    pos0ρ=+0.963  pos1ρ=+0.935  vel0ρ=+0.959  vel1ρ=+nan

--- [K=4] decoded vel ρ from PRED latents vs horizon (test, aggregate) ---
  h=  4  n=  100  vel0ρ=+0.908  vel1ρ=+nan
  h=  8  n=  100  vel0ρ=+0.950  vel1ρ=+nan
  h= 16  n=  100  vel0ρ=+0.963  vel1ρ=+nan
  h= 28  n=  100  vel0ρ=+0.946  vel1ρ=+nan

Total 155s
