[ckpt] dinowm_pp_tf_s42_epoch_20_object.ckpt  dinowm_pp_tf_s42
  100 trajs t=57s
  200 trajs t=118s
  300 trajs t=174s
[data] 300 trajs, 32836 (frame,pred) pairs, dim=192
/home/likun-share/junjxu/wm/phyworld/scripts/physion/rollout_eval_physionpp.py:130: ConstantInputWarning: An input array is constant; the correlation coefficient is not defined.
  line += f" vel{d}ρ={pearsonr(vel_all[mask][:, d], pv[:, d])[0]:+.2f}"
/home/likun-share/junjxu/wm/phyworld/scripts/physion/rollout_eval_physionpp.py:130: ConstantInputWarning: An input array is constant; the correlation coefficient is not defined.
  line += f" vel{d}ρ={pearsonr(vel_all[mask][:, d], pv[:, d])[0]:+.2f}"

=== Physion++ AR ROLLOUT  dinowm_pp_tf_s42  (HS=3) ===
--- latent fidelity vs HORIZON (long-horizon drift, test) ---
  h=  1  n=   60  cos=+0.9924  nMSE=0.0143
  h=  2  n=   60  cos=+0.9864  nMSE=0.0261
  h=  4  n=   60  cos=+0.9797  nMSE=0.0399
  h=  8  n=   60  cos=+0.9719  nMSE=0.0564
  h= 16  n=   60  cos=+0.9612  nMSE=0.0785
  h= 32  n=   60  cos=+0.8539  nMSE=0.2676
  h= 64  n=   56  cos=+0.5115  nMSE=1.0202
--- latent fidelity by SCENE (physical-property OOD, test) ---
  bouncy_platform      n=  578  cos=+0.9602  nMSE=0.1088
  bouncy_wall          n=  433  cos=+0.7668  nMSE=0.6032
  deform_clothhang     n=  890  cos=+0.3859  nMSE=1.3298
  deform_clothhit      n=  705  cos=+0.5234  nMSE=1.1918
  friction_cloth       n=  980  cos=+0.8261  nMSE=0.4565
  friction_collision   n=  752  cos=+0.7279  nMSE=0.7246
  friction_platform    n=  315  cos=+0.9481  nMSE=0.5002
  mass_collision       n=  678  cos=+0.5915  nMSE=1.0623
  mass_dominoes        n=  525  cos=+0.4770  nMSE=1.2067
  mass_waterpush       n=  452  cos=+0.6422  nMSE=1.1150
--- decoded target pos/vel ρ from ROLLED-OUT latents (test, by scene) ---
  PRED bouncy_platform   pos0ρ=+0.20 pos1ρ=+0.28 pos2ρ=-0.13 vel0ρ=+0.33 vel1ρ=+0.01 vel2ρ=+0.09
  PRED bouncy_wall       pos0ρ=+0.46 pos1ρ=+0.61 pos2ρ=+0.48 vel0ρ=-0.28 vel1ρ=+0.03 vel2ρ=-0.07
  PRED deform_clothhang  pos0ρ=+0.04 pos1ρ=+0.10 pos2ρ=+0.21 vel0ρ=+0.12 vel1ρ=-0.08 vel2ρ=+0.09
  PRED deform_clothhit   pos0ρ=+0.81 pos1ρ=+0.21 pos2ρ=+0.63 vel0ρ=+0.31 vel1ρ=+nan vel2ρ=+0.39
  PRED friction_cloth    pos0ρ=+0.63 pos1ρ=+0.42 pos2ρ=-0.04 vel0ρ=+0.01 vel1ρ=+0.06 vel2ρ=+0.22
  PRED friction_collision pos0ρ=+0.16 pos1ρ=+0.40 pos2ρ=+0.09 vel0ρ=+0.06 vel1ρ=-0.05 vel2ρ=+0.07
  PRED friction_platform pos0ρ=+0.17 pos1ρ=+0.06 pos2ρ=+0.29 vel0ρ=-0.26 vel1ρ=+0.16 vel2ρ=-0.13
  PRED mass_collision    pos0ρ=-0.29 pos1ρ=+0.10 pos2ρ=-0.23 vel0ρ=+0.09 vel1ρ=-0.04 vel2ρ=+0.28
  PRED mass_dominoes     pos0ρ=-0.19 pos1ρ=-0.30 pos2ρ=+0.51 vel0ρ=+0.09 vel1ρ=+0.07 vel2ρ=+0.16
  PRED mass_waterpush    pos0ρ=+0.57 pos1ρ=+0.43 pos2ρ=-0.22 vel0ρ=+0.00 vel1ρ=+nan vel2ρ=-0.05
