[norm] action mean=[ 0.24667731 -0.40296947], std=[0.08836433 0.229554  ]  (from phyworld_parabola_id1k.h5)
[ckpt] /data1/likun-share/junjxu/.stable_worldmodel/dinowm_par_structpos_pw30/dinowm_par_structpos_pw30_epoch_20_object.ckpt  tag=dinowm_par_structpos_pw30
  rolled out 100 trajs, t=52s
  rolled out 200 trajs, t=91s
  rolled out 300 trajs, t=128s
  rolled out 400 trajs, t=166s
  rolled out 500 trajs, t=207s

[data] 500 trajs, 14500 (frame,pred) pairs, emb dim=192
/home/likun-share/junjxu/wm/phyworld/scripts/rollout_eval_id1k.py:242: ConstantInputWarning: An input array is constant; the correlation coefficient is not defined.
  rhos = [pearsonr(vel_all[m][:, d], pv[:, d])[0] for d in range(vel_all.shape[1])]
/home/likun-share/junjxu/wm/phyworld/scripts/rollout_eval_id1k.py:242: NearConstantInputWarning: An input array is nearly constant; the computed correlation coefficient may be inaccurate.
  rhos = [pearsonr(vel_all[m][:, d], pv[:, d])[0] for d in range(vel_all.shape[1])]
/home/likun-share/junjxu/wm/phyworld/scripts/rollout_eval_id1k.py:242: NearConstantInputWarning: An input array is nearly constant; the computed correlation coefficient may be inaccurate.
  rhos = [pearsonr(vel_all[m][:, d], pv[:, d])[0] for d in range(vel_all.shape[1])]
/home/likun-share/junjxu/wm/phyworld/scripts/rollout_eval_id1k.py:296: ConstantInputWarning: An input array is constant; the correlation coefficient is not defined.
  rhos = [pearsonr(vel_all[m][:, d], pv[:, d])[0] for d in range(vel_all.shape[1])]
/home/likun-share/junjxu/wm/phyworld/scripts/rollout_eval_id1k.py:296: NearConstantInputWarning: An input array is nearly constant; the computed correlation coefficient may be inaccurate.
  rhos = [pearsonr(vel_all[m][:, d], pv[:, d])[0] for d in range(vel_all.shape[1])]
/home/likun-share/junjxu/wm/phyworld/scripts/rollout_eval_id1k.py:296: NearConstantInputWarning: An input array is nearly constant; the computed correlation coefficient may be inaccurate.
  rhos = [pearsonr(vel_all[m][:, d], pv[:, d])[0] for d in range(vel_all.shape[1])]

=== parabola AR ROLLOUT (LeWM ID-only FT, history_size=3) ===
--- latent fidelity (pred vs real emb), test trajs, by partition ---
  ID         n=  464  cos=+0.9587  nMSE=0.0767
  r/m-OOD    n=  319  cos=+0.9583  nMSE=0.2395
  v-OOD      n=  928  cos=+0.7844  nMSE=0.3223
  both-OOD   n= 1189  cos=+0.8042  nMSE=0.3656

--- latent fidelity vs horizon (test, aggregate) ---
  h=  1  n=  100  cos=+0.9698  nMSE=0.1621
  h=  2  n=  100  cos=+0.9628  nMSE=0.1810
  h=  4  n=  100  cos=+0.9571  nMSE=0.2183
  h=  8  n=  100  cos=+0.9386  nMSE=0.2980
  h= 16  n=  100  cos=+0.8252  nMSE=0.3062
  h= 28  n=  100  cos=+0.7615  nMSE=1.3380

--- decoded pos/vel ρ from ROLLED-OUT latents (test), by partition ---
  [baseline] probe applied to REAL embs:
  REAL ID                   pos0ρ=+0.940  pos1ρ=+0.988  vel0ρ=+0.614  vel1ρ=+0.992
  REAL r/m-OOD              pos0ρ=+0.924  pos1ρ=+0.987  vel0ρ=+0.527  vel1ρ=+0.987
  REAL v-OOD                pos0ρ=+0.926  pos1ρ=+0.914  vel0ρ=+0.784  vel1ρ=+0.956
  REAL both-OOD             pos0ρ=+0.918  pos1ρ=+0.930  vel0ρ=+0.791  vel1ρ=+0.960
  [rollout] probe applied to PREDICTED embs:
  PRED ID                   pos0ρ=+0.959  pos1ρ=+0.991  vel0ρ=+0.648  vel1ρ=+0.994
  PRED r/m-OOD              pos0ρ=+0.926  pos1ρ=+0.985  vel0ρ=+0.728  vel1ρ=+0.987
  PRED v-OOD                pos0ρ=+0.799  pos1ρ=+0.939  vel0ρ=+0.577  vel1ρ=+0.973
  PRED both-OOD             pos0ρ=+0.799  pos1ρ=+0.944  vel0ρ=+0.688  vel1ρ=+0.970

--- decoded vel ρ from PRED latents vs horizon (test, aggregate) ---
  h=  1  n=  100  vel0ρ=+0.478  vel1ρ=-0.208
  h=  2  n=  100  vel0ρ=+0.781  vel1ρ=+0.048
  h=  4  n=  100  vel0ρ=+0.817  vel1ρ=-0.074
  h=  8  n=  100  vel0ρ=+0.942  vel1ρ=+nan
  h= 16  n=  100  vel0ρ=+0.824  vel1ρ=+0.153
  h= 28  n=  100  vel0ρ=+0.586  vel1ρ=+0.104

--- [K=4] decoded pos/vel ρ from ROLLED-OUT latents (test), by partition ---
  [K=4] probe applied to PREDICTED embs (stack 4 consecutive predicted latents):
  PRED-K4 ID          pos0ρ=+0.969  pos1ρ=+0.998  vel0ρ=+0.820  vel1ρ=+0.996
  PRED-K4 r/m-OOD     pos0ρ=+0.946  pos1ρ=+0.994  vel0ρ=+0.847  vel1ρ=+0.993
  PRED-K4 v-OOD       pos0ρ=+0.822  pos1ρ=+0.951  vel0ρ=+0.693  vel1ρ=+0.979
  PRED-K4 both-OOD    pos0ρ=+0.832  pos1ρ=+0.958  vel0ρ=+0.817  vel1ρ=+0.980

--- [K=4] decoded vel ρ from PRED latents vs horizon (test, aggregate) ---
  h=  4  n=  100  vel0ρ=+0.893  vel1ρ=-0.082
  h=  8  n=  100  vel0ρ=+0.954  vel1ρ=+nan
  h= 16  n=  100  vel0ρ=+0.893  vel1ρ=+0.121
  h= 28  n=  100  vel0ρ=+0.481  vel1ρ=+0.055

Total 210s
