[norm] action mean=[ 0.24667731 -0.40296947], std=[0.08836433 0.229554  ]  (from phyworld_parabola_id1k.h5)
[ckpt] /data1/likun-share/junjxu/.stable_worldmodel/dinowm_par_structpos_pw300_s1234/dinowm_par_structpos_pw300_s1234_epoch_20_object.ckpt  tag=dinowm_par_structpos_pw300_s1234
  rolled out 100 trajs, t=35s
  rolled out 200 trajs, t=62s
  rolled out 300 trajs, t=89s
  rolled out 400 trajs, t=116s
  rolled out 500 trajs, t=139s

[data] 500 trajs, 14500 (frame,pred) pairs, emb dim=192
/home/likun-share/junjxu/wm/phyworld/scripts/rollout_eval_id1k.py:242: ConstantInputWarning: An input array is constant; the correlation coefficient is not defined.
  rhos = [pearsonr(vel_all[m][:, d], pv[:, d])[0] for d in range(vel_all.shape[1])]
/home/likun-share/junjxu/wm/phyworld/scripts/rollout_eval_id1k.py:242: NearConstantInputWarning: An input array is nearly constant; the computed correlation coefficient may be inaccurate.
  rhos = [pearsonr(vel_all[m][:, d], pv[:, d])[0] for d in range(vel_all.shape[1])]
/home/likun-share/junjxu/wm/phyworld/scripts/rollout_eval_id1k.py:242: NearConstantInputWarning: An input array is nearly constant; the computed correlation coefficient may be inaccurate.
  rhos = [pearsonr(vel_all[m][:, d], pv[:, d])[0] for d in range(vel_all.shape[1])]
/home/likun-share/junjxu/wm/phyworld/scripts/rollout_eval_id1k.py:296: ConstantInputWarning: An input array is constant; the correlation coefficient is not defined.
  rhos = [pearsonr(vel_all[m][:, d], pv[:, d])[0] for d in range(vel_all.shape[1])]
/home/likun-share/junjxu/wm/phyworld/scripts/rollout_eval_id1k.py:296: NearConstantInputWarning: An input array is nearly constant; the computed correlation coefficient may be inaccurate.
  rhos = [pearsonr(vel_all[m][:, d], pv[:, d])[0] for d in range(vel_all.shape[1])]
/home/likun-share/junjxu/wm/phyworld/scripts/rollout_eval_id1k.py:296: NearConstantInputWarning: An input array is nearly constant; the computed correlation coefficient may be inaccurate.
  rhos = [pearsonr(vel_all[m][:, d], pv[:, d])[0] for d in range(vel_all.shape[1])]

=== parabola AR ROLLOUT (LeWM ID-only FT, history_size=3) ===
--- latent fidelity (pred vs real emb), test trajs, by partition ---
  ID         n=  464  cos=+0.9515  nMSE=0.0918
  r/m-OOD    n=  319  cos=+0.9615  nMSE=0.2632
  v-OOD      n=  928  cos=+0.8063  nMSE=0.3161
  both-OOD   n= 1189  cos=+0.8246  nMSE=0.3940

--- latent fidelity vs horizon (test, aggregate) ---
  h=  1  n=  100  cos=+0.9629  nMSE=0.2040
  h=  2  n=  100  cos=+0.9566  nMSE=0.2246
  h=  4  n=  100  cos=+0.9486  nMSE=0.2688
  h=  8  n=  100  cos=+0.9322  nMSE=0.3371
  h= 16  n=  100  cos=+0.8518  nMSE=0.3022
  h= 28  n=  100  cos=+0.7847  nMSE=1.3989

--- decoded pos/vel ρ from ROLLED-OUT latents (test), by partition ---
  [baseline] probe applied to REAL embs:
  REAL ID                   pos0ρ=+0.936  pos1ρ=+0.988  vel0ρ=+0.605  vel1ρ=+0.991
  REAL r/m-OOD              pos0ρ=+0.915  pos1ρ=+0.985  vel0ρ=+0.578  vel1ρ=+0.986
  REAL v-OOD                pos0ρ=+0.926  pos1ρ=+0.912  vel0ρ=+0.772  vel1ρ=+0.954
  REAL both-OOD             pos0ρ=+0.913  pos1ρ=+0.930  vel0ρ=+0.786  vel1ρ=+0.961
  [rollout] probe applied to PREDICTED embs:
  PRED ID                   pos0ρ=+0.950  pos1ρ=+0.991  vel0ρ=+0.647  vel1ρ=+0.993
  PRED r/m-OOD              pos0ρ=+0.925  pos1ρ=+0.986  vel0ρ=+0.740  vel1ρ=+0.989
  PRED v-OOD                pos0ρ=+0.737  pos1ρ=+0.930  vel0ρ=+0.504  vel1ρ=+0.963
  PRED both-OOD             pos0ρ=+0.765  pos1ρ=+0.934  vel0ρ=+0.663  vel1ρ=+0.966

--- decoded vel ρ from PRED latents vs horizon (test, aggregate) ---
  h=  1  n=  100  vel0ρ=+0.425  vel1ρ=+0.098
  h=  2  n=  100  vel0ρ=+0.732  vel1ρ=-0.072
  h=  4  n=  100  vel0ρ=+0.852  vel1ρ=-0.113
  h=  8  n=  100  vel0ρ=+0.925  vel1ρ=+nan
  h= 16  n=  100  vel0ρ=+0.803  vel1ρ=+0.166
  h= 28  n=  100  vel0ρ=-0.855  vel1ρ=+0.107

--- [K=4] decoded pos/vel ρ from ROLLED-OUT latents (test), by partition ---
  [K=4] probe applied to PREDICTED embs (stack 4 consecutive predicted latents):
  PRED-K4 ID          pos0ρ=+0.960  pos1ρ=+0.998  vel0ρ=+0.812  vel1ρ=+0.996
  PRED-K4 r/m-OOD     pos0ρ=+0.940  pos1ρ=+0.992  vel0ρ=+0.870  vel1ρ=+0.993
  PRED-K4 v-OOD       pos0ρ=+0.779  pos1ρ=+0.941  vel0ρ=+0.665  vel1ρ=+0.963
  PRED-K4 both-OOD    pos0ρ=+0.799  pos1ρ=+0.950  vel0ρ=+0.788  vel1ρ=+0.973

--- [K=4] decoded vel ρ from PRED latents vs horizon (test, aggregate) ---
  h=  4  n=  100  vel0ρ=+0.826  vel1ρ=-0.268
  h=  8  n=  100  vel0ρ=+0.967  vel1ρ=+nan
  h= 16  n=  100  vel0ρ=+0.947  vel1ρ=+0.156
  h= 28  n=  100  vel0ρ=-0.161  vel1ρ=-0.043

Total 140s
