[norm] action mean=[0.24667731 0.        ], std=[8.83643282e-02 1.00000000e-08]  (from phyworld_uniform_motion_id1k.h5)
[ckpt] /data1/likun-share/junjxu/.stable_worldmodel/dinowm_um_structpos_pw10/dinowm_um_structpos_pw10_epoch_20_object.ckpt  tag=dinowm_um_structpos_pw10
  rolled out 100 trajs, t=22s
  rolled out 200 trajs, t=42s
  rolled out 300 trajs, t=60s
  rolled out 400 trajs, t=78s
  rolled out 500 trajs, t=98s

[data] 500 trajs, 14500 (frame,pred) pairs, emb dim=192
/home/likun-share/junjxu/wm/phyworld/scripts/rollout_eval_id1k.py:197: ConstantInputWarning: An input array is constant; the correlation coefficient is not defined.
  rho = pearsonr(vel_all[mask][:, d], pv[:, d])[0]
/home/likun-share/junjxu/wm/phyworld/scripts/rollout_eval_id1k.py:197: ConstantInputWarning: An input array is constant; the correlation coefficient is not defined.
  rho = pearsonr(vel_all[mask][:, d], pv[:, d])[0]
/home/likun-share/junjxu/wm/phyworld/scripts/rollout_eval_id1k.py:197: ConstantInputWarning: An input array is constant; the correlation coefficient is not defined.
  rho = pearsonr(vel_all[mask][:, d], pv[:, d])[0]
/home/likun-share/junjxu/wm/phyworld/scripts/rollout_eval_id1k.py:197: ConstantInputWarning: An input array is constant; the correlation coefficient is not defined.
  rho = pearsonr(vel_all[mask][:, d], pv[:, d])[0]
/home/likun-share/junjxu/wm/phyworld/scripts/rollout_eval_id1k.py:197: ConstantInputWarning: An input array is constant; the correlation coefficient is not defined.
  rho = pearsonr(vel_all[mask][:, d], pv[:, d])[0]
/home/likun-share/junjxu/wm/phyworld/scripts/rollout_eval_id1k.py:197: ConstantInputWarning: An input array is constant; the correlation coefficient is not defined.
  rho = pearsonr(vel_all[mask][:, d], pv[:, d])[0]
/home/likun-share/junjxu/wm/phyworld/scripts/rollout_eval_id1k.py:197: ConstantInputWarning: An input array is constant; the correlation coefficient is not defined.
  rho = pearsonr(vel_all[mask][:, d], pv[:, d])[0]
/home/likun-share/junjxu/wm/phyworld/scripts/rollout_eval_id1k.py:197: ConstantInputWarning: An input array is constant; the correlation coefficient is not defined.
  rho = pearsonr(vel_all[mask][:, d], pv[:, d])[0]
/home/likun-share/junjxu/wm/phyworld/scripts/rollout_eval_id1k.py:242: ConstantInputWarning: An input array is constant; the correlation coefficient is not defined.
  rhos = [pearsonr(vel_all[m][:, d], pv[:, d])[0] for d in range(vel_all.shape[1])]
/home/likun-share/junjxu/wm/phyworld/scripts/rollout_eval_id1k.py:242: ConstantInputWarning: An input array is constant; the correlation coefficient is not defined.
  rhos = [pearsonr(vel_all[m][:, d], pv[:, d])[0] for d in range(vel_all.shape[1])]
/home/likun-share/junjxu/wm/phyworld/scripts/rollout_eval_id1k.py:242: ConstantInputWarning: An input array is constant; the correlation coefficient is not defined.
  rhos = [pearsonr(vel_all[m][:, d], pv[:, d])[0] for d in range(vel_all.shape[1])]
/home/likun-share/junjxu/wm/phyworld/scripts/rollout_eval_id1k.py:242: ConstantInputWarning: An input array is constant; the correlation coefficient is not defined.
  rhos = [pearsonr(vel_all[m][:, d], pv[:, d])[0] for d in range(vel_all.shape[1])]
/home/likun-share/junjxu/wm/phyworld/scripts/rollout_eval_id1k.py:242: ConstantInputWarning: An input array is constant; the correlation coefficient is not defined.
  rhos = [pearsonr(vel_all[m][:, d], pv[:, d])[0] for d in range(vel_all.shape[1])]
/home/likun-share/junjxu/wm/phyworld/scripts/rollout_eval_id1k.py:242: ConstantInputWarning: An input array is constant; the correlation coefficient is not defined.
  rhos = [pearsonr(vel_all[m][:, d], pv[:, d])[0] for d in range(vel_all.shape[1])]
/home/likun-share/junjxu/wm/phyworld/scripts/rollout_eval_id1k.py:288: ConstantInputWarning: An input array is constant; the correlation coefficient is not defined.
  line += f"  vel{d}ρ={pearsonr(vel_all[m][:, d], pv[:, d])[0]:+.3f}"
/home/likun-share/junjxu/wm/phyworld/scripts/rollout_eval_id1k.py:288: ConstantInputWarning: An input array is constant; the correlation coefficient is not defined.
  line += f"  vel{d}ρ={pearsonr(vel_all[m][:, d], pv[:, d])[0]:+.3f}"
/home/likun-share/junjxu/wm/phyworld/scripts/rollout_eval_id1k.py:288: ConstantInputWarning: An input array is constant; the correlation coefficient is not defined.
  line += f"  vel{d}ρ={pearsonr(vel_all[m][:, d], pv[:, d])[0]:+.3f}"
/home/likun-share/junjxu/wm/phyworld/scripts/rollout_eval_id1k.py:288: ConstantInputWarning: An input array is constant; the correlation coefficient is not defined.
  line += f"  vel{d}ρ={pearsonr(vel_all[m][:, d], pv[:, d])[0]:+.3f}"
/home/likun-share/junjxu/wm/phyworld/scripts/rollout_eval_id1k.py:296: ConstantInputWarning: An input array is constant; the correlation coefficient is not defined.
  rhos = [pearsonr(vel_all[m][:, d], pv[:, d])[0] for d in range(vel_all.shape[1])]
/home/likun-share/junjxu/wm/phyworld/scripts/rollout_eval_id1k.py:296: ConstantInputWarning: An input array is constant; the correlation coefficient is not defined.
  rhos = [pearsonr(vel_all[m][:, d], pv[:, d])[0] for d in range(vel_all.shape[1])]
/home/likun-share/junjxu/wm/phyworld/scripts/rollout_eval_id1k.py:296: ConstantInputWarning: An input array is constant; the correlation coefficient is not defined.
  rhos = [pearsonr(vel_all[m][:, d], pv[:, d])[0] for d in range(vel_all.shape[1])]
/home/likun-share/junjxu/wm/phyworld/scripts/rollout_eval_id1k.py:296: ConstantInputWarning: An input array is constant; the correlation coefficient is not defined.
  rhos = [pearsonr(vel_all[m][:, d], pv[:, d])[0] for d in range(vel_all.shape[1])]

=== uniform_motion AR ROLLOUT (LeWM ID-only FT, history_size=3) ===
--- latent fidelity (pred vs real emb), test trajs, by partition ---
  ID         n=  406  cos=+0.9441  nMSE=0.1028
  r/m-OOD    n=  464  cos=+0.9452  nMSE=0.3485
  v-OOD      n=  841  cos=+0.9505  nMSE=0.0978
  both-OOD   n= 1189  cos=+0.9308  nMSE=0.3303

--- latent fidelity vs horizon (test, aggregate) ---
  h=  1  n=  100  cos=+0.9785  nMSE=0.1743
  h=  2  n=  100  cos=+0.9730  nMSE=0.1639
  h=  4  n=  100  cos=+0.9546  nMSE=0.2329
  h=  8  n=  100  cos=+0.9249  nMSE=0.3029
  h= 16  n=  100  cos=+0.9335  nMSE=0.2208
  h= 28  n=  100  cos=+0.9496  nMSE=0.2051

--- decoded pos/vel ρ from ROLLED-OUT latents (test), by partition ---
  [baseline] probe applied to REAL embs:
  REAL ID                   pos0ρ=+0.988  pos1ρ=+0.994  vel0ρ=+0.601  vel1ρ=+nan
  REAL r/m-OOD              pos0ρ=+0.978  pos1ρ=+0.987  vel0ρ=+0.542  vel1ρ=+nan
  REAL v-OOD                pos0ρ=+0.960  pos1ρ=+0.972  vel0ρ=+0.746  vel1ρ=+nan
  REAL both-OOD             pos0ρ=+0.966  pos1ρ=+0.988  vel0ρ=+0.755  vel1ρ=+nan
  [rollout] probe applied to PREDICTED embs:
  PRED ID                   pos0ρ=+0.991  pos1ρ=+0.997  vel0ρ=+0.526  vel1ρ=+nan
  PRED r/m-OOD              pos0ρ=+0.954  pos1ρ=+0.971  vel0ρ=+0.510  vel1ρ=+nan
  PRED v-OOD                pos0ρ=+0.960  pos1ρ=+0.944  vel0ρ=+0.823  vel1ρ=+nan
  PRED both-OOD             pos0ρ=+0.901  pos1ρ=+0.905  vel0ρ=+0.535  vel1ρ=+nan

--- decoded vel ρ from PRED latents vs horizon (test, aggregate) ---
  h=  1  n=  100  vel0ρ=+0.271  vel1ρ=+nan
  h=  2  n=  100  vel0ρ=+0.430  vel1ρ=+nan
  h=  4  n=  100  vel0ρ=+0.426  vel1ρ=+nan
  h=  8  n=  100  vel0ρ=+0.408  vel1ρ=+nan
  h= 16  n=  100  vel0ρ=+0.794  vel1ρ=+nan
  h= 28  n=  100  vel0ρ=+0.779  vel1ρ=+nan

--- [K=4] decoded pos/vel ρ from ROLLED-OUT latents (test), by partition ---
  [K=4] probe applied to PREDICTED embs (stack 4 consecutive predicted latents):
  PRED-K4 ID          pos0ρ=+0.994  pos1ρ=+0.997  vel0ρ=+0.855  vel1ρ=+nan
  PRED-K4 r/m-OOD     pos0ρ=+0.964  pos1ρ=+0.975  vel0ρ=+0.738  vel1ρ=+nan
  PRED-K4 v-OOD       pos0ρ=+0.975  pos1ρ=+0.956  vel0ρ=+0.967  vel1ρ=+nan
  PRED-K4 both-OOD    pos0ρ=+0.914  pos1ρ=+0.912  vel0ρ=+0.850  vel1ρ=+nan

--- [K=4] decoded vel ρ from PRED latents vs horizon (test, aggregate) ---
  h=  4  n=  100  vel0ρ=+0.775  vel1ρ=+nan
  h=  8  n=  100  vel0ρ=+0.769  vel1ρ=+nan
  h= 16  n=  100  vel0ρ=+0.955  vel1ρ=+nan
  h= 28  n=  100  vel0ρ=+0.935  vel1ρ=+nan

Total 98s
