[norm] action mean=[-0.01484401  0.          0.01575156  0.        ], std=[7.72976437e-02 1.00000000e-08 8.20558954e-02 1.00000000e-08]  (from phyworld_collision_id1k.h5)
[ckpt] /data1/likun-share/junjxu/.stable_worldmodel/dinowm_col_fr_s1234/dinowm_col_fr_s1234_epoch_20_object.ckpt  tag=dinowm_col_fr_s1234
  rolled out 100 trajs, t=45s
  rolled out 200 trajs, t=81s
  rolled out 300 trajs, t=115s
  rolled out 400 trajs, t=152s
  rolled out 500 trajs, t=189s

[data] 500 trajs, 14500 (frame,pred) pairs, emb dim=192

=== collision AR ROLLOUT (LeWM ID-only FT, history_size=3) ===
--- latent fidelity (pred vs real emb), test trajs, by partition ---
  ID         n=  203  cos=+0.8662  nMSE=0.2604
  r/m-OOD    n=  754  cos=+0.8998  nMSE=0.2161
  v-OOD      n=  290  cos=+0.7418  nMSE=0.4535
  both-OOD   n= 1653  cos=+0.7606  nMSE=0.4899

--- latent fidelity vs horizon (test, aggregate) ---
  h=  1  n=  100  cos=+0.9853  nMSE=0.0527
  h=  2  n=  100  cos=+0.9802  nMSE=0.0639
  h=  4  n=  100  cos=+0.9707  nMSE=0.0928
  h=  8  n=  100  cos=+0.9529  nMSE=0.1451
  h= 16  n=  100  cos=+0.7943  nMSE=0.4197
  h= 28  n=  100  cos=+0.5973  nMSE=0.7642

--- decoded pos/vel ρ from ROLLED-OUT latents (test), by partition ---
  [baseline] probe applied to REAL embs:
  REAL ID                   pos0ρ=+0.893  pos1ρ=+0.907  vel0ρ=+0.714  vel1ρ=+0.772
  REAL r/m-OOD              pos0ρ=+0.799  pos1ρ=+0.764  vel0ρ=+0.761  vel1ρ=+0.725
  REAL v-OOD                pos0ρ=+0.937  pos1ρ=+0.862  vel0ρ=+0.689  vel1ρ=+0.632
  REAL both-OOD             pos0ρ=+0.905  pos1ρ=+0.853  vel0ρ=+0.892  vel1ρ=+0.777
  [rollout] probe applied to PREDICTED embs:
  PRED ID                   pos0ρ=+0.760  pos1ρ=+0.707  vel0ρ=+0.673  vel1ρ=+0.694
  PRED r/m-OOD              pos0ρ=+0.787  pos1ρ=+0.799  vel0ρ=+0.786  vel1ρ=+0.766
  PRED v-OOD                pos0ρ=+0.290  pos1ρ=+0.584  vel0ρ=+0.218  vel1ρ=+0.637
  PRED both-OOD             pos0ρ=+0.791  pos1ρ=+0.776  vel0ρ=+0.851  vel1ρ=+0.833

--- decoded vel ρ from PRED latents vs horizon (test, aggregate) ---
  h=  1  n=  100  vel0ρ=+0.208  vel1ρ=+0.171
  h=  2  n=  100  vel0ρ=+0.177  vel1ρ=+0.192
  h=  4  n=  100  vel0ρ=+0.174  vel1ρ=+0.209
  h=  8  n=  100  vel0ρ=+0.721  vel1ρ=+0.785
  h= 16  n=  100  vel0ρ=+0.928  vel1ρ=+0.873
  h= 28  n=  100  vel0ρ=+0.856  vel1ρ=+0.855

--- [K=4] decoded pos/vel ρ from ROLLED-OUT latents (test), by partition ---
  [K=4] probe applied to PREDICTED embs (stack 4 consecutive predicted latents):
  PRED-K4 ID          pos0ρ=+0.839  pos1ρ=+0.842  vel0ρ=+0.828  vel1ρ=+0.859
  PRED-K4 r/m-OOD     pos0ρ=+0.840  pos1ρ=+0.839  vel0ρ=+0.855  vel1ρ=+0.825
  PRED-K4 v-OOD       pos0ρ=+0.361  pos1ρ=+0.688  vel0ρ=+0.383  vel1ρ=+0.747
  PRED-K4 both-OOD    pos0ρ=+0.838  pos1ρ=+0.810  vel0ρ=+0.867  vel1ρ=+0.860

--- [K=4] decoded vel ρ from PRED latents vs horizon (test, aggregate) ---
  h=  4  n=  100  vel0ρ=+0.217  vel1ρ=+0.428
  h=  8  n=  100  vel0ρ=+0.710  vel1ρ=+0.711
  h= 16  n=  100  vel0ρ=+0.923  vel1ρ=+0.897
  h= 28  n=  100  vel0ρ=+0.873  vel1ρ=+0.882

Total 191s
