[norm] action mean=[-0.01484401  0.          0.01575156  0.        ], std=[7.72976437e-02 1.00000000e-08 8.20558954e-02 1.00000000e-08]  (from phyworld_collision_id1k.h5)
[ckpt] /data1/likun-share/junjxu/.stable_worldmodel/dinowm_col_tf_s1234/dinowm_col_tf_s1234_epoch_20_object.ckpt  tag=dinowm_col_tf_s1234
  rolled out 100 trajs, t=55s
  rolled out 200 trajs, t=97s
  rolled out 300 trajs, t=142s
  rolled out 400 trajs, t=191s
  rolled out 500 trajs, t=237s

[data] 500 trajs, 14500 (frame,pred) pairs, emb dim=192

=== collision AR ROLLOUT (LeWM ID-only FT, history_size=3) ===
--- latent fidelity (pred vs real emb), test trajs, by partition ---
  ID         n=  203  cos=+0.7409  nMSE=0.6281
  r/m-OOD    n=  754  cos=+0.7485  nMSE=0.5734
  v-OOD      n=  290  cos=+0.6147  nMSE=0.9272
  both-OOD   n= 1653  cos=+0.6130  nMSE=0.8311

--- latent fidelity vs horizon (test, aggregate) ---
  h=  1  n=  100  cos=+0.9779  nMSE=0.0753
  h=  2  n=  100  cos=+0.9652  nMSE=0.1070
  h=  4  n=  100  cos=+0.9275  nMSE=0.1993
  h=  8  n=  100  cos=+0.8646  nMSE=0.3764
  h= 16  n=  100  cos=+0.5821  nMSE=0.8758
  h= 28  n=  100  cos=+0.4179  nMSE=1.1935

--- decoded pos/vel ρ from ROLLED-OUT latents (test), by partition ---
  [baseline] probe applied to REAL embs:
  REAL ID                   pos0ρ=+0.932  pos1ρ=+0.922  vel0ρ=+0.740  vel1ρ=+0.755
  REAL r/m-OOD              pos0ρ=+0.836  pos1ρ=+0.792  vel0ρ=+0.791  vel1ρ=+0.752
  REAL v-OOD                pos0ρ=+0.915  pos1ρ=+0.836  vel0ρ=+0.751  vel1ρ=+0.672
  REAL both-OOD             pos0ρ=+0.898  pos1ρ=+0.848  vel0ρ=+0.893  vel1ρ=+0.791
  [rollout] probe applied to PREDICTED embs:
  PRED ID                   pos0ρ=+0.772  pos1ρ=+0.810  vel0ρ=+0.643  vel1ρ=+0.701
  PRED r/m-OOD              pos0ρ=+0.566  pos1ρ=+0.662  vel0ρ=+0.678  vel1ρ=+0.678
  PRED v-OOD                pos0ρ=+0.085  pos1ρ=+0.580  vel0ρ=+0.127  vel1ρ=+0.613
  PRED both-OOD             pos0ρ=+0.434  pos1ρ=+0.692  vel0ρ=+0.634  vel1ρ=+0.752

--- decoded vel ρ from PRED latents vs horizon (test, aggregate) ---
  h=  1  n=  100  vel0ρ=+0.109  vel1ρ=-0.061
  h=  2  n=  100  vel0ρ=+0.125  vel1ρ=-0.067
  h=  4  n=  100  vel0ρ=+0.161  vel1ρ=-0.019
  h=  8  n=  100  vel0ρ=+0.189  vel1ρ=+0.718
  h= 16  n=  100  vel0ρ=+0.747  vel1ρ=+0.807
  h= 28  n=  100  vel0ρ=+0.665  vel1ρ=+0.807

--- [K=4] decoded pos/vel ρ from ROLLED-OUT latents (test), by partition ---
  [K=4] probe applied to PREDICTED embs (stack 4 consecutive predicted latents):
  PRED-K4 ID          pos0ρ=+0.852  pos1ρ=+0.867  vel0ρ=+0.829  vel1ρ=+0.858
  PRED-K4 r/m-OOD     pos0ρ=+0.607  pos1ρ=+0.693  vel0ρ=+0.713  vel1ρ=+0.727
  PRED-K4 v-OOD       pos0ρ=+0.055  pos1ρ=+0.614  vel0ρ=+0.123  vel1ρ=+0.718
  PRED-K4 both-OOD    pos0ρ=+0.485  pos1ρ=+0.716  vel0ρ=+0.628  vel1ρ=+0.842

--- [K=4] decoded vel ρ from PRED latents vs horizon (test, aggregate) ---
  h=  4  n=  100  vel0ρ=+0.167  vel1ρ=+0.010
  h=  8  n=  100  vel0ρ=+0.316  vel1ρ=+0.742
  h= 16  n=  100  vel0ρ=+0.706  vel1ρ=+0.846
  h= 28  n=  100  vel0ρ=+0.641  vel1ρ=+0.826

Total 240s
