[ckpt] dinowm_pp_tf_s3072_epoch_20_object.ckpt  dinowm_pp_tf_s3072
  100 trajs t=56s
  200 trajs t=113s
  300 trajs t=167s
[data] 300 trajs, 32836 (frame,pred) pairs, dim=192
/home/likun-share/junjxu/wm/phyworld/scripts/physion/rollout_eval_physionpp.py:130: ConstantInputWarning: An input array is constant; the correlation coefficient is not defined.
  line += f" vel{d}ρ={pearsonr(vel_all[mask][:, d], pv[:, d])[0]:+.2f}"
/home/likun-share/junjxu/wm/phyworld/scripts/physion/rollout_eval_physionpp.py:130: ConstantInputWarning: An input array is constant; the correlation coefficient is not defined.
  line += f" vel{d}ρ={pearsonr(vel_all[mask][:, d], pv[:, d])[0]:+.2f}"

=== Physion++ AR ROLLOUT  dinowm_pp_tf_s3072  (HS=3) ===
--- latent fidelity vs HORIZON (long-horizon drift, test) ---
  h=  1  n=   60  cos=+0.9924  nMSE=0.0143
  h=  2  n=   60  cos=+0.9870  nMSE=0.0250
  h=  4  n=   60  cos=+0.9805  nMSE=0.0379
  h=  8  n=   60  cos=+0.9711  nMSE=0.0573
  h= 16  n=   60  cos=+0.9629  nMSE=0.0753
  h= 32  n=   60  cos=+0.8387  nMSE=0.2915
  h= 64  n=   56  cos=+0.5304  nMSE=1.0026
--- latent fidelity by SCENE (physical-property OOD, test) ---
  bouncy_platform      n=  578  cos=+0.9701  nMSE=0.0909
  bouncy_wall          n=  433  cos=+0.8233  nMSE=0.5166
  deform_clothhang     n=  890  cos=+0.3077  nMSE=1.6224
  deform_clothhit      n=  705  cos=+0.4456  nMSE=1.4742
  friction_cloth       n=  980  cos=+0.8122  nMSE=0.4457
  friction_collision   n=  752  cos=+0.7288  nMSE=0.7962
  friction_platform    n=  315  cos=+0.9222  nMSE=0.7511
  mass_collision       n=  678  cos=+0.5730  nMSE=1.0697
  mass_dominoes        n=  525  cos=+0.4946  nMSE=1.1354
  mass_waterpush       n=  452  cos=+0.5151  nMSE=1.3404
--- decoded target pos/vel ρ from ROLLED-OUT latents (test, by scene) ---
  PRED bouncy_platform   pos0ρ=-0.08 pos1ρ=+0.31 pos2ρ=+0.00 vel0ρ=+0.11 vel1ρ=+0.05 vel2ρ=+0.10
  PRED bouncy_wall       pos0ρ=+0.67 pos1ρ=+0.62 pos2ρ=+0.09 vel0ρ=-0.31 vel1ρ=-0.07 vel2ρ=-0.17
  PRED deform_clothhang  pos0ρ=-0.05 pos1ρ=+0.31 pos2ρ=+0.56 vel0ρ=+0.07 vel1ρ=+0.18 vel2ρ=-0.01
  PRED deform_clothhit   pos0ρ=+0.86 pos1ρ=+0.17 pos2ρ=+0.90 vel0ρ=+0.34 vel1ρ=+nan vel2ρ=+0.37
  PRED friction_cloth    pos0ρ=+0.83 pos1ρ=+0.69 pos2ρ=+0.03 vel0ρ=+0.03 vel1ρ=+0.04 vel2ρ=+0.09
  PRED friction_collision pos0ρ=+0.49 pos1ρ=+0.41 pos2ρ=+0.11 vel0ρ=+0.01 vel1ρ=+0.07 vel2ρ=+0.01
  PRED friction_platform pos0ρ=+0.21 pos1ρ=+0.42 pos2ρ=+0.56 vel0ρ=+0.10 vel1ρ=+0.30 vel2ρ=-0.05
  PRED mass_collision    pos0ρ=+0.12 pos1ρ=-0.11 pos2ρ=-0.21 vel0ρ=+0.05 vel1ρ=+0.11 vel2ρ=+0.13
  PRED mass_dominoes     pos0ρ=+0.38 pos1ρ=+0.08 pos2ρ=+0.42 vel0ρ=+0.10 vel1ρ=+0.02 vel2ρ=-0.07
  PRED mass_waterpush    pos0ρ=-0.11 pos1ρ=+0.05 pos2ρ=+0.18 vel0ρ=+0.11 vel1ρ=+nan vel2ρ=+0.16
