[norm] action mean=[-0.01484401  0.          0.01575156  0.        ], std=[7.72976437e-02 1.00000000e-08 8.20558954e-02 1.00000000e-08]  (from phyworld_collision_id1k.h5)
[ckpt] /data1/likun-share/junjxu/.stable_worldmodel/dinowm_col_structpos_pw300_s1234/dinowm_col_structpos_pw300_s1234_epoch_20_object.ckpt  tag=dinowm_col_structpos_pw300_s1234
  rolled out 100 trajs, t=29s
  rolled out 200 trajs, t=51s
  rolled out 300 trajs, t=74s
  rolled out 400 trajs, t=97s
  rolled out 500 trajs, t=120s

[data] 500 trajs, 14500 (frame,pred) pairs, emb dim=192

=== collision AR ROLLOUT (LeWM ID-only FT, history_size=3) ===
--- latent fidelity (pred vs real emb), test trajs, by partition ---
  ID         n=  203  cos=+0.8461  nMSE=0.3161
  r/m-OOD    n=  754  cos=+0.9006  nMSE=0.2198
  v-OOD      n=  290  cos=+0.7350  nMSE=0.4871
  both-OOD   n= 1653  cos=+0.7394  nMSE=0.5434

--- latent fidelity vs horizon (test, aggregate) ---
  h=  1  n=  100  cos=+0.9810  nMSE=0.0780
  h=  2  n=  100  cos=+0.9740  nMSE=0.0894
  h=  4  n=  100  cos=+0.9645  nMSE=0.1105
  h=  8  n=  100  cos=+0.9429  nMSE=0.1717
  h= 16  n=  100  cos=+0.7842  nMSE=0.4427
  h= 28  n=  100  cos=+0.5683  nMSE=0.9174

--- decoded pos/vel ρ from ROLLED-OUT latents (test), by partition ---
  [baseline] probe applied to REAL embs:
  REAL ID                   pos0ρ=+0.878  pos1ρ=+0.929  vel0ρ=+0.723  vel1ρ=+0.758
  REAL r/m-OOD              pos0ρ=+0.825  pos1ρ=+0.786  vel0ρ=+0.773  vel1ρ=+0.759
  REAL v-OOD                pos0ρ=+0.935  pos1ρ=+0.912  vel0ρ=+0.765  vel1ρ=+0.662
  REAL both-OOD             pos0ρ=+0.898  pos1ρ=+0.863  vel0ρ=+0.891  vel1ρ=+0.786
  [rollout] probe applied to PREDICTED embs:
  PRED ID                   pos0ρ=+0.739  pos1ρ=+0.746  vel0ρ=+0.659  vel1ρ=+0.688
  PRED r/m-OOD              pos0ρ=+0.841  pos1ρ=+0.865  vel0ρ=+0.795  vel1ρ=+0.808
  PRED v-OOD                pos0ρ=+0.388  pos1ρ=+0.620  vel0ρ=+0.416  vel1ρ=+0.653
  PRED both-OOD             pos0ρ=+0.781  pos1ρ=+0.886  vel0ρ=+0.833  vel1ρ=+0.845

--- decoded vel ρ from PRED latents vs horizon (test, aggregate) ---
  h=  1  n=  100  vel0ρ=+0.073  vel1ρ=+0.283
  h=  2  n=  100  vel0ρ=+0.095  vel1ρ=+0.280
  h=  4  n=  100  vel0ρ=+0.108  vel1ρ=+0.373
  h=  8  n=  100  vel0ρ=+0.690  vel1ρ=+0.724
  h= 16  n=  100  vel0ρ=+0.896  vel1ρ=+0.868
  h= 28  n=  100  vel0ρ=+0.870  vel1ρ=+0.899

--- [K=4] decoded pos/vel ρ from ROLLED-OUT latents (test), by partition ---
  [K=4] probe applied to PREDICTED embs (stack 4 consecutive predicted latents):
  PRED-K4 ID          pos0ρ=+0.776  pos1ρ=+0.774  vel0ρ=+0.762  vel1ρ=+0.801
  PRED-K4 r/m-OOD     pos0ρ=+0.871  pos1ρ=+0.881  vel0ρ=+0.847  vel1ρ=+0.841
  PRED-K4 v-OOD       pos0ρ=+0.376  pos1ρ=+0.644  vel0ρ=+0.448  vel1ρ=+0.726
  PRED-K4 both-OOD    pos0ρ=+0.816  pos1ρ=+0.915  vel0ρ=+0.810  vel1ρ=+0.877

--- [K=4] decoded vel ρ from PRED latents vs horizon (test, aggregate) ---
  h=  4  n=  100  vel0ρ=+0.164  vel1ρ=+0.536
  h=  8  n=  100  vel0ρ=+0.586  vel1ρ=+0.712
  h= 16  n=  100  vel0ρ=+0.865  vel1ρ=+0.896
  h= 28  n=  100  vel0ρ=+0.834  vel1ρ=+0.899

Total 121s
