[norm] action mean=[ 0.24667731 -0.40296947], std=[0.08836433 0.229554  ]  (from phyworld_parabola_id1k.h5)
[ckpt] /data1/likun-share/junjxu/.stable_worldmodel/dinowm_par_fr_s3072/dinowm_par_fr_s3072_epoch_20_object.ckpt  tag=dinowm_par_fr_s3072
  rolled out 100 trajs, t=69s
  rolled out 200 trajs, t=117s
  rolled out 300 trajs, t=159s
  rolled out 400 trajs, t=206s
  rolled out 500 trajs, t=249s

[data] 500 trajs, 14500 (frame,pred) pairs, emb dim=192
/home/likun-share/junjxu/wm/phyworld/scripts/rollout_eval_id1k.py:242: ConstantInputWarning: An input array is constant; the correlation coefficient is not defined.
  rhos = [pearsonr(vel_all[m][:, d], pv[:, d])[0] for d in range(vel_all.shape[1])]
/home/likun-share/junjxu/wm/phyworld/scripts/rollout_eval_id1k.py:242: NearConstantInputWarning: An input array is nearly constant; the computed correlation coefficient may be inaccurate.
  rhos = [pearsonr(vel_all[m][:, d], pv[:, d])[0] for d in range(vel_all.shape[1])]
/home/likun-share/junjxu/wm/phyworld/scripts/rollout_eval_id1k.py:242: NearConstantInputWarning: An input array is nearly constant; the computed correlation coefficient may be inaccurate.
  rhos = [pearsonr(vel_all[m][:, d], pv[:, d])[0] for d in range(vel_all.shape[1])]
/home/likun-share/junjxu/wm/phyworld/scripts/rollout_eval_id1k.py:296: ConstantInputWarning: An input array is constant; the correlation coefficient is not defined.
  rhos = [pearsonr(vel_all[m][:, d], pv[:, d])[0] for d in range(vel_all.shape[1])]
/home/likun-share/junjxu/wm/phyworld/scripts/rollout_eval_id1k.py:296: NearConstantInputWarning: An input array is nearly constant; the computed correlation coefficient may be inaccurate.
  rhos = [pearsonr(vel_all[m][:, d], pv[:, d])[0] for d in range(vel_all.shape[1])]
/home/likun-share/junjxu/wm/phyworld/scripts/rollout_eval_id1k.py:296: NearConstantInputWarning: An input array is nearly constant; the computed correlation coefficient may be inaccurate.
  rhos = [pearsonr(vel_all[m][:, d], pv[:, d])[0] for d in range(vel_all.shape[1])]

=== parabola AR ROLLOUT (LeWM ID-only FT, history_size=3) ===
--- latent fidelity (pred vs real emb), test trajs, by partition ---
  ID         n=  464  cos=+0.9595  nMSE=0.0745
  r/m-OOD    n=  319  cos=+0.9605  nMSE=0.2159
  v-OOD      n=  928  cos=+0.7936  nMSE=0.3042
  both-OOD   n= 1189  cos=+0.8211  nMSE=0.3338

--- latent fidelity vs horizon (test, aggregate) ---
  h=  1  n=  100  cos=+0.9675  nMSE=0.1632
  h=  2  n=  100  cos=+0.9641  nMSE=0.1768
  h=  4  n=  100  cos=+0.9616  nMSE=0.1984
  h=  8  n=  100  cos=+0.9423  nMSE=0.2717
  h= 16  n=  100  cos=+0.8215  nMSE=0.2752
  h= 28  n=  100  cos=+0.8013  nMSE=1.3123

--- decoded pos/vel ρ from ROLLED-OUT latents (test), by partition ---
  [baseline] probe applied to REAL embs:
  REAL ID                   pos0ρ=+0.540  pos1ρ=+0.618  vel0ρ=+0.634  vel1ρ=+0.557
  REAL r/m-OOD              pos0ρ=+0.773  pos1ρ=+0.876  vel0ρ=+0.552  vel1ρ=+0.862
  REAL v-OOD                pos0ρ=+0.882  pos1ρ=+0.736  vel0ρ=+0.767  vel1ρ=+0.755
  REAL both-OOD             pos0ρ=+0.888  pos1ρ=+0.862  vel0ρ=+0.785  vel1ρ=+0.887
  [rollout] probe applied to PREDICTED embs:
  PRED ID                   pos0ρ=+0.602  pos1ρ=+0.597  vel0ρ=+0.709  vel1ρ=+0.541
  PRED r/m-OOD              pos0ρ=+0.807  pos1ρ=+0.828  vel0ρ=+0.717  vel1ρ=+0.808
  PRED v-OOD                pos0ρ=+0.306  pos1ρ=+0.737  vel0ρ=+0.593  vel1ρ=+0.687
  PRED both-OOD             pos0ρ=+0.612  pos1ρ=+0.877  vel0ρ=+0.673  vel1ρ=+0.860

--- decoded vel ρ from PRED latents vs horizon (test, aggregate) ---
  h=  1  n=  100  vel0ρ=+0.136  vel1ρ=-0.221
  h=  2  n=  100  vel0ρ=+0.412  vel1ρ=+0.190
  h=  4  n=  100  vel0ρ=+0.689  vel1ρ=+0.279
  h=  8  n=  100  vel0ρ=+0.823  vel1ρ=+nan
  h= 16  n=  100  vel0ρ=+0.763  vel1ρ=-0.024
  h= 28  n=  100  vel0ρ=+0.987  vel1ρ=-0.092

--- [K=4] decoded pos/vel ρ from ROLLED-OUT latents (test), by partition ---
  [K=4] probe applied to PREDICTED embs (stack 4 consecutive predicted latents):
  PRED-K4 ID          pos0ρ=+0.937  pos1ρ=+0.961  vel0ρ=+0.783  vel1ρ=+0.952
  PRED-K4 r/m-OOD     pos0ρ=+0.923  pos1ρ=+0.960  vel0ρ=+0.823  vel1ρ=+0.953
  PRED-K4 v-OOD       pos0ρ=+0.637  pos1ρ=+0.922  vel0ρ=+0.687  vel1ρ=+0.939
  PRED-K4 both-OOD    pos0ρ=+0.784  pos1ρ=+0.929  vel0ρ=+0.739  vel1ρ=+0.940

--- [K=4] decoded vel ρ from PRED latents vs horizon (test, aggregate) ---
  h=  4  n=  100  vel0ρ=+0.781  vel1ρ=+0.009
  h=  8  n=  100  vel0ρ=+0.912  vel1ρ=+nan
  h= 16  n=  100  vel0ρ=+0.920  vel1ρ=-0.107
  h= 28  n=  100  vel0ρ=+0.783  vel1ρ=+0.037

Total 253s
