[norm] action mean=[-0.01484401  0.          0.01575156  0.        ], std=[7.72976437e-02 1.00000000e-08 8.20558954e-02 1.00000000e-08]  (from phyworld_collision_id1k.h5)
[ckpt] /data1/likun-share/junjxu/.stable_worldmodel/dinowm_col_tf_s42/dinowm_col_tf_s42_epoch_20_object.ckpt  tag=dinowm_col_tf_s42
  rolled out 100 trajs, t=59s
  rolled out 200 trajs, t=105s
  rolled out 300 trajs, t=153s
  rolled out 400 trajs, t=199s
  rolled out 500 trajs, t=245s

[data] 500 trajs, 14500 (frame,pred) pairs, emb dim=192

=== collision AR ROLLOUT (LeWM ID-only FT, history_size=3) ===
--- latent fidelity (pred vs real emb), test trajs, by partition ---
  ID         n=  203  cos=+0.7403  nMSE=0.6407
  r/m-OOD    n=  754  cos=+0.7497  nMSE=0.5635
  v-OOD      n=  290  cos=+0.5958  nMSE=0.9508
  both-OOD   n= 1653  cos=+0.6432  nMSE=0.7558

--- latent fidelity vs horizon (test, aggregate) ---
  h=  1  n=  100  cos=+0.9779  nMSE=0.0750
  h=  2  n=  100  cos=+0.9635  nMSE=0.1116
  h=  4  n=  100  cos=+0.9244  nMSE=0.2109
  h=  8  n=  100  cos=+0.8662  nMSE=0.3672
  h= 16  n=  100  cos=+0.5971  nMSE=0.8312
  h= 28  n=  100  cos=+0.4383  nMSE=1.1212

--- decoded pos/vel ρ from ROLLED-OUT latents (test), by partition ---
  [baseline] probe applied to REAL embs:
  REAL ID                   pos0ρ=+0.934  pos1ρ=+0.900  vel0ρ=+0.711  vel1ρ=+0.782
  REAL r/m-OOD              pos0ρ=+0.816  pos1ρ=+0.779  vel0ρ=+0.788  vel1ρ=+0.764
  REAL v-OOD                pos0ρ=+0.905  pos1ρ=+0.873  vel0ρ=+0.722  vel1ρ=+0.694
  REAL both-OOD             pos0ρ=+0.910  pos1ρ=+0.865  vel0ρ=+0.902  vel1ρ=+0.801
  [rollout] probe applied to PREDICTED embs:
  PRED ID                   pos0ρ=+0.664  pos1ρ=+0.715  vel0ρ=+0.604  vel1ρ=+0.671
  PRED r/m-OOD              pos0ρ=+0.665  pos1ρ=+0.713  vel0ρ=+0.739  vel1ρ=+0.703
  PRED v-OOD                pos0ρ=+0.076  pos1ρ=+0.590  vel0ρ=+0.117  vel1ρ=+0.604
  PRED both-OOD             pos0ρ=+0.592  pos1ρ=+0.773  vel0ρ=+0.735  vel1ρ=+0.803

--- decoded vel ρ from PRED latents vs horizon (test, aggregate) ---
  h=  1  n=  100  vel0ρ=+0.134  vel1ρ=+0.063
  h=  2  n=  100  vel0ρ=+0.156  vel1ρ=+0.113
  h=  4  n=  100  vel0ρ=+0.162  vel1ρ=+0.130
  h=  8  n=  100  vel0ρ=+0.477  vel1ρ=+0.576
  h= 16  n=  100  vel0ρ=+0.836  vel1ρ=+0.857
  h= 28  n=  100  vel0ρ=+0.751  vel1ρ=+0.832

--- [K=4] decoded pos/vel ρ from ROLLED-OUT latents (test), by partition ---
  [K=4] probe applied to PREDICTED embs (stack 4 consecutive predicted latents):
  PRED-K4 ID          pos0ρ=+0.771  pos1ρ=+0.831  vel0ρ=+0.769  vel1ρ=+0.832
  PRED-K4 r/m-OOD     pos0ρ=+0.703  pos1ρ=+0.745  vel0ρ=+0.808  vel1ρ=+0.758
  PRED-K4 v-OOD       pos0ρ=+0.065  pos1ρ=+0.610  vel0ρ=+0.154  vel1ρ=+0.687
  PRED-K4 both-OOD    pos0ρ=+0.634  pos1ρ=+0.788  vel0ρ=+0.757  vel1ρ=+0.858

--- [K=4] decoded vel ρ from PRED latents vs horizon (test, aggregate) ---
  h=  4  n=  100  vel0ρ=+0.282  vel1ρ=+0.292
  h=  8  n=  100  vel0ρ=+0.508  vel1ρ=+0.655
  h= 16  n=  100  vel0ρ=+0.816  vel1ρ=+0.891
  h= 28  n=  100  vel0ρ=+0.760  vel1ρ=+0.854

Total 247s
