[norm] action mean=[0.24667731 0.        ], std=[8.83643282e-02 1.00000000e-08]  (from phyworld_uniform_motion_id1k.h5)
[ckpt] /data1/likun-share/junjxu/.stable_worldmodel/dinowm_um_labelfree_const_s42/dinowm_um_labelfree_const_s42_epoch_20_object.ckpt  tag=dinowm_um_labelfree_const_s42
  rolled out 100 trajs, t=35s
  rolled out 200 trajs, t=68s
  rolled out 300 trajs, t=95s
  rolled out 400 trajs, t=117s
  rolled out 500 trajs, t=138s

[data] 500 trajs, 14500 (frame,pred) pairs, emb dim=192
/home/likun-share/junjxu/wm/phyworld/scripts/rollout_eval_id1k.py:197: ConstantInputWarning: An input array is constant; the correlation coefficient is not defined.
  rho = pearsonr(vel_all[mask][:, d], pv[:, d])[0]
/home/likun-share/junjxu/wm/phyworld/scripts/rollout_eval_id1k.py:197: ConstantInputWarning: An input array is constant; the correlation coefficient is not defined.
  rho = pearsonr(vel_all[mask][:, d], pv[:, d])[0]
/home/likun-share/junjxu/wm/phyworld/scripts/rollout_eval_id1k.py:197: ConstantInputWarning: An input array is constant; the correlation coefficient is not defined.
  rho = pearsonr(vel_all[mask][:, d], pv[:, d])[0]
/home/likun-share/junjxu/wm/phyworld/scripts/rollout_eval_id1k.py:197: ConstantInputWarning: An input array is constant; the correlation coefficient is not defined.
  rho = pearsonr(vel_all[mask][:, d], pv[:, d])[0]
/home/likun-share/junjxu/wm/phyworld/scripts/rollout_eval_id1k.py:197: ConstantInputWarning: An input array is constant; the correlation coefficient is not defined.
  rho = pearsonr(vel_all[mask][:, d], pv[:, d])[0]
/home/likun-share/junjxu/wm/phyworld/scripts/rollout_eval_id1k.py:197: ConstantInputWarning: An input array is constant; the correlation coefficient is not defined.
  rho = pearsonr(vel_all[mask][:, d], pv[:, d])[0]
/home/likun-share/junjxu/wm/phyworld/scripts/rollout_eval_id1k.py:197: ConstantInputWarning: An input array is constant; the correlation coefficient is not defined.
  rho = pearsonr(vel_all[mask][:, d], pv[:, d])[0]
/home/likun-share/junjxu/wm/phyworld/scripts/rollout_eval_id1k.py:197: ConstantInputWarning: An input array is constant; the correlation coefficient is not defined.
  rho = pearsonr(vel_all[mask][:, d], pv[:, d])[0]
/home/likun-share/junjxu/wm/phyworld/scripts/rollout_eval_id1k.py:242: ConstantInputWarning: An input array is constant; the correlation coefficient is not defined.
  rhos = [pearsonr(vel_all[m][:, d], pv[:, d])[0] for d in range(vel_all.shape[1])]
/home/likun-share/junjxu/wm/phyworld/scripts/rollout_eval_id1k.py:242: ConstantInputWarning: An input array is constant; the correlation coefficient is not defined.
  rhos = [pearsonr(vel_all[m][:, d], pv[:, d])[0] for d in range(vel_all.shape[1])]
/home/likun-share/junjxu/wm/phyworld/scripts/rollout_eval_id1k.py:242: ConstantInputWarning: An input array is constant; the correlation coefficient is not defined.
  rhos = [pearsonr(vel_all[m][:, d], pv[:, d])[0] for d in range(vel_all.shape[1])]
/home/likun-share/junjxu/wm/phyworld/scripts/rollout_eval_id1k.py:242: ConstantInputWarning: An input array is constant; the correlation coefficient is not defined.
  rhos = [pearsonr(vel_all[m][:, d], pv[:, d])[0] for d in range(vel_all.shape[1])]
/home/likun-share/junjxu/wm/phyworld/scripts/rollout_eval_id1k.py:242: ConstantInputWarning: An input array is constant; the correlation coefficient is not defined.
  rhos = [pearsonr(vel_all[m][:, d], pv[:, d])[0] for d in range(vel_all.shape[1])]
/home/likun-share/junjxu/wm/phyworld/scripts/rollout_eval_id1k.py:242: ConstantInputWarning: An input array is constant; the correlation coefficient is not defined.
  rhos = [pearsonr(vel_all[m][:, d], pv[:, d])[0] for d in range(vel_all.shape[1])]
/home/likun-share/junjxu/wm/phyworld/scripts/rollout_eval_id1k.py:288: ConstantInputWarning: An input array is constant; the correlation coefficient is not defined.
  line += f"  vel{d}ρ={pearsonr(vel_all[m][:, d], pv[:, d])[0]:+.3f}"
/home/likun-share/junjxu/wm/phyworld/scripts/rollout_eval_id1k.py:288: ConstantInputWarning: An input array is constant; the correlation coefficient is not defined.
  line += f"  vel{d}ρ={pearsonr(vel_all[m][:, d], pv[:, d])[0]:+.3f}"
/home/likun-share/junjxu/wm/phyworld/scripts/rollout_eval_id1k.py:288: ConstantInputWarning: An input array is constant; the correlation coefficient is not defined.
  line += f"  vel{d}ρ={pearsonr(vel_all[m][:, d], pv[:, d])[0]:+.3f}"
/home/likun-share/junjxu/wm/phyworld/scripts/rollout_eval_id1k.py:288: ConstantInputWarning: An input array is constant; the correlation coefficient is not defined.
  line += f"  vel{d}ρ={pearsonr(vel_all[m][:, d], pv[:, d])[0]:+.3f}"
/home/likun-share/junjxu/wm/phyworld/scripts/rollout_eval_id1k.py:296: ConstantInputWarning: An input array is constant; the correlation coefficient is not defined.
  rhos = [pearsonr(vel_all[m][:, d], pv[:, d])[0] for d in range(vel_all.shape[1])]
/home/likun-share/junjxu/wm/phyworld/scripts/rollout_eval_id1k.py:296: ConstantInputWarning: An input array is constant; the correlation coefficient is not defined.
  rhos = [pearsonr(vel_all[m][:, d], pv[:, d])[0] for d in range(vel_all.shape[1])]
/home/likun-share/junjxu/wm/phyworld/scripts/rollout_eval_id1k.py:296: ConstantInputWarning: An input array is constant; the correlation coefficient is not defined.
  rhos = [pearsonr(vel_all[m][:, d], pv[:, d])[0] for d in range(vel_all.shape[1])]
/home/likun-share/junjxu/wm/phyworld/scripts/rollout_eval_id1k.py:296: ConstantInputWarning: An input array is constant; the correlation coefficient is not defined.
  rhos = [pearsonr(vel_all[m][:, d], pv[:, d])[0] for d in range(vel_all.shape[1])]

=== uniform_motion AR ROLLOUT (LeWM ID-only FT, history_size=3) ===
--- latent fidelity (pred vs real emb), test trajs, by partition ---
  ID         n=  406  cos=+0.9439  nMSE=0.1060
  r/m-OOD    n=  464  cos=+0.9251  nMSE=0.4085
  v-OOD      n=  841  cos=+0.9516  nMSE=0.0976
  both-OOD   n= 1189  cos=+0.9028  nMSE=0.3954

--- latent fidelity vs horizon (test, aggregate) ---
  h=  1  n=  100  cos=+0.9784  nMSE=0.1846
  h=  2  n=  100  cos=+0.9718  nMSE=0.1809
  h=  4  n=  100  cos=+0.9473  nMSE=0.2621
  h=  8  n=  100  cos=+0.9050  nMSE=0.3533
  h= 16  n=  100  cos=+0.9246  nMSE=0.2452
  h= 28  n=  100  cos=+0.9457  nMSE=0.2228

--- decoded pos/vel ρ from ROLLED-OUT latents (test), by partition ---
  [baseline] probe applied to REAL embs:
  REAL ID                   pos0ρ=+0.808  pos1ρ=+0.973  vel0ρ=+0.671  vel1ρ=+nan
  REAL r/m-OOD              pos0ρ=+0.938  pos1ρ=+0.970  vel0ρ=+0.509  vel1ρ=+nan
  REAL v-OOD                pos0ρ=+0.918  pos1ρ=+0.960  vel0ρ=+0.716  vel1ρ=+nan
  REAL both-OOD             pos0ρ=+0.941  pos1ρ=+0.977  vel0ρ=+0.742  vel1ρ=+nan
  [rollout] probe applied to PREDICTED embs:
  PRED ID                   pos0ρ=+0.139  pos1ρ=+0.915  vel0ρ=-0.097  vel1ρ=+nan
  PRED r/m-OOD              pos0ρ=+0.246  pos1ρ=+0.423  vel0ρ=+0.423  vel1ρ=+nan
  PRED v-OOD                pos0ρ=+0.577  pos1ρ=+0.723  vel0ρ=+0.498  vel1ρ=+nan
  PRED both-OOD             pos0ρ=+0.127  pos1ρ=+0.581  vel0ρ=+0.183  vel1ρ=+nan

--- decoded vel ρ from PRED latents vs horizon (test, aggregate) ---
  h=  1  n=  100  vel0ρ=+0.572  vel1ρ=+nan
  h=  2  n=  100  vel0ρ=+0.653  vel1ρ=+nan
  h=  4  n=  100  vel0ρ=+0.616  vel1ρ=+nan
  h=  8  n=  100  vel0ρ=+0.425  vel1ρ=+nan
  h= 16  n=  100  vel0ρ=+0.315  vel1ρ=+nan
  h= 28  n=  100  vel0ρ=+0.171  vel1ρ=+nan

--- [K=4] decoded pos/vel ρ from ROLLED-OUT latents (test), by partition ---
  [K=4] probe applied to PREDICTED embs (stack 4 consecutive predicted latents):
  PRED-K4 ID          pos0ρ=+0.153  pos1ρ=+0.903  vel0ρ=-0.224  vel1ρ=+nan
  PRED-K4 r/m-OOD     pos0ρ=+0.276  pos1ρ=+0.417  vel0ρ=+0.369  vel1ρ=+nan
  PRED-K4 v-OOD       pos0ρ=+0.605  pos1ρ=+0.734  vel0ρ=+0.371  vel1ρ=+nan
  PRED-K4 both-OOD    pos0ρ=+0.140  pos1ρ=+0.568  vel0ρ=+0.063  vel1ρ=+nan

--- [K=4] decoded vel ρ from PRED latents vs horizon (test, aggregate) ---
  h=  4  n=  100  vel0ρ=+0.574  vel1ρ=+nan
  h=  8  n=  100  vel0ρ=+0.393  vel1ρ=+nan
  h= 16  n=  100  vel0ρ=+0.118  vel1ρ=+nan
  h= 28  n=  100  vel0ρ=+0.078  vel1ρ=+nan

Total 139s
