[norm] action mean=[ 0.24667731 -0.40296947], std=[0.08836433 0.229554  ]  (from phyworld_parabola_id1k.h5)
[ckpt] /data1/likun-share/junjxu/.stable_worldmodel/dinowm_par_probe_structpos_pw30/dinowm_par_probe_structpos_pw30_epoch_20_object.ckpt  tag=dinowm_par_probe_structpos_pw30
  rolled out 100 trajs, t=17s
  rolled out 200 trajs, t=30s
  rolled out 300 trajs, t=44s
  rolled out 400 trajs, t=57s
  rolled out 500 trajs, t=71s

[data] 500 trajs, 14500 (frame,pred) pairs, emb dim=192
/home/likun-share/junjxu/wm/phyworld/scripts/rollout_eval_id1k.py:242: ConstantInputWarning: An input array is constant; the correlation coefficient is not defined.
  rhos = [pearsonr(vel_all[m][:, d], pv[:, d])[0] for d in range(vel_all.shape[1])]
/home/likun-share/junjxu/wm/phyworld/scripts/rollout_eval_id1k.py:242: NearConstantInputWarning: An input array is nearly constant; the computed correlation coefficient may be inaccurate.
  rhos = [pearsonr(vel_all[m][:, d], pv[:, d])[0] for d in range(vel_all.shape[1])]
/home/likun-share/junjxu/wm/phyworld/scripts/rollout_eval_id1k.py:242: NearConstantInputWarning: An input array is nearly constant; the computed correlation coefficient may be inaccurate.
  rhos = [pearsonr(vel_all[m][:, d], pv[:, d])[0] for d in range(vel_all.shape[1])]
/home/likun-share/junjxu/wm/phyworld/scripts/rollout_eval_id1k.py:296: ConstantInputWarning: An input array is constant; the correlation coefficient is not defined.
  rhos = [pearsonr(vel_all[m][:, d], pv[:, d])[0] for d in range(vel_all.shape[1])]
/home/likun-share/junjxu/wm/phyworld/scripts/rollout_eval_id1k.py:296: NearConstantInputWarning: An input array is nearly constant; the computed correlation coefficient may be inaccurate.
  rhos = [pearsonr(vel_all[m][:, d], pv[:, d])[0] for d in range(vel_all.shape[1])]
/home/likun-share/junjxu/wm/phyworld/scripts/rollout_eval_id1k.py:296: NearConstantInputWarning: An input array is nearly constant; the computed correlation coefficient may be inaccurate.
  rhos = [pearsonr(vel_all[m][:, d], pv[:, d])[0] for d in range(vel_all.shape[1])]

=== parabola AR ROLLOUT (LeWM ID-only FT, history_size=3) ===
--- latent fidelity (pred vs real emb), test trajs, by partition ---
  ID         n=  464  cos=+0.9507  nMSE=0.0917
  r/m-OOD    n=  319  cos=+0.9547  nMSE=0.2411
  v-OOD      n=  928  cos=+0.7740  nMSE=0.3837
  both-OOD   n= 1189  cos=+0.8004  nMSE=0.3888

--- latent fidelity vs horizon (test, aggregate) ---
  h=  1  n=  100  cos=+0.9665  nMSE=0.1766
  h=  2  n=  100  cos=+0.9573  nMSE=0.1941
  h=  4  n=  100  cos=+0.9470  nMSE=0.2316
  h=  8  n=  100  cos=+0.9162  nMSE=0.3368
  h= 16  n=  100  cos=+0.8155  nMSE=0.3557
  h= 28  n=  100  cos=+0.7513  nMSE=1.3441

--- decoded pos/vel ρ from ROLLED-OUT latents (test), by partition ---
  [baseline] probe applied to REAL embs:
  REAL ID                   pos0ρ=+0.939  pos1ρ=+0.988  vel0ρ=+0.634  vel1ρ=+0.992
  REAL r/m-OOD              pos0ρ=+0.912  pos1ρ=+0.985  vel0ρ=+0.561  vel1ρ=+0.986
  REAL v-OOD                pos0ρ=+0.929  pos1ρ=+0.914  vel0ρ=+0.809  vel1ρ=+0.955
  REAL both-OOD             pos0ρ=+0.912  pos1ρ=+0.928  vel0ρ=+0.801  vel1ρ=+0.960
  [rollout] probe applied to PREDICTED embs:
  PRED ID                   pos0ρ=+0.957  pos1ρ=+0.992  vel0ρ=+0.668  vel1ρ=+0.994
  PRED r/m-OOD              pos0ρ=+0.925  pos1ρ=+0.985  vel0ρ=+0.701  vel1ρ=+0.986
  PRED v-OOD                pos0ρ=+0.797  pos1ρ=+0.941  vel0ρ=+0.603  vel1ρ=+0.969
  PRED both-OOD             pos0ρ=+0.854  pos1ρ=+0.945  vel0ρ=+0.722  vel1ρ=+0.969

--- decoded vel ρ from PRED latents vs horizon (test, aggregate) ---
  h=  1  n=  100  vel0ρ=+0.591  vel1ρ=-0.217
  h=  2  n=  100  vel0ρ=+0.747  vel1ρ=+0.229
  h=  4  n=  100  vel0ρ=+0.809  vel1ρ=+0.111
  h=  8  n=  100  vel0ρ=+0.906  vel1ρ=+nan
  h= 16  n=  100  vel0ρ=+0.831  vel1ρ=+0.177
  h= 28  n=  100  vel0ρ=+0.241  vel1ρ=+0.088

--- [K=4] decoded pos/vel ρ from ROLLED-OUT latents (test), by partition ---
  [K=4] probe applied to PREDICTED embs (stack 4 consecutive predicted latents):
  PRED-K4 ID          pos0ρ=+0.971  pos1ρ=+0.998  vel0ρ=+0.838  vel1ρ=+0.996
  PRED-K4 r/m-OOD     pos0ρ=+0.945  pos1ρ=+0.994  vel0ρ=+0.830  vel1ρ=+0.993
  PRED-K4 v-OOD       pos0ρ=+0.819  pos1ρ=+0.953  vel0ρ=+0.723  vel1ρ=+0.966
  PRED-K4 both-OOD    pos0ρ=+0.880  pos1ρ=+0.960  vel0ρ=+0.847  vel1ρ=+0.972

--- [K=4] decoded vel ρ from PRED latents vs horizon (test, aggregate) ---
  h=  4  n=  100  vel0ρ=+0.870  vel1ρ=+0.177
  h=  8  n=  100  vel0ρ=+0.898  vel1ρ=+nan
  h= 16  n=  100  vel0ρ=+0.939  vel1ρ=+0.129
  h= 28  n=  100  vel0ρ=+0.545  vel1ρ=-0.022

Total 71s
