[ckpt] dinowm_pp_fr_s42_epoch_20_object.ckpt  dinowm_pp_fr_s42
  100 trajs t=53s
  200 trajs t=108s
  300 trajs t=159s
[data] 300 trajs, 32836 (frame,pred) pairs, dim=192
/home/likun-share/junjxu/wm/phyworld/scripts/physion/rollout_eval_physionpp.py:130: ConstantInputWarning: An input array is constant; the correlation coefficient is not defined.
  line += f" vel{d}ρ={pearsonr(vel_all[mask][:, d], pv[:, d])[0]:+.2f}"
/home/likun-share/junjxu/wm/phyworld/scripts/physion/rollout_eval_physionpp.py:130: ConstantInputWarning: An input array is constant; the correlation coefficient is not defined.
  line += f" vel{d}ρ={pearsonr(vel_all[mask][:, d], pv[:, d])[0]:+.2f}"

=== Physion++ AR ROLLOUT  dinowm_pp_fr_s42  (HS=3) ===
--- latent fidelity vs HORIZON (long-horizon drift, test) ---
  h=  1  n=   60  cos=+0.9967  nMSE=0.0064
  h=  2  n=   60  cos=+0.9960  nMSE=0.0082
  h=  4  n=   60  cos=+0.9947  nMSE=0.0109
  h=  8  n=   60  cos=+0.9937  nMSE=0.0137
  h= 16  n=   60  cos=+0.9925  nMSE=0.0172
  h= 32  n=   60  cos=+0.9679  nMSE=0.0565
  h= 64  n=   56  cos=+0.8151  nMSE=0.2577
--- latent fidelity by SCENE (physical-property OOD, test) ---
  bouncy_platform      n=  578  cos=+0.9934  nMSE=0.0294
  bouncy_wall          n=  433  cos=+0.9595  nMSE=0.1382
  deform_clothhang     n=  890  cos=+0.6520  nMSE=0.7500
  deform_clothhit      n=  705  cos=+0.7610  nMSE=0.6708
  friction_cloth       n=  980  cos=+0.9875  nMSE=0.0560
  friction_collision   n=  752  cos=+0.9858  nMSE=0.1357
  friction_platform    n=  315  cos=+0.9925  nMSE=0.1411
  mass_collision       n=  678  cos=+0.7579  nMSE=0.9500
  mass_dominoes        n=  525  cos=+0.9401  nMSE=0.3292
  mass_waterpush       n=  452  cos=+0.9319  nMSE=0.3621
--- decoded target pos/vel ρ from ROLLED-OUT latents (test, by scene) ---
  PRED bouncy_platform   pos0ρ=-0.40 pos1ρ=-0.21 pos2ρ=-0.03 vel0ρ=-0.06 vel1ρ=+0.05 vel2ρ=-0.02
  PRED bouncy_wall       pos0ρ=+0.45 pos1ρ=+0.61 pos2ρ=-0.48 vel0ρ=-0.45 vel1ρ=-0.19 vel2ρ=-0.19
  PRED deform_clothhang  pos0ρ=+0.40 pos1ρ=+0.21 pos2ρ=+0.49 vel0ρ=+0.37 vel1ρ=+0.21 vel2ρ=+0.24
  PRED deform_clothhit   pos0ρ=+0.94 pos1ρ=+0.24 pos2ρ=+0.95 vel0ρ=+0.48 vel1ρ=+nan vel2ρ=+0.51
  PRED friction_cloth    pos0ρ=+0.71 pos1ρ=+0.70 pos2ρ=-0.15 vel0ρ=+0.08 vel1ρ=+0.11 vel2ρ=+0.03
  PRED friction_collision pos0ρ=+0.58 pos1ρ=+0.63 pos2ρ=+0.35 vel0ρ=-0.17 vel1ρ=+0.02 vel2ρ=-0.03
  PRED friction_platform pos0ρ=-0.51 pos1ρ=-0.34 pos2ρ=-0.27 vel0ρ=+0.07 vel1ρ=-0.31 vel2ρ=+0.05
  PRED mass_collision    pos0ρ=-0.01 pos1ρ=+0.02 pos2ρ=+0.13 vel0ρ=-0.11 vel1ρ=+0.02 vel2ρ=+0.12
  PRED mass_dominoes     pos0ρ=+0.28 pos1ρ=+0.23 pos2ρ=+0.53 vel0ρ=-0.13 vel1ρ=+0.06 vel2ρ=+0.09
  PRED mass_waterpush    pos0ρ=+0.53 pos1ρ=+0.01 pos2ρ=-0.09 vel0ρ=+0.38 vel1ρ=+nan vel2ρ=+0.34
