[norm] action mean=[ 0.24667731 -0.40296947], std=[0.08836433 0.229554  ]  (from phyworld_parabola_id1k.h5)
[ckpt] /data1/likun-share/junjxu/.stable_worldmodel/dinowm_par_posvel_pw30_s42/dinowm_par_posvel_pw30_s42_epoch_20_object.ckpt  tag=dinowm_par_posvel_pw30_s42
  rolled out 100 trajs, t=34s
  rolled out 200 trajs, t=60s
  rolled out 300 trajs, t=86s
  rolled out 400 trajs, t=111s
  rolled out 500 trajs, t=136s

[data] 500 trajs, 14500 (frame,pred) pairs, emb dim=192
/home/likun-share/junjxu/wm/phyworld/scripts/rollout_eval_id1k.py:242: ConstantInputWarning: An input array is constant; the correlation coefficient is not defined.
  rhos = [pearsonr(vel_all[m][:, d], pv[:, d])[0] for d in range(vel_all.shape[1])]
/home/likun-share/junjxu/wm/phyworld/scripts/rollout_eval_id1k.py:242: NearConstantInputWarning: An input array is nearly constant; the computed correlation coefficient may be inaccurate.
  rhos = [pearsonr(vel_all[m][:, d], pv[:, d])[0] for d in range(vel_all.shape[1])]
/home/likun-share/junjxu/wm/phyworld/scripts/rollout_eval_id1k.py:242: NearConstantInputWarning: An input array is nearly constant; the computed correlation coefficient may be inaccurate.
  rhos = [pearsonr(vel_all[m][:, d], pv[:, d])[0] for d in range(vel_all.shape[1])]
/home/likun-share/junjxu/wm/phyworld/scripts/rollout_eval_id1k.py:296: ConstantInputWarning: An input array is constant; the correlation coefficient is not defined.
  rhos = [pearsonr(vel_all[m][:, d], pv[:, d])[0] for d in range(vel_all.shape[1])]
/home/likun-share/junjxu/wm/phyworld/scripts/rollout_eval_id1k.py:296: NearConstantInputWarning: An input array is nearly constant; the computed correlation coefficient may be inaccurate.
  rhos = [pearsonr(vel_all[m][:, d], pv[:, d])[0] for d in range(vel_all.shape[1])]
/home/likun-share/junjxu/wm/phyworld/scripts/rollout_eval_id1k.py:296: NearConstantInputWarning: An input array is nearly constant; the computed correlation coefficient may be inaccurate.
  rhos = [pearsonr(vel_all[m][:, d], pv[:, d])[0] for d in range(vel_all.shape[1])]

=== parabola AR ROLLOUT (LeWM ID-only FT, history_size=3) ===
--- latent fidelity (pred vs real emb), test trajs, by partition ---
  ID         n=  464  cos=+0.9590  nMSE=0.0801
  r/m-OOD    n=  319  cos=+0.9549  nMSE=0.2431
  v-OOD      n=  928  cos=+0.7704  nMSE=0.3282
  both-OOD   n= 1189  cos=+0.7938  nMSE=0.3609

--- latent fidelity vs horizon (test, aggregate) ---
  h=  1  n=  100  cos=+0.9671  nMSE=0.1618
  h=  2  n=  100  cos=+0.9588  nMSE=0.1889
  h=  4  n=  100  cos=+0.9528  nMSE=0.2234
  h=  8  n=  100  cos=+0.9324  nMSE=0.2990
  h= 16  n=  100  cos=+0.8326  nMSE=0.2927
  h= 28  n=  100  cos=+0.7339  nMSE=1.4112

--- decoded pos/vel ρ from ROLLED-OUT latents (test), by partition ---
  [baseline] probe applied to REAL embs:
  REAL ID                   pos0ρ=+0.938  pos1ρ=+0.988  vel0ρ=+0.627  vel1ρ=+0.992
  REAL r/m-OOD              pos0ρ=+0.908  pos1ρ=+0.984  vel0ρ=+0.587  vel1ρ=+0.987
  REAL v-OOD                pos0ρ=+0.926  pos1ρ=+0.913  vel0ρ=+0.815  vel1ρ=+0.956
  REAL both-OOD             pos0ρ=+0.911  pos1ρ=+0.929  vel0ρ=+0.801  vel1ρ=+0.960
  [rollout] probe applied to PREDICTED embs:
  PRED ID                   pos0ρ=+0.956  pos1ρ=+0.990  vel0ρ=+0.732  vel1ρ=+0.994
  PRED r/m-OOD              pos0ρ=+0.928  pos1ρ=+0.984  vel0ρ=+0.800  vel1ρ=+0.990
  PRED v-OOD                pos0ρ=+0.786  pos1ρ=+0.938  vel0ρ=+0.667  vel1ρ=+0.971
  PRED both-OOD             pos0ρ=+0.806  pos1ρ=+0.945  vel0ρ=+0.774  vel1ρ=+0.972

--- decoded vel ρ from PRED latents vs horizon (test, aggregate) ---
  h=  1  n=  100  vel0ρ=+0.805  vel1ρ=-0.223
  h=  2  n=  100  vel0ρ=+0.880  vel1ρ=+0.445
  h=  4  n=  100  vel0ρ=+0.920  vel1ρ=+0.190
  h=  8  n=  100  vel0ρ=+0.956  vel1ρ=+nan
  h= 16  n=  100  vel0ρ=+0.857  vel1ρ=+0.141
  h= 28  n=  100  vel0ρ=+0.636  vel1ρ=+0.068

--- [K=4] decoded pos/vel ρ from ROLLED-OUT latents (test), by partition ---
  [K=4] probe applied to PREDICTED embs (stack 4 consecutive predicted latents):
  PRED-K4 ID          pos0ρ=+0.970  pos1ρ=+0.997  vel0ρ=+0.860  vel1ρ=+0.996
  PRED-K4 r/m-OOD     pos0ρ=+0.954  pos1ρ=+0.991  vel0ρ=+0.887  vel1ρ=+0.995
  PRED-K4 v-OOD       pos0ρ=+0.785  pos1ρ=+0.956  vel0ρ=+0.753  vel1ρ=+0.977
  PRED-K4 both-OOD    pos0ρ=+0.831  pos1ρ=+0.963  vel0ρ=+0.868  vel1ρ=+0.980

--- [K=4] decoded vel ρ from PRED latents vs horizon (test, aggregate) ---
  h=  4  n=  100  vel0ρ=+0.924  vel1ρ=+0.239
  h=  8  n=  100  vel0ρ=+0.975  vel1ρ=+nan
  h= 16  n=  100  vel0ρ=+0.948  vel1ρ=+0.069
  h= 28  n=  100  vel0ρ=+0.737  vel1ρ=+0.034

Total 137s
