[norm] action mean=[ 0.24667731 -0.40296947], std=[0.08836433 0.229554  ]  (from phyworld_parabola_id1k.h5)
[ckpt] /data1/likun-share/junjxu/.stable_worldmodel/dinowm_par_cons_s42/dinowm_par_cons_s42_epoch_20_object.ckpt  tag=dinowm_par_cons_s42
  rolled out 100 trajs, t=27s
  rolled out 200 trajs, t=49s
  rolled out 300 trajs, t=71s
  rolled out 400 trajs, t=92s
  rolled out 500 trajs, t=114s

[data] 500 trajs, 14500 (frame,pred) pairs, emb dim=192
/home/likun-share/junjxu/wm/phyworld/scripts/rollout_eval_id1k.py:242: ConstantInputWarning: An input array is constant; the correlation coefficient is not defined.
  rhos = [pearsonr(vel_all[m][:, d], pv[:, d])[0] for d in range(vel_all.shape[1])]
/home/likun-share/junjxu/wm/phyworld/scripts/rollout_eval_id1k.py:242: NearConstantInputWarning: An input array is nearly constant; the computed correlation coefficient may be inaccurate.
  rhos = [pearsonr(vel_all[m][:, d], pv[:, d])[0] for d in range(vel_all.shape[1])]
/home/likun-share/junjxu/wm/phyworld/scripts/rollout_eval_id1k.py:242: NearConstantInputWarning: An input array is nearly constant; the computed correlation coefficient may be inaccurate.
  rhos = [pearsonr(vel_all[m][:, d], pv[:, d])[0] for d in range(vel_all.shape[1])]
/home/likun-share/junjxu/wm/phyworld/scripts/rollout_eval_id1k.py:296: ConstantInputWarning: An input array is constant; the correlation coefficient is not defined.
  rhos = [pearsonr(vel_all[m][:, d], pv[:, d])[0] for d in range(vel_all.shape[1])]
/home/likun-share/junjxu/wm/phyworld/scripts/rollout_eval_id1k.py:296: NearConstantInputWarning: An input array is nearly constant; the computed correlation coefficient may be inaccurate.
  rhos = [pearsonr(vel_all[m][:, d], pv[:, d])[0] for d in range(vel_all.shape[1])]
/home/likun-share/junjxu/wm/phyworld/scripts/rollout_eval_id1k.py:296: NearConstantInputWarning: An input array is nearly constant; the computed correlation coefficient may be inaccurate.
  rhos = [pearsonr(vel_all[m][:, d], pv[:, d])[0] for d in range(vel_all.shape[1])]

=== parabola AR ROLLOUT (LeWM ID-only FT, history_size=3) ===
--- latent fidelity (pred vs real emb), test trajs, by partition ---
  ID         n=  464  cos=+0.9588  nMSE=0.0787
  r/m-OOD    n=  319  cos=+0.9580  nMSE=0.2226
  v-OOD      n=  928  cos=+0.7904  nMSE=0.2698
  both-OOD   n= 1189  cos=+0.8051  nMSE=0.3146

--- latent fidelity vs horizon (test, aggregate) ---
  h=  1  n=  100  cos=+0.9692  nMSE=0.1412
  h=  2  n=  100  cos=+0.9643  nMSE=0.1596
  h=  4  n=  100  cos=+0.9581  nMSE=0.1913
  h=  8  n=  100  cos=+0.9442  nMSE=0.2637
  h= 16  n=  100  cos=+0.8430  nMSE=0.2666
  h= 28  n=  100  cos=+0.7310  nMSE=1.5351

--- decoded pos/vel ρ from ROLLED-OUT latents (test), by partition ---
  [baseline] probe applied to REAL embs:
  REAL ID                   pos0ρ=+0.939  pos1ρ=+0.989  vel0ρ=+0.612  vel1ρ=+0.992
  REAL r/m-OOD              pos0ρ=+0.921  pos1ρ=+0.986  vel0ρ=+0.569  vel1ρ=+0.985
  REAL v-OOD                pos0ρ=+0.926  pos1ρ=+0.914  vel0ρ=+0.799  vel1ρ=+0.955
  REAL both-OOD             pos0ρ=+0.920  pos1ρ=+0.930  vel0ρ=+0.787  vel1ρ=+0.961
  [rollout] probe applied to PREDICTED embs:
  PRED ID                   pos0ρ=+0.984  pos1ρ=+0.997  vel0ρ=+0.701  vel1ρ=+0.995
  PRED r/m-OOD              pos0ρ=+0.964  pos1ρ=+0.989  vel0ρ=+0.745  vel1ρ=+0.988
  PRED v-OOD                pos0ρ=+0.971  pos1ρ=+0.980  vel0ρ=+0.760  vel1ρ=+0.991
  PRED both-OOD             pos0ρ=+0.964  pos1ρ=+0.976  vel0ρ=+0.853  vel1ρ=+0.988

--- decoded vel ρ from PRED latents vs horizon (test, aggregate) ---
  h=  1  n=  100  vel0ρ=+0.562  vel1ρ=-0.203
  h=  2  n=  100  vel0ρ=+0.710  vel1ρ=+0.085
  h=  4  n=  100  vel0ρ=+0.768  vel1ρ=-0.078
  h=  8  n=  100  vel0ρ=+0.832  vel1ρ=+nan
  h= 16  n=  100  vel0ρ=+0.931  vel1ρ=+0.123
  h= 28  n=  100  vel0ρ=+0.996  vel1ρ=+0.077

--- [K=4] decoded pos/vel ρ from ROLLED-OUT latents (test), by partition ---
  [K=4] probe applied to PREDICTED embs (stack 4 consecutive predicted latents):
  PRED-K4 ID          pos0ρ=+0.980  pos1ρ=+0.998  vel0ρ=+0.803  vel1ρ=+0.996
  PRED-K4 r/m-OOD     pos0ρ=+0.959  pos1ρ=+0.989  vel0ρ=+0.738  vel1ρ=+0.992
  PRED-K4 v-OOD       pos0ρ=+0.965  pos1ρ=+0.981  vel0ρ=+0.778  vel1ρ=+0.991
  PRED-K4 both-OOD    pos0ρ=+0.964  pos1ρ=+0.978  vel0ρ=+0.917  vel1ρ=+0.989

--- [K=4] decoded vel ρ from PRED latents vs horizon (test, aggregate) ---
  h=  4  n=  100  vel0ρ=+0.791  vel1ρ=-0.023
  h=  8  n=  100  vel0ρ=+0.874  vel1ρ=+nan
  h= 16  n=  100  vel0ρ=+0.805  vel1ρ=+0.203
  h= 28  n=  100  vel0ρ=+0.580  vel1ρ=+0.035

Total 115s
