[norm] action mean=[ 0.24667731 -0.40296947], std=[0.08836433 0.229554  ]  (from phyworld_parabola_id1k.h5)
[ckpt] /data1/likun-share/junjxu/.stable_worldmodel/dinowm_par_structpos_plain_s42/dinowm_par_structpos_plain_s42_epoch_20_object.ckpt  tag=dinowm_par_structpos_plain_s42
  rolled out 100 trajs, t=30s
  rolled out 200 trajs, t=54s
  rolled out 300 trajs, t=79s
  rolled out 400 trajs, t=103s
  rolled out 500 trajs, t=125s

[data] 500 trajs, 14500 (frame,pred) pairs, emb dim=192
/home/likun-share/junjxu/wm/phyworld/scripts/rollout_eval_id1k.py:242: ConstantInputWarning: An input array is constant; the correlation coefficient is not defined.
  rhos = [pearsonr(vel_all[m][:, d], pv[:, d])[0] for d in range(vel_all.shape[1])]
/home/likun-share/junjxu/wm/phyworld/scripts/rollout_eval_id1k.py:242: NearConstantInputWarning: An input array is nearly constant; the computed correlation coefficient may be inaccurate.
  rhos = [pearsonr(vel_all[m][:, d], pv[:, d])[0] for d in range(vel_all.shape[1])]
/home/likun-share/junjxu/wm/phyworld/scripts/rollout_eval_id1k.py:242: NearConstantInputWarning: An input array is nearly constant; the computed correlation coefficient may be inaccurate.
  rhos = [pearsonr(vel_all[m][:, d], pv[:, d])[0] for d in range(vel_all.shape[1])]
/home/likun-share/junjxu/wm/phyworld/scripts/rollout_eval_id1k.py:296: ConstantInputWarning: An input array is constant; the correlation coefficient is not defined.
  rhos = [pearsonr(vel_all[m][:, d], pv[:, d])[0] for d in range(vel_all.shape[1])]
/home/likun-share/junjxu/wm/phyworld/scripts/rollout_eval_id1k.py:296: NearConstantInputWarning: An input array is nearly constant; the computed correlation coefficient may be inaccurate.
  rhos = [pearsonr(vel_all[m][:, d], pv[:, d])[0] for d in range(vel_all.shape[1])]
/home/likun-share/junjxu/wm/phyworld/scripts/rollout_eval_id1k.py:296: NearConstantInputWarning: An input array is nearly constant; the computed correlation coefficient may be inaccurate.
  rhos = [pearsonr(vel_all[m][:, d], pv[:, d])[0] for d in range(vel_all.shape[1])]

=== parabola AR ROLLOUT (LeWM ID-only FT, history_size=3) ===
--- latent fidelity (pred vs real emb), test trajs, by partition ---
  ID         n=  464  cos=+0.9593  nMSE=0.0773
  r/m-OOD    n=  319  cos=+0.9567  nMSE=0.2453
  v-OOD      n=  928  cos=+0.7858  nMSE=0.3659
  both-OOD   n= 1189  cos=+0.7995  nMSE=0.4277

--- latent fidelity vs horizon (test, aggregate) ---
  h=  1  n=  100  cos=+0.9659  nMSE=0.1779
  h=  2  n=  100  cos=+0.9607  nMSE=0.1976
  h=  4  n=  100  cos=+0.9521  nMSE=0.2427
  h=  8  n=  100  cos=+0.9207  nMSE=0.3614
  h= 16  n=  100  cos=+0.8061  nMSE=0.3811
  h= 28  n=  100  cos=+0.7723  nMSE=1.3777

--- decoded pos/vel ρ from ROLLED-OUT latents (test), by partition ---
  [baseline] probe applied to REAL embs:
  REAL ID                   pos0ρ=+0.946  pos1ρ=+0.989  vel0ρ=+0.643  vel1ρ=+0.991
  REAL r/m-OOD              pos0ρ=+0.920  pos1ρ=+0.986  vel0ρ=+0.553  vel1ρ=+0.985
  REAL v-OOD                pos0ρ=+0.926  pos1ρ=+0.914  vel0ρ=+0.779  vel1ρ=+0.956
  REAL both-OOD             pos0ρ=+0.910  pos1ρ=+0.930  vel0ρ=+0.773  vel1ρ=+0.960
  [rollout] probe applied to PREDICTED embs:
  PRED ID                   pos0ρ=+0.957  pos1ρ=+0.992  vel0ρ=+0.645  vel1ρ=+0.994
  PRED r/m-OOD              pos0ρ=+0.905  pos1ρ=+0.982  vel0ρ=+0.693  vel1ρ=+0.982
  PRED v-OOD                pos0ρ=+0.779  pos1ρ=+0.955  vel0ρ=+0.558  vel1ρ=+0.980
  PRED both-OOD             pos0ρ=+0.811  pos1ρ=+0.955  vel0ρ=+0.693  vel1ρ=+0.970

--- decoded vel ρ from PRED latents vs horizon (test, aggregate) ---
  h=  1  n=  100  vel0ρ=+0.510  vel1ρ=+0.251
  h=  2  n=  100  vel0ρ=+0.755  vel1ρ=-0.249
  h=  4  n=  100  vel0ρ=+0.787  vel1ρ=-0.289
  h=  8  n=  100  vel0ρ=+0.851  vel1ρ=+nan
  h= 16  n=  100  vel0ρ=+0.891  vel1ρ=+0.108
  h= 28  n=  100  vel0ρ=+0.110  vel1ρ=+0.066

--- [K=4] decoded pos/vel ρ from ROLLED-OUT latents (test), by partition ---
  [K=4] probe applied to PREDICTED embs (stack 4 consecutive predicted latents):
  PRED-K4 ID          pos0ρ=+0.968  pos1ρ=+0.998  vel0ρ=+0.820  vel1ρ=+0.996
  PRED-K4 r/m-OOD     pos0ρ=+0.932  pos1ρ=+0.987  vel0ρ=+0.826  vel1ρ=+0.987
  PRED-K4 v-OOD       pos0ρ=+0.823  pos1ρ=+0.966  vel0ρ=+0.762  vel1ρ=+0.980
  PRED-K4 both-OOD    pos0ρ=+0.852  pos1ρ=+0.969  vel0ρ=+0.857  vel1ρ=+0.975

--- [K=4] decoded vel ρ from PRED latents vs horizon (test, aggregate) ---
  h=  4  n=  100  vel0ρ=+0.837  vel1ρ=-0.348
  h=  8  n=  100  vel0ρ=+0.941  vel1ρ=+nan
  h= 16  n=  100  vel0ρ=+0.931  vel1ρ=-0.101
  h= 28  n=  100  vel0ρ=+0.405  vel1ρ=+0.029

Total 126s
