[norm] action mean=[0.24667731 0.        ], std=[8.83643282e-02 1.00000000e-08]  (from phyworld_uniform_motion_id1k.h5)
[ckpt] /data1/likun-share/junjxu/.stable_worldmodel/dinowm_um_tf_s1234/dinowm_um_tf_s1234_epoch_20_object.ckpt  tag=dinowm_um_tf_s1234
  rolled out 100 trajs, t=69s
  rolled out 200 trajs, t=120s
  rolled out 300 trajs, t=169s
  rolled out 400 trajs, t=223s
  rolled out 500 trajs, t=271s

[data] 500 trajs, 14500 (frame,pred) pairs, emb dim=192
/home/likun-share/junjxu/wm/phyworld/scripts/rollout_eval_id1k.py:197: ConstantInputWarning: An input array is constant; the correlation coefficient is not defined.
  rho = pearsonr(vel_all[mask][:, d], pv[:, d])[0]
/home/likun-share/junjxu/wm/phyworld/scripts/rollout_eval_id1k.py:197: ConstantInputWarning: An input array is constant; the correlation coefficient is not defined.
  rho = pearsonr(vel_all[mask][:, d], pv[:, d])[0]
/home/likun-share/junjxu/wm/phyworld/scripts/rollout_eval_id1k.py:197: ConstantInputWarning: An input array is constant; the correlation coefficient is not defined.
  rho = pearsonr(vel_all[mask][:, d], pv[:, d])[0]
/home/likun-share/junjxu/wm/phyworld/scripts/rollout_eval_id1k.py:197: ConstantInputWarning: An input array is constant; the correlation coefficient is not defined.
  rho = pearsonr(vel_all[mask][:, d], pv[:, d])[0]
/home/likun-share/junjxu/wm/phyworld/scripts/rollout_eval_id1k.py:197: ConstantInputWarning: An input array is constant; the correlation coefficient is not defined.
  rho = pearsonr(vel_all[mask][:, d], pv[:, d])[0]
/home/likun-share/junjxu/wm/phyworld/scripts/rollout_eval_id1k.py:197: ConstantInputWarning: An input array is constant; the correlation coefficient is not defined.
  rho = pearsonr(vel_all[mask][:, d], pv[:, d])[0]
/home/likun-share/junjxu/wm/phyworld/scripts/rollout_eval_id1k.py:197: ConstantInputWarning: An input array is constant; the correlation coefficient is not defined.
  rho = pearsonr(vel_all[mask][:, d], pv[:, d])[0]
/home/likun-share/junjxu/wm/phyworld/scripts/rollout_eval_id1k.py:197: ConstantInputWarning: An input array is constant; the correlation coefficient is not defined.
  rho = pearsonr(vel_all[mask][:, d], pv[:, d])[0]
/home/likun-share/junjxu/wm/phyworld/scripts/rollout_eval_id1k.py:242: ConstantInputWarning: An input array is constant; the correlation coefficient is not defined.
  rhos = [pearsonr(vel_all[m][:, d], pv[:, d])[0] for d in range(vel_all.shape[1])]
/home/likun-share/junjxu/wm/phyworld/scripts/rollout_eval_id1k.py:242: ConstantInputWarning: An input array is constant; the correlation coefficient is not defined.
  rhos = [pearsonr(vel_all[m][:, d], pv[:, d])[0] for d in range(vel_all.shape[1])]
/home/likun-share/junjxu/wm/phyworld/scripts/rollout_eval_id1k.py:242: ConstantInputWarning: An input array is constant; the correlation coefficient is not defined.
  rhos = [pearsonr(vel_all[m][:, d], pv[:, d])[0] for d in range(vel_all.shape[1])]
/home/likun-share/junjxu/wm/phyworld/scripts/rollout_eval_id1k.py:242: ConstantInputWarning: An input array is constant; the correlation coefficient is not defined.
  rhos = [pearsonr(vel_all[m][:, d], pv[:, d])[0] for d in range(vel_all.shape[1])]
/home/likun-share/junjxu/wm/phyworld/scripts/rollout_eval_id1k.py:242: ConstantInputWarning: An input array is constant; the correlation coefficient is not defined.
  rhos = [pearsonr(vel_all[m][:, d], pv[:, d])[0] for d in range(vel_all.shape[1])]
/home/likun-share/junjxu/wm/phyworld/scripts/rollout_eval_id1k.py:242: ConstantInputWarning: An input array is constant; the correlation coefficient is not defined.
  rhos = [pearsonr(vel_all[m][:, d], pv[:, d])[0] for d in range(vel_all.shape[1])]
/home/likun-share/junjxu/wm/phyworld/scripts/rollout_eval_id1k.py:288: ConstantInputWarning: An input array is constant; the correlation coefficient is not defined.
  line += f"  vel{d}ρ={pearsonr(vel_all[m][:, d], pv[:, d])[0]:+.3f}"
/home/likun-share/junjxu/wm/phyworld/scripts/rollout_eval_id1k.py:288: ConstantInputWarning: An input array is constant; the correlation coefficient is not defined.
  line += f"  vel{d}ρ={pearsonr(vel_all[m][:, d], pv[:, d])[0]:+.3f}"
/home/likun-share/junjxu/wm/phyworld/scripts/rollout_eval_id1k.py:288: ConstantInputWarning: An input array is constant; the correlation coefficient is not defined.
  line += f"  vel{d}ρ={pearsonr(vel_all[m][:, d], pv[:, d])[0]:+.3f}"
/home/likun-share/junjxu/wm/phyworld/scripts/rollout_eval_id1k.py:288: ConstantInputWarning: An input array is constant; the correlation coefficient is not defined.
  line += f"  vel{d}ρ={pearsonr(vel_all[m][:, d], pv[:, d])[0]:+.3f}"
/home/likun-share/junjxu/wm/phyworld/scripts/rollout_eval_id1k.py:296: ConstantInputWarning: An input array is constant; the correlation coefficient is not defined.
  rhos = [pearsonr(vel_all[m][:, d], pv[:, d])[0] for d in range(vel_all.shape[1])]
/home/likun-share/junjxu/wm/phyworld/scripts/rollout_eval_id1k.py:296: ConstantInputWarning: An input array is constant; the correlation coefficient is not defined.
  rhos = [pearsonr(vel_all[m][:, d], pv[:, d])[0] for d in range(vel_all.shape[1])]
/home/likun-share/junjxu/wm/phyworld/scripts/rollout_eval_id1k.py:296: ConstantInputWarning: An input array is constant; the correlation coefficient is not defined.
  rhos = [pearsonr(vel_all[m][:, d], pv[:, d])[0] for d in range(vel_all.shape[1])]
/home/likun-share/junjxu/wm/phyworld/scripts/rollout_eval_id1k.py:296: ConstantInputWarning: An input array is constant; the correlation coefficient is not defined.
  rhos = [pearsonr(vel_all[m][:, d], pv[:, d])[0] for d in range(vel_all.shape[1])]

=== uniform_motion AR ROLLOUT (LeWM ID-only FT, history_size=3) ===
--- latent fidelity (pred vs real emb), test trajs, by partition ---
  ID         n=  406  cos=+0.8699  nMSE=0.2563
  r/m-OOD    n=  464  cos=+0.7905  nMSE=0.7315
  v-OOD      n=  841  cos=+0.8290  nMSE=0.3385
  both-OOD   n= 1189  cos=+0.7722  nMSE=0.6841

--- latent fidelity vs horizon (test, aggregate) ---
  h=  1  n=  100  cos=+0.9540  nMSE=0.2266
  h=  2  n=  100  cos=+0.9304  nMSE=0.2623
  h=  4  n=  100  cos=+0.8734  nMSE=0.3981
  h=  8  n=  100  cos=+0.7893  nMSE=0.5988
  h= 16  n=  100  cos=+0.7811  nMSE=0.5369
  h= 28  n=  100  cos=+0.8040  nMSE=0.5199

--- decoded pos/vel ρ from ROLLED-OUT latents (test), by partition ---
  [baseline] probe applied to REAL embs:
  REAL ID                   pos0ρ=+0.982  pos1ρ=+0.982  vel0ρ=+0.505  vel1ρ=+nan
  REAL r/m-OOD              pos0ρ=+0.969  pos1ρ=+0.978  vel0ρ=+0.532  vel1ρ=+nan
  REAL v-OOD                pos0ρ=+0.959  pos1ρ=+0.964  vel0ρ=+0.710  vel1ρ=+nan
  REAL both-OOD             pos0ρ=+0.962  pos1ρ=+0.984  vel0ρ=+0.771  vel1ρ=+nan
  [rollout] probe applied to PREDICTED embs:
  PRED ID                   pos0ρ=+0.985  pos1ρ=+0.987  vel0ρ=+0.610  vel1ρ=+nan
  PRED r/m-OOD              pos0ρ=+0.856  pos1ρ=+0.914  vel0ρ=+0.662  vel1ρ=+nan
  PRED v-OOD                pos0ρ=+0.954  pos1ρ=+0.878  vel0ρ=+0.892  vel1ρ=+nan
  PRED both-OOD             pos0ρ=+0.884  pos1ρ=+0.843  vel0ρ=+0.901  vel1ρ=+nan

--- decoded vel ρ from PRED latents vs horizon (test, aggregate) ---
  h=  1  n=  100  vel0ρ=+0.519  vel1ρ=+nan
  h=  2  n=  100  vel0ρ=+0.749  vel1ρ=+nan
  h=  4  n=  100  vel0ρ=+0.860  vel1ρ=+nan
  h=  8  n=  100  vel0ρ=+0.873  vel1ρ=+nan
  h= 16  n=  100  vel0ρ=+0.931  vel1ρ=+nan
  h= 28  n=  100  vel0ρ=+0.925  vel1ρ=+nan

--- [K=4] decoded pos/vel ρ from ROLLED-OUT latents (test), by partition ---
  [K=4] probe applied to PREDICTED embs (stack 4 consecutive predicted latents):
  PRED-K4 ID          pos0ρ=+0.986  pos1ρ=+0.988  vel0ρ=+0.802  vel1ρ=+nan
  PRED-K4 r/m-OOD     pos0ρ=+0.839  pos1ρ=+0.921  vel0ρ=+0.791  vel1ρ=+nan
  PRED-K4 v-OOD       pos0ρ=+0.970  pos1ρ=+0.895  vel0ρ=+0.970  vel1ρ=+nan
  PRED-K4 both-OOD    pos0ρ=+0.897  pos1ρ=+0.852  vel0ρ=+0.958  vel1ρ=+nan

--- [K=4] decoded vel ρ from PRED latents vs horizon (test, aggregate) ---
  h=  4  n=  100  vel0ρ=+0.873  vel1ρ=+nan
  h=  8  n=  100  vel0ρ=+0.927  vel1ρ=+nan
  h= 16  n=  100  vel0ρ=+0.956  vel1ρ=+nan
  h= 28  n=  100  vel0ρ=+0.965  vel1ρ=+nan

Total 274s
