[norm] action mean=[-0.01484401  0.          0.01575156  0.        ], std=[7.72976437e-02 1.00000000e-08 8.20558954e-02 1.00000000e-08]  (from phyworld_collision_id1k.h5)
[ckpt] /data1/likun-share/junjxu/.stable_worldmodel/dinowm_col_structpos_plain/dinowm_col_structpos_plain_epoch_20_object.ckpt  tag=dinowm_col_structpos_plain
  rolled out 100 trajs, t=42s
  rolled out 200 trajs, t=77s
  rolled out 300 trajs, t=110s
  rolled out 400 trajs, t=144s
  rolled out 500 trajs, t=177s

[data] 500 trajs, 14500 (frame,pred) pairs, emb dim=192

=== collision AR ROLLOUT (LeWM ID-only FT, history_size=3) ===
--- latent fidelity (pred vs real emb), test trajs, by partition ---
  ID         n=  203  cos=+0.8568  nMSE=0.2797
  r/m-OOD    n=  754  cos=+0.9074  nMSE=0.1995
  v-OOD      n=  290  cos=+0.7179  nMSE=0.5126
  both-OOD   n= 1653  cos=+0.7789  nMSE=0.4568

--- latent fidelity vs horizon (test, aggregate) ---
  h=  1  n=  100  cos=+0.9851  nMSE=0.0503
  h=  2  n=  100  cos=+0.9800  nMSE=0.0600
  h=  4  n=  100  cos=+0.9704  nMSE=0.0891
  h=  8  n=  100  cos=+0.9518  nMSE=0.1429
  h= 16  n=  100  cos=+0.7868  nMSE=0.4307
  h= 28  n=  100  cos=+0.6441  nMSE=0.6806

--- decoded pos/vel ρ from ROLLED-OUT latents (test), by partition ---
  [baseline] probe applied to REAL embs:
  REAL ID                   pos0ρ=+0.932  pos1ρ=+0.927  vel0ρ=+0.724  vel1ρ=+0.770
  REAL r/m-OOD              pos0ρ=+0.833  pos1ρ=+0.797  vel0ρ=+0.790  vel1ρ=+0.746
  REAL v-OOD                pos0ρ=+0.962  pos1ρ=+0.895  vel0ρ=+0.748  vel1ρ=+0.726
  REAL both-OOD             pos0ρ=+0.908  pos1ρ=+0.864  vel0ρ=+0.891  vel1ρ=+0.783
  [rollout] probe applied to PREDICTED embs:
  PRED ID                   pos0ρ=+0.657  pos1ρ=+0.668  vel0ρ=+0.640  vel1ρ=+0.651
  PRED r/m-OOD              pos0ρ=+0.812  pos1ρ=+0.837  vel0ρ=+0.799  vel1ρ=+0.782
  PRED v-OOD                pos0ρ=+0.428  pos1ρ=+0.585  vel0ρ=+0.465  vel1ρ=+0.614
  PRED both-OOD             pos0ρ=+0.712  pos1ρ=+0.858  vel0ρ=+0.830  vel1ρ=+0.815

--- decoded vel ρ from PRED latents vs horizon (test, aggregate) ---
  h=  1  n=  100  vel0ρ=+0.220  vel1ρ=-0.291
  h=  2  n=  100  vel0ρ=+0.230  vel1ρ=-0.144
  h=  4  n=  100  vel0ρ=+0.256  vel1ρ=-0.015
  h=  8  n=  100  vel0ρ=+0.754  vel1ρ=+0.780
  h= 16  n=  100  vel0ρ=+0.888  vel1ρ=+0.847
  h= 28  n=  100  vel0ρ=+0.843  vel1ρ=+0.883

--- [K=4] decoded pos/vel ρ from ROLLED-OUT latents (test), by partition ---
  [K=4] probe applied to PREDICTED embs (stack 4 consecutive predicted latents):
  PRED-K4 ID          pos0ρ=+0.735  pos1ρ=+0.795  vel0ρ=+0.779  vel1ρ=+0.782
  PRED-K4 r/m-OOD     pos0ρ=+0.858  pos1ρ=+0.872  vel0ρ=+0.884  vel1ρ=+0.835
  PRED-K4 v-OOD       pos0ρ=+0.463  pos1ρ=+0.658  vel0ρ=+0.504  vel1ρ=+0.670
  PRED-K4 both-OOD    pos0ρ=+0.764  pos1ρ=+0.878  vel0ρ=+0.836  vel1ρ=+0.852

--- [K=4] decoded vel ρ from PRED latents vs horizon (test, aggregate) ---
  h=  4  n=  100  vel0ρ=+0.270  vel1ρ=+0.318
  h=  8  n=  100  vel0ρ=+0.678  vel1ρ=+0.725
  h= 16  n=  100  vel0ρ=+0.893  vel1ρ=+0.877
  h= 28  n=  100  vel0ρ=+0.844  vel1ρ=+0.875

Total 179s
