[norm] action mean=[0.24667731 0.        ], std=[8.83643282e-02 1.00000000e-08]  (from phyworld_uniform_motion_id1k.h5)
[ckpt] /data1/likun-share/junjxu/.stable_worldmodel/dinowm_um_tf_s3072/dinowm_um_tf_s3072_epoch_20_object.ckpt  tag=dinowm_um_tf_s3072
  rolled out 100 trajs, t=74s
  rolled out 200 trajs, t=129s
  rolled out 300 trajs, t=188s
  rolled out 400 trajs, t=241s
  rolled out 500 trajs, t=292s

[data] 500 trajs, 14500 (frame,pred) pairs, emb dim=192
/home/likun-share/junjxu/wm/phyworld/scripts/rollout_eval_id1k.py:197: ConstantInputWarning: An input array is constant; the correlation coefficient is not defined.
  rho = pearsonr(vel_all[mask][:, d], pv[:, d])[0]
/home/likun-share/junjxu/wm/phyworld/scripts/rollout_eval_id1k.py:197: ConstantInputWarning: An input array is constant; the correlation coefficient is not defined.
  rho = pearsonr(vel_all[mask][:, d], pv[:, d])[0]
/home/likun-share/junjxu/wm/phyworld/scripts/rollout_eval_id1k.py:197: ConstantInputWarning: An input array is constant; the correlation coefficient is not defined.
  rho = pearsonr(vel_all[mask][:, d], pv[:, d])[0]
/home/likun-share/junjxu/wm/phyworld/scripts/rollout_eval_id1k.py:197: ConstantInputWarning: An input array is constant; the correlation coefficient is not defined.
  rho = pearsonr(vel_all[mask][:, d], pv[:, d])[0]
/home/likun-share/junjxu/wm/phyworld/scripts/rollout_eval_id1k.py:197: ConstantInputWarning: An input array is constant; the correlation coefficient is not defined.
  rho = pearsonr(vel_all[mask][:, d], pv[:, d])[0]
/home/likun-share/junjxu/wm/phyworld/scripts/rollout_eval_id1k.py:197: ConstantInputWarning: An input array is constant; the correlation coefficient is not defined.
  rho = pearsonr(vel_all[mask][:, d], pv[:, d])[0]
/home/likun-share/junjxu/wm/phyworld/scripts/rollout_eval_id1k.py:197: ConstantInputWarning: An input array is constant; the correlation coefficient is not defined.
  rho = pearsonr(vel_all[mask][:, d], pv[:, d])[0]
/home/likun-share/junjxu/wm/phyworld/scripts/rollout_eval_id1k.py:197: ConstantInputWarning: An input array is constant; the correlation coefficient is not defined.
  rho = pearsonr(vel_all[mask][:, d], pv[:, d])[0]
/home/likun-share/junjxu/wm/phyworld/scripts/rollout_eval_id1k.py:242: ConstantInputWarning: An input array is constant; the correlation coefficient is not defined.
  rhos = [pearsonr(vel_all[m][:, d], pv[:, d])[0] for d in range(vel_all.shape[1])]
/home/likun-share/junjxu/wm/phyworld/scripts/rollout_eval_id1k.py:242: ConstantInputWarning: An input array is constant; the correlation coefficient is not defined.
  rhos = [pearsonr(vel_all[m][:, d], pv[:, d])[0] for d in range(vel_all.shape[1])]
/home/likun-share/junjxu/wm/phyworld/scripts/rollout_eval_id1k.py:242: ConstantInputWarning: An input array is constant; the correlation coefficient is not defined.
  rhos = [pearsonr(vel_all[m][:, d], pv[:, d])[0] for d in range(vel_all.shape[1])]
/home/likun-share/junjxu/wm/phyworld/scripts/rollout_eval_id1k.py:242: ConstantInputWarning: An input array is constant; the correlation coefficient is not defined.
  rhos = [pearsonr(vel_all[m][:, d], pv[:, d])[0] for d in range(vel_all.shape[1])]
/home/likun-share/junjxu/wm/phyworld/scripts/rollout_eval_id1k.py:242: ConstantInputWarning: An input array is constant; the correlation coefficient is not defined.
  rhos = [pearsonr(vel_all[m][:, d], pv[:, d])[0] for d in range(vel_all.shape[1])]
/home/likun-share/junjxu/wm/phyworld/scripts/rollout_eval_id1k.py:242: ConstantInputWarning: An input array is constant; the correlation coefficient is not defined.
  rhos = [pearsonr(vel_all[m][:, d], pv[:, d])[0] for d in range(vel_all.shape[1])]
/home/likun-share/junjxu/wm/phyworld/scripts/rollout_eval_id1k.py:288: ConstantInputWarning: An input array is constant; the correlation coefficient is not defined.
  line += f"  vel{d}ρ={pearsonr(vel_all[m][:, d], pv[:, d])[0]:+.3f}"
/home/likun-share/junjxu/wm/phyworld/scripts/rollout_eval_id1k.py:288: ConstantInputWarning: An input array is constant; the correlation coefficient is not defined.
  line += f"  vel{d}ρ={pearsonr(vel_all[m][:, d], pv[:, d])[0]:+.3f}"
/home/likun-share/junjxu/wm/phyworld/scripts/rollout_eval_id1k.py:288: ConstantInputWarning: An input array is constant; the correlation coefficient is not defined.
  line += f"  vel{d}ρ={pearsonr(vel_all[m][:, d], pv[:, d])[0]:+.3f}"
/home/likun-share/junjxu/wm/phyworld/scripts/rollout_eval_id1k.py:288: ConstantInputWarning: An input array is constant; the correlation coefficient is not defined.
  line += f"  vel{d}ρ={pearsonr(vel_all[m][:, d], pv[:, d])[0]:+.3f}"
/home/likun-share/junjxu/wm/phyworld/scripts/rollout_eval_id1k.py:296: ConstantInputWarning: An input array is constant; the correlation coefficient is not defined.
  rhos = [pearsonr(vel_all[m][:, d], pv[:, d])[0] for d in range(vel_all.shape[1])]
/home/likun-share/junjxu/wm/phyworld/scripts/rollout_eval_id1k.py:296: ConstantInputWarning: An input array is constant; the correlation coefficient is not defined.
  rhos = [pearsonr(vel_all[m][:, d], pv[:, d])[0] for d in range(vel_all.shape[1])]
/home/likun-share/junjxu/wm/phyworld/scripts/rollout_eval_id1k.py:296: ConstantInputWarning: An input array is constant; the correlation coefficient is not defined.
  rhos = [pearsonr(vel_all[m][:, d], pv[:, d])[0] for d in range(vel_all.shape[1])]
/home/likun-share/junjxu/wm/phyworld/scripts/rollout_eval_id1k.py:296: ConstantInputWarning: An input array is constant; the correlation coefficient is not defined.
  rhos = [pearsonr(vel_all[m][:, d], pv[:, d])[0] for d in range(vel_all.shape[1])]

=== uniform_motion AR ROLLOUT (LeWM ID-only FT, history_size=3) ===
--- latent fidelity (pred vs real emb), test trajs, by partition ---
  ID         n=  406  cos=+0.8728  nMSE=0.2533
  r/m-OOD    n=  464  cos=+0.8678  nMSE=0.5143
  v-OOD      n=  841  cos=+0.8480  nMSE=0.2983
  both-OOD   n= 1189  cos=+0.8268  nMSE=0.5509

--- latent fidelity vs horizon (test, aggregate) ---
  h=  1  n=  100  cos=+0.9580  nMSE=0.1979
  h=  2  n=  100  cos=+0.9363  nMSE=0.2329
  h=  4  n=  100  cos=+0.8914  nMSE=0.3371
  h=  8  n=  100  cos=+0.8277  nMSE=0.4806
  h= 16  n=  100  cos=+0.8384  nMSE=0.4062
  h= 28  n=  100  cos=+0.8494  nMSE=0.4237

--- decoded pos/vel ρ from ROLLED-OUT latents (test), by partition ---
  [baseline] probe applied to REAL embs:
  REAL ID                   pos0ρ=+0.977  pos1ρ=+0.985  vel0ρ=+0.538  vel1ρ=+nan
  REAL r/m-OOD              pos0ρ=+0.970  pos1ρ=+0.979  vel0ρ=+0.496  vel1ρ=+nan
  REAL v-OOD                pos0ρ=+0.960  pos1ρ=+0.964  vel0ρ=+0.700  vel1ρ=+nan
  REAL both-OOD             pos0ρ=+0.962  pos1ρ=+0.983  vel0ρ=+0.758  vel1ρ=+nan
  [rollout] probe applied to PREDICTED embs:
  PRED ID                   pos0ρ=+0.979  pos1ρ=+0.982  vel0ρ=+0.580  vel1ρ=+nan
  PRED r/m-OOD              pos0ρ=+0.947  pos1ρ=+0.852  vel0ρ=+0.717  vel1ρ=+nan
  PRED v-OOD                pos0ρ=+0.949  pos1ρ=+0.873  vel0ρ=+0.890  vel1ρ=+nan
  PRED both-OOD             pos0ρ=+0.917  pos1ρ=+0.845  vel0ρ=+0.898  vel1ρ=+nan

--- decoded vel ρ from PRED latents vs horizon (test, aggregate) ---
  h=  1  n=  100  vel0ρ=+0.407  vel1ρ=+nan
  h=  2  n=  100  vel0ρ=+0.666  vel1ρ=+nan
  h=  4  n=  100  vel0ρ=+0.830  vel1ρ=+nan
  h=  8  n=  100  vel0ρ=+0.885  vel1ρ=+nan
  h= 16  n=  100  vel0ρ=+0.947  vel1ρ=+nan
  h= 28  n=  100  vel0ρ=+0.912  vel1ρ=+nan

--- [K=4] decoded pos/vel ρ from ROLLED-OUT latents (test), by partition ---
  [K=4] probe applied to PREDICTED embs (stack 4 consecutive predicted latents):
  PRED-K4 ID          pos0ρ=+0.990  pos1ρ=+0.985  vel0ρ=+0.796  vel1ρ=+nan
  PRED-K4 r/m-OOD     pos0ρ=+0.964  pos1ρ=+0.847  vel0ρ=+0.795  vel1ρ=+nan
  PRED-K4 v-OOD       pos0ρ=+0.966  pos1ρ=+0.886  vel0ρ=+0.964  vel1ρ=+nan
  PRED-K4 both-OOD    pos0ρ=+0.933  pos1ρ=+0.844  vel0ρ=+0.964  vel1ρ=+nan

--- [K=4] decoded vel ρ from PRED latents vs horizon (test, aggregate) ---
  h=  4  n=  100  vel0ρ=+0.888  vel1ρ=+nan
  h=  8  n=  100  vel0ρ=+0.972  vel1ρ=+nan
  h= 16  n=  100  vel0ρ=+0.931  vel1ρ=+nan
  h= 28  n=  100  vel0ρ=+0.946  vel1ρ=+nan

Total 294s
