[norm] action mean=[-0.01484401  0.          0.01575156  0.        ], std=[7.72976437e-02 1.00000000e-08 8.20558954e-02 1.00000000e-08]  (from phyworld_collision_id1k.h5)
[ckpt] /data1/likun-share/junjxu/.stable_worldmodel/dinowm_col_grounded2_const/dinowm_col_grounded2_const_epoch_20_object.ckpt  tag=dinowm_col_grounded2_const
  rolled out 100 trajs, t=20s
  rolled out 200 trajs, t=37s
  rolled out 300 trajs, t=54s
  rolled out 400 trajs, t=71s
  rolled out 500 trajs, t=87s

[data] 500 trajs, 14500 (frame,pred) pairs, emb dim=192

=== collision AR ROLLOUT (LeWM ID-only FT, history_size=3) ===
--- latent fidelity (pred vs real emb), test trajs, by partition ---
  ID         n=  203  cos=+0.8667  nMSE=0.2680
  r/m-OOD    n=  754  cos=+0.8384  nMSE=0.3389
  v-OOD      n=  290  cos=+0.7567  nMSE=0.5243
  both-OOD   n= 1653  cos=+0.7117  nMSE=0.6074

--- latent fidelity vs horizon (test, aggregate) ---
  h=  1  n=  100  cos=+0.9836  nMSE=0.0567
  h=  2  n=  100  cos=+0.9778  nMSE=0.0687
  h=  4  n=  100  cos=+0.9675  nMSE=0.0990
  h=  8  n=  100  cos=+0.9465  nMSE=0.1646
  h= 16  n=  100  cos=+0.7607  nMSE=0.4906
  h= 28  n=  100  cos=+0.4765  nMSE=1.0994

--- decoded pos/vel ρ from ROLLED-OUT latents (test), by partition ---
  [baseline] probe applied to REAL embs:
  REAL ID                   pos0ρ=+0.938  pos1ρ=+0.937  vel0ρ=+0.712  vel1ρ=+0.758
  REAL r/m-OOD              pos0ρ=+0.832  pos1ρ=+0.790  vel0ρ=+0.775  vel1ρ=+0.770
  REAL v-OOD                pos0ρ=+0.928  pos1ρ=+0.911  vel0ρ=+0.775  vel1ρ=+0.723
  REAL both-OOD             pos0ρ=+0.907  pos1ρ=+0.862  vel0ρ=+0.890  vel1ρ=+0.782
  [rollout] probe applied to PREDICTED embs:
  PRED ID                   pos0ρ=+0.539  pos1ρ=+0.128  vel0ρ=+0.318  vel1ρ=+0.119
  PRED r/m-OOD              pos0ρ=+0.124  pos1ρ=+0.295  vel0ρ=+0.101  vel1ρ=+0.346
  PRED v-OOD                pos0ρ=+0.479  pos1ρ=+0.466  vel0ρ=+0.277  vel1ρ=+0.198
  PRED both-OOD             pos0ρ=+0.147  pos1ρ=+0.064  vel0ρ=+0.244  vel1ρ=+0.280

--- decoded vel ρ from PRED latents vs horizon (test, aggregate) ---
  h=  1  n=  100  vel0ρ=+0.326  vel1ρ=+0.096
  h=  2  n=  100  vel0ρ=+0.289  vel1ρ=+0.050
  h=  4  n=  100  vel0ρ=+0.261  vel1ρ=+0.169
  h=  8  n=  100  vel0ρ=+0.382  vel1ρ=+0.487
  h= 16  n=  100  vel0ρ=+0.252  vel1ρ=+0.392
  h= 28  n=  100  vel0ρ=+0.023  vel1ρ=+0.203

--- [K=4] decoded pos/vel ρ from ROLLED-OUT latents (test), by partition ---
  [K=4] probe applied to PREDICTED embs (stack 4 consecutive predicted latents):
  PRED-K4 ID          pos0ρ=+0.424  pos1ρ=+0.015  vel0ρ=+0.426  vel1ρ=+0.184
  PRED-K4 r/m-OOD     pos0ρ=+0.110  pos1ρ=+0.256  vel0ρ=+0.172  vel1ρ=+0.327
  PRED-K4 v-OOD       pos0ρ=+0.470  pos1ρ=+0.440  vel0ρ=+0.400  vel1ρ=+0.233
  PRED-K4 both-OOD    pos0ρ=+0.162  pos1ρ=+0.037  vel0ρ=+0.129  vel1ρ=+0.216

--- [K=4] decoded vel ρ from PRED latents vs horizon (test, aggregate) ---
  h=  4  n=  100  vel0ρ=+0.430  vel1ρ=+0.344
  h=  8  n=  100  vel0ρ=+0.549  vel1ρ=+0.503
  h= 16  n=  100  vel0ρ=+0.142  vel1ρ=+0.256
  h= 28  n=  100  vel0ρ=-0.028  vel1ρ=+0.162

Total 88s
