[norm] action mean=[ 0.24667731 -0.40296947], std=[0.08836433 0.229554  ]  (from phyworld_parabola_id1k.h5)
[ckpt] /data1/likun-share/junjxu/.stable_worldmodel/dinowm_par_np16/dinowm_par_np16_epoch_20_object.ckpt  tag=dinowm_par_np16
  rolled out 100 trajs, t=30s
  rolled out 200 trajs, t=54s
  rolled out 300 trajs, t=78s
  rolled out 400 trajs, t=101s
  rolled out 500 trajs, t=126s

[data] 500 trajs, 14500 (frame,pred) pairs, emb dim=192
/home/likun-share/junjxu/wm/phyworld/scripts/rollout_eval_id1k.py:242: ConstantInputWarning: An input array is constant; the correlation coefficient is not defined.
  rhos = [pearsonr(vel_all[m][:, d], pv[:, d])[0] for d in range(vel_all.shape[1])]
/home/likun-share/junjxu/wm/phyworld/scripts/rollout_eval_id1k.py:242: NearConstantInputWarning: An input array is nearly constant; the computed correlation coefficient may be inaccurate.
  rhos = [pearsonr(vel_all[m][:, d], pv[:, d])[0] for d in range(vel_all.shape[1])]
/home/likun-share/junjxu/wm/phyworld/scripts/rollout_eval_id1k.py:242: NearConstantInputWarning: An input array is nearly constant; the computed correlation coefficient may be inaccurate.
  rhos = [pearsonr(vel_all[m][:, d], pv[:, d])[0] for d in range(vel_all.shape[1])]
/home/likun-share/junjxu/wm/phyworld/scripts/rollout_eval_id1k.py:296: ConstantInputWarning: An input array is constant; the correlation coefficient is not defined.
  rhos = [pearsonr(vel_all[m][:, d], pv[:, d])[0] for d in range(vel_all.shape[1])]
/home/likun-share/junjxu/wm/phyworld/scripts/rollout_eval_id1k.py:296: NearConstantInputWarning: An input array is nearly constant; the computed correlation coefficient may be inaccurate.
  rhos = [pearsonr(vel_all[m][:, d], pv[:, d])[0] for d in range(vel_all.shape[1])]
/home/likun-share/junjxu/wm/phyworld/scripts/rollout_eval_id1k.py:296: NearConstantInputWarning: An input array is nearly constant; the computed correlation coefficient may be inaccurate.
  rhos = [pearsonr(vel_all[m][:, d], pv[:, d])[0] for d in range(vel_all.shape[1])]

=== parabola AR ROLLOUT (LeWM ID-only FT, history_size=3) ===
--- latent fidelity (pred vs real emb), test trajs, by partition ---
  ID         n=  464  cos=+0.9483  nMSE=0.0910
  r/m-OOD    n=  319  cos=+0.9538  nMSE=0.2450
  v-OOD      n=  928  cos=+0.6650  nMSE=0.3956
  both-OOD   n= 1189  cos=+0.7162  nMSE=0.3829

--- latent fidelity vs horizon (test, aggregate) ---
  h=  1  n=  100  cos=+0.9520  nMSE=0.1920
  h=  2  n=  100  cos=+0.9484  nMSE=0.2041
  h=  4  n=  100  cos=+0.9430  nMSE=0.2264
  h=  8  n=  100  cos=+0.9281  nMSE=0.2946
  h= 16  n=  100  cos=+0.7888  nMSE=0.3746
  h= 28  n=  100  cos=+0.5572  nMSE=1.7889

--- decoded pos/vel ρ from ROLLED-OUT latents (test), by partition ---
  [baseline] probe applied to REAL embs:
  REAL ID                   pos0ρ=+0.641  pos1ρ=+0.564  vel0ρ=+0.629  vel1ρ=+0.533
  REAL r/m-OOD              pos0ρ=+0.843  pos1ρ=+0.895  vel0ρ=+0.534  vel1ρ=+0.905
  REAL v-OOD                pos0ρ=+0.903  pos1ρ=+0.804  vel0ρ=+0.779  vel1ρ=+0.833
  REAL both-OOD             pos0ρ=+0.897  pos1ρ=+0.871  vel0ρ=+0.787  vel1ρ=+0.900
  [rollout] probe applied to PREDICTED embs:
  PRED ID                   pos0ρ=+0.505  pos1ρ=+0.472  vel0ρ=+0.706  vel1ρ=+0.393
  PRED r/m-OOD              pos0ρ=+0.508  pos1ρ=+0.642  vel0ρ=+0.680  vel1ρ=+0.559
  PRED v-OOD                pos0ρ=+0.406  pos1ρ=+0.794  vel0ρ=+0.580  vel1ρ=+0.771
  PRED both-OOD             pos0ρ=+0.578  pos1ρ=+0.786  vel0ρ=+0.714  vel1ρ=+0.720

--- decoded vel ρ from PRED latents vs horizon (test, aggregate) ---
  h=  1  n=  100  vel0ρ=+0.278  vel1ρ=-0.563
  h=  2  n=  100  vel0ρ=+0.586  vel1ρ=+0.628
  h=  4  n=  100  vel0ρ=+0.780  vel1ρ=+0.336
  h=  8  n=  100  vel0ρ=+0.908  vel1ρ=+nan
  h= 16  n=  100  vel0ρ=+0.863  vel1ρ=+0.171
  h= 28  n=  100  vel0ρ=+0.724  vel1ρ=-0.067

--- [K=4] decoded pos/vel ρ from ROLLED-OUT latents (test), by partition ---
  [K=4] probe applied to PREDICTED embs (stack 4 consecutive predicted latents):
  PRED-K4 ID          pos0ρ=+0.510  pos1ρ=+0.464  vel0ρ=+0.855  vel1ρ=+0.376
  PRED-K4 r/m-OOD     pos0ρ=+0.421  pos1ρ=+0.456  vel0ρ=+0.839  vel1ρ=+0.395
  PRED-K4 v-OOD       pos0ρ=+0.312  pos1ρ=+0.809  vel0ρ=+0.725  vel1ρ=+0.739
  PRED-K4 both-OOD    pos0ρ=+0.471  pos1ρ=+0.638  vel0ρ=+0.814  vel1ρ=+0.495

--- [K=4] decoded vel ρ from PRED latents vs horizon (test, aggregate) ---
  h=  4  n=  100  vel0ρ=+0.781  vel1ρ=+0.139
  h=  8  n=  100  vel0ρ=+0.967  vel1ρ=+nan
  h= 16  n=  100  vel0ρ=+0.980  vel1ρ=+0.293
  h= 28  n=  100  vel0ρ=-0.461  vel1ρ=-0.024

Total 127s
