[norm] action mean=[0.24667731 0.        ], std=[8.83643282e-02 1.00000000e-08]  (from phyworld_uniform_motion_id1k.h5)
[ckpt] /data1/likun-share/junjxu/.stable_worldmodel/dinowm_um_tf_s42/dinowm_um_tf_s42_epoch_20_object.ckpt  tag=dinowm_um_tf_s42
  rolled out 100 trajs, t=59s
  rolled out 200 trajs, t=107s
  rolled out 300 trajs, t=157s
  rolled out 400 trajs, t=208s
  rolled out 500 trajs, t=260s

[data] 500 trajs, 14500 (frame,pred) pairs, emb dim=192
/home/likun-share/junjxu/wm/phyworld/scripts/rollout_eval_id1k.py:197: ConstantInputWarning: An input array is constant; the correlation coefficient is not defined.
  rho = pearsonr(vel_all[mask][:, d], pv[:, d])[0]
/home/likun-share/junjxu/wm/phyworld/scripts/rollout_eval_id1k.py:197: ConstantInputWarning: An input array is constant; the correlation coefficient is not defined.
  rho = pearsonr(vel_all[mask][:, d], pv[:, d])[0]
/home/likun-share/junjxu/wm/phyworld/scripts/rollout_eval_id1k.py:197: ConstantInputWarning: An input array is constant; the correlation coefficient is not defined.
  rho = pearsonr(vel_all[mask][:, d], pv[:, d])[0]
/home/likun-share/junjxu/wm/phyworld/scripts/rollout_eval_id1k.py:197: ConstantInputWarning: An input array is constant; the correlation coefficient is not defined.
  rho = pearsonr(vel_all[mask][:, d], pv[:, d])[0]
/home/likun-share/junjxu/wm/phyworld/scripts/rollout_eval_id1k.py:197: ConstantInputWarning: An input array is constant; the correlation coefficient is not defined.
  rho = pearsonr(vel_all[mask][:, d], pv[:, d])[0]
/home/likun-share/junjxu/wm/phyworld/scripts/rollout_eval_id1k.py:197: ConstantInputWarning: An input array is constant; the correlation coefficient is not defined.
  rho = pearsonr(vel_all[mask][:, d], pv[:, d])[0]
/home/likun-share/junjxu/wm/phyworld/scripts/rollout_eval_id1k.py:197: ConstantInputWarning: An input array is constant; the correlation coefficient is not defined.
  rho = pearsonr(vel_all[mask][:, d], pv[:, d])[0]
/home/likun-share/junjxu/wm/phyworld/scripts/rollout_eval_id1k.py:197: ConstantInputWarning: An input array is constant; the correlation coefficient is not defined.
  rho = pearsonr(vel_all[mask][:, d], pv[:, d])[0]
/home/likun-share/junjxu/wm/phyworld/scripts/rollout_eval_id1k.py:242: ConstantInputWarning: An input array is constant; the correlation coefficient is not defined.
  rhos = [pearsonr(vel_all[m][:, d], pv[:, d])[0] for d in range(vel_all.shape[1])]
/home/likun-share/junjxu/wm/phyworld/scripts/rollout_eval_id1k.py:242: ConstantInputWarning: An input array is constant; the correlation coefficient is not defined.
  rhos = [pearsonr(vel_all[m][:, d], pv[:, d])[0] for d in range(vel_all.shape[1])]
/home/likun-share/junjxu/wm/phyworld/scripts/rollout_eval_id1k.py:242: ConstantInputWarning: An input array is constant; the correlation coefficient is not defined.
  rhos = [pearsonr(vel_all[m][:, d], pv[:, d])[0] for d in range(vel_all.shape[1])]
/home/likun-share/junjxu/wm/phyworld/scripts/rollout_eval_id1k.py:242: ConstantInputWarning: An input array is constant; the correlation coefficient is not defined.
  rhos = [pearsonr(vel_all[m][:, d], pv[:, d])[0] for d in range(vel_all.shape[1])]
/home/likun-share/junjxu/wm/phyworld/scripts/rollout_eval_id1k.py:242: ConstantInputWarning: An input array is constant; the correlation coefficient is not defined.
  rhos = [pearsonr(vel_all[m][:, d], pv[:, d])[0] for d in range(vel_all.shape[1])]
/home/likun-share/junjxu/wm/phyworld/scripts/rollout_eval_id1k.py:242: ConstantInputWarning: An input array is constant; the correlation coefficient is not defined.
  rhos = [pearsonr(vel_all[m][:, d], pv[:, d])[0] for d in range(vel_all.shape[1])]
/home/likun-share/junjxu/wm/phyworld/scripts/rollout_eval_id1k.py:288: ConstantInputWarning: An input array is constant; the correlation coefficient is not defined.
  line += f"  vel{d}ρ={pearsonr(vel_all[m][:, d], pv[:, d])[0]:+.3f}"
/home/likun-share/junjxu/wm/phyworld/scripts/rollout_eval_id1k.py:288: ConstantInputWarning: An input array is constant; the correlation coefficient is not defined.
  line += f"  vel{d}ρ={pearsonr(vel_all[m][:, d], pv[:, d])[0]:+.3f}"
/home/likun-share/junjxu/wm/phyworld/scripts/rollout_eval_id1k.py:288: ConstantInputWarning: An input array is constant; the correlation coefficient is not defined.
  line += f"  vel{d}ρ={pearsonr(vel_all[m][:, d], pv[:, d])[0]:+.3f}"
/home/likun-share/junjxu/wm/phyworld/scripts/rollout_eval_id1k.py:288: ConstantInputWarning: An input array is constant; the correlation coefficient is not defined.
  line += f"  vel{d}ρ={pearsonr(vel_all[m][:, d], pv[:, d])[0]:+.3f}"
/home/likun-share/junjxu/wm/phyworld/scripts/rollout_eval_id1k.py:296: ConstantInputWarning: An input array is constant; the correlation coefficient is not defined.
  rhos = [pearsonr(vel_all[m][:, d], pv[:, d])[0] for d in range(vel_all.shape[1])]
/home/likun-share/junjxu/wm/phyworld/scripts/rollout_eval_id1k.py:296: ConstantInputWarning: An input array is constant; the correlation coefficient is not defined.
  rhos = [pearsonr(vel_all[m][:, d], pv[:, d])[0] for d in range(vel_all.shape[1])]
/home/likun-share/junjxu/wm/phyworld/scripts/rollout_eval_id1k.py:296: ConstantInputWarning: An input array is constant; the correlation coefficient is not defined.
  rhos = [pearsonr(vel_all[m][:, d], pv[:, d])[0] for d in range(vel_all.shape[1])]
/home/likun-share/junjxu/wm/phyworld/scripts/rollout_eval_id1k.py:296: ConstantInputWarning: An input array is constant; the correlation coefficient is not defined.
  rhos = [pearsonr(vel_all[m][:, d], pv[:, d])[0] for d in range(vel_all.shape[1])]

=== uniform_motion AR ROLLOUT (LeWM ID-only FT, history_size=3) ===
--- latent fidelity (pred vs real emb), test trajs, by partition ---
  ID         n=  406  cos=+0.8756  nMSE=0.2438
  r/m-OOD    n=  464  cos=+0.8380  nMSE=0.5841
  v-OOD      n=  841  cos=+0.8505  nMSE=0.3006
  both-OOD   n= 1189  cos=+0.8317  nMSE=0.5462

--- latent fidelity vs horizon (test, aggregate) ---
  h=  1  n=  100  cos=+0.9576  nMSE=0.2104
  h=  2  n=  100  cos=+0.9391  nMSE=0.2382
  h=  4  n=  100  cos=+0.9040  nMSE=0.3312
  h=  8  n=  100  cos=+0.8336  nMSE=0.4857
  h= 16  n=  100  cos=+0.8326  nMSE=0.4200
  h= 28  n=  100  cos=+0.8557  nMSE=0.4012

--- decoded pos/vel ρ from ROLLED-OUT latents (test), by partition ---
  [baseline] probe applied to REAL embs:
  REAL ID                   pos0ρ=+0.981  pos1ρ=+0.985  vel0ρ=+0.553  vel1ρ=+nan
  REAL r/m-OOD              pos0ρ=+0.971  pos1ρ=+0.974  vel0ρ=+0.475  vel1ρ=+nan
  REAL v-OOD                pos0ρ=+0.958  pos1ρ=+0.964  vel0ρ=+0.722  vel1ρ=+nan
  REAL both-OOD             pos0ρ=+0.960  pos1ρ=+0.982  vel0ρ=+0.762  vel1ρ=+nan
  [rollout] probe applied to PREDICTED embs:
  PRED ID                   pos0ρ=+0.984  pos1ρ=+0.969  vel0ρ=+0.585  vel1ρ=+nan
  PRED r/m-OOD              pos0ρ=+0.949  pos1ρ=+0.971  vel0ρ=+0.706  vel1ρ=+nan
  PRED v-OOD                pos0ρ=+0.963  pos1ρ=+0.881  vel0ρ=+0.821  vel1ρ=+nan
  PRED both-OOD             pos0ρ=+0.944  pos1ρ=+0.889  vel0ρ=+0.930  vel1ρ=+nan

--- decoded vel ρ from PRED latents vs horizon (test, aggregate) ---
  h=  1  n=  100  vel0ρ=+0.520  vel1ρ=+nan
  h=  2  n=  100  vel0ρ=+0.669  vel1ρ=+nan
  h=  4  n=  100  vel0ρ=+0.829  vel1ρ=+nan
  h=  8  n=  100  vel0ρ=+0.860  vel1ρ=+nan
  h= 16  n=  100  vel0ρ=+0.945  vel1ρ=+nan
  h= 28  n=  100  vel0ρ=+0.910  vel1ρ=+nan

--- [K=4] decoded pos/vel ρ from ROLLED-OUT latents (test), by partition ---
  [K=4] probe applied to PREDICTED embs (stack 4 consecutive predicted latents):
  PRED-K4 ID          pos0ρ=+0.993  pos1ρ=+0.970  vel0ρ=+0.818  vel1ρ=+nan
  PRED-K4 r/m-OOD     pos0ρ=+0.955  pos1ρ=+0.977  vel0ρ=+0.870  vel1ρ=+nan
  PRED-K4 v-OOD       pos0ρ=+0.975  pos1ρ=+0.898  vel0ρ=+0.951  vel1ρ=+nan
  PRED-K4 both-OOD    pos0ρ=+0.953  pos1ρ=+0.898  vel0ρ=+0.963  vel1ρ=+nan

--- [K=4] decoded vel ρ from PRED latents vs horizon (test, aggregate) ---
  h=  4  n=  100  vel0ρ=+0.915  vel1ρ=+nan
  h=  8  n=  100  vel0ρ=+0.960  vel1ρ=+nan
  h= 16  n=  100  vel0ρ=+0.936  vel1ρ=+nan
  h= 28  n=  100  vel0ρ=+0.964  vel1ρ=+nan

Total 262s
