[norm] action mean=[ 0.24667731 -0.40296947], std=[0.08836433 0.229554  ]  (from phyworld_parabola_id1k.h5)
[ckpt] /data1/likun-share/junjxu/.stable_worldmodel/dinowm_par_dyn_mlp_s1234/dinowm_par_dyn_mlp_s1234_epoch_20_object.ckpt  tag=dinowm_par_dyn_mlp_s1234
  rolled out 100 trajs, t=28s
  rolled out 200 trajs, t=50s
  rolled out 300 trajs, t=71s
  rolled out 400 trajs, t=94s
  rolled out 500 trajs, t=116s

[data] 500 trajs, 14500 (frame,pred) pairs, emb dim=192
/home/likun-share/junjxu/wm/phyworld/scripts/rollout_eval_id1k.py:242: ConstantInputWarning: An input array is constant; the correlation coefficient is not defined.
  rhos = [pearsonr(vel_all[m][:, d], pv[:, d])[0] for d in range(vel_all.shape[1])]
/home/likun-share/junjxu/wm/phyworld/scripts/rollout_eval_id1k.py:242: NearConstantInputWarning: An input array is nearly constant; the computed correlation coefficient may be inaccurate.
  rhos = [pearsonr(vel_all[m][:, d], pv[:, d])[0] for d in range(vel_all.shape[1])]
/home/likun-share/junjxu/wm/phyworld/scripts/rollout_eval_id1k.py:242: NearConstantInputWarning: An input array is nearly constant; the computed correlation coefficient may be inaccurate.
  rhos = [pearsonr(vel_all[m][:, d], pv[:, d])[0] for d in range(vel_all.shape[1])]
/home/likun-share/junjxu/wm/phyworld/scripts/rollout_eval_id1k.py:296: ConstantInputWarning: An input array is constant; the correlation coefficient is not defined.
  rhos = [pearsonr(vel_all[m][:, d], pv[:, d])[0] for d in range(vel_all.shape[1])]
/home/likun-share/junjxu/wm/phyworld/scripts/rollout_eval_id1k.py:296: NearConstantInputWarning: An input array is nearly constant; the computed correlation coefficient may be inaccurate.
  rhos = [pearsonr(vel_all[m][:, d], pv[:, d])[0] for d in range(vel_all.shape[1])]
/home/likun-share/junjxu/wm/phyworld/scripts/rollout_eval_id1k.py:296: NearConstantInputWarning: An input array is nearly constant; the computed correlation coefficient may be inaccurate.
  rhos = [pearsonr(vel_all[m][:, d], pv[:, d])[0] for d in range(vel_all.shape[1])]

=== parabola AR ROLLOUT (LeWM ID-only FT, history_size=3) ===
--- latent fidelity (pred vs real emb), test trajs, by partition ---
  ID         n=  464  cos=+0.9473  nMSE=0.1027
  r/m-OOD    n=  319  cos=+0.9606  nMSE=0.2308
  v-OOD      n=  928  cos=+0.7991  nMSE=0.2845
  both-OOD   n= 1189  cos=+0.8210  nMSE=0.3377

--- latent fidelity vs horizon (test, aggregate) ---
  h=  1  n=  100  cos=+0.9683  nMSE=0.1492
  h=  2  n=  100  cos=+0.9633  nMSE=0.1699
  h=  4  n=  100  cos=+0.9573  nMSE=0.2080
  h=  8  n=  100  cos=+0.9363  nMSE=0.2922
  h= 16  n=  100  cos=+0.8340  nMSE=0.2738
  h= 28  n=  100  cos=+0.7809  nMSE=1.2429

--- decoded pos/vel ρ from ROLLED-OUT latents (test), by partition ---
  [baseline] probe applied to REAL embs:
  REAL ID                   pos0ρ=+0.938  pos1ρ=+0.988  vel0ρ=+0.584  vel1ρ=+0.991
  REAL r/m-OOD              pos0ρ=+0.920  pos1ρ=+0.986  vel0ρ=+0.588  vel1ρ=+0.987
  REAL v-OOD                pos0ρ=+0.925  pos1ρ=+0.913  vel0ρ=+0.778  vel1ρ=+0.953
  REAL both-OOD             pos0ρ=+0.917  pos1ρ=+0.930  vel0ρ=+0.793  vel1ρ=+0.961
  [rollout] probe applied to PREDICTED embs:
  PRED ID                   pos0ρ=+0.815  pos1ρ=+0.927  vel0ρ=+0.601  vel1ρ=+0.911
  PRED r/m-OOD              pos0ρ=+0.808  pos1ρ=+0.945  vel0ρ=+0.599  vel1ρ=+0.924
  PRED v-OOD                pos0ρ=+0.711  pos1ρ=+0.958  vel0ρ=+0.572  vel1ρ=+0.929
  PRED both-OOD             pos0ρ=+0.494  pos1ρ=+0.899  vel0ρ=+0.652  vel1ρ=+0.846

--- decoded vel ρ from PRED latents vs horizon (test, aggregate) ---
  h=  1  n=  100  vel0ρ=+0.664  vel1ρ=-0.290
  h=  2  n=  100  vel0ρ=+0.786  vel1ρ=+0.238
  h=  4  n=  100  vel0ρ=+0.789  vel1ρ=+0.248
  h=  8  n=  100  vel0ρ=+0.814  vel1ρ=+nan
  h= 16  n=  100  vel0ρ=+0.694  vel1ρ=-0.054
  h= 28  n=  100  vel0ρ=+0.375  vel1ρ=-0.015

--- [K=4] decoded pos/vel ρ from ROLLED-OUT latents (test), by partition ---
  [K=4] probe applied to PREDICTED embs (stack 4 consecutive predicted latents):
  PRED-K4 ID          pos0ρ=+0.789  pos1ρ=+0.908  vel0ρ=+0.618  vel1ρ=+0.894
  PRED-K4 r/m-OOD     pos0ρ=+0.802  pos1ρ=+0.933  vel0ρ=+0.802  vel1ρ=+0.911
  PRED-K4 v-OOD       pos0ρ=+0.682  pos1ρ=+0.947  vel0ρ=+0.732  vel1ρ=+0.911
  PRED-K4 both-OOD    pos0ρ=+0.502  pos1ρ=+0.875  vel0ρ=+0.819  vel1ρ=+0.818

--- [K=4] decoded vel ρ from PRED latents vs horizon (test, aggregate) ---
  h=  4  n=  100  vel0ρ=+0.870  vel1ρ=+0.242
  h=  8  n=  100  vel0ρ=+0.930  vel1ρ=+nan
  h= 16  n=  100  vel0ρ=+0.869  vel1ρ=-0.068
  h= 28  n=  100  vel0ρ=+0.071  vel1ρ=-0.019

Total 117s
