[norm] action mean=[0.24667731 0.        ], std=[8.83643282e-02 1.00000000e-08]  (from phyworld_uniform_motion_id1k.h5)
[ckpt] /data1/likun-share/junjxu/.stable_worldmodel/dinowm_um_weakpin_pw300_s1234/dinowm_um_weakpin_pw300_s1234_epoch_20_object.ckpt  tag=dinowm_um_weakpin_pw300_s1234
  rolled out 100 trajs, t=17s
  rolled out 200 trajs, t=31s
  rolled out 300 trajs, t=45s
  rolled out 400 trajs, t=59s
  rolled out 500 trajs, t=73s

[data] 500 trajs, 14500 (frame,pred) pairs, emb dim=192
/home/likun-share/junjxu/wm/phyworld/scripts/rollout_eval_id1k.py:197: ConstantInputWarning: An input array is constant; the correlation coefficient is not defined.
  rho = pearsonr(vel_all[mask][:, d], pv[:, d])[0]
/home/likun-share/junjxu/wm/phyworld/scripts/rollout_eval_id1k.py:197: ConstantInputWarning: An input array is constant; the correlation coefficient is not defined.
  rho = pearsonr(vel_all[mask][:, d], pv[:, d])[0]
/home/likun-share/junjxu/wm/phyworld/scripts/rollout_eval_id1k.py:197: ConstantInputWarning: An input array is constant; the correlation coefficient is not defined.
  rho = pearsonr(vel_all[mask][:, d], pv[:, d])[0]
/home/likun-share/junjxu/wm/phyworld/scripts/rollout_eval_id1k.py:197: ConstantInputWarning: An input array is constant; the correlation coefficient is not defined.
  rho = pearsonr(vel_all[mask][:, d], pv[:, d])[0]
/home/likun-share/junjxu/wm/phyworld/scripts/rollout_eval_id1k.py:197: ConstantInputWarning: An input array is constant; the correlation coefficient is not defined.
  rho = pearsonr(vel_all[mask][:, d], pv[:, d])[0]
/home/likun-share/junjxu/wm/phyworld/scripts/rollout_eval_id1k.py:197: ConstantInputWarning: An input array is constant; the correlation coefficient is not defined.
  rho = pearsonr(vel_all[mask][:, d], pv[:, d])[0]
/home/likun-share/junjxu/wm/phyworld/scripts/rollout_eval_id1k.py:197: ConstantInputWarning: An input array is constant; the correlation coefficient is not defined.
  rho = pearsonr(vel_all[mask][:, d], pv[:, d])[0]
/home/likun-share/junjxu/wm/phyworld/scripts/rollout_eval_id1k.py:197: ConstantInputWarning: An input array is constant; the correlation coefficient is not defined.
  rho = pearsonr(vel_all[mask][:, d], pv[:, d])[0]
/home/likun-share/junjxu/wm/phyworld/scripts/rollout_eval_id1k.py:242: ConstantInputWarning: An input array is constant; the correlation coefficient is not defined.
  rhos = [pearsonr(vel_all[m][:, d], pv[:, d])[0] for d in range(vel_all.shape[1])]
/home/likun-share/junjxu/wm/phyworld/scripts/rollout_eval_id1k.py:242: ConstantInputWarning: An input array is constant; the correlation coefficient is not defined.
  rhos = [pearsonr(vel_all[m][:, d], pv[:, d])[0] for d in range(vel_all.shape[1])]
/home/likun-share/junjxu/wm/phyworld/scripts/rollout_eval_id1k.py:242: ConstantInputWarning: An input array is constant; the correlation coefficient is not defined.
  rhos = [pearsonr(vel_all[m][:, d], pv[:, d])[0] for d in range(vel_all.shape[1])]
/home/likun-share/junjxu/wm/phyworld/scripts/rollout_eval_id1k.py:242: ConstantInputWarning: An input array is constant; the correlation coefficient is not defined.
  rhos = [pearsonr(vel_all[m][:, d], pv[:, d])[0] for d in range(vel_all.shape[1])]
/home/likun-share/junjxu/wm/phyworld/scripts/rollout_eval_id1k.py:242: ConstantInputWarning: An input array is constant; the correlation coefficient is not defined.
  rhos = [pearsonr(vel_all[m][:, d], pv[:, d])[0] for d in range(vel_all.shape[1])]
/home/likun-share/junjxu/wm/phyworld/scripts/rollout_eval_id1k.py:242: ConstantInputWarning: An input array is constant; the correlation coefficient is not defined.
  rhos = [pearsonr(vel_all[m][:, d], pv[:, d])[0] for d in range(vel_all.shape[1])]
/home/likun-share/junjxu/wm/phyworld/scripts/rollout_eval_id1k.py:288: ConstantInputWarning: An input array is constant; the correlation coefficient is not defined.
  line += f"  vel{d}ρ={pearsonr(vel_all[m][:, d], pv[:, d])[0]:+.3f}"
/home/likun-share/junjxu/wm/phyworld/scripts/rollout_eval_id1k.py:288: ConstantInputWarning: An input array is constant; the correlation coefficient is not defined.
  line += f"  vel{d}ρ={pearsonr(vel_all[m][:, d], pv[:, d])[0]:+.3f}"
/home/likun-share/junjxu/wm/phyworld/scripts/rollout_eval_id1k.py:288: ConstantInputWarning: An input array is constant; the correlation coefficient is not defined.
  line += f"  vel{d}ρ={pearsonr(vel_all[m][:, d], pv[:, d])[0]:+.3f}"
/home/likun-share/junjxu/wm/phyworld/scripts/rollout_eval_id1k.py:288: ConstantInputWarning: An input array is constant; the correlation coefficient is not defined.
  line += f"  vel{d}ρ={pearsonr(vel_all[m][:, d], pv[:, d])[0]:+.3f}"
/home/likun-share/junjxu/wm/phyworld/scripts/rollout_eval_id1k.py:296: ConstantInputWarning: An input array is constant; the correlation coefficient is not defined.
  rhos = [pearsonr(vel_all[m][:, d], pv[:, d])[0] for d in range(vel_all.shape[1])]
/home/likun-share/junjxu/wm/phyworld/scripts/rollout_eval_id1k.py:296: ConstantInputWarning: An input array is constant; the correlation coefficient is not defined.
  rhos = [pearsonr(vel_all[m][:, d], pv[:, d])[0] for d in range(vel_all.shape[1])]
/home/likun-share/junjxu/wm/phyworld/scripts/rollout_eval_id1k.py:296: ConstantInputWarning: An input array is constant; the correlation coefficient is not defined.
  rhos = [pearsonr(vel_all[m][:, d], pv[:, d])[0] for d in range(vel_all.shape[1])]
/home/likun-share/junjxu/wm/phyworld/scripts/rollout_eval_id1k.py:296: ConstantInputWarning: An input array is constant; the correlation coefficient is not defined.
  rhos = [pearsonr(vel_all[m][:, d], pv[:, d])[0] for d in range(vel_all.shape[1])]

=== uniform_motion AR ROLLOUT (LeWM ID-only FT, history_size=3) ===
--- latent fidelity (pred vs real emb), test trajs, by partition ---
  ID         n=  406  cos=+0.9402  nMSE=0.1134
  r/m-OOD    n=  464  cos=+0.9424  nMSE=0.3787
  v-OOD      n=  841  cos=+0.9415  nMSE=0.1114
  both-OOD   n= 1189  cos=+0.8835  nMSE=0.4465

--- latent fidelity vs horizon (test, aggregate) ---
  h=  1  n=  100  cos=+0.9742  nMSE=0.2139
  h=  2  n=  100  cos=+0.9680  nMSE=0.2120
  h=  4  n=  100  cos=+0.9322  nMSE=0.3166
  h=  8  n=  100  cos=+0.8664  nMSE=0.4403
  h= 16  n=  100  cos=+0.9273  nMSE=0.2422
  h= 28  n=  100  cos=+0.9516  nMSE=0.2107

--- decoded pos/vel ρ from ROLLED-OUT latents (test), by partition ---
  [baseline] probe applied to REAL embs:
  REAL ID                   pos0ρ=+0.985  pos1ρ=+0.986  vel0ρ=+0.550  vel1ρ=+nan
  REAL r/m-OOD              pos0ρ=+0.977  pos1ρ=+0.982  vel0ρ=+0.509  vel1ρ=+nan
  REAL v-OOD                pos0ρ=+0.960  pos1ρ=+0.967  vel0ρ=+0.722  vel1ρ=+nan
  REAL both-OOD             pos0ρ=+0.965  pos1ρ=+0.983  vel0ρ=+0.768  vel1ρ=+nan
  [rollout] probe applied to PREDICTED embs:
  PRED ID                   pos0ρ=+0.990  pos1ρ=+0.987  vel0ρ=+0.443  vel1ρ=+nan
  PRED r/m-OOD              pos0ρ=+0.955  pos1ρ=+0.954  vel0ρ=+0.436  vel1ρ=+nan
  PRED v-OOD                pos0ρ=+0.961  pos1ρ=+0.901  vel0ρ=+0.822  vel1ρ=+nan
  PRED both-OOD             pos0ρ=+0.856  pos1ρ=+0.880  vel0ρ=+0.772  vel1ρ=+nan

--- decoded vel ρ from PRED latents vs horizon (test, aggregate) ---
  h=  1  n=  100  vel0ρ=+0.346  vel1ρ=+nan
  h=  2  n=  100  vel0ρ=+0.609  vel1ρ=+nan
  h=  4  n=  100  vel0ρ=+0.762  vel1ρ=+nan
  h=  8  n=  100  vel0ρ=+0.698  vel1ρ=+nan
  h= 16  n=  100  vel0ρ=+0.869  vel1ρ=+nan
  h= 28  n=  100  vel0ρ=+0.805  vel1ρ=+nan

--- [K=4] decoded pos/vel ρ from ROLLED-OUT latents (test), by partition ---
  [K=4] probe applied to PREDICTED embs (stack 4 consecutive predicted latents):
  PRED-K4 ID          pos0ρ=+0.993  pos1ρ=+0.988  vel0ρ=+0.841  vel1ρ=+nan
  PRED-K4 r/m-OOD     pos0ρ=+0.970  pos1ρ=+0.965  vel0ρ=+0.714  vel1ρ=+nan
  PRED-K4 v-OOD       pos0ρ=+0.977  pos1ρ=+0.914  vel0ρ=+0.974  vel1ρ=+nan
  PRED-K4 both-OOD    pos0ρ=+0.865  pos1ρ=+0.882  vel0ρ=+0.866  vel1ρ=+nan

--- [K=4] decoded vel ρ from PRED latents vs horizon (test, aggregate) ---
  h=  4  n=  100  vel0ρ=+0.759  vel1ρ=+nan
  h=  8  n=  100  vel0ρ=+0.877  vel1ρ=+nan
  h= 16  n=  100  vel0ρ=+0.946  vel1ρ=+nan
  h= 28  n=  100  vel0ρ=+0.955  vel1ρ=+nan

Total 73s
