[norm] action mean=[ 0.24667731 -0.40296947], std=[0.08836433 0.229554  ]  (from phyworld_parabola_id1k.h5)
[ckpt] /data1/likun-share/junjxu/.stable_worldmodel/dinowm_par_cons/dinowm_par_cons_epoch_20_object.ckpt  tag=dinowm_par_cons
  rolled out 100 trajs, t=32s
  rolled out 200 trajs, t=59s
  rolled out 300 trajs, t=84s
  rolled out 400 trajs, t=112s
  rolled out 500 trajs, t=139s

[data] 500 trajs, 14500 (frame,pred) pairs, emb dim=192
/home/likun-share/junjxu/wm/phyworld/scripts/rollout_eval_id1k.py:242: ConstantInputWarning: An input array is constant; the correlation coefficient is not defined.
  rhos = [pearsonr(vel_all[m][:, d], pv[:, d])[0] for d in range(vel_all.shape[1])]
/home/likun-share/junjxu/wm/phyworld/scripts/rollout_eval_id1k.py:242: NearConstantInputWarning: An input array is nearly constant; the computed correlation coefficient may be inaccurate.
  rhos = [pearsonr(vel_all[m][:, d], pv[:, d])[0] for d in range(vel_all.shape[1])]
/home/likun-share/junjxu/wm/phyworld/scripts/rollout_eval_id1k.py:242: NearConstantInputWarning: An input array is nearly constant; the computed correlation coefficient may be inaccurate.
  rhos = [pearsonr(vel_all[m][:, d], pv[:, d])[0] for d in range(vel_all.shape[1])]
/home/likun-share/junjxu/wm/phyworld/scripts/rollout_eval_id1k.py:296: ConstantInputWarning: An input array is constant; the correlation coefficient is not defined.
  rhos = [pearsonr(vel_all[m][:, d], pv[:, d])[0] for d in range(vel_all.shape[1])]
/home/likun-share/junjxu/wm/phyworld/scripts/rollout_eval_id1k.py:296: NearConstantInputWarning: An input array is nearly constant; the computed correlation coefficient may be inaccurate.
  rhos = [pearsonr(vel_all[m][:, d], pv[:, d])[0] for d in range(vel_all.shape[1])]
/home/likun-share/junjxu/wm/phyworld/scripts/rollout_eval_id1k.py:296: NearConstantInputWarning: An input array is nearly constant; the computed correlation coefficient may be inaccurate.
  rhos = [pearsonr(vel_all[m][:, d], pv[:, d])[0] for d in range(vel_all.shape[1])]

=== parabola AR ROLLOUT (LeWM ID-only FT, history_size=3) ===
--- latent fidelity (pred vs real emb), test trajs, by partition ---
  ID         n=  464  cos=+0.9570  nMSE=0.0800
  r/m-OOD    n=  319  cos=+0.9598  nMSE=0.2356
  v-OOD      n=  928  cos=+0.8076  nMSE=0.2769
  both-OOD   n= 1189  cos=+0.8126  nMSE=0.3711

--- latent fidelity vs horizon (test, aggregate) ---
  h=  1  n=  100  cos=+0.9676  nMSE=0.1739
  h=  2  n=  100  cos=+0.9631  nMSE=0.1900
  h=  4  n=  100  cos=+0.9590  nMSE=0.2263
  h=  8  n=  100  cos=+0.9362  nMSE=0.3098
  h= 16  n=  100  cos=+0.8430  nMSE=0.2890
  h= 28  n=  100  cos=+0.7733  nMSE=1.4617

--- decoded pos/vel ρ from ROLLED-OUT latents (test), by partition ---
  [baseline] probe applied to REAL embs:
  REAL ID                   pos0ρ=+0.942  pos1ρ=+0.988  vel0ρ=+0.627  vel1ρ=+0.992
  REAL r/m-OOD              pos0ρ=+0.916  pos1ρ=+0.985  vel0ρ=+0.526  vel1ρ=+0.985
  REAL v-OOD                pos0ρ=+0.923  pos1ρ=+0.913  vel0ρ=+0.783  vel1ρ=+0.955
  REAL both-OOD             pos0ρ=+0.915  pos1ρ=+0.930  vel0ρ=+0.787  vel1ρ=+0.960
  [rollout] probe applied to PREDICTED embs:
  PRED ID                   pos0ρ=+0.985  pos1ρ=+0.997  vel0ρ=+0.782  vel1ρ=+0.995
  PRED r/m-OOD              pos0ρ=+0.962  pos1ρ=+0.992  vel0ρ=+0.709  vel1ρ=+0.989
  PRED v-OOD                pos0ρ=+0.968  pos1ρ=+0.971  vel0ρ=+0.816  vel1ρ=+0.985
  PRED both-OOD             pos0ρ=+0.970  pos1ρ=+0.958  vel0ρ=+0.880  vel1ρ=+0.976

--- decoded vel ρ from PRED latents vs horizon (test, aggregate) ---
  h=  1  n=  100  vel0ρ=+0.475  vel1ρ=+0.053
  h=  2  n=  100  vel0ρ=+0.627  vel1ρ=-0.077
  h=  4  n=  100  vel0ρ=+0.770  vel1ρ=-0.219
  h=  8  n=  100  vel0ρ=+0.867  vel1ρ=+nan
  h= 16  n=  100  vel0ρ=+0.968  vel1ρ=+0.198
  h= 28  n=  100  vel0ρ=+0.988  vel1ρ=+0.064

--- [K=4] decoded pos/vel ρ from ROLLED-OUT latents (test), by partition ---
  [K=4] probe applied to PREDICTED embs (stack 4 consecutive predicted latents):
  PRED-K4 ID          pos0ρ=+0.988  pos1ρ=+0.998  vel0ρ=+0.868  vel1ρ=+0.996
  PRED-K4 r/m-OOD     pos0ρ=+0.965  pos1ρ=+0.993  vel0ρ=+0.839  vel1ρ=+0.994
  PRED-K4 v-OOD       pos0ρ=+0.966  pos1ρ=+0.970  vel0ρ=+0.898  vel1ρ=+0.982
  PRED-K4 both-OOD    pos0ρ=+0.971  pos1ρ=+0.961  vel0ρ=+0.933  vel1ρ=+0.978

--- [K=4] decoded vel ρ from PRED latents vs horizon (test, aggregate) ---
  h=  4  n=  100  vel0ρ=+0.829  vel1ρ=-0.228
  h=  8  n=  100  vel0ρ=+0.951  vel1ρ=+nan
  h= 16  n=  100  vel0ρ=+0.961  vel1ρ=+0.148
  h= 28  n=  100  vel0ρ=+0.795  vel1ρ=+0.045

Total 140s
