[norm] action mean=[ 0.24667731 -0.40296947], std=[0.08836433 0.229554  ]  (from phyworld_parabola_id1k.h5)
[ckpt] /data1/likun-share/junjxu/.stable_worldmodel/dinowm_par_labelfree_const_s42/dinowm_par_labelfree_const_s42_epoch_20_object.ckpt  tag=dinowm_par_labelfree_const_s42
  rolled out 100 trajs, t=25s
  rolled out 200 trajs, t=45s
  rolled out 300 trajs, t=65s
  rolled out 400 trajs, t=84s
  rolled out 500 trajs, t=103s

[data] 500 trajs, 14500 (frame,pred) pairs, emb dim=192
/home/likun-share/junjxu/wm/phyworld/scripts/rollout_eval_id1k.py:242: ConstantInputWarning: An input array is constant; the correlation coefficient is not defined.
  rhos = [pearsonr(vel_all[m][:, d], pv[:, d])[0] for d in range(vel_all.shape[1])]
/home/likun-share/junjxu/wm/phyworld/scripts/rollout_eval_id1k.py:242: NearConstantInputWarning: An input array is nearly constant; the computed correlation coefficient may be inaccurate.
  rhos = [pearsonr(vel_all[m][:, d], pv[:, d])[0] for d in range(vel_all.shape[1])]
/home/likun-share/junjxu/wm/phyworld/scripts/rollout_eval_id1k.py:242: NearConstantInputWarning: An input array is nearly constant; the computed correlation coefficient may be inaccurate.
  rhos = [pearsonr(vel_all[m][:, d], pv[:, d])[0] for d in range(vel_all.shape[1])]
/home/likun-share/junjxu/wm/phyworld/scripts/rollout_eval_id1k.py:296: ConstantInputWarning: An input array is constant; the correlation coefficient is not defined.
  rhos = [pearsonr(vel_all[m][:, d], pv[:, d])[0] for d in range(vel_all.shape[1])]
/home/likun-share/junjxu/wm/phyworld/scripts/rollout_eval_id1k.py:296: NearConstantInputWarning: An input array is nearly constant; the computed correlation coefficient may be inaccurate.
  rhos = [pearsonr(vel_all[m][:, d], pv[:, d])[0] for d in range(vel_all.shape[1])]
/home/likun-share/junjxu/wm/phyworld/scripts/rollout_eval_id1k.py:296: NearConstantInputWarning: An input array is nearly constant; the computed correlation coefficient may be inaccurate.
  rhos = [pearsonr(vel_all[m][:, d], pv[:, d])[0] for d in range(vel_all.shape[1])]

=== parabola AR ROLLOUT (LeWM ID-only FT, history_size=3) ===
--- latent fidelity (pred vs real emb), test trajs, by partition ---
  ID         n=  464  cos=+0.9570  nMSE=0.0762
  r/m-OOD    n=  319  cos=+0.9451  nMSE=0.2351
  v-OOD      n=  928  cos=+0.7943  nMSE=0.2627
  both-OOD   n= 1189  cos=+0.7996  nMSE=0.3442

--- latent fidelity vs horizon (test, aggregate) ---
  h=  1  n=  100  cos=+0.9661  nMSE=0.1561
  h=  2  n=  100  cos=+0.9626  nMSE=0.1644
  h=  4  n=  100  cos=+0.9592  nMSE=0.1963
  h=  8  n=  100  cos=+0.9387  nMSE=0.2855
  h= 16  n=  100  cos=+0.8522  nMSE=0.2701
  h= 28  n=  100  cos=+0.7314  nMSE=1.6844

--- decoded pos/vel ρ from ROLLED-OUT latents (test), by partition ---
  [baseline] probe applied to REAL embs:
  REAL ID                   pos0ρ=+0.569  pos1ρ=+0.650  vel0ρ=+0.632  vel1ρ=+0.597
  REAL r/m-OOD              pos0ρ=+0.807  pos1ρ=+0.895  vel0ρ=+0.542  vel1ρ=+0.884
  REAL v-OOD                pos0ρ=+0.888  pos1ρ=+0.728  vel0ρ=+0.768  vel1ρ=+0.742
  REAL both-OOD             pos0ρ=+0.906  pos1ρ=+0.878  vel0ρ=+0.787  vel1ρ=+0.895
  [rollout] probe applied to PREDICTED embs:
  PRED ID                   pos0ρ=+0.398  pos1ρ=+0.460  vel0ρ=+0.648  vel1ρ=+0.358
  PRED r/m-OOD              pos0ρ=+0.481  pos1ρ=+0.697  vel0ρ=+0.479  vel1ρ=+0.712
  PRED v-OOD                pos0ρ=+0.241  pos1ρ=+0.728  vel0ρ=+0.516  vel1ρ=+0.649
  PRED both-OOD             pos0ρ=+0.546  pos1ρ=+0.725  vel0ρ=+0.631  vel1ρ=+0.666

--- decoded vel ρ from PRED latents vs horizon (test, aggregate) ---
  h=  1  n=  100  vel0ρ=+0.736  vel1ρ=+0.142
  h=  2  n=  100  vel0ρ=+0.804  vel1ρ=-0.103
  h=  4  n=  100  vel0ρ=+0.837  vel1ρ=-0.051
  h=  8  n=  100  vel0ρ=+0.852  vel1ρ=+nan
  h= 16  n=  100  vel0ρ=+0.717  vel1ρ=-0.167
  h= 28  n=  100  vel0ρ=+0.040  vel1ρ=-0.028

--- [K=4] decoded pos/vel ρ from ROLLED-OUT latents (test), by partition ---
  [K=4] probe applied to PREDICTED embs (stack 4 consecutive predicted latents):
  PRED-K4 ID          pos0ρ=+0.689  pos1ρ=+0.875  vel0ρ=+0.681  vel1ρ=+0.868
  PRED-K4 r/m-OOD     pos0ρ=+0.420  pos1ρ=+0.809  vel0ρ=+0.495  vel1ρ=+0.841
  PRED-K4 v-OOD       pos0ρ=+0.428  pos1ρ=+0.896  vel0ρ=+0.530  vel1ρ=+0.897
  PRED-K4 both-OOD    pos0ρ=+0.577  pos1ρ=+0.825  vel0ρ=+0.669  vel1ρ=+0.818

--- [K=4] decoded vel ρ from PRED latents vs horizon (test, aggregate) ---
  h=  4  n=  100  vel0ρ=+0.895  vel1ρ=-0.090
  h=  8  n=  100  vel0ρ=+0.899  vel1ρ=+nan
  h= 16  n=  100  vel0ρ=+0.831  vel1ρ=+0.002
  h= 28  n=  100  vel0ρ=+0.127  vel1ρ=-0.032

Total 104s
