[norm] action mean=[-0.01484401  0.          0.01575156  0.        ], std=[7.72976437e-02 1.00000000e-08 8.20558954e-02 1.00000000e-08]  (from phyworld_collision_id1k.h5)
[ckpt] /data1/likun-share/junjxu/.stable_worldmodel/dinowm_col_structpos_pw30_s42/dinowm_col_structpos_pw30_s42_epoch_20_object.ckpt  tag=dinowm_col_structpos_pw30_s42
  rolled out 100 trajs, t=32s
  rolled out 200 trajs, t=59s
  rolled out 300 trajs, t=85s
  rolled out 400 trajs, t=110s
  rolled out 500 trajs, t=134s

[data] 500 trajs, 14500 (frame,pred) pairs, emb dim=192

=== collision AR ROLLOUT (LeWM ID-only FT, history_size=3) ===
--- latent fidelity (pred vs real emb), test trajs, by partition ---
  ID         n=  203  cos=+0.8387  nMSE=0.3306
  r/m-OOD    n=  754  cos=+0.8991  nMSE=0.2226
  v-OOD      n=  290  cos=+0.7524  nMSE=0.4331
  both-OOD   n= 1653  cos=+0.7762  nMSE=0.4843

--- latent fidelity vs horizon (test, aggregate) ---
  h=  1  n=  100  cos=+0.9843  nMSE=0.0534
  h=  2  n=  100  cos=+0.9785  nMSE=0.0661
  h=  4  n=  100  cos=+0.9686  nMSE=0.0989
  h=  8  n=  100  cos=+0.9500  nMSE=0.1569
  h= 16  n=  100  cos=+0.7870  nMSE=0.4370
  h= 28  n=  100  cos=+0.6486  nMSE=0.7003

--- decoded pos/vel ρ from ROLLED-OUT latents (test), by partition ---
  [baseline] probe applied to REAL embs:
  REAL ID                   pos0ρ=+0.929  pos1ρ=+0.935  vel0ρ=+0.714  vel1ρ=+0.763
  REAL r/m-OOD              pos0ρ=+0.841  pos1ρ=+0.796  vel0ρ=+0.785  vel1ρ=+0.777
  REAL v-OOD                pos0ρ=+0.953  pos1ρ=+0.904  vel0ρ=+0.751  vel1ρ=+0.707
  REAL both-OOD             pos0ρ=+0.905  pos1ρ=+0.861  vel0ρ=+0.888  vel1ρ=+0.785
  [rollout] probe applied to PREDICTED embs:
  PRED ID                   pos0ρ=+0.699  pos1ρ=+0.792  vel0ρ=+0.580  vel1ρ=+0.676
  PRED r/m-OOD              pos0ρ=+0.829  pos1ρ=+0.863  vel0ρ=+0.788  vel1ρ=+0.803
  PRED v-OOD                pos0ρ=+0.572  pos1ρ=+0.704  vel0ρ=+0.428  vel1ρ=+0.626
  PRED both-OOD             pos0ρ=+0.797  pos1ρ=+0.846  vel0ρ=+0.831  vel1ρ=+0.805

--- decoded vel ρ from PRED latents vs horizon (test, aggregate) ---
  h=  1  n=  100  vel0ρ=+0.194  vel1ρ=+0.310
  h=  2  n=  100  vel0ρ=+0.183  vel1ρ=+0.303
  h=  4  n=  100  vel0ρ=+0.157  vel1ρ=+0.318
  h=  8  n=  100  vel0ρ=+0.673  vel1ρ=+0.678
  h= 16  n=  100  vel0ρ=+0.920  vel1ρ=+0.870
  h= 28  n=  100  vel0ρ=+0.851  vel1ρ=+0.890

--- [K=4] decoded pos/vel ρ from ROLLED-OUT latents (test), by partition ---
  [K=4] probe applied to PREDICTED embs (stack 4 consecutive predicted latents):
  PRED-K4 ID          pos0ρ=+0.726  pos1ρ=+0.819  vel0ρ=+0.754  vel1ρ=+0.804
  PRED-K4 r/m-OOD     pos0ρ=+0.850  pos1ρ=+0.883  vel0ρ=+0.853  vel1ρ=+0.855
  PRED-K4 v-OOD       pos0ρ=+0.537  pos1ρ=+0.714  vel0ρ=+0.478  vel1ρ=+0.729
  PRED-K4 both-OOD    pos0ρ=+0.835  pos1ρ=+0.869  vel0ρ=+0.851  vel1ρ=+0.848

--- [K=4] decoded vel ρ from PRED latents vs horizon (test, aggregate) ---
  h=  4  n=  100  vel0ρ=+0.265  vel1ρ=+0.255
  h=  8  n=  100  vel0ρ=+0.739  vel1ρ=+0.720
  h= 16  n=  100  vel0ρ=+0.900  vel1ρ=+0.868
  h= 28  n=  100  vel0ρ=+0.834  vel1ρ=+0.903

Total 135s
