[norm] action mean=[-0.01484401  0.          0.01575156  0.        ], std=[7.72976437e-02 1.00000000e-08 8.20558954e-02 1.00000000e-08]  (from phyworld_collision_id1k.h5)
[ckpt] /data1/likun-share/junjxu/.stable_worldmodel/dinowm_col_cons/dinowm_col_cons_epoch_20_object.ckpt  tag=dinowm_col_cons
  rolled out 100 trajs, t=51s
  rolled out 200 trajs, t=94s
  rolled out 300 trajs, t=135s
  rolled out 400 trajs, t=174s
  rolled out 500 trajs, t=216s

[data] 500 trajs, 14500 (frame,pred) pairs, emb dim=192

=== collision AR ROLLOUT (LeWM ID-only FT, history_size=3) ===
--- latent fidelity (pred vs real emb), test trajs, by partition ---
  ID         n=  203  cos=+0.8713  nMSE=0.2414
  r/m-OOD    n=  754  cos=+0.9064  nMSE=0.1992
  v-OOD      n=  290  cos=+0.7152  nMSE=0.5087
  both-OOD   n= 1653  cos=+0.7783  nMSE=0.4543

--- latent fidelity vs horizon (test, aggregate) ---
  h=  1  n=  100  cos=+0.9845  nMSE=0.0499
  h=  2  n=  100  cos=+0.9792  nMSE=0.0601
  h=  4  n=  100  cos=+0.9715  nMSE=0.0848
  h=  8  n=  100  cos=+0.9507  nMSE=0.1512
  h= 16  n=  100  cos=+0.7970  nMSE=0.4007
  h= 28  n=  100  cos=+0.6307  nMSE=0.6964

--- decoded pos/vel ρ from ROLLED-OUT latents (test), by partition ---
  [baseline] probe applied to REAL embs:
  REAL ID                   pos0ρ=+0.944  pos1ρ=+0.925  vel0ρ=+0.716  vel1ρ=+0.762
  REAL r/m-OOD              pos0ρ=+0.825  pos1ρ=+0.781  vel0ρ=+0.783  vel1ρ=+0.740
  REAL v-OOD                pos0ρ=+0.954  pos1ρ=+0.893  vel0ρ=+0.764  vel1ρ=+0.703
  REAL both-OOD             pos0ρ=+0.913  pos1ρ=+0.862  vel0ρ=+0.890  vel1ρ=+0.796
  [rollout] probe applied to PREDICTED embs:
  PRED ID                   pos0ρ=+0.700  pos1ρ=+0.716  vel0ρ=+0.619  vel1ρ=+0.660
  PRED r/m-OOD              pos0ρ=+0.844  pos1ρ=+0.877  vel0ρ=+0.808  vel1ρ=+0.799
  PRED v-OOD                pos0ρ=+0.544  pos1ρ=+0.666  vel0ρ=+0.426  vel1ρ=+0.634
  PRED both-OOD             pos0ρ=+0.856  pos1ρ=+0.885  vel0ρ=+0.847  vel1ρ=+0.831

--- decoded vel ρ from PRED latents vs horizon (test, aggregate) ---
  h=  1  n=  100  vel0ρ=+0.300  vel1ρ=+0.248
  h=  2  n=  100  vel0ρ=+0.282  vel1ρ=+0.262
  h=  4  n=  100  vel0ρ=+0.275  vel1ρ=+0.316
  h=  8  n=  100  vel0ρ=+0.702  vel1ρ=+0.740
  h= 16  n=  100  vel0ρ=+0.916  vel1ρ=+0.886
  h= 28  n=  100  vel0ρ=+0.865  vel1ρ=+0.895

--- [K=4] decoded pos/vel ρ from ROLLED-OUT latents (test), by partition ---
  [K=4] probe applied to PREDICTED embs (stack 4 consecutive predicted latents):
  PRED-K4 ID          pos0ρ=+0.747  pos1ρ=+0.746  vel0ρ=+0.709  vel1ρ=+0.779
  PRED-K4 r/m-OOD     pos0ρ=+0.872  pos1ρ=+0.891  vel0ρ=+0.861  vel1ρ=+0.845
  PRED-K4 v-OOD       pos0ρ=+0.587  pos1ρ=+0.696  vel0ρ=+0.556  vel1ρ=+0.694
  PRED-K4 both-OOD    pos0ρ=+0.882  pos1ρ=+0.892  vel0ρ=+0.856  vel1ρ=+0.855

--- [K=4] decoded vel ρ from PRED latents vs horizon (test, aggregate) ---
  h=  4  n=  100  vel0ρ=+0.348  vel1ρ=+0.450
  h=  8  n=  100  vel0ρ=+0.734  vel1ρ=+0.708
  h= 16  n=  100  vel0ρ=+0.902  vel1ρ=+0.888
  h= 28  n=  100  vel0ρ=+0.863  vel1ρ=+0.903

Total 218s
