[norm] action mean=[-0.01484401  0.          0.01575156  0.        ], std=[7.72976437e-02 1.00000000e-08 8.20558954e-02 1.00000000e-08]  (from phyworld_collision_id1k.h5)
[ckpt] /data1/likun-share/junjxu/.stable_worldmodel/dinowm_col_tf_s3072/dinowm_col_tf_s3072_epoch_20_object.ckpt  tag=dinowm_col_tf_s3072
  rolled out 100 trajs, t=66s
  rolled out 200 trajs, t=119s
  rolled out 300 trajs, t=170s
  rolled out 400 trajs, t=222s
  rolled out 500 trajs, t=280s

[data] 500 trajs, 14500 (frame,pred) pairs, emb dim=192

=== collision AR ROLLOUT (LeWM ID-only FT, history_size=3) ===
--- latent fidelity (pred vs real emb), test trajs, by partition ---
  ID         n=  203  cos=+0.7395  nMSE=0.6429
  r/m-OOD    n=  754  cos=+0.7542  nMSE=0.5531
  v-OOD      n=  290  cos=+0.6298  nMSE=0.8973
  both-OOD   n= 1653  cos=+0.6183  nMSE=0.8225

--- latent fidelity vs horizon (test, aggregate) ---
  h=  1  n=  100  cos=+0.9781  nMSE=0.0719
  h=  2  n=  100  cos=+0.9635  nMSE=0.1097
  h=  4  n=  100  cos=+0.9215  nMSE=0.2196
  h=  8  n=  100  cos=+0.8549  nMSE=0.3949
  h= 16  n=  100  cos=+0.5842  nMSE=0.8812
  h= 28  n=  100  cos=+0.4439  nMSE=1.1533

--- decoded pos/vel ρ from ROLLED-OUT latents (test), by partition ---
  [baseline] probe applied to REAL embs:
  REAL ID                   pos0ρ=+0.908  pos1ρ=+0.899  vel0ρ=+0.713  vel1ρ=+0.768
  REAL r/m-OOD              pos0ρ=+0.815  pos1ρ=+0.770  vel0ρ=+0.775  vel1ρ=+0.752
  REAL v-OOD                pos0ρ=+0.901  pos1ρ=+0.818  vel0ρ=+0.732  vel1ρ=+0.676
  REAL both-OOD             pos0ρ=+0.908  pos1ρ=+0.859  vel0ρ=+0.892  vel1ρ=+0.787
  [rollout] probe applied to PREDICTED embs:
  PRED ID                   pos0ρ=+0.664  pos1ρ=+0.714  vel0ρ=+0.629  vel1ρ=+0.633
  PRED r/m-OOD              pos0ρ=+0.593  pos1ρ=+0.717  vel0ρ=+0.703  vel1ρ=+0.682
  PRED v-OOD                pos0ρ=+0.166  pos1ρ=+0.603  vel0ρ=+0.146  vel1ρ=+0.586
  PRED both-OOD             pos0ρ=+0.468  pos1ρ=+0.710  vel0ρ=+0.671  vel1ρ=+0.783

--- decoded vel ρ from PRED latents vs horizon (test, aggregate) ---
  h=  1  n=  100  vel0ρ=+0.213  vel1ρ=+0.073
  h=  2  n=  100  vel0ρ=+0.197  vel1ρ=+0.081
  h=  4  n=  100  vel0ρ=+0.204  vel1ρ=+0.086
  h=  8  n=  100  vel0ρ=+0.437  vel1ρ=+0.542
  h= 16  n=  100  vel0ρ=+0.741  vel1ρ=+0.842
  h= 28  n=  100  vel0ρ=+0.691  vel1ρ=+0.825

--- [K=4] decoded pos/vel ρ from ROLLED-OUT latents (test), by partition ---
  [K=4] probe applied to PREDICTED embs (stack 4 consecutive predicted latents):
  PRED-K4 ID          pos0ρ=+0.709  pos1ρ=+0.800  vel0ρ=+0.777  vel1ρ=+0.819
  PRED-K4 r/m-OOD     pos0ρ=+0.646  pos1ρ=+0.725  vel0ρ=+0.767  vel1ρ=+0.726
  PRED-K4 v-OOD       pos0ρ=+0.116  pos1ρ=+0.633  vel0ρ=+0.198  vel1ρ=+0.687
  PRED-K4 both-OOD    pos0ρ=+0.518  pos1ρ=+0.722  vel0ρ=+0.694  vel1ρ=+0.833

--- [K=4] decoded vel ρ from PRED latents vs horizon (test, aggregate) ---
  h=  4  n=  100  vel0ρ=+0.276  vel1ρ=+0.303
  h=  8  n=  100  vel0ρ=+0.571  vel1ρ=+0.617
  h= 16  n=  100  vel0ρ=+0.745  vel1ρ=+0.867
  h= 28  n=  100  vel0ρ=+0.686  vel1ρ=+0.803

Total 284s
