[norm] action mean=[ 0.24667731 -0.40296947], std=[0.08836433 0.229554  ]  (from phyworld_parabola_id1k.h5)
[ckpt] /data1/likun-share/junjxu/.stable_worldmodel/dinowm_par_structpos_pw300_s42/dinowm_par_structpos_pw300_s42_epoch_20_object.ckpt  tag=dinowm_par_structpos_pw300_s42
  rolled out 100 trajs, t=34s
  rolled out 200 trajs, t=61s
  rolled out 300 trajs, t=88s
  rolled out 400 trajs, t=113s
  rolled out 500 trajs, t=136s

[data] 500 trajs, 14500 (frame,pred) pairs, emb dim=192
/home/likun-share/junjxu/wm/phyworld/scripts/rollout_eval_id1k.py:242: ConstantInputWarning: An input array is constant; the correlation coefficient is not defined.
  rhos = [pearsonr(vel_all[m][:, d], pv[:, d])[0] for d in range(vel_all.shape[1])]
/home/likun-share/junjxu/wm/phyworld/scripts/rollout_eval_id1k.py:242: NearConstantInputWarning: An input array is nearly constant; the computed correlation coefficient may be inaccurate.
  rhos = [pearsonr(vel_all[m][:, d], pv[:, d])[0] for d in range(vel_all.shape[1])]
/home/likun-share/junjxu/wm/phyworld/scripts/rollout_eval_id1k.py:242: NearConstantInputWarning: An input array is nearly constant; the computed correlation coefficient may be inaccurate.
  rhos = [pearsonr(vel_all[m][:, d], pv[:, d])[0] for d in range(vel_all.shape[1])]
/home/likun-share/junjxu/wm/phyworld/scripts/rollout_eval_id1k.py:296: ConstantInputWarning: An input array is constant; the correlation coefficient is not defined.
  rhos = [pearsonr(vel_all[m][:, d], pv[:, d])[0] for d in range(vel_all.shape[1])]
/home/likun-share/junjxu/wm/phyworld/scripts/rollout_eval_id1k.py:296: NearConstantInputWarning: An input array is nearly constant; the computed correlation coefficient may be inaccurate.
  rhos = [pearsonr(vel_all[m][:, d], pv[:, d])[0] for d in range(vel_all.shape[1])]
/home/likun-share/junjxu/wm/phyworld/scripts/rollout_eval_id1k.py:296: NearConstantInputWarning: An input array is nearly constant; the computed correlation coefficient may be inaccurate.
  rhos = [pearsonr(vel_all[m][:, d], pv[:, d])[0] for d in range(vel_all.shape[1])]

=== parabola AR ROLLOUT (LeWM ID-only FT, history_size=3) ===
--- latent fidelity (pred vs real emb), test trajs, by partition ---
  ID         n=  464  cos=+0.9545  nMSE=0.0880
  r/m-OOD    n=  319  cos=+0.9574  nMSE=0.2348
  v-OOD      n=  928  cos=+0.8178  nMSE=0.2818
  both-OOD   n= 1189  cos=+0.8340  nMSE=0.3460

--- latent fidelity vs horizon (test, aggregate) ---
  h=  1  n=  100  cos=+0.9646  nMSE=0.1583
  h=  2  n=  100  cos=+0.9586  nMSE=0.1849
  h=  4  n=  100  cos=+0.9555  nMSE=0.2179
  h=  8  n=  100  cos=+0.9392  nMSE=0.2895
  h= 16  n=  100  cos=+0.8451  nMSE=0.2925
  h= 28  n=  100  cos=+0.8068  nMSE=1.2597

--- decoded pos/vel ρ from ROLLED-OUT latents (test), by partition ---
  [baseline] probe applied to REAL embs:
  REAL ID                   pos0ρ=+0.943  pos1ρ=+0.989  vel0ρ=+0.623  vel1ρ=+0.992
  REAL r/m-OOD              pos0ρ=+0.919  pos1ρ=+0.987  vel0ρ=+0.576  vel1ρ=+0.988
  REAL v-OOD                pos0ρ=+0.930  pos1ρ=+0.915  vel0ρ=+0.792  vel1ρ=+0.956
  REAL both-OOD             pos0ρ=+0.917  pos1ρ=+0.929  vel0ρ=+0.788  vel1ρ=+0.961
  [rollout] probe applied to PREDICTED embs:
  PRED ID                   pos0ρ=+0.955  pos1ρ=+0.990  vel0ρ=+0.685  vel1ρ=+0.993
  PRED r/m-OOD              pos0ρ=+0.914  pos1ρ=+0.984  vel0ρ=+0.705  vel1ρ=+0.991
  PRED v-OOD                pos0ρ=+0.789  pos1ρ=+0.940  vel0ρ=+0.611  vel1ρ=+0.972
  PRED both-OOD             pos0ρ=+0.814  pos1ρ=+0.943  vel0ρ=+0.722  vel1ρ=+0.971

--- decoded vel ρ from PRED latents vs horizon (test, aggregate) ---
  h=  1  n=  100  vel0ρ=+0.445  vel1ρ=-0.025
  h=  2  n=  100  vel0ρ=+0.715  vel1ρ=+0.042
  h=  4  n=  100  vel0ρ=+0.858  vel1ρ=-0.070
  h=  8  n=  100  vel0ρ=+0.908  vel1ρ=+nan
  h= 16  n=  100  vel0ρ=+0.848  vel1ρ=+0.048
  h= 28  n=  100  vel0ρ=+0.554  vel1ρ=+0.085

--- [K=4] decoded pos/vel ρ from ROLLED-OUT latents (test), by partition ---
  [K=4] probe applied to PREDICTED embs (stack 4 consecutive predicted latents):
  PRED-K4 ID          pos0ρ=+0.965  pos1ρ=+0.998  vel0ρ=+0.814  vel1ρ=+0.996
  PRED-K4 r/m-OOD     pos0ρ=+0.936  pos1ρ=+0.992  vel0ρ=+0.821  vel1ρ=+0.995
  PRED-K4 v-OOD       pos0ρ=+0.766  pos1ρ=+0.958  vel0ρ=+0.746  vel1ρ=+0.980
  PRED-K4 both-OOD    pos0ρ=+0.827  pos1ρ=+0.963  vel0ρ=+0.867  vel1ρ=+0.980

--- [K=4] decoded vel ρ from PRED latents vs horizon (test, aggregate) ---
  h=  4  n=  100  vel0ρ=+0.837  vel1ρ=-0.143
  h=  8  n=  100  vel0ρ=+0.934  vel1ρ=+nan
  h= 16  n=  100  vel0ρ=+0.966  vel1ρ=-0.052
  h= 28  n=  100  vel0ρ=+0.641  vel1ρ=-0.107

Total 137s
