[norm] action mean=[ 0.24667731 -0.40296947], std=[0.08836433 0.229554  ]  (from phyworld_parabola_id1k.h5)
[ckpt] /data1/likun-share/junjxu/.stable_worldmodel/dinowm_par_probeF2/dinowm_par_probeF2_epoch_20_object.ckpt  tag=dinowm_par_probeF2
  rolled out 100 trajs, t=51s
  rolled out 200 trajs, t=91s
  rolled out 300 trajs, t=135s
  rolled out 400 trajs, t=177s
  rolled out 500 trajs, t=219s

[data] 500 trajs, 14500 (frame,pred) pairs, emb dim=192
/home/likun-share/junjxu/wm/phyworld/scripts/rollout_eval_id1k.py:242: ConstantInputWarning: An input array is constant; the correlation coefficient is not defined.
  rhos = [pearsonr(vel_all[m][:, d], pv[:, d])[0] for d in range(vel_all.shape[1])]
/home/likun-share/junjxu/wm/phyworld/scripts/rollout_eval_id1k.py:242: NearConstantInputWarning: An input array is nearly constant; the computed correlation coefficient may be inaccurate.
  rhos = [pearsonr(vel_all[m][:, d], pv[:, d])[0] for d in range(vel_all.shape[1])]
/home/likun-share/junjxu/wm/phyworld/scripts/rollout_eval_id1k.py:242: NearConstantInputWarning: An input array is nearly constant; the computed correlation coefficient may be inaccurate.
  rhos = [pearsonr(vel_all[m][:, d], pv[:, d])[0] for d in range(vel_all.shape[1])]
/home/likun-share/junjxu/wm/phyworld/scripts/rollout_eval_id1k.py:296: ConstantInputWarning: An input array is constant; the correlation coefficient is not defined.
  rhos = [pearsonr(vel_all[m][:, d], pv[:, d])[0] for d in range(vel_all.shape[1])]
/home/likun-share/junjxu/wm/phyworld/scripts/rollout_eval_id1k.py:296: NearConstantInputWarning: An input array is nearly constant; the computed correlation coefficient may be inaccurate.
  rhos = [pearsonr(vel_all[m][:, d], pv[:, d])[0] for d in range(vel_all.shape[1])]
/home/likun-share/junjxu/wm/phyworld/scripts/rollout_eval_id1k.py:296: NearConstantInputWarning: An input array is nearly constant; the computed correlation coefficient may be inaccurate.
  rhos = [pearsonr(vel_all[m][:, d], pv[:, d])[0] for d in range(vel_all.shape[1])]

=== parabola AR ROLLOUT (LeWM ID-only FT, history_size=3) ===
--- latent fidelity (pred vs real emb), test trajs, by partition ---
  ID         n=  464  cos=+0.9530  nMSE=0.0879
  r/m-OOD    n=  319  cos=+0.9580  nMSE=0.2303
  v-OOD      n=  928  cos=+0.7719  nMSE=0.3708
  both-OOD   n= 1189  cos=+0.7939  nMSE=0.3845

--- latent fidelity vs horizon (test, aggregate) ---
  h=  1  n=  100  cos=+0.9662  nMSE=0.1741
  h=  2  n=  100  cos=+0.9561  nMSE=0.1858
  h=  4  n=  100  cos=+0.9470  nMSE=0.2265
  h=  8  n=  100  cos=+0.9148  nMSE=0.3227
  h= 16  n=  100  cos=+0.8102  nMSE=0.3364
  h= 28  n=  100  cos=+0.7441  nMSE=1.6281

--- decoded pos/vel ρ from ROLLED-OUT latents (test), by partition ---
  [baseline] probe applied to REAL embs:
  REAL ID                   pos0ρ=+0.879  pos1ρ=+0.958  vel0ρ=+0.627  vel1ρ=+0.957
  REAL r/m-OOD              pos0ρ=+0.871  pos1ρ=+0.956  vel0ρ=+0.541  vel1ρ=+0.956
  REAL v-OOD                pos0ρ=+0.928  pos1ρ=+0.890  vel0ρ=+0.808  vel1ρ=+0.930
  REAL both-OOD             pos0ρ=+0.910  pos1ρ=+0.908  vel0ρ=+0.804  vel1ρ=+0.931
  [rollout] probe applied to PREDICTED embs:
  PRED ID                   pos0ρ=+0.939  pos1ρ=+0.981  vel0ρ=+0.688  vel1ρ=+0.984
  PRED r/m-OOD              pos0ρ=+0.899  pos1ρ=+0.971  vel0ρ=+0.715  vel1ρ=+0.973
  PRED v-OOD                pos0ρ=+0.696  pos1ρ=+0.873  vel0ρ=+0.562  vel1ρ=+0.907
  PRED both-OOD             pos0ρ=+0.724  pos1ρ=+0.893  vel0ρ=+0.676  vel1ρ=+0.917

--- decoded vel ρ from PRED latents vs horizon (test, aggregate) ---
  h=  1  n=  100  vel0ρ=+0.640  vel1ρ=-0.109
  h=  2  n=  100  vel0ρ=+0.779  vel1ρ=+0.435
  h=  4  n=  100  vel0ρ=+0.894  vel1ρ=+0.281
  h=  8  n=  100  vel0ρ=+0.901  vel1ρ=+nan
  h= 16  n=  100  vel0ρ=+0.673  vel1ρ=+0.188
  h= 28  n=  100  vel0ρ=+0.524  vel1ρ=-0.141

--- [K=4] decoded pos/vel ρ from ROLLED-OUT latents (test), by partition ---
  [K=4] probe applied to PREDICTED embs (stack 4 consecutive predicted latents):
  PRED-K4 ID          pos0ρ=+0.957  pos1ρ=+0.993  vel0ρ=+0.807  vel1ρ=+0.990
  PRED-K4 r/m-OOD     pos0ρ=+0.932  pos1ρ=+0.982  vel0ρ=+0.826  vel1ρ=+0.982
  PRED-K4 v-OOD       pos0ρ=+0.734  pos1ρ=+0.854  vel0ρ=+0.669  vel1ρ=+0.878
  PRED-K4 both-OOD    pos0ρ=+0.790  pos1ρ=+0.885  vel0ρ=+0.768  vel1ρ=+0.899

--- [K=4] decoded vel ρ from PRED latents vs horizon (test, aggregate) ---
  h=  4  n=  100  vel0ρ=+0.868  vel1ρ=+0.117
  h=  8  n=  100  vel0ρ=+0.962  vel1ρ=+nan
  h= 16  n=  100  vel0ρ=+0.780  vel1ρ=+0.211
  h= 28  n=  100  vel0ρ=+0.699  vel1ρ=-0.215

Total 221s
