[norm] action mean=[-0.01484401  0.          0.01575156  0.        ], std=[7.72976437e-02 1.00000000e-08 8.20558954e-02 1.00000000e-08]  (from phyworld_collision_id1k.h5)
[ckpt] /data1/likun-share/junjxu/.stable_worldmodel/dinowm_col_probe_structpos_pw30/dinowm_col_probe_structpos_pw30_epoch_20_object.ckpt  tag=dinowm_col_probe_structpos_pw30
  rolled out 100 trajs, t=19s
  rolled out 200 trajs, t=34s
  rolled out 300 trajs, t=48s
  rolled out 400 trajs, t=63s
  rolled out 500 trajs, t=78s

[data] 500 trajs, 14500 (frame,pred) pairs, emb dim=192

=== collision AR ROLLOUT (LeWM ID-only FT, history_size=3) ===
--- latent fidelity (pred vs real emb), test trajs, by partition ---
  ID         n=  203  cos=+0.8361  nMSE=0.2833
  r/m-OOD    n=  754  cos=+0.9028  nMSE=0.2038
  v-OOD      n=  290  cos=+0.7005  nMSE=0.5426
  both-OOD   n= 1653  cos=+0.7695  nMSE=0.4796

--- latent fidelity vs horizon (test, aggregate) ---
  h=  1  n=  100  cos=+0.9824  nMSE=0.0616
  h=  2  n=  100  cos=+0.9757  nMSE=0.0757
  h=  4  n=  100  cos=+0.9641  nMSE=0.1095
  h=  8  n=  100  cos=+0.9412  nMSE=0.1750
  h= 16  n=  100  cos=+0.7818  nMSE=0.4385
  h= 28  n=  100  cos=+0.6327  nMSE=0.7021

--- decoded pos/vel ρ from ROLLED-OUT latents (test), by partition ---
  [baseline] probe applied to REAL embs:
  REAL ID                   pos0ρ=+0.915  pos1ρ=+0.944  vel0ρ=+0.697  vel1ρ=+0.769
  REAL r/m-OOD              pos0ρ=+0.838  pos1ρ=+0.796  vel0ρ=+0.794  vel1ρ=+0.751
  REAL v-OOD                pos0ρ=+0.950  pos1ρ=+0.895  vel0ρ=+0.753  vel1ρ=+0.736
  REAL both-OOD             pos0ρ=+0.904  pos1ρ=+0.861  vel0ρ=+0.886  vel1ρ=+0.797
  [rollout] probe applied to PREDICTED embs:
  PRED ID                   pos0ρ=+0.659  pos1ρ=+0.748  vel0ρ=+0.602  vel1ρ=+0.635
  PRED r/m-OOD              pos0ρ=+0.847  pos1ρ=+0.864  vel0ρ=+0.801  vel1ρ=+0.788
  PRED v-OOD                pos0ρ=+0.514  pos1ρ=+0.603  vel0ρ=+0.447  vel1ρ=+0.612
  PRED both-OOD             pos0ρ=+0.807  pos1ρ=+0.858  vel0ρ=+0.817  vel1ρ=+0.776

--- decoded vel ρ from PRED latents vs horizon (test, aggregate) ---
  h=  1  n=  100  vel0ρ=+0.240  vel1ρ=-0.066
  h=  2  n=  100  vel0ρ=+0.274  vel1ρ=+0.028
  h=  4  n=  100  vel0ρ=+0.216  vel1ρ=+0.035
  h=  8  n=  100  vel0ρ=+0.681  vel1ρ=+0.735
  h= 16  n=  100  vel0ρ=+0.902  vel1ρ=+0.864
  h= 28  n=  100  vel0ρ=+0.845  vel1ρ=+0.843

--- [K=4] decoded pos/vel ρ from ROLLED-OUT latents (test), by partition ---
  [K=4] probe applied to PREDICTED embs (stack 4 consecutive predicted latents):
  PRED-K4 ID          pos0ρ=+0.697  pos1ρ=+0.763  vel0ρ=+0.693  vel1ρ=+0.778
  PRED-K4 r/m-OOD     pos0ρ=+0.877  pos1ρ=+0.893  vel0ρ=+0.877  vel1ρ=+0.864
  PRED-K4 v-OOD       pos0ρ=+0.540  pos1ρ=+0.679  vel0ρ=+0.526  vel1ρ=+0.717
  PRED-K4 both-OOD    pos0ρ=+0.828  pos1ρ=+0.877  vel0ρ=+0.846  vel1ρ=+0.842

--- [K=4] decoded vel ρ from PRED latents vs horizon (test, aggregate) ---
  h=  4  n=  100  vel0ρ=+0.266  vel1ρ=+0.244
  h=  8  n=  100  vel0ρ=+0.730  vel1ρ=+0.797
  h= 16  n=  100  vel0ρ=+0.905  vel1ρ=+0.886
  h= 28  n=  100  vel0ρ=+0.845  vel1ρ=+0.862

Total 78s
