[norm] action mean=[-0.01484401  0.          0.01575156  0.        ], std=[7.72976437e-02 1.00000000e-08 8.20558954e-02 1.00000000e-08]  (from phyworld_collision_id1k.h5)
[ckpt] /data1/likun-share/junjxu/.stable_worldmodel/dinowm_col_dyn_mlp/dinowm_col_dyn_mlp_epoch_20_object.ckpt  tag=dinowm_col_dyn_mlp
  rolled out 100 trajs, t=21s
  rolled out 200 trajs, t=38s
  rolled out 300 trajs, t=55s
  rolled out 400 trajs, t=72s
  rolled out 500 trajs, t=88s

[data] 500 trajs, 14500 (frame,pred) pairs, emb dim=192

=== collision AR ROLLOUT (LeWM ID-only FT, history_size=3) ===
--- latent fidelity (pred vs real emb), test trajs, by partition ---
  ID         n=  203  cos=+0.8673  nMSE=0.2554
  r/m-OOD    n=  754  cos=+0.8918  nMSE=0.2172
  v-OOD      n=  290  cos=+0.7140  nMSE=0.5670
  both-OOD   n= 1653  cos=+0.7559  nMSE=0.4755

--- latent fidelity vs horizon (test, aggregate) ---
  h=  1  n=  100  cos=+0.9851  nMSE=0.0521
  h=  2  n=  100  cos=+0.9795  nMSE=0.0628
  h=  4  n=  100  cos=+0.9704  nMSE=0.0919
  h=  8  n=  100  cos=+0.9553  nMSE=0.1376
  h= 16  n=  100  cos=+0.7917  nMSE=0.4071
  h= 28  n=  100  cos=+0.5482  nMSE=0.8224

--- decoded pos/vel ρ from ROLLED-OUT latents (test), by partition ---
  [baseline] probe applied to REAL embs:
  REAL ID                   pos0ρ=+0.932  pos1ρ=+0.944  vel0ρ=+0.716  vel1ρ=+0.764
  REAL r/m-OOD              pos0ρ=+0.833  pos1ρ=+0.798  vel0ρ=+0.779  vel1ρ=+0.759
  REAL v-OOD                pos0ρ=+0.944  pos1ρ=+0.920  vel0ρ=+0.769  vel1ρ=+0.754
  REAL both-OOD             pos0ρ=+0.906  pos1ρ=+0.854  vel0ρ=+0.896  vel1ρ=+0.776
  [rollout] probe applied to PREDICTED embs:
  PRED ID                   pos0ρ=+0.648  pos1ρ=+0.495  vel0ρ=+0.738  vel1ρ=+0.629
  PRED r/m-OOD              pos0ρ=+0.586  pos1ρ=+0.486  vel0ρ=+0.769  vel1ρ=+0.714
  PRED v-OOD                pos0ρ=+0.692  pos1ρ=+0.447  vel0ρ=+0.495  vel1ρ=+0.424
  PRED both-OOD             pos0ρ=+0.664  pos1ρ=+0.546  vel0ρ=+0.839  vel1ρ=+0.734

--- decoded vel ρ from PRED latents vs horizon (test, aggregate) ---
  h=  1  n=  100  vel0ρ=+0.257  vel1ρ=+0.195
  h=  2  n=  100  vel0ρ=+0.286  vel1ρ=+0.273
  h=  4  n=  100  vel0ρ=+0.269  vel1ρ=+0.414
  h=  8  n=  100  vel0ρ=+0.768  vel1ρ=+0.528
  h= 16  n=  100  vel0ρ=+0.863  vel1ρ=+0.779
  h= 28  n=  100  vel0ρ=+0.778  vel1ρ=+0.624

--- [K=4] decoded pos/vel ρ from ROLLED-OUT latents (test), by partition ---
  [K=4] probe applied to PREDICTED embs (stack 4 consecutive predicted latents):
  PRED-K4 ID          pos0ρ=+0.722  pos1ρ=+0.554  vel0ρ=+0.753  vel1ρ=+0.737
  PRED-K4 r/m-OOD     pos0ρ=+0.650  pos1ρ=+0.493  vel0ρ=+0.777  vel1ρ=+0.699
  PRED-K4 v-OOD       pos0ρ=+0.686  pos1ρ=+0.387  vel0ρ=+0.551  vel1ρ=+0.400
  PRED-K4 both-OOD    pos0ρ=+0.724  pos1ρ=+0.530  vel0ρ=+0.791  vel1ρ=+0.675

--- [K=4] decoded vel ρ from PRED latents vs horizon (test, aggregate) ---
  h=  4  n=  100  vel0ρ=+0.367  vel1ρ=+0.581
  h=  8  n=  100  vel0ρ=+0.698  vel1ρ=+0.681
  h= 16  n=  100  vel0ρ=+0.797  vel1ρ=+0.637
  h= 28  n=  100  vel0ρ=+0.762  vel1ρ=+0.532

Total 89s
