[norm] action mean=[0.24667731 0.        ], std=[8.83643282e-02 1.00000000e-08]  (from phyworld_uniform_motion_id1k.h5)
[ckpt] /data1/likun-share/junjxu/.stable_worldmodel/dinowm_um_shufslot_pw300_s42/dinowm_um_shufslot_pw300_s42_epoch_20_object.ckpt  tag=dinowm_um_shufslot_pw300_s42
  rolled out 100 trajs, t=24s
  rolled out 200 trajs, t=43s
  rolled out 300 trajs, t=63s
  rolled out 400 trajs, t=82s
  rolled out 500 trajs, t=101s

[data] 500 trajs, 14500 (frame,pred) pairs, emb dim=192
/home/likun-share/junjxu/wm/phyworld/scripts/rollout_eval_id1k.py:197: ConstantInputWarning: An input array is constant; the correlation coefficient is not defined.
  rho = pearsonr(vel_all[mask][:, d], pv[:, d])[0]
/home/likun-share/junjxu/wm/phyworld/scripts/rollout_eval_id1k.py:197: ConstantInputWarning: An input array is constant; the correlation coefficient is not defined.
  rho = pearsonr(vel_all[mask][:, d], pv[:, d])[0]
/home/likun-share/junjxu/wm/phyworld/scripts/rollout_eval_id1k.py:197: ConstantInputWarning: An input array is constant; the correlation coefficient is not defined.
  rho = pearsonr(vel_all[mask][:, d], pv[:, d])[0]
/home/likun-share/junjxu/wm/phyworld/scripts/rollout_eval_id1k.py:197: ConstantInputWarning: An input array is constant; the correlation coefficient is not defined.
  rho = pearsonr(vel_all[mask][:, d], pv[:, d])[0]
/home/likun-share/junjxu/wm/phyworld/scripts/rollout_eval_id1k.py:197: ConstantInputWarning: An input array is constant; the correlation coefficient is not defined.
  rho = pearsonr(vel_all[mask][:, d], pv[:, d])[0]
/home/likun-share/junjxu/wm/phyworld/scripts/rollout_eval_id1k.py:197: ConstantInputWarning: An input array is constant; the correlation coefficient is not defined.
  rho = pearsonr(vel_all[mask][:, d], pv[:, d])[0]
/home/likun-share/junjxu/wm/phyworld/scripts/rollout_eval_id1k.py:197: ConstantInputWarning: An input array is constant; the correlation coefficient is not defined.
  rho = pearsonr(vel_all[mask][:, d], pv[:, d])[0]
/home/likun-share/junjxu/wm/phyworld/scripts/rollout_eval_id1k.py:197: ConstantInputWarning: An input array is constant; the correlation coefficient is not defined.
  rho = pearsonr(vel_all[mask][:, d], pv[:, d])[0]
/home/likun-share/junjxu/wm/phyworld/scripts/rollout_eval_id1k.py:242: ConstantInputWarning: An input array is constant; the correlation coefficient is not defined.
  rhos = [pearsonr(vel_all[m][:, d], pv[:, d])[0] for d in range(vel_all.shape[1])]
/home/likun-share/junjxu/wm/phyworld/scripts/rollout_eval_id1k.py:242: ConstantInputWarning: An input array is constant; the correlation coefficient is not defined.
  rhos = [pearsonr(vel_all[m][:, d], pv[:, d])[0] for d in range(vel_all.shape[1])]
/home/likun-share/junjxu/wm/phyworld/scripts/rollout_eval_id1k.py:242: ConstantInputWarning: An input array is constant; the correlation coefficient is not defined.
  rhos = [pearsonr(vel_all[m][:, d], pv[:, d])[0] for d in range(vel_all.shape[1])]
/home/likun-share/junjxu/wm/phyworld/scripts/rollout_eval_id1k.py:242: ConstantInputWarning: An input array is constant; the correlation coefficient is not defined.
  rhos = [pearsonr(vel_all[m][:, d], pv[:, d])[0] for d in range(vel_all.shape[1])]
/home/likun-share/junjxu/wm/phyworld/scripts/rollout_eval_id1k.py:242: ConstantInputWarning: An input array is constant; the correlation coefficient is not defined.
  rhos = [pearsonr(vel_all[m][:, d], pv[:, d])[0] for d in range(vel_all.shape[1])]
/home/likun-share/junjxu/wm/phyworld/scripts/rollout_eval_id1k.py:242: ConstantInputWarning: An input array is constant; the correlation coefficient is not defined.
  rhos = [pearsonr(vel_all[m][:, d], pv[:, d])[0] for d in range(vel_all.shape[1])]
/home/likun-share/junjxu/wm/phyworld/scripts/rollout_eval_id1k.py:288: ConstantInputWarning: An input array is constant; the correlation coefficient is not defined.
  line += f"  vel{d}ρ={pearsonr(vel_all[m][:, d], pv[:, d])[0]:+.3f}"
/home/likun-share/junjxu/wm/phyworld/scripts/rollout_eval_id1k.py:288: ConstantInputWarning: An input array is constant; the correlation coefficient is not defined.
  line += f"  vel{d}ρ={pearsonr(vel_all[m][:, d], pv[:, d])[0]:+.3f}"
/home/likun-share/junjxu/wm/phyworld/scripts/rollout_eval_id1k.py:288: ConstantInputWarning: An input array is constant; the correlation coefficient is not defined.
  line += f"  vel{d}ρ={pearsonr(vel_all[m][:, d], pv[:, d])[0]:+.3f}"
/home/likun-share/junjxu/wm/phyworld/scripts/rollout_eval_id1k.py:288: ConstantInputWarning: An input array is constant; the correlation coefficient is not defined.
  line += f"  vel{d}ρ={pearsonr(vel_all[m][:, d], pv[:, d])[0]:+.3f}"
/home/likun-share/junjxu/wm/phyworld/scripts/rollout_eval_id1k.py:296: ConstantInputWarning: An input array is constant; the correlation coefficient is not defined.
  rhos = [pearsonr(vel_all[m][:, d], pv[:, d])[0] for d in range(vel_all.shape[1])]
/home/likun-share/junjxu/wm/phyworld/scripts/rollout_eval_id1k.py:296: ConstantInputWarning: An input array is constant; the correlation coefficient is not defined.
  rhos = [pearsonr(vel_all[m][:, d], pv[:, d])[0] for d in range(vel_all.shape[1])]
/home/likun-share/junjxu/wm/phyworld/scripts/rollout_eval_id1k.py:296: ConstantInputWarning: An input array is constant; the correlation coefficient is not defined.
  rhos = [pearsonr(vel_all[m][:, d], pv[:, d])[0] for d in range(vel_all.shape[1])]
/home/likun-share/junjxu/wm/phyworld/scripts/rollout_eval_id1k.py:296: ConstantInputWarning: An input array is constant; the correlation coefficient is not defined.
  rhos = [pearsonr(vel_all[m][:, d], pv[:, d])[0] for d in range(vel_all.shape[1])]

=== uniform_motion AR ROLLOUT (LeWM ID-only FT, history_size=3) ===
--- latent fidelity (pred vs real emb), test trajs, by partition ---
  ID         n=  406  cos=+0.9373  nMSE=0.1234
  r/m-OOD    n=  464  cos=+0.9208  nMSE=0.4189
  v-OOD      n=  841  cos=+0.9365  nMSE=0.1267
  both-OOD   n= 1189  cos=+0.9242  nMSE=0.3330

--- latent fidelity vs horizon (test, aggregate) ---
  h=  1  n=  100  cos=+0.9733  nMSE=0.1897
  h=  2  n=  100  cos=+0.9670  nMSE=0.1813
  h=  4  n=  100  cos=+0.9543  nMSE=0.2246
  h=  8  n=  100  cos=+0.9129  nMSE=0.3230
  h= 16  n=  100  cos=+0.9197  nMSE=0.2496
  h= 28  n=  100  cos=+0.9402  nMSE=0.2096

--- decoded pos/vel ρ from ROLLED-OUT latents (test), by partition ---
  [baseline] probe applied to REAL embs:
  REAL ID                   pos0ρ=+0.944  pos1ρ=+0.974  vel0ρ=+0.592  vel1ρ=+nan
  REAL r/m-OOD              pos0ρ=+0.955  pos1ρ=+0.972  vel0ρ=+0.488  vel1ρ=+nan
  REAL v-OOD                pos0ρ=+0.953  pos1ρ=+0.956  vel0ρ=+0.723  vel1ρ=+nan
  REAL both-OOD             pos0ρ=+0.954  pos1ρ=+0.975  vel0ρ=+0.754  vel1ρ=+nan
  [rollout] probe applied to PREDICTED embs:
  PRED ID                   pos0ρ=+0.983  pos1ρ=+0.989  vel0ρ=+0.546  vel1ρ=+nan
  PRED r/m-OOD              pos0ρ=+0.910  pos1ρ=+0.777  vel0ρ=+0.648  vel1ρ=+nan
  PRED v-OOD                pos0ρ=+0.957  pos1ρ=+0.851  vel0ρ=+0.816  vel1ρ=+nan
  PRED both-OOD             pos0ρ=+0.891  pos1ρ=+0.863  vel0ρ=+0.817  vel1ρ=+nan

--- decoded vel ρ from PRED latents vs horizon (test, aggregate) ---
  h=  1  n=  100  vel0ρ=+0.541  vel1ρ=+nan
  h=  2  n=  100  vel0ρ=+0.730  vel1ρ=+nan
  h=  4  n=  100  vel0ρ=+0.731  vel1ρ=+nan
  h=  8  n=  100  vel0ρ=+0.717  vel1ρ=+nan
  h= 16  n=  100  vel0ρ=+0.919  vel1ρ=+nan
  h= 28  n=  100  vel0ρ=+0.944  vel1ρ=+nan

--- [K=4] decoded pos/vel ρ from ROLLED-OUT latents (test), by partition ---
  [K=4] probe applied to PREDICTED embs (stack 4 consecutive predicted latents):
  PRED-K4 ID          pos0ρ=+0.987  pos1ρ=+0.988  vel0ρ=+0.639  vel1ρ=+nan
  PRED-K4 r/m-OOD     pos0ρ=+0.934  pos1ρ=+0.740  vel0ρ=+0.738  vel1ρ=+nan
  PRED-K4 v-OOD       pos0ρ=+0.972  pos1ρ=+0.865  vel0ρ=+0.895  vel1ρ=+nan
  PRED-K4 both-OOD    pos0ρ=+0.900  pos1ρ=+0.866  vel0ρ=+0.901  vel1ρ=+nan

--- [K=4] decoded vel ρ from PRED latents vs horizon (test, aggregate) ---
  h=  4  n=  100  vel0ρ=+0.713  vel1ρ=+nan
  h=  8  n=  100  vel0ρ=+0.887  vel1ρ=+nan
  h= 16  n=  100  vel0ρ=+0.927  vel1ρ=+nan
  h= 28  n=  100  vel0ρ=+0.978  vel1ρ=+nan

Total 102s
