[norm] action mean=[-0.01484401  0.          0.01575156  0.        ], std=[7.72976437e-02 1.00000000e-08 8.20558954e-02 1.00000000e-08]  (from phyworld_collision_id1k.h5)
[ckpt] /data1/likun-share/junjxu/.stable_worldmodel/dinowm_col_dyn_mlp_s42/dinowm_col_dyn_mlp_s42_epoch_20_object.ckpt  tag=dinowm_col_dyn_mlp_s42
  rolled out 100 trajs, t=25s
  rolled out 200 trajs, t=44s
  rolled out 300 trajs, t=63s
  rolled out 400 trajs, t=79s
  rolled out 500 trajs, t=95s

[data] 500 trajs, 14500 (frame,pred) pairs, emb dim=192

=== collision AR ROLLOUT (LeWM ID-only FT, history_size=3) ===
--- latent fidelity (pred vs real emb), test trajs, by partition ---
  ID         n=  203  cos=+0.8615  nMSE=0.2748
  r/m-OOD    n=  754  cos=+0.8776  nMSE=0.2459
  v-OOD      n=  290  cos=+0.7044  nMSE=0.5715
  both-OOD   n= 1653  cos=+0.7320  nMSE=0.5542

--- latent fidelity vs horizon (test, aggregate) ---
  h=  1  n=  100  cos=+0.9853  nMSE=0.0517
  h=  2  n=  100  cos=+0.9794  nMSE=0.0651
  h=  4  n=  100  cos=+0.9689  nMSE=0.0990
  h=  8  n=  100  cos=+0.9488  nMSE=0.1569
  h= 16  n=  100  cos=+0.7716  nMSE=0.4515
  h= 28  n=  100  cos=+0.5179  nMSE=0.9526

--- decoded pos/vel ρ from ROLLED-OUT latents (test), by partition ---
  [baseline] probe applied to REAL embs:
  REAL ID                   pos0ρ=+0.921  pos1ρ=+0.932  vel0ρ=+0.722  vel1ρ=+0.771
  REAL r/m-OOD              pos0ρ=+0.840  pos1ρ=+0.801  vel0ρ=+0.778  vel1ρ=+0.748
  REAL v-OOD                pos0ρ=+0.950  pos1ρ=+0.891  vel0ρ=+0.778  vel1ρ=+0.694
  REAL both-OOD             pos0ρ=+0.907  pos1ρ=+0.869  vel0ρ=+0.893  vel1ρ=+0.787
  [rollout] probe applied to PREDICTED embs:
  PRED ID                   pos0ρ=+0.512  pos1ρ=+0.603  vel0ρ=+0.590  vel1ρ=+0.641
  PRED r/m-OOD              pos0ρ=+0.636  pos1ρ=+0.442  vel0ρ=+0.649  vel1ρ=+0.684
  PRED v-OOD                pos0ρ=+0.531  pos1ρ=+0.442  vel0ρ=+0.457  vel1ρ=+0.449
  PRED both-OOD             pos0ρ=+0.565  pos1ρ=+0.372  vel0ρ=+0.624  vel1ρ=+0.688

--- decoded vel ρ from PRED latents vs horizon (test, aggregate) ---
  h=  1  n=  100  vel0ρ=+0.236  vel1ρ=+0.095
  h=  2  n=  100  vel0ρ=+0.238  vel1ρ=+0.184
  h=  4  n=  100  vel0ρ=+0.234  vel1ρ=+0.326
  h=  8  n=  100  vel0ρ=+0.483  vel1ρ=+0.443
  h= 16  n=  100  vel0ρ=+0.663  vel1ρ=+0.816
  h= 28  n=  100  vel0ρ=+0.524  vel1ρ=+0.575

--- [K=4] decoded pos/vel ρ from ROLLED-OUT latents (test), by partition ---
  [K=4] probe applied to PREDICTED embs (stack 4 consecutive predicted latents):
  PRED-K4 ID          pos0ρ=+0.427  pos1ρ=+0.751  vel0ρ=+0.562  vel1ρ=+0.741
  PRED-K4 r/m-OOD     pos0ρ=+0.623  pos1ρ=+0.291  vel0ρ=+0.653  vel1ρ=+0.551
  PRED-K4 v-OOD       pos0ρ=+0.571  pos1ρ=+0.448  vel0ρ=+0.518  vel1ρ=+0.434
  PRED-K4 both-OOD    pos0ρ=+0.566  pos1ρ=+0.234  vel0ρ=+0.503  vel1ρ=+0.505

--- [K=4] decoded vel ρ from PRED latents vs horizon (test, aggregate) ---
  h=  4  n=  100  vel0ρ=+0.318  vel1ρ=+0.273
  h=  8  n=  100  vel0ρ=+0.598  vel1ρ=+0.585
  h= 16  n=  100  vel0ρ=+0.460  vel1ρ=+0.470
  h= 28  n=  100  vel0ρ=+0.396  vel1ρ=+0.315

Total 95s
