[norm] action mean=[0.24667731 0.        ], std=[8.83643282e-02 1.00000000e-08]  (from phyworld_uniform_motion_id1k.h5)
[ckpt] /data1/likun-share/junjxu/.stable_worldmodel/dinowm_um_fr_s42/dinowm_um_fr_s42_epoch_20_object.ckpt  tag=dinowm_um_fr_s42
  rolled out 100 trajs, t=68s
  rolled out 200 trajs, t=111s
  rolled out 300 trajs, t=156s
  rolled out 400 trajs, t=199s
  rolled out 500 trajs, t=241s

[data] 500 trajs, 14500 (frame,pred) pairs, emb dim=192
/home/likun-share/junjxu/wm/phyworld/scripts/rollout_eval_id1k.py:197: ConstantInputWarning: An input array is constant; the correlation coefficient is not defined.
  rho = pearsonr(vel_all[mask][:, d], pv[:, d])[0]
/home/likun-share/junjxu/wm/phyworld/scripts/rollout_eval_id1k.py:197: ConstantInputWarning: An input array is constant; the correlation coefficient is not defined.
  rho = pearsonr(vel_all[mask][:, d], pv[:, d])[0]
/home/likun-share/junjxu/wm/phyworld/scripts/rollout_eval_id1k.py:197: ConstantInputWarning: An input array is constant; the correlation coefficient is not defined.
  rho = pearsonr(vel_all[mask][:, d], pv[:, d])[0]
/home/likun-share/junjxu/wm/phyworld/scripts/rollout_eval_id1k.py:197: ConstantInputWarning: An input array is constant; the correlation coefficient is not defined.
  rho = pearsonr(vel_all[mask][:, d], pv[:, d])[0]
/home/likun-share/junjxu/wm/phyworld/scripts/rollout_eval_id1k.py:197: ConstantInputWarning: An input array is constant; the correlation coefficient is not defined.
  rho = pearsonr(vel_all[mask][:, d], pv[:, d])[0]
/home/likun-share/junjxu/wm/phyworld/scripts/rollout_eval_id1k.py:197: ConstantInputWarning: An input array is constant; the correlation coefficient is not defined.
  rho = pearsonr(vel_all[mask][:, d], pv[:, d])[0]
/home/likun-share/junjxu/wm/phyworld/scripts/rollout_eval_id1k.py:197: ConstantInputWarning: An input array is constant; the correlation coefficient is not defined.
  rho = pearsonr(vel_all[mask][:, d], pv[:, d])[0]
/home/likun-share/junjxu/wm/phyworld/scripts/rollout_eval_id1k.py:197: ConstantInputWarning: An input array is constant; the correlation coefficient is not defined.
  rho = pearsonr(vel_all[mask][:, d], pv[:, d])[0]
/home/likun-share/junjxu/wm/phyworld/scripts/rollout_eval_id1k.py:242: ConstantInputWarning: An input array is constant; the correlation coefficient is not defined.
  rhos = [pearsonr(vel_all[m][:, d], pv[:, d])[0] for d in range(vel_all.shape[1])]
/home/likun-share/junjxu/wm/phyworld/scripts/rollout_eval_id1k.py:242: ConstantInputWarning: An input array is constant; the correlation coefficient is not defined.
  rhos = [pearsonr(vel_all[m][:, d], pv[:, d])[0] for d in range(vel_all.shape[1])]
/home/likun-share/junjxu/wm/phyworld/scripts/rollout_eval_id1k.py:242: ConstantInputWarning: An input array is constant; the correlation coefficient is not defined.
  rhos = [pearsonr(vel_all[m][:, d], pv[:, d])[0] for d in range(vel_all.shape[1])]
/home/likun-share/junjxu/wm/phyworld/scripts/rollout_eval_id1k.py:242: ConstantInputWarning: An input array is constant; the correlation coefficient is not defined.
  rhos = [pearsonr(vel_all[m][:, d], pv[:, d])[0] for d in range(vel_all.shape[1])]
/home/likun-share/junjxu/wm/phyworld/scripts/rollout_eval_id1k.py:242: ConstantInputWarning: An input array is constant; the correlation coefficient is not defined.
  rhos = [pearsonr(vel_all[m][:, d], pv[:, d])[0] for d in range(vel_all.shape[1])]
/home/likun-share/junjxu/wm/phyworld/scripts/rollout_eval_id1k.py:242: ConstantInputWarning: An input array is constant; the correlation coefficient is not defined.
  rhos = [pearsonr(vel_all[m][:, d], pv[:, d])[0] for d in range(vel_all.shape[1])]
/home/likun-share/junjxu/wm/phyworld/scripts/rollout_eval_id1k.py:288: ConstantInputWarning: An input array is constant; the correlation coefficient is not defined.
  line += f"  vel{d}ρ={pearsonr(vel_all[m][:, d], pv[:, d])[0]:+.3f}"
/home/likun-share/junjxu/wm/phyworld/scripts/rollout_eval_id1k.py:288: ConstantInputWarning: An input array is constant; the correlation coefficient is not defined.
  line += f"  vel{d}ρ={pearsonr(vel_all[m][:, d], pv[:, d])[0]:+.3f}"
/home/likun-share/junjxu/wm/phyworld/scripts/rollout_eval_id1k.py:288: ConstantInputWarning: An input array is constant; the correlation coefficient is not defined.
  line += f"  vel{d}ρ={pearsonr(vel_all[m][:, d], pv[:, d])[0]:+.3f}"
/home/likun-share/junjxu/wm/phyworld/scripts/rollout_eval_id1k.py:288: ConstantInputWarning: An input array is constant; the correlation coefficient is not defined.
  line += f"  vel{d}ρ={pearsonr(vel_all[m][:, d], pv[:, d])[0]:+.3f}"
/home/likun-share/junjxu/wm/phyworld/scripts/rollout_eval_id1k.py:296: ConstantInputWarning: An input array is constant; the correlation coefficient is not defined.
  rhos = [pearsonr(vel_all[m][:, d], pv[:, d])[0] for d in range(vel_all.shape[1])]
/home/likun-share/junjxu/wm/phyworld/scripts/rollout_eval_id1k.py:296: ConstantInputWarning: An input array is constant; the correlation coefficient is not defined.
  rhos = [pearsonr(vel_all[m][:, d], pv[:, d])[0] for d in range(vel_all.shape[1])]
/home/likun-share/junjxu/wm/phyworld/scripts/rollout_eval_id1k.py:296: ConstantInputWarning: An input array is constant; the correlation coefficient is not defined.
  rhos = [pearsonr(vel_all[m][:, d], pv[:, d])[0] for d in range(vel_all.shape[1])]
/home/likun-share/junjxu/wm/phyworld/scripts/rollout_eval_id1k.py:296: ConstantInputWarning: An input array is constant; the correlation coefficient is not defined.
  rhos = [pearsonr(vel_all[m][:, d], pv[:, d])[0] for d in range(vel_all.shape[1])]

=== uniform_motion AR ROLLOUT (LeWM ID-only FT, history_size=3) ===
--- latent fidelity (pred vs real emb), test trajs, by partition ---
  ID         n=  406  cos=+0.9469  nMSE=0.0989
  r/m-OOD    n=  464  cos=+0.9159  nMSE=0.4357
  v-OOD      n=  841  cos=+0.9544  nMSE=0.0916
  both-OOD   n= 1189  cos=+0.9002  nMSE=0.3943

--- latent fidelity vs horizon (test, aggregate) ---
  h=  1  n=  100  cos=+0.9777  nMSE=0.1732
  h=  2  n=  100  cos=+0.9714  nMSE=0.1791
  h=  4  n=  100  cos=+0.9453  nMSE=0.2678
  h=  8  n=  100  cos=+0.8997  nMSE=0.3760
  h= 16  n=  100  cos=+0.9145  nMSE=0.2660
  h= 28  n=  100  cos=+0.9486  nMSE=0.2025

--- decoded pos/vel ρ from ROLLED-OUT latents (test), by partition ---
  [baseline] probe applied to REAL embs:
  REAL ID                   pos0ρ=+0.665  pos1ρ=+0.970  vel0ρ=+0.543  vel1ρ=+nan
  REAL r/m-OOD              pos0ρ=+0.932  pos1ρ=+0.965  vel0ρ=+0.450  vel1ρ=+nan
  REAL v-OOD                pos0ρ=+0.894  pos1ρ=+0.957  vel0ρ=+0.676  vel1ρ=+nan
  REAL both-OOD             pos0ρ=+0.938  pos1ρ=+0.970  vel0ρ=+0.734  vel1ρ=+nan
  [rollout] probe applied to PREDICTED embs:
  PRED ID                   pos0ρ=+0.755  pos1ρ=+0.984  vel0ρ=+0.465  vel1ρ=+nan
  PRED r/m-OOD              pos0ρ=+0.730  pos1ρ=+0.859  vel0ρ=+0.646  vel1ρ=+nan
  PRED v-OOD                pos0ρ=+0.912  pos1ρ=+0.855  vel0ρ=+0.720  vel1ρ=+nan
  PRED both-OOD             pos0ρ=+0.798  pos1ρ=+0.806  vel0ρ=+0.774  vel1ρ=+nan

--- decoded vel ρ from PRED latents vs horizon (test, aggregate) ---
  h=  1  n=  100  vel0ρ=+0.254  vel1ρ=+nan
  h=  2  n=  100  vel0ρ=+0.509  vel1ρ=+nan
  h=  4  n=  100  vel0ρ=+0.675  vel1ρ=+nan
  h=  8  n=  100  vel0ρ=+0.629  vel1ρ=+nan
  h= 16  n=  100  vel0ρ=+0.772  vel1ρ=+nan
  h= 28  n=  100  vel0ρ=+0.923  vel1ρ=+nan

--- [K=4] decoded pos/vel ρ from ROLLED-OUT latents (test), by partition ---
  [K=4] probe applied to PREDICTED embs (stack 4 consecutive predicted latents):
  PRED-K4 ID          pos0ρ=+0.849  pos1ρ=+0.982  vel0ρ=+0.438  vel1ρ=+nan
  PRED-K4 r/m-OOD     pos0ρ=+0.734  pos1ρ=+0.875  vel0ρ=+0.598  vel1ρ=+nan
  PRED-K4 v-OOD       pos0ρ=+0.938  pos1ρ=+0.870  vel0ρ=+0.757  vel1ρ=+nan
  PRED-K4 both-OOD    pos0ρ=+0.811  pos1ρ=+0.804  vel0ρ=+0.819  vel1ρ=+nan

--- [K=4] decoded vel ρ from PRED latents vs horizon (test, aggregate) ---
  h=  4  n=  100  vel0ρ=+0.531  vel1ρ=+nan
  h=  8  n=  100  vel0ρ=+0.687  vel1ρ=+nan
  h= 16  n=  100  vel0ρ=+0.731  vel1ρ=+nan
  h= 28  n=  100  vel0ρ=+0.944  vel1ρ=+nan

Total 244s
