[norm] action mean=[0.24667731 0.        ], std=[8.83643282e-02 1.00000000e-08]  (from phyworld_uniform_motion_id1k.h5)
[ckpt] /data1/likun-share/junjxu/.stable_worldmodel/dinowm_um_probe_structpos_pw30_s42/dinowm_um_probe_structpos_pw30_s42_epoch_20_object.ckpt  tag=dinowm_um_probe_structpos_pw30_s42
  rolled out 100 trajs, t=27s
  rolled out 200 trajs, t=48s
  rolled out 300 trajs, t=72s
  rolled out 400 trajs, t=93s
  rolled out 500 trajs, t=115s

[data] 500 trajs, 14500 (frame,pred) pairs, emb dim=192
/home/likun-share/junjxu/wm/phyworld/scripts/rollout_eval_id1k.py:197: ConstantInputWarning: An input array is constant; the correlation coefficient is not defined.
  rho = pearsonr(vel_all[mask][:, d], pv[:, d])[0]
/home/likun-share/junjxu/wm/phyworld/scripts/rollout_eval_id1k.py:197: ConstantInputWarning: An input array is constant; the correlation coefficient is not defined.
  rho = pearsonr(vel_all[mask][:, d], pv[:, d])[0]
/home/likun-share/junjxu/wm/phyworld/scripts/rollout_eval_id1k.py:197: ConstantInputWarning: An input array is constant; the correlation coefficient is not defined.
  rho = pearsonr(vel_all[mask][:, d], pv[:, d])[0]
/home/likun-share/junjxu/wm/phyworld/scripts/rollout_eval_id1k.py:197: ConstantInputWarning: An input array is constant; the correlation coefficient is not defined.
  rho = pearsonr(vel_all[mask][:, d], pv[:, d])[0]
/home/likun-share/junjxu/wm/phyworld/scripts/rollout_eval_id1k.py:197: ConstantInputWarning: An input array is constant; the correlation coefficient is not defined.
  rho = pearsonr(vel_all[mask][:, d], pv[:, d])[0]
/home/likun-share/junjxu/wm/phyworld/scripts/rollout_eval_id1k.py:197: ConstantInputWarning: An input array is constant; the correlation coefficient is not defined.
  rho = pearsonr(vel_all[mask][:, d], pv[:, d])[0]
/home/likun-share/junjxu/wm/phyworld/scripts/rollout_eval_id1k.py:197: ConstantInputWarning: An input array is constant; the correlation coefficient is not defined.
  rho = pearsonr(vel_all[mask][:, d], pv[:, d])[0]
/home/likun-share/junjxu/wm/phyworld/scripts/rollout_eval_id1k.py:197: ConstantInputWarning: An input array is constant; the correlation coefficient is not defined.
  rho = pearsonr(vel_all[mask][:, d], pv[:, d])[0]
/home/likun-share/junjxu/wm/phyworld/scripts/rollout_eval_id1k.py:242: ConstantInputWarning: An input array is constant; the correlation coefficient is not defined.
  rhos = [pearsonr(vel_all[m][:, d], pv[:, d])[0] for d in range(vel_all.shape[1])]
/home/likun-share/junjxu/wm/phyworld/scripts/rollout_eval_id1k.py:242: ConstantInputWarning: An input array is constant; the correlation coefficient is not defined.
  rhos = [pearsonr(vel_all[m][:, d], pv[:, d])[0] for d in range(vel_all.shape[1])]
/home/likun-share/junjxu/wm/phyworld/scripts/rollout_eval_id1k.py:242: ConstantInputWarning: An input array is constant; the correlation coefficient is not defined.
  rhos = [pearsonr(vel_all[m][:, d], pv[:, d])[0] for d in range(vel_all.shape[1])]
/home/likun-share/junjxu/wm/phyworld/scripts/rollout_eval_id1k.py:242: ConstantInputWarning: An input array is constant; the correlation coefficient is not defined.
  rhos = [pearsonr(vel_all[m][:, d], pv[:, d])[0] for d in range(vel_all.shape[1])]
/home/likun-share/junjxu/wm/phyworld/scripts/rollout_eval_id1k.py:242: ConstantInputWarning: An input array is constant; the correlation coefficient is not defined.
  rhos = [pearsonr(vel_all[m][:, d], pv[:, d])[0] for d in range(vel_all.shape[1])]
/home/likun-share/junjxu/wm/phyworld/scripts/rollout_eval_id1k.py:242: ConstantInputWarning: An input array is constant; the correlation coefficient is not defined.
  rhos = [pearsonr(vel_all[m][:, d], pv[:, d])[0] for d in range(vel_all.shape[1])]
/home/likun-share/junjxu/wm/phyworld/scripts/rollout_eval_id1k.py:288: ConstantInputWarning: An input array is constant; the correlation coefficient is not defined.
  line += f"  vel{d}ρ={pearsonr(vel_all[m][:, d], pv[:, d])[0]:+.3f}"
/home/likun-share/junjxu/wm/phyworld/scripts/rollout_eval_id1k.py:288: ConstantInputWarning: An input array is constant; the correlation coefficient is not defined.
  line += f"  vel{d}ρ={pearsonr(vel_all[m][:, d], pv[:, d])[0]:+.3f}"
/home/likun-share/junjxu/wm/phyworld/scripts/rollout_eval_id1k.py:288: ConstantInputWarning: An input array is constant; the correlation coefficient is not defined.
  line += f"  vel{d}ρ={pearsonr(vel_all[m][:, d], pv[:, d])[0]:+.3f}"
/home/likun-share/junjxu/wm/phyworld/scripts/rollout_eval_id1k.py:288: ConstantInputWarning: An input array is constant; the correlation coefficient is not defined.
  line += f"  vel{d}ρ={pearsonr(vel_all[m][:, d], pv[:, d])[0]:+.3f}"
/home/likun-share/junjxu/wm/phyworld/scripts/rollout_eval_id1k.py:296: ConstantInputWarning: An input array is constant; the correlation coefficient is not defined.
  rhos = [pearsonr(vel_all[m][:, d], pv[:, d])[0] for d in range(vel_all.shape[1])]
/home/likun-share/junjxu/wm/phyworld/scripts/rollout_eval_id1k.py:296: ConstantInputWarning: An input array is constant; the correlation coefficient is not defined.
  rhos = [pearsonr(vel_all[m][:, d], pv[:, d])[0] for d in range(vel_all.shape[1])]
/home/likun-share/junjxu/wm/phyworld/scripts/rollout_eval_id1k.py:296: ConstantInputWarning: An input array is constant; the correlation coefficient is not defined.
  rhos = [pearsonr(vel_all[m][:, d], pv[:, d])[0] for d in range(vel_all.shape[1])]
/home/likun-share/junjxu/wm/phyworld/scripts/rollout_eval_id1k.py:296: ConstantInputWarning: An input array is constant; the correlation coefficient is not defined.
  rhos = [pearsonr(vel_all[m][:, d], pv[:, d])[0] for d in range(vel_all.shape[1])]

=== uniform_motion AR ROLLOUT (LeWM ID-only FT, history_size=3) ===
--- latent fidelity (pred vs real emb), test trajs, by partition ---
  ID         n=  406  cos=+0.9334  nMSE=0.1320
  r/m-OOD    n=  464  cos=+0.9254  nMSE=0.4013
  v-OOD      n=  841  cos=+0.9399  nMSE=0.1178
  both-OOD   n= 1189  cos=+0.9211  nMSE=0.3360

--- latent fidelity vs horizon (test, aggregate) ---
  h=  1  n=  100  cos=+0.9759  nMSE=0.1859
  h=  2  n=  100  cos=+0.9690  nMSE=0.1743
  h=  4  n=  100  cos=+0.9527  nMSE=0.2234
  h=  8  n=  100  cos=+0.9131  nMSE=0.3157
  h= 16  n=  100  cos=+0.9161  nMSE=0.2631
  h= 28  n=  100  cos=+0.9436  nMSE=0.2131

--- decoded pos/vel ρ from ROLLED-OUT latents (test), by partition ---
  [baseline] probe applied to REAL embs:
  REAL ID                   pos0ρ=+0.987  pos1ρ=+0.993  vel0ρ=+0.543  vel1ρ=+nan
  REAL r/m-OOD              pos0ρ=+0.979  pos1ρ=+0.987  vel0ρ=+0.491  vel1ρ=+nan
  REAL v-OOD                pos0ρ=+0.960  pos1ρ=+0.972  vel0ρ=+0.731  vel1ρ=+nan
  REAL both-OOD             pos0ρ=+0.964  pos1ρ=+0.988  vel0ρ=+0.761  vel1ρ=+nan
  [rollout] probe applied to PREDICTED embs:
  PRED ID                   pos0ρ=+0.990  pos1ρ=+0.998  vel0ρ=+0.543  vel1ρ=+nan
  PRED r/m-OOD              pos0ρ=+0.897  pos1ρ=+0.929  vel0ρ=+0.504  vel1ρ=+nan
  PRED v-OOD                pos0ρ=+0.966  pos1ρ=+0.951  vel0ρ=+0.819  vel1ρ=+nan
  PRED both-OOD             pos0ρ=+0.897  pos1ρ=+0.902  vel0ρ=+0.739  vel1ρ=+nan

--- decoded vel ρ from PRED latents vs horizon (test, aggregate) ---
  h=  1  n=  100  vel0ρ=+0.479  vel1ρ=+nan
  h=  2  n=  100  vel0ρ=+0.632  vel1ρ=+nan
  h=  4  n=  100  vel0ρ=+0.723  vel1ρ=+nan
  h=  8  n=  100  vel0ρ=+0.640  vel1ρ=+nan
  h= 16  n=  100  vel0ρ=+0.904  vel1ρ=+nan
  h= 28  n=  100  vel0ρ=+0.885  vel1ρ=+nan

--- [K=4] decoded pos/vel ρ from ROLLED-OUT latents (test), by partition ---
  [K=4] probe applied to PREDICTED embs (stack 4 consecutive predicted latents):
  PRED-K4 ID          pos0ρ=+0.994  pos1ρ=+0.998  vel0ρ=+0.853  vel1ρ=+nan
  PRED-K4 r/m-OOD     pos0ρ=+0.889  pos1ρ=+0.932  vel0ρ=+0.777  vel1ρ=+nan
  PRED-K4 v-OOD       pos0ρ=+0.978  pos1ρ=+0.962  vel0ρ=+0.975  vel1ρ=+nan
  PRED-K4 both-OOD    pos0ρ=+0.907  pos1ρ=+0.904  vel0ρ=+0.893  vel1ρ=+nan

--- [K=4] decoded vel ρ from PRED latents vs horizon (test, aggregate) ---
  h=  4  n=  100  vel0ρ=+0.812  vel1ρ=+nan
  h=  8  n=  100  vel0ρ=+0.869  vel1ρ=+nan
  h= 16  n=  100  vel0ρ=+0.979  vel1ρ=+nan
  h= 28  n=  100  vel0ρ=+0.952  vel1ρ=+nan

Total 115s
