[norm] action mean=[-0.01484401  0.          0.01575156  0.        ], std=[7.72976437e-02 1.00000000e-08 8.20558954e-02 1.00000000e-08]  (from phyworld_collision_id1k.h5)
[ckpt] /data1/likun-share/junjxu/.stable_worldmodel/dinowm_col_structpos_pw30/dinowm_col_structpos_pw30_epoch_20_object.ckpt  tag=dinowm_col_structpos_pw30
  rolled out 100 trajs, t=34s
  rolled out 200 trajs, t=62s
  rolled out 300 trajs, t=91s
  rolled out 400 trajs, t=119s
  rolled out 500 trajs, t=146s

[data] 500 trajs, 14500 (frame,pred) pairs, emb dim=192

=== collision AR ROLLOUT (LeWM ID-only FT, history_size=3) ===
--- latent fidelity (pred vs real emb), test trajs, by partition ---
  ID         n=  203  cos=+0.8437  nMSE=0.3234
  r/m-OOD    n=  754  cos=+0.9035  nMSE=0.2122
  v-OOD      n=  290  cos=+0.7264  nMSE=0.5124
  both-OOD   n= 1653  cos=+0.7984  nMSE=0.4212

--- latent fidelity vs horizon (test, aggregate) ---
  h=  1  n=  100  cos=+0.9837  nMSE=0.0605
  h=  2  n=  100  cos=+0.9781  nMSE=0.0709
  h=  4  n=  100  cos=+0.9699  nMSE=0.0931
  h=  8  n=  100  cos=+0.9505  nMSE=0.1494
  h= 16  n=  100  cos=+0.8026  nMSE=0.3897
  h= 28  n=  100  cos=+0.6667  nMSE=0.6465

--- decoded pos/vel ρ from ROLLED-OUT latents (test), by partition ---
  [baseline] probe applied to REAL embs:
  REAL ID                   pos0ρ=+0.940  pos1ρ=+0.927  vel0ρ=+0.721  vel1ρ=+0.761
  REAL r/m-OOD              pos0ρ=+0.845  pos1ρ=+0.814  vel0ρ=+0.786  vel1ρ=+0.781
  REAL v-OOD                pos0ρ=+0.958  pos1ρ=+0.892  vel0ρ=+0.735  vel1ρ=+0.715
  REAL both-OOD             pos0ρ=+0.911  pos1ρ=+0.868  vel0ρ=+0.889  vel1ρ=+0.792
  [rollout] probe applied to PREDICTED embs:
  PRED ID                   pos0ρ=+0.722  pos1ρ=+0.756  vel0ρ=+0.655  vel1ρ=+0.686
  PRED r/m-OOD              pos0ρ=+0.827  pos1ρ=+0.841  vel0ρ=+0.797  vel1ρ=+0.779
  PRED v-OOD                pos0ρ=+0.534  pos1ρ=+0.672  vel0ρ=+0.486  vel1ρ=+0.632
  PRED both-OOD             pos0ρ=+0.862  pos1ρ=+0.882  vel0ρ=+0.857  vel1ρ=+0.789

--- decoded vel ρ from PRED latents vs horizon (test, aggregate) ---
  h=  1  n=  100  vel0ρ=+0.336  vel1ρ=+0.232
  h=  2  n=  100  vel0ρ=+0.318  vel1ρ=+0.166
  h=  4  n=  100  vel0ρ=+0.259  vel1ρ=+0.176
  h=  8  n=  100  vel0ρ=+0.762  vel1ρ=+0.719
  h= 16  n=  100  vel0ρ=+0.911  vel1ρ=+0.859
  h= 28  n=  100  vel0ρ=+0.873  vel1ρ=+0.848

--- [K=4] decoded pos/vel ρ from ROLLED-OUT latents (test), by partition ---
  [K=4] probe applied to PREDICTED embs (stack 4 consecutive predicted latents):
  PRED-K4 ID          pos0ρ=+0.830  pos1ρ=+0.867  vel0ρ=+0.807  vel1ρ=+0.821
  PRED-K4 r/m-OOD     pos0ρ=+0.857  pos1ρ=+0.867  vel0ρ=+0.863  vel1ρ=+0.856
  PRED-K4 v-OOD       pos0ρ=+0.514  pos1ρ=+0.722  vel0ρ=+0.492  vel1ρ=+0.747
  PRED-K4 both-OOD    pos0ρ=+0.881  pos1ρ=+0.901  vel0ρ=+0.870  vel1ρ=+0.857

--- [K=4] decoded vel ρ from PRED latents vs horizon (test, aggregate) ---
  h=  4  n=  100  vel0ρ=+0.448  vel1ρ=+0.451
  h=  8  n=  100  vel0ρ=+0.738  vel1ρ=+0.738
  h= 16  n=  100  vel0ρ=+0.896  vel1ρ=+0.898
  h= 28  n=  100  vel0ρ=+0.850  vel1ρ=+0.873

Total 148s
