[norm] action mean=[0.24667731 0.        ], std=[8.83643282e-02 1.00000000e-08]  (from phyworld_uniform_motion_id1k.h5)
[ckpt] /data1/likun-share/junjxu/.stable_worldmodel/dinowm_um_labelfree_const_s1234/dinowm_um_labelfree_const_s1234_epoch_20_object.ckpt  tag=dinowm_um_labelfree_const_s1234
  rolled out 100 trajs, t=22s
  rolled out 200 trajs, t=41s
  rolled out 300 trajs, t=62s
  rolled out 400 trajs, t=87s
  rolled out 500 trajs, t=113s

[data] 500 trajs, 14500 (frame,pred) pairs, emb dim=192
/home/likun-share/junjxu/wm/phyworld/scripts/rollout_eval_id1k.py:197: ConstantInputWarning: An input array is constant; the correlation coefficient is not defined.
  rho = pearsonr(vel_all[mask][:, d], pv[:, d])[0]
/home/likun-share/junjxu/wm/phyworld/scripts/rollout_eval_id1k.py:197: ConstantInputWarning: An input array is constant; the correlation coefficient is not defined.
  rho = pearsonr(vel_all[mask][:, d], pv[:, d])[0]
/home/likun-share/junjxu/wm/phyworld/scripts/rollout_eval_id1k.py:197: ConstantInputWarning: An input array is constant; the correlation coefficient is not defined.
  rho = pearsonr(vel_all[mask][:, d], pv[:, d])[0]
/home/likun-share/junjxu/wm/phyworld/scripts/rollout_eval_id1k.py:197: ConstantInputWarning: An input array is constant; the correlation coefficient is not defined.
  rho = pearsonr(vel_all[mask][:, d], pv[:, d])[0]
/home/likun-share/junjxu/wm/phyworld/scripts/rollout_eval_id1k.py:197: ConstantInputWarning: An input array is constant; the correlation coefficient is not defined.
  rho = pearsonr(vel_all[mask][:, d], pv[:, d])[0]
/home/likun-share/junjxu/wm/phyworld/scripts/rollout_eval_id1k.py:197: ConstantInputWarning: An input array is constant; the correlation coefficient is not defined.
  rho = pearsonr(vel_all[mask][:, d], pv[:, d])[0]
/home/likun-share/junjxu/wm/phyworld/scripts/rollout_eval_id1k.py:197: ConstantInputWarning: An input array is constant; the correlation coefficient is not defined.
  rho = pearsonr(vel_all[mask][:, d], pv[:, d])[0]
/home/likun-share/junjxu/wm/phyworld/scripts/rollout_eval_id1k.py:197: ConstantInputWarning: An input array is constant; the correlation coefficient is not defined.
  rho = pearsonr(vel_all[mask][:, d], pv[:, d])[0]
/home/likun-share/junjxu/wm/phyworld/scripts/rollout_eval_id1k.py:242: ConstantInputWarning: An input array is constant; the correlation coefficient is not defined.
  rhos = [pearsonr(vel_all[m][:, d], pv[:, d])[0] for d in range(vel_all.shape[1])]
/home/likun-share/junjxu/wm/phyworld/scripts/rollout_eval_id1k.py:242: ConstantInputWarning: An input array is constant; the correlation coefficient is not defined.
  rhos = [pearsonr(vel_all[m][:, d], pv[:, d])[0] for d in range(vel_all.shape[1])]
/home/likun-share/junjxu/wm/phyworld/scripts/rollout_eval_id1k.py:242: ConstantInputWarning: An input array is constant; the correlation coefficient is not defined.
  rhos = [pearsonr(vel_all[m][:, d], pv[:, d])[0] for d in range(vel_all.shape[1])]
/home/likun-share/junjxu/wm/phyworld/scripts/rollout_eval_id1k.py:242: ConstantInputWarning: An input array is constant; the correlation coefficient is not defined.
  rhos = [pearsonr(vel_all[m][:, d], pv[:, d])[0] for d in range(vel_all.shape[1])]
/home/likun-share/junjxu/wm/phyworld/scripts/rollout_eval_id1k.py:242: ConstantInputWarning: An input array is constant; the correlation coefficient is not defined.
  rhos = [pearsonr(vel_all[m][:, d], pv[:, d])[0] for d in range(vel_all.shape[1])]
/home/likun-share/junjxu/wm/phyworld/scripts/rollout_eval_id1k.py:242: ConstantInputWarning: An input array is constant; the correlation coefficient is not defined.
  rhos = [pearsonr(vel_all[m][:, d], pv[:, d])[0] for d in range(vel_all.shape[1])]
/home/likun-share/junjxu/wm/phyworld/scripts/rollout_eval_id1k.py:288: ConstantInputWarning: An input array is constant; the correlation coefficient is not defined.
  line += f"  vel{d}ρ={pearsonr(vel_all[m][:, d], pv[:, d])[0]:+.3f}"
/home/likun-share/junjxu/wm/phyworld/scripts/rollout_eval_id1k.py:288: ConstantInputWarning: An input array is constant; the correlation coefficient is not defined.
  line += f"  vel{d}ρ={pearsonr(vel_all[m][:, d], pv[:, d])[0]:+.3f}"
/home/likun-share/junjxu/wm/phyworld/scripts/rollout_eval_id1k.py:288: ConstantInputWarning: An input array is constant; the correlation coefficient is not defined.
  line += f"  vel{d}ρ={pearsonr(vel_all[m][:, d], pv[:, d])[0]:+.3f}"
/home/likun-share/junjxu/wm/phyworld/scripts/rollout_eval_id1k.py:288: ConstantInputWarning: An input array is constant; the correlation coefficient is not defined.
  line += f"  vel{d}ρ={pearsonr(vel_all[m][:, d], pv[:, d])[0]:+.3f}"
/home/likun-share/junjxu/wm/phyworld/scripts/rollout_eval_id1k.py:296: ConstantInputWarning: An input array is constant; the correlation coefficient is not defined.
  rhos = [pearsonr(vel_all[m][:, d], pv[:, d])[0] for d in range(vel_all.shape[1])]
/home/likun-share/junjxu/wm/phyworld/scripts/rollout_eval_id1k.py:296: ConstantInputWarning: An input array is constant; the correlation coefficient is not defined.
  rhos = [pearsonr(vel_all[m][:, d], pv[:, d])[0] for d in range(vel_all.shape[1])]
/home/likun-share/junjxu/wm/phyworld/scripts/rollout_eval_id1k.py:296: ConstantInputWarning: An input array is constant; the correlation coefficient is not defined.
  rhos = [pearsonr(vel_all[m][:, d], pv[:, d])[0] for d in range(vel_all.shape[1])]
/home/likun-share/junjxu/wm/phyworld/scripts/rollout_eval_id1k.py:296: ConstantInputWarning: An input array is constant; the correlation coefficient is not defined.
  rhos = [pearsonr(vel_all[m][:, d], pv[:, d])[0] for d in range(vel_all.shape[1])]

=== uniform_motion AR ROLLOUT (LeWM ID-only FT, history_size=3) ===
--- latent fidelity (pred vs real emb), test trajs, by partition ---
  ID         n=  406  cos=+0.9390  nMSE=0.1153
  r/m-OOD    n=  464  cos=+0.9388  nMSE=0.3541
  v-OOD      n=  841  cos=+0.9372  nMSE=0.1220
  both-OOD   n= 1189  cos=+0.8539  nMSE=0.5049

--- latent fidelity vs horizon (test, aggregate) ---
  h=  1  n=  100  cos=+0.9784  nMSE=0.1768
  h=  2  n=  100  cos=+0.9720  nMSE=0.1764
  h=  4  n=  100  cos=+0.9256  nMSE=0.3257
  h=  8  n=  100  cos=+0.8597  nMSE=0.4675
  h= 16  n=  100  cos=+0.9092  nMSE=0.2719
  h= 28  n=  100  cos=+0.9061  nMSE=0.2880

--- decoded pos/vel ρ from ROLLED-OUT latents (test), by partition ---
  [baseline] probe applied to REAL embs:
  REAL ID                   pos0ρ=+0.899  pos1ρ=+0.975  vel0ρ=+0.594  vel1ρ=+nan
  REAL r/m-OOD              pos0ρ=+0.942  pos1ρ=+0.969  vel0ρ=+0.514  vel1ρ=+nan
  REAL v-OOD                pos0ρ=+0.936  pos1ρ=+0.950  vel0ρ=+0.707  vel1ρ=+nan
  REAL both-OOD             pos0ρ=+0.946  pos1ρ=+0.977  vel0ρ=+0.755  vel1ρ=+nan
  [rollout] probe applied to PREDICTED embs:
  PRED ID                   pos0ρ=-0.065  pos1ρ=+0.947  vel0ρ=-0.246  vel1ρ=+nan
  PRED r/m-OOD              pos0ρ=+0.099  pos1ρ=+0.794  vel0ρ=+0.006  vel1ρ=+nan
  PRED v-OOD                pos0ρ=+0.218  pos1ρ=+0.823  vel0ρ=+0.256  vel1ρ=+nan
  PRED both-OOD             pos0ρ=-0.024  pos1ρ=+0.690  vel0ρ=+0.205  vel1ρ=+nan

--- decoded vel ρ from PRED latents vs horizon (test, aggregate) ---
  h=  1  n=  100  vel0ρ=+0.456  vel1ρ=+nan
  h=  2  n=  100  vel0ρ=+0.603  vel1ρ=+nan
  h=  4  n=  100  vel0ρ=+0.572  vel1ρ=+nan
  h=  8  n=  100  vel0ρ=+0.325  vel1ρ=+nan
  h= 16  n=  100  vel0ρ=+0.181  vel1ρ=+nan
  h= 28  n=  100  vel0ρ=+0.082  vel1ρ=+nan

--- [K=4] decoded pos/vel ρ from ROLLED-OUT latents (test), by partition ---
  [K=4] probe applied to PREDICTED embs (stack 4 consecutive predicted latents):
  PRED-K4 ID          pos0ρ=-0.094  pos1ρ=+0.905  vel0ρ=-0.292  vel1ρ=+nan
  PRED-K4 r/m-OOD     pos0ρ=+0.123  pos1ρ=+0.773  vel0ρ=-0.094  vel1ρ=+nan
  PRED-K4 v-OOD       pos0ρ=+0.243  pos1ρ=+0.798  vel0ρ=+0.040  vel1ρ=+nan
  PRED-K4 both-OOD    pos0ρ=+0.037  pos1ρ=+0.631  vel0ρ=+0.085  vel1ρ=+nan

--- [K=4] decoded vel ρ from PRED latents vs horizon (test, aggregate) ---
  h=  4  n=  100  vel0ρ=+0.369  vel1ρ=+nan
  h=  8  n=  100  vel0ρ=+0.235  vel1ρ=+nan
  h= 16  n=  100  vel0ρ=-0.005  vel1ρ=+nan
  h= 28  n=  100  vel0ρ=-0.020  vel1ρ=+nan

Total 114s
