[norm] action mean=[-0.01484401  0.          0.01575156  0.        ], std=[7.72976437e-02 1.00000000e-08 8.20558954e-02 1.00000000e-08]  (from phyworld_collision_id1k.h5)
[ckpt] /data1/likun-share/junjxu/.stable_worldmodel/dinowm_col_structpos_plain_s1234/dinowm_col_structpos_plain_s1234_epoch_20_object.ckpt  tag=dinowm_col_structpos_plain_s1234
  rolled out 100 trajs, t=40s
  rolled out 200 trajs, t=73s
  rolled out 300 trajs, t=107s
  rolled out 400 trajs, t=132s
  rolled out 500 trajs, t=161s

[data] 500 trajs, 14500 (frame,pred) pairs, emb dim=192

=== collision AR ROLLOUT (LeWM ID-only FT, history_size=3) ===
--- latent fidelity (pred vs real emb), test trajs, by partition ---
  ID         n=  203  cos=+0.8439  nMSE=0.3115
  r/m-OOD    n=  754  cos=+0.9003  nMSE=0.2229
  v-OOD      n=  290  cos=+0.7179  nMSE=0.4954
  both-OOD   n= 1653  cos=+0.7738  nMSE=0.4649

--- latent fidelity vs horizon (test, aggregate) ---
  h=  1  n=  100  cos=+0.9852  nMSE=0.0585
  h=  2  n=  100  cos=+0.9802  nMSE=0.0674
  h=  4  n=  100  cos=+0.9707  nMSE=0.0964
  h=  8  n=  100  cos=+0.9460  nMSE=0.1730
  h= 16  n=  100  cos=+0.7832  nMSE=0.4334
  h= 28  n=  100  cos=+0.6304  nMSE=0.6886

--- decoded pos/vel ρ from ROLLED-OUT latents (test), by partition ---
  [baseline] probe applied to REAL embs:
  REAL ID                   pos0ρ=+0.935  pos1ρ=+0.935  vel0ρ=+0.738  vel1ρ=+0.783
  REAL r/m-OOD              pos0ρ=+0.846  pos1ρ=+0.805  vel0ρ=+0.776  vel1ρ=+0.756
  REAL v-OOD                pos0ρ=+0.943  pos1ρ=+0.899  vel0ρ=+0.729  vel1ρ=+0.707
  REAL both-OOD             pos0ρ=+0.911  pos1ρ=+0.865  vel0ρ=+0.891  vel1ρ=+0.784
  [rollout] probe applied to PREDICTED embs:
  PRED ID                   pos0ρ=+0.703  pos1ρ=+0.707  vel0ρ=+0.642  vel1ρ=+0.712
  PRED r/m-OOD              pos0ρ=+0.811  pos1ρ=+0.854  vel0ρ=+0.807  vel1ρ=+0.805
  PRED v-OOD                pos0ρ=+0.547  pos1ρ=+0.684  vel0ρ=+0.493  vel1ρ=+0.651
  PRED both-OOD             pos0ρ=+0.725  pos1ρ=+0.832  vel0ρ=+0.829  vel1ρ=+0.804

--- decoded vel ρ from PRED latents vs horizon (test, aggregate) ---
  h=  1  n=  100  vel0ρ=+0.250  vel1ρ=-0.078
  h=  2  n=  100  vel0ρ=+0.243  vel1ρ=-0.011
  h=  4  n=  100  vel0ρ=+0.256  vel1ρ=+0.128
  h=  8  n=  100  vel0ρ=+0.731  vel1ρ=+0.715
  h= 16  n=  100  vel0ρ=+0.878  vel1ρ=+0.879
  h= 28  n=  100  vel0ρ=+0.840  vel1ρ=+0.892

--- [K=4] decoded pos/vel ρ from ROLLED-OUT latents (test), by partition ---
  [K=4] probe applied to PREDICTED embs (stack 4 consecutive predicted latents):
  PRED-K4 ID          pos0ρ=+0.751  pos1ρ=+0.828  vel0ρ=+0.771  vel1ρ=+0.791
  PRED-K4 r/m-OOD     pos0ρ=+0.838  pos1ρ=+0.874  vel0ρ=+0.866  vel1ρ=+0.875
  PRED-K4 v-OOD       pos0ρ=+0.549  pos1ρ=+0.710  vel0ρ=+0.494  vel1ρ=+0.730
  PRED-K4 both-OOD    pos0ρ=+0.758  pos1ρ=+0.843  vel0ρ=+0.835  vel1ρ=+0.855

--- [K=4] decoded vel ρ from PRED latents vs horizon (test, aggregate) ---
  h=  4  n=  100  vel0ρ=+0.398  vel1ρ=+0.218
  h=  8  n=  100  vel0ρ=+0.711  vel1ρ=+0.714
  h= 16  n=  100  vel0ρ=+0.891  vel1ρ=+0.923
  h= 28  n=  100  vel0ρ=+0.805  vel1ρ=+0.888

Total 161s
