[norm] action mean=[ 0.24667731 -0.40296947], std=[0.08836433 0.229554  ]  (from phyworld_parabola_id1k.h5)
[ckpt] /data1/likun-share/junjxu/.stable_worldmodel/dinowm_par_dyn_mlp_s42/dinowm_par_dyn_mlp_s42_epoch_20_object.ckpt  tag=dinowm_par_dyn_mlp_s42
  rolled out 100 trajs, t=18s
  rolled out 200 trajs, t=33s
  rolled out 300 trajs, t=48s
  rolled out 400 trajs, t=63s
  rolled out 500 trajs, t=78s

[data] 500 trajs, 14500 (frame,pred) pairs, emb dim=192
/home/likun-share/junjxu/wm/phyworld/scripts/rollout_eval_id1k.py:242: ConstantInputWarning: An input array is constant; the correlation coefficient is not defined.
  rhos = [pearsonr(vel_all[m][:, d], pv[:, d])[0] for d in range(vel_all.shape[1])]
/home/likun-share/junjxu/wm/phyworld/scripts/rollout_eval_id1k.py:242: NearConstantInputWarning: An input array is nearly constant; the computed correlation coefficient may be inaccurate.
  rhos = [pearsonr(vel_all[m][:, d], pv[:, d])[0] for d in range(vel_all.shape[1])]
/home/likun-share/junjxu/wm/phyworld/scripts/rollout_eval_id1k.py:242: NearConstantInputWarning: An input array is nearly constant; the computed correlation coefficient may be inaccurate.
  rhos = [pearsonr(vel_all[m][:, d], pv[:, d])[0] for d in range(vel_all.shape[1])]
/home/likun-share/junjxu/wm/phyworld/scripts/rollout_eval_id1k.py:296: ConstantInputWarning: An input array is constant; the correlation coefficient is not defined.
  rhos = [pearsonr(vel_all[m][:, d], pv[:, d])[0] for d in range(vel_all.shape[1])]
/home/likun-share/junjxu/wm/phyworld/scripts/rollout_eval_id1k.py:296: NearConstantInputWarning: An input array is nearly constant; the computed correlation coefficient may be inaccurate.
  rhos = [pearsonr(vel_all[m][:, d], pv[:, d])[0] for d in range(vel_all.shape[1])]
/home/likun-share/junjxu/wm/phyworld/scripts/rollout_eval_id1k.py:296: NearConstantInputWarning: An input array is nearly constant; the computed correlation coefficient may be inaccurate.
  rhos = [pearsonr(vel_all[m][:, d], pv[:, d])[0] for d in range(vel_all.shape[1])]

=== parabola AR ROLLOUT (LeWM ID-only FT, history_size=3) ===
--- latent fidelity (pred vs real emb), test trajs, by partition ---
  ID         n=  464  cos=+0.9501  nMSE=0.0981
  r/m-OOD    n=  319  cos=+0.9599  nMSE=0.2294
  v-OOD      n=  928  cos=+0.7903  nMSE=0.2904
  both-OOD   n= 1189  cos=+0.8045  nMSE=0.3553

--- latent fidelity vs horizon (test, aggregate) ---
  h=  1  n=  100  cos=+0.9672  nMSE=0.1523
  h=  2  n=  100  cos=+0.9629  nMSE=0.1728
  h=  4  n=  100  cos=+0.9571  nMSE=0.2085
  h=  8  n=  100  cos=+0.9335  nMSE=0.3022
  h= 16  n=  100  cos=+0.8335  nMSE=0.2638
  h= 28  n=  100  cos=+0.7539  nMSE=1.3971

--- decoded pos/vel ρ from ROLLED-OUT latents (test), by partition ---
  [baseline] probe applied to REAL embs:
  REAL ID                   pos0ρ=+0.943  pos1ρ=+0.989  vel0ρ=+0.630  vel1ρ=+0.991
  REAL r/m-OOD              pos0ρ=+0.919  pos1ρ=+0.986  vel0ρ=+0.537  vel1ρ=+0.985
  REAL v-OOD                pos0ρ=+0.931  pos1ρ=+0.915  vel0ρ=+0.785  vel1ρ=+0.956
  REAL both-OOD             pos0ρ=+0.915  pos1ρ=+0.929  vel0ρ=+0.779  vel1ρ=+0.961
  [rollout] probe applied to PREDICTED embs:
  PRED ID                   pos0ρ=+0.839  pos1ρ=+0.948  vel0ρ=+0.483  vel1ρ=+0.937
  PRED r/m-OOD              pos0ρ=+0.801  pos1ρ=+0.944  vel0ρ=+0.323  vel1ρ=+0.909
  PRED v-OOD                pos0ρ=+0.685  pos1ρ=+0.949  vel0ρ=+0.327  vel1ρ=+0.931
  PRED both-OOD             pos0ρ=+0.510  pos1ρ=+0.851  vel0ρ=+0.368  vel1ρ=+0.812

--- decoded vel ρ from PRED latents vs horizon (test, aggregate) ---
  h=  1  n=  100  vel0ρ=+0.167  vel1ρ=-0.170
  h=  2  n=  100  vel0ρ=+0.411  vel1ρ=-0.010
  h=  4  n=  100  vel0ρ=+0.393  vel1ρ=-0.007
  h=  8  n=  100  vel0ρ=+0.377  vel1ρ=+nan
  h= 16  n=  100  vel0ρ=+0.575  vel1ρ=+0.002
  h= 28  n=  100  vel0ρ=-0.014  vel1ρ=+0.036

--- [K=4] decoded pos/vel ρ from ROLLED-OUT latents (test), by partition ---
  [K=4] probe applied to PREDICTED embs (stack 4 consecutive predicted latents):
  PRED-K4 ID          pos0ρ=+0.817  pos1ρ=+0.934  vel0ρ=+0.495  vel1ρ=+0.923
  PRED-K4 r/m-OOD     pos0ρ=+0.815  pos1ρ=+0.927  vel0ρ=+0.535  vel1ρ=+0.894
  PRED-K4 v-OOD       pos0ρ=+0.657  pos1ρ=+0.934  vel0ρ=+0.635  vel1ρ=+0.909
  PRED-K4 both-OOD    pos0ρ=+0.536  pos1ρ=+0.813  vel0ρ=+0.619  vel1ρ=+0.765

--- [K=4] decoded vel ρ from PRED latents vs horizon (test, aggregate) ---
  h=  4  n=  100  vel0ρ=+0.606  vel1ρ=-0.043
  h=  8  n=  100  vel0ρ=+0.637  vel1ρ=+nan
  h= 16  n=  100  vel0ρ=+0.814  vel1ρ=+0.000
  h= 28  n=  100  vel0ρ=-0.221  vel1ρ=+0.030

Total 79s
