[norm] action mean=[-0.01484401  0.          0.01575156  0.        ], std=[7.72976437e-02 1.00000000e-08 8.20558954e-02 1.00000000e-08]  (from phyworld_collision_id1k.h5)
[ckpt] /data1/likun-share/junjxu/.stable_worldmodel/dinowm_col_labelfree_const_s42/dinowm_col_labelfree_const_s42_epoch_20_object.ckpt  tag=dinowm_col_labelfree_const_s42
  rolled out 100 trajs, t=18s
  rolled out 200 trajs, t=34s
  rolled out 300 trajs, t=49s
  rolled out 400 trajs, t=65s
  rolled out 500 trajs, t=81s

[data] 500 trajs, 14500 (frame,pred) pairs, emb dim=192

=== collision AR ROLLOUT (LeWM ID-only FT, history_size=3) ===
--- latent fidelity (pred vs real emb), test trajs, by partition ---
  ID         n=  203  cos=+0.8267  nMSE=0.3421
  r/m-OOD    n=  754  cos=+0.8897  nMSE=0.2321
  v-OOD      n=  290  cos=+0.7397  nMSE=0.5061
  both-OOD   n= 1653  cos=+0.7413  nMSE=0.5348

--- latent fidelity vs horizon (test, aggregate) ---
  h=  1  n=  100  cos=+0.9850  nMSE=0.0539
  h=  2  n=  100  cos=+0.9791  nMSE=0.0653
  h=  4  n=  100  cos=+0.9708  nMSE=0.0897
  h=  8  n=  100  cos=+0.9478  nMSE=0.1593
  h= 16  n=  100  cos=+0.7703  nMSE=0.4627
  h= 28  n=  100  cos=+0.5556  nMSE=0.8807

--- decoded pos/vel ρ from ROLLED-OUT latents (test), by partition ---
  [baseline] probe applied to REAL embs:
  REAL ID                   pos0ρ=+0.941  pos1ρ=+0.889  vel0ρ=+0.693  vel1ρ=+0.699
  REAL r/m-OOD              pos0ρ=+0.814  pos1ρ=+0.785  vel0ρ=+0.782  vel1ρ=+0.742
  REAL v-OOD                pos0ρ=+0.949  pos1ρ=+0.846  vel0ρ=+0.739  vel1ρ=+0.596
  REAL both-OOD             pos0ρ=+0.908  pos1ρ=+0.853  vel0ρ=+0.879  vel1ρ=+0.782
  [rollout] probe applied to PREDICTED embs:
  PRED ID                   pos0ρ=+0.326  pos1ρ=+0.780  vel0ρ=+0.065  vel1ρ=+0.558
  PRED r/m-OOD              pos0ρ=+0.613  pos1ρ=+0.788  vel0ρ=+0.511  vel1ρ=+0.703
  PRED v-OOD                pos0ρ=+0.303  pos1ρ=+0.686  vel0ρ=+0.129  vel1ρ=+0.575
  PRED both-OOD             pos0ρ=+0.416  pos1ρ=+0.722  vel0ρ=+0.473  vel1ρ=+0.804

--- decoded vel ρ from PRED latents vs horizon (test, aggregate) ---
  h=  1  n=  100  vel0ρ=+0.342  vel1ρ=+0.059
  h=  2  n=  100  vel0ρ=+0.320  vel1ρ=+0.121
  h=  4  n=  100  vel0ρ=+0.313  vel1ρ=+0.215
  h=  8  n=  100  vel0ρ=+0.311  vel1ρ=+0.711
  h= 16  n=  100  vel0ρ=+0.565  vel1ρ=+0.827
  h= 28  n=  100  vel0ρ=+0.356  vel1ρ=+0.800

--- [K=4] decoded pos/vel ρ from ROLLED-OUT latents (test), by partition ---
  [K=4] probe applied to PREDICTED embs (stack 4 consecutive predicted latents):
  PRED-K4 ID          pos0ρ=+0.280  pos1ρ=+0.810  vel0ρ=+0.176  vel1ρ=+0.708
  PRED-K4 r/m-OOD     pos0ρ=+0.690  pos1ρ=+0.836  vel0ρ=+0.656  vel1ρ=+0.782
  PRED-K4 v-OOD       pos0ρ=+0.156  pos1ρ=+0.643  vel0ρ=+0.074  vel1ρ=+0.660
  PRED-K4 both-OOD    pos0ρ=+0.509  pos1ρ=+0.794  vel0ρ=+0.528  vel1ρ=+0.833

--- [K=4] decoded vel ρ from PRED latents vs horizon (test, aggregate) ---
  h=  4  n=  100  vel0ρ=+0.475  vel1ρ=+0.411
  h=  8  n=  100  vel0ρ=+0.569  vel1ρ=+0.769
  h= 16  n=  100  vel0ρ=+0.613  vel1ρ=+0.836
  h= 28  n=  100  vel0ρ=+0.410  vel1ρ=+0.780

Total 81s
