[norm] action mean=[0.24667731 0.        ], std=[8.83643282e-02 1.00000000e-08]  (from phyworld_uniform_motion_id1k.h5)
[ckpt] /data1/likun-share/junjxu/.stable_worldmodel/dinowm_um_probeF2/dinowm_um_probeF2_epoch_20_object.ckpt  tag=dinowm_um_probeF2
  rolled out 100 trajs, t=34s
  rolled out 200 trajs, t=63s
  rolled out 300 trajs, t=92s
  rolled out 400 trajs, t=119s
  rolled out 500 trajs, t=146s

[data] 500 trajs, 14500 (frame,pred) pairs, emb dim=192
/home/likun-share/junjxu/wm/phyworld/scripts/rollout_eval_id1k.py:197: ConstantInputWarning: An input array is constant; the correlation coefficient is not defined.
  rho = pearsonr(vel_all[mask][:, d], pv[:, d])[0]
/home/likun-share/junjxu/wm/phyworld/scripts/rollout_eval_id1k.py:197: ConstantInputWarning: An input array is constant; the correlation coefficient is not defined.
  rho = pearsonr(vel_all[mask][:, d], pv[:, d])[0]
/home/likun-share/junjxu/wm/phyworld/scripts/rollout_eval_id1k.py:197: ConstantInputWarning: An input array is constant; the correlation coefficient is not defined.
  rho = pearsonr(vel_all[mask][:, d], pv[:, d])[0]
/home/likun-share/junjxu/wm/phyworld/scripts/rollout_eval_id1k.py:197: ConstantInputWarning: An input array is constant; the correlation coefficient is not defined.
  rho = pearsonr(vel_all[mask][:, d], pv[:, d])[0]
/home/likun-share/junjxu/wm/phyworld/scripts/rollout_eval_id1k.py:197: ConstantInputWarning: An input array is constant; the correlation coefficient is not defined.
  rho = pearsonr(vel_all[mask][:, d], pv[:, d])[0]
/home/likun-share/junjxu/wm/phyworld/scripts/rollout_eval_id1k.py:197: ConstantInputWarning: An input array is constant; the correlation coefficient is not defined.
  rho = pearsonr(vel_all[mask][:, d], pv[:, d])[0]
/home/likun-share/junjxu/wm/phyworld/scripts/rollout_eval_id1k.py:197: ConstantInputWarning: An input array is constant; the correlation coefficient is not defined.
  rho = pearsonr(vel_all[mask][:, d], pv[:, d])[0]
/home/likun-share/junjxu/wm/phyworld/scripts/rollout_eval_id1k.py:197: ConstantInputWarning: An input array is constant; the correlation coefficient is not defined.
  rho = pearsonr(vel_all[mask][:, d], pv[:, d])[0]
/home/likun-share/junjxu/wm/phyworld/scripts/rollout_eval_id1k.py:242: ConstantInputWarning: An input array is constant; the correlation coefficient is not defined.
  rhos = [pearsonr(vel_all[m][:, d], pv[:, d])[0] for d in range(vel_all.shape[1])]
/home/likun-share/junjxu/wm/phyworld/scripts/rollout_eval_id1k.py:242: ConstantInputWarning: An input array is constant; the correlation coefficient is not defined.
  rhos = [pearsonr(vel_all[m][:, d], pv[:, d])[0] for d in range(vel_all.shape[1])]
/home/likun-share/junjxu/wm/phyworld/scripts/rollout_eval_id1k.py:242: ConstantInputWarning: An input array is constant; the correlation coefficient is not defined.
  rhos = [pearsonr(vel_all[m][:, d], pv[:, d])[0] for d in range(vel_all.shape[1])]
/home/likun-share/junjxu/wm/phyworld/scripts/rollout_eval_id1k.py:242: ConstantInputWarning: An input array is constant; the correlation coefficient is not defined.
  rhos = [pearsonr(vel_all[m][:, d], pv[:, d])[0] for d in range(vel_all.shape[1])]
/home/likun-share/junjxu/wm/phyworld/scripts/rollout_eval_id1k.py:242: ConstantInputWarning: An input array is constant; the correlation coefficient is not defined.
  rhos = [pearsonr(vel_all[m][:, d], pv[:, d])[0] for d in range(vel_all.shape[1])]
/home/likun-share/junjxu/wm/phyworld/scripts/rollout_eval_id1k.py:242: ConstantInputWarning: An input array is constant; the correlation coefficient is not defined.
  rhos = [pearsonr(vel_all[m][:, d], pv[:, d])[0] for d in range(vel_all.shape[1])]
/home/likun-share/junjxu/wm/phyworld/scripts/rollout_eval_id1k.py:288: ConstantInputWarning: An input array is constant; the correlation coefficient is not defined.
  line += f"  vel{d}ρ={pearsonr(vel_all[m][:, d], pv[:, d])[0]:+.3f}"
/home/likun-share/junjxu/wm/phyworld/scripts/rollout_eval_id1k.py:288: ConstantInputWarning: An input array is constant; the correlation coefficient is not defined.
  line += f"  vel{d}ρ={pearsonr(vel_all[m][:, d], pv[:, d])[0]:+.3f}"
/home/likun-share/junjxu/wm/phyworld/scripts/rollout_eval_id1k.py:288: ConstantInputWarning: An input array is constant; the correlation coefficient is not defined.
  line += f"  vel{d}ρ={pearsonr(vel_all[m][:, d], pv[:, d])[0]:+.3f}"
/home/likun-share/junjxu/wm/phyworld/scripts/rollout_eval_id1k.py:288: ConstantInputWarning: An input array is constant; the correlation coefficient is not defined.
  line += f"  vel{d}ρ={pearsonr(vel_all[m][:, d], pv[:, d])[0]:+.3f}"
/home/likun-share/junjxu/wm/phyworld/scripts/rollout_eval_id1k.py:296: ConstantInputWarning: An input array is constant; the correlation coefficient is not defined.
  rhos = [pearsonr(vel_all[m][:, d], pv[:, d])[0] for d in range(vel_all.shape[1])]
/home/likun-share/junjxu/wm/phyworld/scripts/rollout_eval_id1k.py:296: ConstantInputWarning: An input array is constant; the correlation coefficient is not defined.
  rhos = [pearsonr(vel_all[m][:, d], pv[:, d])[0] for d in range(vel_all.shape[1])]
/home/likun-share/junjxu/wm/phyworld/scripts/rollout_eval_id1k.py:296: ConstantInputWarning: An input array is constant; the correlation coefficient is not defined.
  rhos = [pearsonr(vel_all[m][:, d], pv[:, d])[0] for d in range(vel_all.shape[1])]
/home/likun-share/junjxu/wm/phyworld/scripts/rollout_eval_id1k.py:296: ConstantInputWarning: An input array is constant; the correlation coefficient is not defined.
  rhos = [pearsonr(vel_all[m][:, d], pv[:, d])[0] for d in range(vel_all.shape[1])]

=== uniform_motion AR ROLLOUT (LeWM ID-only FT, history_size=3) ===
--- latent fidelity (pred vs real emb), test trajs, by partition ---
  ID         n=  406  cos=+0.9335  nMSE=0.1287
  r/m-OOD    n=  464  cos=+0.9355  nMSE=0.3797
  v-OOD      n=  841  cos=+0.9330  nMSE=0.1348
  both-OOD   n= 1189  cos=+0.9127  nMSE=0.3659

--- latent fidelity vs horizon (test, aggregate) ---
  h=  1  n=  100  cos=+0.9747  nMSE=0.1952
  h=  2  n=  100  cos=+0.9656  nMSE=0.1878
  h=  4  n=  100  cos=+0.9437  nMSE=0.2565
  h=  8  n=  100  cos=+0.9169  nMSE=0.3175
  h= 16  n=  100  cos=+0.9093  nMSE=0.2656
  h= 28  n=  100  cos=+0.9332  nMSE=0.2477

--- decoded pos/vel ρ from ROLLED-OUT latents (test), by partition ---
  [baseline] probe applied to REAL embs:
  REAL ID                   pos0ρ=+0.965  pos1ρ=+0.971  vel0ρ=+0.547  vel1ρ=+nan
  REAL r/m-OOD              pos0ρ=+0.968  pos1ρ=+0.968  vel0ρ=+0.488  vel1ρ=+nan
  REAL v-OOD                pos0ρ=+0.957  pos1ρ=+0.958  vel0ρ=+0.713  vel1ρ=+nan
  REAL both-OOD             pos0ρ=+0.958  pos1ρ=+0.978  vel0ρ=+0.769  vel1ρ=+nan
  [rollout] probe applied to PREDICTED embs:
  PRED ID                   pos0ρ=+0.977  pos1ρ=+0.989  vel0ρ=+0.609  vel1ρ=+nan
  PRED r/m-OOD              pos0ρ=+0.935  pos1ρ=+0.903  vel0ρ=+0.550  vel1ρ=+nan
  PRED v-OOD                pos0ρ=+0.954  pos1ρ=+0.871  vel0ρ=+0.812  vel1ρ=+nan
  PRED both-OOD             pos0ρ=+0.896  pos1ρ=+0.867  vel0ρ=+0.777  vel1ρ=+nan

--- decoded vel ρ from PRED latents vs horizon (test, aggregate) ---
  h=  1  n=  100  vel0ρ=+0.522  vel1ρ=+nan
  h=  2  n=  100  vel0ρ=+0.572  vel1ρ=+nan
  h=  4  n=  100  vel0ρ=+0.662  vel1ρ=+nan
  h=  8  n=  100  vel0ρ=+0.634  vel1ρ=+nan
  h= 16  n=  100  vel0ρ=+0.870  vel1ρ=+nan
  h= 28  n=  100  vel0ρ=+0.909  vel1ρ=+nan

--- [K=4] decoded pos/vel ρ from ROLLED-OUT latents (test), by partition ---
  [K=4] probe applied to PREDICTED embs (stack 4 consecutive predicted latents):
  PRED-K4 ID          pos0ρ=+0.983  pos1ρ=+0.992  vel0ρ=+0.713  vel1ρ=+nan
  PRED-K4 r/m-OOD     pos0ρ=+0.967  pos1ρ=+0.917  vel0ρ=+0.645  vel1ρ=+nan
  PRED-K4 v-OOD       pos0ρ=+0.967  pos1ρ=+0.885  vel0ρ=+0.908  vel1ρ=+nan
  PRED-K4 both-OOD    pos0ρ=+0.915  pos1ρ=+0.873  vel0ρ=+0.851  vel1ρ=+nan

--- [K=4] decoded vel ρ from PRED latents vs horizon (test, aggregate) ---
  h=  4  n=  100  vel0ρ=+0.787  vel1ρ=+nan
  h=  8  n=  100  vel0ρ=+0.798  vel1ρ=+nan
  h= 16  n=  100  vel0ρ=+0.894  vel1ρ=+nan
  h= 28  n=  100  vel0ρ=+0.915  vel1ρ=+nan

Total 148s
