[norm] action mean=[ 0.24667731 -0.40296947], std=[0.08836433 0.229554  ]  (from phyworld_parabola_id1k.h5)
[ckpt] /data1/likun-share/junjxu/.stable_worldmodel/dinowm_par_grounded_const/dinowm_par_grounded_const_epoch_20_object.ckpt  tag=dinowm_par_grounded_const
  rolled out 100 trajs, t=33s
  rolled out 200 trajs, t=60s
  rolled out 300 trajs, t=87s
  rolled out 400 trajs, t=114s
  rolled out 500 trajs, t=141s

[data] 500 trajs, 14500 (frame,pred) pairs, emb dim=192
/home/likun-share/junjxu/wm/phyworld/scripts/rollout_eval_id1k.py:242: ConstantInputWarning: An input array is constant; the correlation coefficient is not defined.
  rhos = [pearsonr(vel_all[m][:, d], pv[:, d])[0] for d in range(vel_all.shape[1])]
/home/likun-share/junjxu/wm/phyworld/scripts/rollout_eval_id1k.py:242: NearConstantInputWarning: An input array is nearly constant; the computed correlation coefficient may be inaccurate.
  rhos = [pearsonr(vel_all[m][:, d], pv[:, d])[0] for d in range(vel_all.shape[1])]
/home/likun-share/junjxu/wm/phyworld/scripts/rollout_eval_id1k.py:242: NearConstantInputWarning: An input array is nearly constant; the computed correlation coefficient may be inaccurate.
  rhos = [pearsonr(vel_all[m][:, d], pv[:, d])[0] for d in range(vel_all.shape[1])]
/home/likun-share/junjxu/wm/phyworld/scripts/rollout_eval_id1k.py:296: ConstantInputWarning: An input array is constant; the correlation coefficient is not defined.
  rhos = [pearsonr(vel_all[m][:, d], pv[:, d])[0] for d in range(vel_all.shape[1])]
/home/likun-share/junjxu/wm/phyworld/scripts/rollout_eval_id1k.py:296: NearConstantInputWarning: An input array is nearly constant; the computed correlation coefficient may be inaccurate.
  rhos = [pearsonr(vel_all[m][:, d], pv[:, d])[0] for d in range(vel_all.shape[1])]
/home/likun-share/junjxu/wm/phyworld/scripts/rollout_eval_id1k.py:296: NearConstantInputWarning: An input array is nearly constant; the computed correlation coefficient may be inaccurate.
  rhos = [pearsonr(vel_all[m][:, d], pv[:, d])[0] for d in range(vel_all.shape[1])]

=== parabola AR ROLLOUT (LeWM ID-only FT, history_size=3) ===
--- latent fidelity (pred vs real emb), test trajs, by partition ---
  ID         n=  464  cos=+0.9331  nMSE=0.1117
  r/m-OOD    n=  319  cos=+0.9243  nMSE=0.2588
  v-OOD      n=  928  cos=+0.7948  nMSE=0.3043
  both-OOD   n= 1189  cos=+0.7839  nMSE=0.3886

--- latent fidelity vs horizon (test, aggregate) ---
  h=  1  n=  100  cos=+0.9675  nMSE=0.1685
  h=  2  n=  100  cos=+0.9643  nMSE=0.1823
  h=  4  n=  100  cos=+0.9578  nMSE=0.2207
  h=  8  n=  100  cos=+0.9317  nMSE=0.3101
  h= 16  n=  100  cos=+0.8363  nMSE=0.2967
  h= 28  n=  100  cos=+0.6824  nMSE=2.4917

--- decoded pos/vel ρ from ROLLED-OUT latents (test), by partition ---
  [baseline] probe applied to REAL embs:
  REAL ID                   pos0ρ=+0.943  pos1ρ=+0.989  vel0ρ=+0.630  vel1ρ=+0.992
  REAL r/m-OOD              pos0ρ=+0.924  pos1ρ=+0.986  vel0ρ=+0.556  vel1ρ=+0.986
  REAL v-OOD                pos0ρ=+0.924  pos1ρ=+0.914  vel0ρ=+0.801  vel1ρ=+0.956
  REAL both-OOD             pos0ρ=+0.916  pos1ρ=+0.929  vel0ρ=+0.792  vel1ρ=+0.960
  [rollout] probe applied to PREDICTED embs:
  PRED ID                   pos0ρ=+0.420  pos1ρ=+0.749  vel0ρ=+0.099  vel1ρ=+0.739
  PRED r/m-OOD              pos0ρ=+0.570  pos1ρ=+0.443  vel0ρ=+0.194  vel1ρ=+0.374
  PRED v-OOD                pos0ρ=+0.846  pos1ρ=+0.817  vel0ρ=+0.504  vel1ρ=+0.813
  PRED both-OOD             pos0ρ=+0.483  pos1ρ=+0.332  vel0ρ=+0.334  vel1ρ=+0.311

--- decoded vel ρ from PRED latents vs horizon (test, aggregate) ---
  h=  1  n=  100  vel0ρ=+0.418  vel1ρ=-0.241
  h=  2  n=  100  vel0ρ=+0.540  vel1ρ=+0.171
  h=  4  n=  100  vel0ρ=+0.580  vel1ρ=+0.122
  h=  8  n=  100  vel0ρ=+0.501  vel1ρ=+nan
  h= 16  n=  100  vel0ρ=+0.537  vel1ρ=-0.035
  h= 28  n=  100  vel0ρ=+0.227  vel1ρ=-0.005

--- [K=4] decoded pos/vel ρ from ROLLED-OUT latents (test), by partition ---
  [K=4] probe applied to PREDICTED embs (stack 4 consecutive predicted latents):
  PRED-K4 ID          pos0ρ=+0.423  pos1ρ=+0.714  vel0ρ=+0.181  vel1ρ=+0.703
  PRED-K4 r/m-OOD     pos0ρ=+0.593  pos1ρ=+0.407  vel0ρ=+0.409  vel1ρ=+0.332
  PRED-K4 v-OOD       pos0ρ=+0.839  pos1ρ=+0.790  vel0ρ=+0.614  vel1ρ=+0.780
  PRED-K4 both-OOD    pos0ρ=+0.491  pos1ρ=+0.290  vel0ρ=+0.463  vel1ρ=+0.271

--- [K=4] decoded vel ρ from PRED latents vs horizon (test, aggregate) ---
  h=  4  n=  100  vel0ρ=+0.708  vel1ρ=+0.095
  h=  8  n=  100  vel0ρ=+0.643  vel1ρ=+nan
  h= 16  n=  100  vel0ρ=+0.566  vel1ρ=-0.040
  h= 28  n=  100  vel0ρ=+0.339  vel1ρ=-0.006

Total 142s
