[norm] action mean=[ 0.24667731 -0.40296947], std=[0.08836433 0.229554  ]  (from phyworld_parabola_id1k.h5)
[ckpt] /data1/likun-share/junjxu/.stable_worldmodel/dinowm_par_structpos_pw30_s42/dinowm_par_structpos_pw30_s42_epoch_20_object.ckpt  tag=dinowm_par_structpos_pw30_s42
  rolled out 100 trajs, t=25s
  rolled out 200 trajs, t=45s
  rolled out 300 trajs, t=66s
  rolled out 400 trajs, t=86s
  rolled out 500 trajs, t=106s

[data] 500 trajs, 14500 (frame,pred) pairs, emb dim=192
/home/likun-share/junjxu/wm/phyworld/scripts/rollout_eval_id1k.py:242: ConstantInputWarning: An input array is constant; the correlation coefficient is not defined.
  rhos = [pearsonr(vel_all[m][:, d], pv[:, d])[0] for d in range(vel_all.shape[1])]
/home/likun-share/junjxu/wm/phyworld/scripts/rollout_eval_id1k.py:242: NearConstantInputWarning: An input array is nearly constant; the computed correlation coefficient may be inaccurate.
  rhos = [pearsonr(vel_all[m][:, d], pv[:, d])[0] for d in range(vel_all.shape[1])]
/home/likun-share/junjxu/wm/phyworld/scripts/rollout_eval_id1k.py:242: NearConstantInputWarning: An input array is nearly constant; the computed correlation coefficient may be inaccurate.
  rhos = [pearsonr(vel_all[m][:, d], pv[:, d])[0] for d in range(vel_all.shape[1])]
/home/likun-share/junjxu/wm/phyworld/scripts/rollout_eval_id1k.py:296: ConstantInputWarning: An input array is constant; the correlation coefficient is not defined.
  rhos = [pearsonr(vel_all[m][:, d], pv[:, d])[0] for d in range(vel_all.shape[1])]
/home/likun-share/junjxu/wm/phyworld/scripts/rollout_eval_id1k.py:296: NearConstantInputWarning: An input array is nearly constant; the computed correlation coefficient may be inaccurate.
  rhos = [pearsonr(vel_all[m][:, d], pv[:, d])[0] for d in range(vel_all.shape[1])]
/home/likun-share/junjxu/wm/phyworld/scripts/rollout_eval_id1k.py:296: NearConstantInputWarning: An input array is nearly constant; the computed correlation coefficient may be inaccurate.
  rhos = [pearsonr(vel_all[m][:, d], pv[:, d])[0] for d in range(vel_all.shape[1])]

=== parabola AR ROLLOUT (LeWM ID-only FT, history_size=3) ===
--- latent fidelity (pred vs real emb), test trajs, by partition ---
  ID         n=  464  cos=+0.9602  nMSE=0.0768
  r/m-OOD    n=  319  cos=+0.9559  nMSE=0.2416
  v-OOD      n=  928  cos=+0.7613  nMSE=0.4083
  both-OOD   n= 1189  cos=+0.8037  nMSE=0.3829

--- latent fidelity vs horizon (test, aggregate) ---
  h=  1  n=  100  cos=+0.9674  nMSE=0.1620
  h=  2  n=  100  cos=+0.9595  nMSE=0.1832
  h=  4  n=  100  cos=+0.9521  nMSE=0.2255
  h=  8  n=  100  cos=+0.9234  nMSE=0.3276
  h= 16  n=  100  cos=+0.8102  nMSE=0.3545
  h= 28  n=  100  cos=+0.7601  nMSE=1.3381

--- decoded pos/vel ρ from ROLLED-OUT latents (test), by partition ---
  [baseline] probe applied to REAL embs:
  REAL ID                   pos0ρ=+0.945  pos1ρ=+0.989  vel0ρ=+0.614  vel1ρ=+0.992
  REAL r/m-OOD              pos0ρ=+0.907  pos1ρ=+0.985  vel0ρ=+0.500  vel1ρ=+0.986
  REAL v-OOD                pos0ρ=+0.925  pos1ρ=+0.914  vel0ρ=+0.774  vel1ρ=+0.954
  REAL both-OOD             pos0ρ=+0.909  pos1ρ=+0.927  vel0ρ=+0.786  vel1ρ=+0.959
  [rollout] probe applied to PREDICTED embs:
  PRED ID                   pos0ρ=+0.960  pos1ρ=+0.991  vel0ρ=+0.678  vel1ρ=+0.994
  PRED r/m-OOD              pos0ρ=+0.926  pos1ρ=+0.985  vel0ρ=+0.732  vel1ρ=+0.989
  PRED v-OOD                pos0ρ=+0.783  pos1ρ=+0.936  vel0ρ=+0.697  vel1ρ=+0.974
  PRED both-OOD             pos0ρ=+0.871  pos1ρ=+0.943  vel0ρ=+0.822  vel1ρ=+0.977

--- decoded vel ρ from PRED latents vs horizon (test, aggregate) ---
  h=  1  n=  100  vel0ρ=+0.552  vel1ρ=-0.104
  h=  2  n=  100  vel0ρ=+0.779  vel1ρ=+0.119
  h=  4  n=  100  vel0ρ=+0.835  vel1ρ=-0.081
  h=  8  n=  100  vel0ρ=+0.913  vel1ρ=+nan
  h= 16  n=  100  vel0ρ=+0.892  vel1ρ=+0.273
  h= 28  n=  100  vel0ρ=+0.889  vel1ρ=-0.001

--- [K=4] decoded pos/vel ρ from ROLLED-OUT latents (test), by partition ---
  [K=4] probe applied to PREDICTED embs (stack 4 consecutive predicted latents):
  PRED-K4 ID          pos0ρ=+0.970  pos1ρ=+0.998  vel0ρ=+0.847  vel1ρ=+0.996
  PRED-K4 r/m-OOD     pos0ρ=+0.949  pos1ρ=+0.993  vel0ρ=+0.845  vel1ρ=+0.994
  PRED-K4 v-OOD       pos0ρ=+0.762  pos1ρ=+0.956  vel0ρ=+0.806  vel1ρ=+0.982
  PRED-K4 both-OOD    pos0ρ=+0.876  pos1ρ=+0.959  vel0ρ=+0.919  vel1ρ=+0.986

--- [K=4] decoded vel ρ from PRED latents vs horizon (test, aggregate) ---
  h=  4  n=  100  vel0ρ=+0.887  vel1ρ=-0.256
  h=  8  n=  100  vel0ρ=+0.964  vel1ρ=+nan
  h= 16  n=  100  vel0ρ=+0.966  vel1ρ=+0.160
  h= 28  n=  100  vel0ρ=+0.735  vel1ρ=-0.123

Total 107s
