[norm] action mean=[ 0.24667731 -0.40296947], std=[0.08836433 0.229554  ]  (from phyworld_parabola_id1k.h5)
[ckpt] /data1/likun-share/junjxu/.stable_worldmodel/dinowm_par_grounded2_const/dinowm_par_grounded2_const_epoch_20_object.ckpt  tag=dinowm_par_grounded2_const
  rolled out 100 trajs, t=19s
  rolled out 200 trajs, t=35s
  rolled out 300 trajs, t=50s
  rolled out 400 trajs, t=66s
  rolled out 500 trajs, t=81s

[data] 500 trajs, 14500 (frame,pred) pairs, emb dim=192
/home/likun-share/junjxu/wm/phyworld/scripts/rollout_eval_id1k.py:242: ConstantInputWarning: An input array is constant; the correlation coefficient is not defined.
  rhos = [pearsonr(vel_all[m][:, d], pv[:, d])[0] for d in range(vel_all.shape[1])]
/home/likun-share/junjxu/wm/phyworld/scripts/rollout_eval_id1k.py:242: NearConstantInputWarning: An input array is nearly constant; the computed correlation coefficient may be inaccurate.
  rhos = [pearsonr(vel_all[m][:, d], pv[:, d])[0] for d in range(vel_all.shape[1])]
/home/likun-share/junjxu/wm/phyworld/scripts/rollout_eval_id1k.py:242: NearConstantInputWarning: An input array is nearly constant; the computed correlation coefficient may be inaccurate.
  rhos = [pearsonr(vel_all[m][:, d], pv[:, d])[0] for d in range(vel_all.shape[1])]
/home/likun-share/junjxu/wm/phyworld/scripts/rollout_eval_id1k.py:296: ConstantInputWarning: An input array is constant; the correlation coefficient is not defined.
  rhos = [pearsonr(vel_all[m][:, d], pv[:, d])[0] for d in range(vel_all.shape[1])]
/home/likun-share/junjxu/wm/phyworld/scripts/rollout_eval_id1k.py:296: NearConstantInputWarning: An input array is nearly constant; the computed correlation coefficient may be inaccurate.
  rhos = [pearsonr(vel_all[m][:, d], pv[:, d])[0] for d in range(vel_all.shape[1])]
/home/likun-share/junjxu/wm/phyworld/scripts/rollout_eval_id1k.py:296: NearConstantInputWarning: An input array is nearly constant; the computed correlation coefficient may be inaccurate.
  rhos = [pearsonr(vel_all[m][:, d], pv[:, d])[0] for d in range(vel_all.shape[1])]

=== parabola AR ROLLOUT (LeWM ID-only FT, history_size=3) ===
--- latent fidelity (pred vs real emb), test trajs, by partition ---
  ID         n=  464  cos=+0.9373  nMSE=0.1097
  r/m-OOD    n=  319  cos=+0.9230  nMSE=0.2540
  v-OOD      n=  928  cos=+0.7983  nMSE=0.2750
  both-OOD   n= 1189  cos=+0.7946  nMSE=0.3578

--- latent fidelity vs horizon (test, aggregate) ---
  h=  1  n=  100  cos=+0.9682  nMSE=0.1604
  h=  2  n=  100  cos=+0.9631  nMSE=0.1791
  h=  4  n=  100  cos=+0.9563  nMSE=0.2125
  h=  8  n=  100  cos=+0.9355  nMSE=0.2920
  h= 16  n=  100  cos=+0.8429  nMSE=0.2851
  h= 28  n=  100  cos=+0.7041  nMSE=2.0957

--- decoded pos/vel ρ from ROLLED-OUT latents (test), by partition ---
  [baseline] probe applied to REAL embs:
  REAL ID                   pos0ρ=+0.943  pos1ρ=+0.989  vel0ρ=+0.597  vel1ρ=+0.991
  REAL r/m-OOD              pos0ρ=+0.917  pos1ρ=+0.986  vel0ρ=+0.567  vel1ρ=+0.985
  REAL v-OOD                pos0ρ=+0.921  pos1ρ=+0.915  vel0ρ=+0.776  vel1ρ=+0.957
  REAL both-OOD             pos0ρ=+0.910  pos1ρ=+0.929  vel0ρ=+0.771  vel1ρ=+0.960
  [rollout] probe applied to PREDICTED embs:
  PRED ID                   pos0ρ=+0.332  pos1ρ=+0.855  vel0ρ=+0.293  vel1ρ=+0.828
  PRED r/m-OOD              pos0ρ=+0.404  pos1ρ=+0.613  vel0ρ=+0.251  vel1ρ=+0.521
  PRED v-OOD                pos0ρ=+0.849  pos1ρ=+0.762  vel0ρ=+0.558  vel1ρ=+0.728
  PRED both-OOD             pos0ρ=+0.433  pos1ρ=+0.532  vel0ρ=+0.463  vel1ρ=+0.449

--- decoded vel ρ from PRED latents vs horizon (test, aggregate) ---
  h=  1  n=  100  vel0ρ=+0.480  vel1ρ=+0.013
  h=  2  n=  100  vel0ρ=+0.707  vel1ρ=-0.013
  h=  4  n=  100  vel0ρ=+0.735  vel1ρ=-0.016
  h=  8  n=  100  vel0ρ=+0.660  vel1ρ=+nan
  h= 16  n=  100  vel0ρ=+0.620  vel1ρ=-0.066
  h= 28  n=  100  vel0ρ=+0.413  vel1ρ=+0.047

--- [K=4] decoded pos/vel ρ from ROLLED-OUT latents (test), by partition ---
  [K=4] probe applied to PREDICTED embs (stack 4 consecutive predicted latents):
  PRED-K4 ID          pos0ρ=+0.330  pos1ρ=+0.821  vel0ρ=+0.335  vel1ρ=+0.794
  PRED-K4 r/m-OOD     pos0ρ=+0.445  pos1ρ=+0.574  vel0ρ=+0.616  vel1ρ=+0.471
  PRED-K4 v-OOD       pos0ρ=+0.843  pos1ρ=+0.733  vel0ρ=+0.746  vel1ρ=+0.696
  PRED-K4 both-OOD    pos0ρ=+0.437  pos1ρ=+0.480  vel0ρ=+0.535  vel1ρ=+0.397

--- [K=4] decoded vel ρ from PRED latents vs horizon (test, aggregate) ---
  h=  4  n=  100  vel0ρ=+0.719  vel1ρ=-0.171
  h=  8  n=  100  vel0ρ=+0.751  vel1ρ=+nan
  h= 16  n=  100  vel0ρ=+0.652  vel1ρ=-0.060
  h= 28  n=  100  vel0ρ=+0.449  vel1ρ=+0.042

Total 82s
