[norm] action mean=[0.24667731 0.        ], std=[8.83643282e-02 1.00000000e-08]  (from phyworld_uniform_motion_id1k.h5)
[ckpt] /data1/likun-share/junjxu/.stable_worldmodel/dinowm_um_posvel_pw30_s1234/dinowm_um_posvel_pw30_s1234_epoch_20_object.ckpt  tag=dinowm_um_posvel_pw30_s1234
  rolled out 100 trajs, t=28s
  rolled out 200 trajs, t=49s
  rolled out 300 trajs, t=71s
  rolled out 400 trajs, t=91s
  rolled out 500 trajs, t=110s

[data] 500 trajs, 14500 (frame,pred) pairs, emb dim=192
/home/likun-share/junjxu/wm/phyworld/scripts/rollout_eval_id1k.py:197: ConstantInputWarning: An input array is constant; the correlation coefficient is not defined.
  rho = pearsonr(vel_all[mask][:, d], pv[:, d])[0]
/home/likun-share/junjxu/wm/phyworld/scripts/rollout_eval_id1k.py:197: ConstantInputWarning: An input array is constant; the correlation coefficient is not defined.
  rho = pearsonr(vel_all[mask][:, d], pv[:, d])[0]
/home/likun-share/junjxu/wm/phyworld/scripts/rollout_eval_id1k.py:197: ConstantInputWarning: An input array is constant; the correlation coefficient is not defined.
  rho = pearsonr(vel_all[mask][:, d], pv[:, d])[0]
/home/likun-share/junjxu/wm/phyworld/scripts/rollout_eval_id1k.py:197: ConstantInputWarning: An input array is constant; the correlation coefficient is not defined.
  rho = pearsonr(vel_all[mask][:, d], pv[:, d])[0]
/home/likun-share/junjxu/wm/phyworld/scripts/rollout_eval_id1k.py:197: ConstantInputWarning: An input array is constant; the correlation coefficient is not defined.
  rho = pearsonr(vel_all[mask][:, d], pv[:, d])[0]
/home/likun-share/junjxu/wm/phyworld/scripts/rollout_eval_id1k.py:197: ConstantInputWarning: An input array is constant; the correlation coefficient is not defined.
  rho = pearsonr(vel_all[mask][:, d], pv[:, d])[0]
/home/likun-share/junjxu/wm/phyworld/scripts/rollout_eval_id1k.py:197: ConstantInputWarning: An input array is constant; the correlation coefficient is not defined.
  rho = pearsonr(vel_all[mask][:, d], pv[:, d])[0]
/home/likun-share/junjxu/wm/phyworld/scripts/rollout_eval_id1k.py:197: ConstantInputWarning: An input array is constant; the correlation coefficient is not defined.
  rho = pearsonr(vel_all[mask][:, d], pv[:, d])[0]
/home/likun-share/junjxu/wm/phyworld/scripts/rollout_eval_id1k.py:242: ConstantInputWarning: An input array is constant; the correlation coefficient is not defined.
  rhos = [pearsonr(vel_all[m][:, d], pv[:, d])[0] for d in range(vel_all.shape[1])]
/home/likun-share/junjxu/wm/phyworld/scripts/rollout_eval_id1k.py:242: ConstantInputWarning: An input array is constant; the correlation coefficient is not defined.
  rhos = [pearsonr(vel_all[m][:, d], pv[:, d])[0] for d in range(vel_all.shape[1])]
/home/likun-share/junjxu/wm/phyworld/scripts/rollout_eval_id1k.py:242: ConstantInputWarning: An input array is constant; the correlation coefficient is not defined.
  rhos = [pearsonr(vel_all[m][:, d], pv[:, d])[0] for d in range(vel_all.shape[1])]
/home/likun-share/junjxu/wm/phyworld/scripts/rollout_eval_id1k.py:242: ConstantInputWarning: An input array is constant; the correlation coefficient is not defined.
  rhos = [pearsonr(vel_all[m][:, d], pv[:, d])[0] for d in range(vel_all.shape[1])]
/home/likun-share/junjxu/wm/phyworld/scripts/rollout_eval_id1k.py:242: ConstantInputWarning: An input array is constant; the correlation coefficient is not defined.
  rhos = [pearsonr(vel_all[m][:, d], pv[:, d])[0] for d in range(vel_all.shape[1])]
/home/likun-share/junjxu/wm/phyworld/scripts/rollout_eval_id1k.py:242: ConstantInputWarning: An input array is constant; the correlation coefficient is not defined.
  rhos = [pearsonr(vel_all[m][:, d], pv[:, d])[0] for d in range(vel_all.shape[1])]
/home/likun-share/junjxu/wm/phyworld/scripts/rollout_eval_id1k.py:288: ConstantInputWarning: An input array is constant; the correlation coefficient is not defined.
  line += f"  vel{d}ρ={pearsonr(vel_all[m][:, d], pv[:, d])[0]:+.3f}"
/home/likun-share/junjxu/wm/phyworld/scripts/rollout_eval_id1k.py:288: ConstantInputWarning: An input array is constant; the correlation coefficient is not defined.
  line += f"  vel{d}ρ={pearsonr(vel_all[m][:, d], pv[:, d])[0]:+.3f}"
/home/likun-share/junjxu/wm/phyworld/scripts/rollout_eval_id1k.py:288: ConstantInputWarning: An input array is constant; the correlation coefficient is not defined.
  line += f"  vel{d}ρ={pearsonr(vel_all[m][:, d], pv[:, d])[0]:+.3f}"
/home/likun-share/junjxu/wm/phyworld/scripts/rollout_eval_id1k.py:288: ConstantInputWarning: An input array is constant; the correlation coefficient is not defined.
  line += f"  vel{d}ρ={pearsonr(vel_all[m][:, d], pv[:, d])[0]:+.3f}"
/home/likun-share/junjxu/wm/phyworld/scripts/rollout_eval_id1k.py:296: ConstantInputWarning: An input array is constant; the correlation coefficient is not defined.
  rhos = [pearsonr(vel_all[m][:, d], pv[:, d])[0] for d in range(vel_all.shape[1])]
/home/likun-share/junjxu/wm/phyworld/scripts/rollout_eval_id1k.py:296: ConstantInputWarning: An input array is constant; the correlation coefficient is not defined.
  rhos = [pearsonr(vel_all[m][:, d], pv[:, d])[0] for d in range(vel_all.shape[1])]
/home/likun-share/junjxu/wm/phyworld/scripts/rollout_eval_id1k.py:296: ConstantInputWarning: An input array is constant; the correlation coefficient is not defined.
  rhos = [pearsonr(vel_all[m][:, d], pv[:, d])[0] for d in range(vel_all.shape[1])]
/home/likun-share/junjxu/wm/phyworld/scripts/rollout_eval_id1k.py:296: ConstantInputWarning: An input array is constant; the correlation coefficient is not defined.
  rhos = [pearsonr(vel_all[m][:, d], pv[:, d])[0] for d in range(vel_all.shape[1])]

=== uniform_motion AR ROLLOUT (LeWM ID-only FT, history_size=3) ===
--- latent fidelity (pred vs real emb), test trajs, by partition ---
  ID         n=  406  cos=+0.9448  nMSE=0.1055
  r/m-OOD    n=  464  cos=+0.9033  nMSE=0.4918
  v-OOD      n=  841  cos=+0.9455  nMSE=0.1046
  both-OOD   n= 1189  cos=+0.8989  nMSE=0.4376

--- latent fidelity vs horizon (test, aggregate) ---
  h=  1  n=  100  cos=+0.9760  nMSE=0.2047
  h=  2  n=  100  cos=+0.9684  nMSE=0.1996
  h=  4  n=  100  cos=+0.9457  nMSE=0.2796
  h=  8  n=  100  cos=+0.8823  nMSE=0.4381
  h= 16  n=  100  cos=+0.8997  nMSE=0.3262
  h= 28  n=  100  cos=+0.9405  nMSE=0.2325

--- decoded pos/vel ρ from ROLLED-OUT latents (test), by partition ---
  [baseline] probe applied to REAL embs:
  REAL ID                   pos0ρ=+0.985  pos1ρ=+0.993  vel0ρ=+0.628  vel1ρ=+nan
  REAL r/m-OOD              pos0ρ=+0.976  pos1ρ=+0.987  vel0ρ=+0.519  vel1ρ=+nan
  REAL v-OOD                pos0ρ=+0.959  pos1ρ=+0.971  vel0ρ=+0.730  vel1ρ=+nan
  REAL both-OOD             pos0ρ=+0.965  pos1ρ=+0.989  vel0ρ=+0.765  vel1ρ=+nan
  [rollout] probe applied to PREDICTED embs:
  PRED ID                   pos0ρ=+0.988  pos1ρ=+0.997  vel0ρ=+0.554  vel1ρ=+nan
  PRED r/m-OOD              pos0ρ=+0.838  pos1ρ=+0.924  vel0ρ=+0.587  vel1ρ=+nan
  PRED v-OOD                pos0ρ=+0.960  pos1ρ=+0.949  vel0ρ=+0.838  vel1ρ=+nan
  PRED both-OOD             pos0ρ=+0.848  pos1ρ=+0.905  vel0ρ=+0.793  vel1ρ=+nan

--- decoded vel ρ from PRED latents vs horizon (test, aggregate) ---
  h=  1  n=  100  vel0ρ=+0.470  vel1ρ=+nan
  h=  2  n=  100  vel0ρ=+0.657  vel1ρ=+nan
  h=  4  n=  100  vel0ρ=+0.773  vel1ρ=+nan
  h=  8  n=  100  vel0ρ=+0.729  vel1ρ=+nan
  h= 16  n=  100  vel0ρ=+0.911  vel1ρ=+nan
  h= 28  n=  100  vel0ρ=+0.865  vel1ρ=+nan

--- [K=4] decoded pos/vel ρ from ROLLED-OUT latents (test), by partition ---
  [K=4] probe applied to PREDICTED embs (stack 4 consecutive predicted latents):
  PRED-K4 ID          pos0ρ=+0.993  pos1ρ=+0.997  vel0ρ=+0.868  vel1ρ=+nan
  PRED-K4 r/m-OOD     pos0ρ=+0.825  pos1ρ=+0.933  vel0ρ=+0.748  vel1ρ=+nan
  PRED-K4 v-OOD       pos0ρ=+0.974  pos1ρ=+0.959  vel0ρ=+0.988  vel1ρ=+nan
  PRED-K4 both-OOD    pos0ρ=+0.862  pos1ρ=+0.916  vel0ρ=+0.882  vel1ρ=+nan

--- [K=4] decoded vel ρ from PRED latents vs horizon (test, aggregate) ---
  h=  4  n=  100  vel0ρ=+0.776  vel1ρ=+nan
  h=  8  n=  100  vel0ρ=+0.898  vel1ρ=+nan
  h= 16  n=  100  vel0ρ=+0.985  vel1ρ=+nan
  h= 28  n=  100  vel0ρ=+0.966  vel1ρ=+nan

Total 111s
