[norm] action mean=[0.24667731 0.        ], std=[8.83643282e-02 1.00000000e-08]  (from phyworld_uniform_motion_id1k.h5)
[ckpt] /data1/likun-share/junjxu/.stable_worldmodel/dinowm_um_grounded_const_s1234/dinowm_um_grounded_const_s1234_epoch_20_object.ckpt  tag=dinowm_um_grounded_const_s1234
  rolled out 100 trajs, t=29s
  rolled out 200 trajs, t=51s
  rolled out 300 trajs, t=73s
  rolled out 400 trajs, t=94s
  rolled out 500 trajs, t=116s

[data] 500 trajs, 14500 (frame,pred) pairs, emb dim=192
/home/likun-share/junjxu/wm/phyworld/scripts/rollout_eval_id1k.py:197: ConstantInputWarning: An input array is constant; the correlation coefficient is not defined.
  rho = pearsonr(vel_all[mask][:, d], pv[:, d])[0]
/home/likun-share/junjxu/wm/phyworld/scripts/rollout_eval_id1k.py:197: ConstantInputWarning: An input array is constant; the correlation coefficient is not defined.
  rho = pearsonr(vel_all[mask][:, d], pv[:, d])[0]
/home/likun-share/junjxu/wm/phyworld/scripts/rollout_eval_id1k.py:197: ConstantInputWarning: An input array is constant; the correlation coefficient is not defined.
  rho = pearsonr(vel_all[mask][:, d], pv[:, d])[0]
/home/likun-share/junjxu/wm/phyworld/scripts/rollout_eval_id1k.py:197: ConstantInputWarning: An input array is constant; the correlation coefficient is not defined.
  rho = pearsonr(vel_all[mask][:, d], pv[:, d])[0]
/home/likun-share/junjxu/wm/phyworld/scripts/rollout_eval_id1k.py:197: ConstantInputWarning: An input array is constant; the correlation coefficient is not defined.
  rho = pearsonr(vel_all[mask][:, d], pv[:, d])[0]
/home/likun-share/junjxu/wm/phyworld/scripts/rollout_eval_id1k.py:197: ConstantInputWarning: An input array is constant; the correlation coefficient is not defined.
  rho = pearsonr(vel_all[mask][:, d], pv[:, d])[0]
/home/likun-share/junjxu/wm/phyworld/scripts/rollout_eval_id1k.py:197: ConstantInputWarning: An input array is constant; the correlation coefficient is not defined.
  rho = pearsonr(vel_all[mask][:, d], pv[:, d])[0]
/home/likun-share/junjxu/wm/phyworld/scripts/rollout_eval_id1k.py:197: ConstantInputWarning: An input array is constant; the correlation coefficient is not defined.
  rho = pearsonr(vel_all[mask][:, d], pv[:, d])[0]
/home/likun-share/junjxu/wm/phyworld/scripts/rollout_eval_id1k.py:242: ConstantInputWarning: An input array is constant; the correlation coefficient is not defined.
  rhos = [pearsonr(vel_all[m][:, d], pv[:, d])[0] for d in range(vel_all.shape[1])]
/home/likun-share/junjxu/wm/phyworld/scripts/rollout_eval_id1k.py:242: ConstantInputWarning: An input array is constant; the correlation coefficient is not defined.
  rhos = [pearsonr(vel_all[m][:, d], pv[:, d])[0] for d in range(vel_all.shape[1])]
/home/likun-share/junjxu/wm/phyworld/scripts/rollout_eval_id1k.py:242: ConstantInputWarning: An input array is constant; the correlation coefficient is not defined.
  rhos = [pearsonr(vel_all[m][:, d], pv[:, d])[0] for d in range(vel_all.shape[1])]
/home/likun-share/junjxu/wm/phyworld/scripts/rollout_eval_id1k.py:242: ConstantInputWarning: An input array is constant; the correlation coefficient is not defined.
  rhos = [pearsonr(vel_all[m][:, d], pv[:, d])[0] for d in range(vel_all.shape[1])]
/home/likun-share/junjxu/wm/phyworld/scripts/rollout_eval_id1k.py:242: ConstantInputWarning: An input array is constant; the correlation coefficient is not defined.
  rhos = [pearsonr(vel_all[m][:, d], pv[:, d])[0] for d in range(vel_all.shape[1])]
/home/likun-share/junjxu/wm/phyworld/scripts/rollout_eval_id1k.py:242: ConstantInputWarning: An input array is constant; the correlation coefficient is not defined.
  rhos = [pearsonr(vel_all[m][:, d], pv[:, d])[0] for d in range(vel_all.shape[1])]
/home/likun-share/junjxu/wm/phyworld/scripts/rollout_eval_id1k.py:288: ConstantInputWarning: An input array is constant; the correlation coefficient is not defined.
  line += f"  vel{d}ρ={pearsonr(vel_all[m][:, d], pv[:, d])[0]:+.3f}"
/home/likun-share/junjxu/wm/phyworld/scripts/rollout_eval_id1k.py:288: ConstantInputWarning: An input array is constant; the correlation coefficient is not defined.
  line += f"  vel{d}ρ={pearsonr(vel_all[m][:, d], pv[:, d])[0]:+.3f}"
/home/likun-share/junjxu/wm/phyworld/scripts/rollout_eval_id1k.py:288: ConstantInputWarning: An input array is constant; the correlation coefficient is not defined.
  line += f"  vel{d}ρ={pearsonr(vel_all[m][:, d], pv[:, d])[0]:+.3f}"
/home/likun-share/junjxu/wm/phyworld/scripts/rollout_eval_id1k.py:288: ConstantInputWarning: An input array is constant; the correlation coefficient is not defined.
  line += f"  vel{d}ρ={pearsonr(vel_all[m][:, d], pv[:, d])[0]:+.3f}"
/home/likun-share/junjxu/wm/phyworld/scripts/rollout_eval_id1k.py:296: ConstantInputWarning: An input array is constant; the correlation coefficient is not defined.
  rhos = [pearsonr(vel_all[m][:, d], pv[:, d])[0] for d in range(vel_all.shape[1])]
/home/likun-share/junjxu/wm/phyworld/scripts/rollout_eval_id1k.py:296: ConstantInputWarning: An input array is constant; the correlation coefficient is not defined.
  rhos = [pearsonr(vel_all[m][:, d], pv[:, d])[0] for d in range(vel_all.shape[1])]
/home/likun-share/junjxu/wm/phyworld/scripts/rollout_eval_id1k.py:296: ConstantInputWarning: An input array is constant; the correlation coefficient is not defined.
  rhos = [pearsonr(vel_all[m][:, d], pv[:, d])[0] for d in range(vel_all.shape[1])]
/home/likun-share/junjxu/wm/phyworld/scripts/rollout_eval_id1k.py:296: ConstantInputWarning: An input array is constant; the correlation coefficient is not defined.
  rhos = [pearsonr(vel_all[m][:, d], pv[:, d])[0] for d in range(vel_all.shape[1])]

=== uniform_motion AR ROLLOUT (LeWM ID-only FT, history_size=3) ===
--- latent fidelity (pred vs real emb), test trajs, by partition ---
  ID         n=  406  cos=+0.9177  nMSE=0.1601
  r/m-OOD    n=  464  cos=+0.9270  nMSE=0.4124
  v-OOD      n=  841  cos=+0.9357  nMSE=0.1282
  both-OOD   n= 1189  cos=+0.8632  nMSE=0.4418

--- latent fidelity vs horizon (test, aggregate) ---
  h=  1  n=  100  cos=+0.9776  nMSE=0.2024
  h=  2  n=  100  cos=+0.9710  nMSE=0.1851
  h=  4  n=  100  cos=+0.9447  nMSE=0.2718
  h=  8  n=  100  cos=+0.9046  nMSE=0.3539
  h= 16  n=  100  cos=+0.8952  nMSE=0.2783
  h= 28  n=  100  cos=+0.8819  nMSE=0.3191

--- decoded pos/vel ρ from ROLLED-OUT latents (test), by partition ---
  [baseline] probe applied to REAL embs:
  REAL ID                   pos0ρ=+0.986  pos1ρ=+0.995  vel0ρ=+0.610  vel1ρ=+nan
  REAL r/m-OOD              pos0ρ=+0.979  pos1ρ=+0.988  vel0ρ=+0.491  vel1ρ=+nan
  REAL v-OOD                pos0ρ=+0.960  pos1ρ=+0.972  vel0ρ=+0.745  vel1ρ=+nan
  REAL both-OOD             pos0ρ=+0.965  pos1ρ=+0.988  vel0ρ=+0.759  vel1ρ=+nan
  [rollout] probe applied to PREDICTED embs:
  PRED ID                   pos0ρ=+0.755  pos1ρ=+0.430  vel0ρ=+0.402  vel1ρ=+nan
  PRED r/m-OOD              pos0ρ=+0.518  pos1ρ=+0.277  vel0ρ=+0.293  vel1ρ=+nan
  PRED v-OOD                pos0ρ=+0.895  pos1ρ=+0.697  vel0ρ=+0.767  vel1ρ=+nan
  PRED both-OOD             pos0ρ=+0.483  pos1ρ=+0.670  vel0ρ=+0.541  vel1ρ=+nan

--- decoded vel ρ from PRED latents vs horizon (test, aggregate) ---
  h=  1  n=  100  vel0ρ=+0.486  vel1ρ=+nan
  h=  2  n=  100  vel0ρ=+0.698  vel1ρ=+nan
  h=  4  n=  100  vel0ρ=+0.694  vel1ρ=+nan
  h=  8  n=  100  vel0ρ=+0.576  vel1ρ=+nan
  h= 16  n=  100  vel0ρ=+0.637  vel1ρ=+nan
  h= 28  n=  100  vel0ρ=+0.641  vel1ρ=+nan

--- [K=4] decoded pos/vel ρ from ROLLED-OUT latents (test), by partition ---
  [K=4] probe applied to PREDICTED embs (stack 4 consecutive predicted latents):
  PRED-K4 ID          pos0ρ=+0.721  pos1ρ=+0.433  vel0ρ=+0.553  vel1ρ=+nan
  PRED-K4 r/m-OOD     pos0ρ=+0.464  pos1ρ=+0.284  vel0ρ=+0.424  vel1ρ=+nan
  PRED-K4 v-OOD       pos0ρ=+0.882  pos1ρ=+0.701  vel0ρ=+0.790  vel1ρ=+nan
  PRED-K4 both-OOD    pos0ρ=+0.475  pos1ρ=+0.676  vel0ρ=+0.531  vel1ρ=+nan

--- [K=4] decoded vel ρ from PRED latents vs horizon (test, aggregate) ---
  h=  4  n=  100  vel0ρ=+0.571  vel1ρ=+nan
  h=  8  n=  100  vel0ρ=+0.624  vel1ρ=+nan
  h= 16  n=  100  vel0ρ=+0.565  vel1ρ=+nan
  h= 28  n=  100  vel0ρ=+0.709  vel1ρ=+nan

Total 117s
