[norm] action mean=[0.24667731 0.        ], std=[8.83643282e-02 1.00000000e-08]  (from phyworld_uniform_motion_id1k.h5)
[ckpt] /data1/likun-share/junjxu/.stable_worldmodel/dinowm_um_structpos_pw1000_s1234/dinowm_um_structpos_pw1000_s1234_epoch_20_object.ckpt  tag=dinowm_um_structpos_pw1000_s1234
  rolled out 100 trajs, t=27s
  rolled out 200 trajs, t=49s
  rolled out 300 trajs, t=69s
  rolled out 400 trajs, t=91s
  rolled out 500 trajs, t=109s

[data] 500 trajs, 14500 (frame,pred) pairs, emb dim=192
/home/likun-share/junjxu/wm/phyworld/scripts/rollout_eval_id1k.py:197: ConstantInputWarning: An input array is constant; the correlation coefficient is not defined.
  rho = pearsonr(vel_all[mask][:, d], pv[:, d])[0]
/home/likun-share/junjxu/wm/phyworld/scripts/rollout_eval_id1k.py:197: ConstantInputWarning: An input array is constant; the correlation coefficient is not defined.
  rho = pearsonr(vel_all[mask][:, d], pv[:, d])[0]
/home/likun-share/junjxu/wm/phyworld/scripts/rollout_eval_id1k.py:197: ConstantInputWarning: An input array is constant; the correlation coefficient is not defined.
  rho = pearsonr(vel_all[mask][:, d], pv[:, d])[0]
/home/likun-share/junjxu/wm/phyworld/scripts/rollout_eval_id1k.py:197: ConstantInputWarning: An input array is constant; the correlation coefficient is not defined.
  rho = pearsonr(vel_all[mask][:, d], pv[:, d])[0]
/home/likun-share/junjxu/wm/phyworld/scripts/rollout_eval_id1k.py:197: ConstantInputWarning: An input array is constant; the correlation coefficient is not defined.
  rho = pearsonr(vel_all[mask][:, d], pv[:, d])[0]
/home/likun-share/junjxu/wm/phyworld/scripts/rollout_eval_id1k.py:197: ConstantInputWarning: An input array is constant; the correlation coefficient is not defined.
  rho = pearsonr(vel_all[mask][:, d], pv[:, d])[0]
/home/likun-share/junjxu/wm/phyworld/scripts/rollout_eval_id1k.py:197: ConstantInputWarning: An input array is constant; the correlation coefficient is not defined.
  rho = pearsonr(vel_all[mask][:, d], pv[:, d])[0]
/home/likun-share/junjxu/wm/phyworld/scripts/rollout_eval_id1k.py:197: ConstantInputWarning: An input array is constant; the correlation coefficient is not defined.
  rho = pearsonr(vel_all[mask][:, d], pv[:, d])[0]
/home/likun-share/junjxu/wm/phyworld/scripts/rollout_eval_id1k.py:242: ConstantInputWarning: An input array is constant; the correlation coefficient is not defined.
  rhos = [pearsonr(vel_all[m][:, d], pv[:, d])[0] for d in range(vel_all.shape[1])]
/home/likun-share/junjxu/wm/phyworld/scripts/rollout_eval_id1k.py:242: ConstantInputWarning: An input array is constant; the correlation coefficient is not defined.
  rhos = [pearsonr(vel_all[m][:, d], pv[:, d])[0] for d in range(vel_all.shape[1])]
/home/likun-share/junjxu/wm/phyworld/scripts/rollout_eval_id1k.py:242: ConstantInputWarning: An input array is constant; the correlation coefficient is not defined.
  rhos = [pearsonr(vel_all[m][:, d], pv[:, d])[0] for d in range(vel_all.shape[1])]
/home/likun-share/junjxu/wm/phyworld/scripts/rollout_eval_id1k.py:242: ConstantInputWarning: An input array is constant; the correlation coefficient is not defined.
  rhos = [pearsonr(vel_all[m][:, d], pv[:, d])[0] for d in range(vel_all.shape[1])]
/home/likun-share/junjxu/wm/phyworld/scripts/rollout_eval_id1k.py:242: ConstantInputWarning: An input array is constant; the correlation coefficient is not defined.
  rhos = [pearsonr(vel_all[m][:, d], pv[:, d])[0] for d in range(vel_all.shape[1])]
/home/likun-share/junjxu/wm/phyworld/scripts/rollout_eval_id1k.py:242: ConstantInputWarning: An input array is constant; the correlation coefficient is not defined.
  rhos = [pearsonr(vel_all[m][:, d], pv[:, d])[0] for d in range(vel_all.shape[1])]
/home/likun-share/junjxu/wm/phyworld/scripts/rollout_eval_id1k.py:288: ConstantInputWarning: An input array is constant; the correlation coefficient is not defined.
  line += f"  vel{d}ρ={pearsonr(vel_all[m][:, d], pv[:, d])[0]:+.3f}"
/home/likun-share/junjxu/wm/phyworld/scripts/rollout_eval_id1k.py:288: ConstantInputWarning: An input array is constant; the correlation coefficient is not defined.
  line += f"  vel{d}ρ={pearsonr(vel_all[m][:, d], pv[:, d])[0]:+.3f}"
/home/likun-share/junjxu/wm/phyworld/scripts/rollout_eval_id1k.py:288: ConstantInputWarning: An input array is constant; the correlation coefficient is not defined.
  line += f"  vel{d}ρ={pearsonr(vel_all[m][:, d], pv[:, d])[0]:+.3f}"
/home/likun-share/junjxu/wm/phyworld/scripts/rollout_eval_id1k.py:288: ConstantInputWarning: An input array is constant; the correlation coefficient is not defined.
  line += f"  vel{d}ρ={pearsonr(vel_all[m][:, d], pv[:, d])[0]:+.3f}"
/home/likun-share/junjxu/wm/phyworld/scripts/rollout_eval_id1k.py:296: ConstantInputWarning: An input array is constant; the correlation coefficient is not defined.
  rhos = [pearsonr(vel_all[m][:, d], pv[:, d])[0] for d in range(vel_all.shape[1])]
/home/likun-share/junjxu/wm/phyworld/scripts/rollout_eval_id1k.py:296: ConstantInputWarning: An input array is constant; the correlation coefficient is not defined.
  rhos = [pearsonr(vel_all[m][:, d], pv[:, d])[0] for d in range(vel_all.shape[1])]
/home/likun-share/junjxu/wm/phyworld/scripts/rollout_eval_id1k.py:296: ConstantInputWarning: An input array is constant; the correlation coefficient is not defined.
  rhos = [pearsonr(vel_all[m][:, d], pv[:, d])[0] for d in range(vel_all.shape[1])]
/home/likun-share/junjxu/wm/phyworld/scripts/rollout_eval_id1k.py:296: ConstantInputWarning: An input array is constant; the correlation coefficient is not defined.
  rhos = [pearsonr(vel_all[m][:, d], pv[:, d])[0] for d in range(vel_all.shape[1])]

=== uniform_motion AR ROLLOUT (LeWM ID-only FT, history_size=3) ===
--- latent fidelity (pred vs real emb), test trajs, by partition ---
  ID         n=  406  cos=+0.8955  nMSE=0.2134
  r/m-OOD    n=  464  cos=+0.9272  nMSE=0.3614
  v-OOD      n=  841  cos=+0.9247  nMSE=0.1450
  both-OOD   n= 1189  cos=+0.9465  nMSE=0.2632

--- latent fidelity vs horizon (test, aggregate) ---
  h=  1  n=  100  cos=+0.9694  nMSE=0.1501
  h=  2  n=  100  cos=+0.9659  nMSE=0.1632
  h=  4  n=  100  cos=+0.9601  nMSE=0.1762
  h=  8  n=  100  cos=+0.9354  nMSE=0.2332
  h= 16  n=  100  cos=+0.9215  nMSE=0.2448
  h= 28  n=  100  cos=+0.9269  nMSE=0.2488

--- decoded pos/vel ρ from ROLLED-OUT latents (test), by partition ---
  [baseline] probe applied to REAL embs:
  REAL ID                   pos0ρ=+0.987  pos1ρ=+0.991  vel0ρ=+0.601  vel1ρ=+nan
  REAL r/m-OOD              pos0ρ=+0.978  pos1ρ=+0.987  vel0ρ=+0.494  vel1ρ=+nan
  REAL v-OOD                pos0ρ=+0.960  pos1ρ=+0.971  vel0ρ=+0.719  vel1ρ=+nan
  REAL both-OOD             pos0ρ=+0.965  pos1ρ=+0.987  vel0ρ=+0.778  vel1ρ=+nan
  [rollout] probe applied to PREDICTED embs:
  PRED ID                   pos0ρ=+0.990  pos1ρ=+0.997  vel0ρ=+0.577  vel1ρ=+nan
  PRED r/m-OOD              pos0ρ=+0.963  pos1ρ=+0.964  vel0ρ=+0.550  vel1ρ=+nan
  PRED v-OOD                pos0ρ=+0.976  pos1ρ=+0.965  vel0ρ=+0.852  vel1ρ=+nan
  PRED both-OOD             pos0ρ=+0.959  pos1ρ=+0.944  vel0ρ=+0.770  vel1ρ=+nan

--- decoded vel ρ from PRED latents vs horizon (test, aggregate) ---
  h=  1  n=  100  vel0ρ=+0.556  vel1ρ=+nan
  h=  2  n=  100  vel0ρ=+0.615  vel1ρ=+nan
  h=  4  n=  100  vel0ρ=+0.692  vel1ρ=+nan
  h=  8  n=  100  vel0ρ=+0.764  vel1ρ=+nan
  h= 16  n=  100  vel0ρ=+0.921  vel1ρ=+nan
  h= 28  n=  100  vel0ρ=+0.924  vel1ρ=+nan

--- [K=4] decoded pos/vel ρ from ROLLED-OUT latents (test), by partition ---
  [K=4] probe applied to PREDICTED embs (stack 4 consecutive predicted latents):
  PRED-K4 ID          pos0ρ=+0.992  pos1ρ=+0.996  vel0ρ=+0.899  vel1ρ=+nan
  PRED-K4 r/m-OOD     pos0ρ=+0.966  pos1ρ=+0.964  vel0ρ=+0.873  vel1ρ=+nan
  PRED-K4 v-OOD       pos0ρ=+0.986  pos1ρ=+0.970  vel0ρ=+0.987  vel1ρ=+nan
  PRED-K4 both-OOD    pos0ρ=+0.970  pos1ρ=+0.949  vel0ρ=+0.982  vel1ρ=+nan

--- [K=4] decoded vel ρ from PRED latents vs horizon (test, aggregate) ---
  h=  4  n=  100  vel0ρ=+0.955  vel1ρ=+nan
  h=  8  n=  100  vel0ρ=+0.988  vel1ρ=+nan
  h= 16  n=  100  vel0ρ=+0.987  vel1ρ=+nan
  h= 28  n=  100  vel0ρ=+0.966  vel1ρ=+nan

Total 110s
