[norm] action mean=[ 0.24667731 -0.40296947], std=[0.08836433 0.229554  ]  (from phyworld_parabola_id1k.h5)
[ckpt] /data1/likun-share/junjxu/.stable_worldmodel/dinowm_par_tf_s1234/dinowm_par_tf_s1234_epoch_20_object.ckpt  tag=dinowm_par_tf_s1234
  rolled out 100 trajs, t=65s
  rolled out 200 trajs, t=114s
  rolled out 300 trajs, t=167s
  rolled out 400 trajs, t=219s
  rolled out 500 trajs, t=270s

[data] 500 trajs, 14500 (frame,pred) pairs, emb dim=192
/home/likun-share/junjxu/wm/phyworld/scripts/rollout_eval_id1k.py:242: ConstantInputWarning: An input array is constant; the correlation coefficient is not defined.
  rhos = [pearsonr(vel_all[m][:, d], pv[:, d])[0] for d in range(vel_all.shape[1])]
/home/likun-share/junjxu/wm/phyworld/scripts/rollout_eval_id1k.py:242: NearConstantInputWarning: An input array is nearly constant; the computed correlation coefficient may be inaccurate.
  rhos = [pearsonr(vel_all[m][:, d], pv[:, d])[0] for d in range(vel_all.shape[1])]
/home/likun-share/junjxu/wm/phyworld/scripts/rollout_eval_id1k.py:242: NearConstantInputWarning: An input array is nearly constant; the computed correlation coefficient may be inaccurate.
  rhos = [pearsonr(vel_all[m][:, d], pv[:, d])[0] for d in range(vel_all.shape[1])]
/home/likun-share/junjxu/wm/phyworld/scripts/rollout_eval_id1k.py:296: ConstantInputWarning: An input array is constant; the correlation coefficient is not defined.
  rhos = [pearsonr(vel_all[m][:, d], pv[:, d])[0] for d in range(vel_all.shape[1])]
/home/likun-share/junjxu/wm/phyworld/scripts/rollout_eval_id1k.py:296: NearConstantInputWarning: An input array is nearly constant; the computed correlation coefficient may be inaccurate.
  rhos = [pearsonr(vel_all[m][:, d], pv[:, d])[0] for d in range(vel_all.shape[1])]
/home/likun-share/junjxu/wm/phyworld/scripts/rollout_eval_id1k.py:296: NearConstantInputWarning: An input array is nearly constant; the computed correlation coefficient may be inaccurate.
  rhos = [pearsonr(vel_all[m][:, d], pv[:, d])[0] for d in range(vel_all.shape[1])]

=== parabola AR ROLLOUT (LeWM ID-only FT, history_size=3) ===
--- latent fidelity (pred vs real emb), test trajs, by partition ---
  ID         n=  464  cos=+0.8875  nMSE=0.2247
  r/m-OOD    n=  319  cos=+0.9040  nMSE=0.3768
  v-OOD      n=  928  cos=+0.5608  nMSE=0.7682
  both-OOD   n= 1189  cos=+0.6482  nMSE=0.5718

--- latent fidelity vs horizon (test, aggregate) ---
  h=  1  n=  100  cos=+0.9601  nMSE=0.1833
  h=  2  n=  100  cos=+0.9431  nMSE=0.2201
  h=  4  n=  100  cos=+0.9088  nMSE=0.3185
  h=  8  n=  100  cos=+0.8312  nMSE=0.4631
  h= 16  n=  100  cos=+0.7196  nMSE=0.4759
  h= 28  n=  100  cos=+0.4773  nMSE=2.0953

--- decoded pos/vel ρ from ROLLED-OUT latents (test), by partition ---
  [baseline] probe applied to REAL embs:
  REAL ID                   pos0ρ=+0.916  pos1ρ=+0.984  vel0ρ=+0.608  vel1ρ=+0.988
  REAL r/m-OOD              pos0ρ=+0.903  pos1ρ=+0.981  vel0ρ=+0.515  vel1ρ=+0.983
  REAL v-OOD                pos0ρ=+0.921  pos1ρ=+0.908  vel0ρ=+0.769  vel1ρ=+0.949
  REAL both-OOD             pos0ρ=+0.911  pos1ρ=+0.927  vel0ρ=+0.777  vel1ρ=+0.957
  [rollout] probe applied to PREDICTED embs:
  PRED ID                   pos0ρ=+0.948  pos1ρ=+0.988  vel0ρ=+0.658  vel1ρ=+0.993
  PRED r/m-OOD              pos0ρ=+0.911  pos1ρ=+0.979  vel0ρ=+0.701  vel1ρ=+0.986
  PRED v-OOD                pos0ρ=+0.792  pos1ρ=+0.930  vel0ρ=+0.507  vel1ρ=+0.965
  PRED both-OOD             pos0ρ=+0.811  pos1ρ=+0.927  vel0ρ=+0.669  vel1ρ=+0.963

--- decoded vel ρ from PRED latents vs horizon (test, aggregate) ---
  h=  1  n=  100  vel0ρ=+0.439  vel1ρ=+0.151
  h=  2  n=  100  vel0ρ=+0.599  vel1ρ=-0.147
  h=  4  n=  100  vel0ρ=+0.732  vel1ρ=-0.242
  h=  8  n=  100  vel0ρ=+0.885  vel1ρ=+nan
  h= 16  n=  100  vel0ρ=+0.713  vel1ρ=+0.113
  h= 28  n=  100  vel0ρ=+0.237  vel1ρ=+0.194

--- [K=4] decoded pos/vel ρ from ROLLED-OUT latents (test), by partition ---
  [K=4] probe applied to PREDICTED embs (stack 4 consecutive predicted latents):
  PRED-K4 ID          pos0ρ=+0.961  pos1ρ=+0.996  vel0ρ=+0.803  vel1ρ=+0.996
  PRED-K4 r/m-OOD     pos0ρ=+0.938  pos1ρ=+0.987  vel0ρ=+0.838  vel1ρ=+0.991
  PRED-K4 v-OOD       pos0ρ=+0.821  pos1ρ=+0.952  vel0ρ=+0.696  vel1ρ=+0.976
  PRED-K4 both-OOD    pos0ρ=+0.857  pos1ρ=+0.949  vel0ρ=+0.822  vel1ρ=+0.978

--- [K=4] decoded vel ρ from PRED latents vs horizon (test, aggregate) ---
  h=  4  n=  100  vel0ρ=+0.813  vel1ρ=-0.322
  h=  8  n=  100  vel0ρ=+0.938  vel1ρ=+nan
  h= 16  n=  100  vel0ρ=+0.899  vel1ρ=+0.167
  h= 28  n=  100  vel0ρ=+0.566  vel1ρ=+0.002

Total 274s
