[norm] action mean=[ 0.24667731 -0.40296947], std=[0.08836433 0.229554  ]  (from phyworld_parabola_id1k.h5)
[ckpt] /data1/likun-share/junjxu/.stable_worldmodel/dinowm_par_fr_s1234/dinowm_par_fr_s1234_epoch_20_object.ckpt  tag=dinowm_par_fr_s1234
  rolled out 100 trajs, t=56s
  rolled out 200 trajs, t=101s
  rolled out 300 trajs, t=142s
  rolled out 400 trajs, t=187s
  rolled out 500 trajs, t=233s

[data] 500 trajs, 14500 (frame,pred) pairs, emb dim=192
/home/likun-share/junjxu/wm/phyworld/scripts/rollout_eval_id1k.py:242: ConstantInputWarning: An input array is constant; the correlation coefficient is not defined.
  rhos = [pearsonr(vel_all[m][:, d], pv[:, d])[0] for d in range(vel_all.shape[1])]
/home/likun-share/junjxu/wm/phyworld/scripts/rollout_eval_id1k.py:242: NearConstantInputWarning: An input array is nearly constant; the computed correlation coefficient may be inaccurate.
  rhos = [pearsonr(vel_all[m][:, d], pv[:, d])[0] for d in range(vel_all.shape[1])]
/home/likun-share/junjxu/wm/phyworld/scripts/rollout_eval_id1k.py:242: NearConstantInputWarning: An input array is nearly constant; the computed correlation coefficient may be inaccurate.
  rhos = [pearsonr(vel_all[m][:, d], pv[:, d])[0] for d in range(vel_all.shape[1])]
/home/likun-share/junjxu/wm/phyworld/scripts/rollout_eval_id1k.py:296: ConstantInputWarning: An input array is constant; the correlation coefficient is not defined.
  rhos = [pearsonr(vel_all[m][:, d], pv[:, d])[0] for d in range(vel_all.shape[1])]
/home/likun-share/junjxu/wm/phyworld/scripts/rollout_eval_id1k.py:296: NearConstantInputWarning: An input array is nearly constant; the computed correlation coefficient may be inaccurate.
  rhos = [pearsonr(vel_all[m][:, d], pv[:, d])[0] for d in range(vel_all.shape[1])]
/home/likun-share/junjxu/wm/phyworld/scripts/rollout_eval_id1k.py:296: NearConstantInputWarning: An input array is nearly constant; the computed correlation coefficient may be inaccurate.
  rhos = [pearsonr(vel_all[m][:, d], pv[:, d])[0] for d in range(vel_all.shape[1])]

=== parabola AR ROLLOUT (LeWM ID-only FT, history_size=3) ===
--- latent fidelity (pred vs real emb), test trajs, by partition ---
  ID         n=  464  cos=+0.9570  nMSE=0.0767
  r/m-OOD    n=  319  cos=+0.9601  nMSE=0.2069
  v-OOD      n=  928  cos=+0.7861  nMSE=0.2855
  both-OOD   n= 1189  cos=+0.8036  nMSE=0.3440

--- latent fidelity vs horizon (test, aggregate) ---
  h=  1  n=  100  cos=+0.9659  nMSE=0.1460
  h=  2  n=  100  cos=+0.9609  nMSE=0.1776
  h=  4  n=  100  cos=+0.9575  nMSE=0.2107
  h=  8  n=  100  cos=+0.9361  nMSE=0.2875
  h= 16  n=  100  cos=+0.8416  nMSE=0.2771
  h= 28  n=  100  cos=+0.7498  nMSE=1.3378

--- decoded pos/vel ρ from ROLLED-OUT latents (test), by partition ---
  [baseline] probe applied to REAL embs:
  REAL ID                   pos0ρ=+0.631  pos1ρ=+0.665  vel0ρ=+0.644  vel1ρ=+0.609
  REAL r/m-OOD              pos0ρ=+0.829  pos1ρ=+0.904  vel0ρ=+0.564  vel1ρ=+0.895
  REAL v-OOD                pos0ρ=+0.892  pos1ρ=+0.754  vel0ρ=+0.761  vel1ρ=+0.772
  REAL both-OOD             pos0ρ=+0.895  pos1ρ=+0.880  vel0ρ=+0.794  vel1ρ=+0.904
  [rollout] probe applied to PREDICTED embs:
  PRED ID                   pos0ρ=+0.596  pos1ρ=+0.561  vel0ρ=+0.691  vel1ρ=+0.500
  PRED r/m-OOD              pos0ρ=+0.841  pos1ρ=+0.894  vel0ρ=+0.738  vel1ρ=+0.890
  PRED v-OOD                pos0ρ=+0.221  pos1ρ=+0.756  vel0ρ=+0.536  vel1ρ=+0.706
  PRED both-OOD             pos0ρ=+0.700  pos1ρ=+0.857  vel0ρ=+0.692  vel1ρ=+0.837

--- decoded vel ρ from PRED latents vs horizon (test, aggregate) ---
  h=  1  n=  100  vel0ρ=+0.696  vel1ρ=+0.136
  h=  2  n=  100  vel0ρ=+0.813  vel1ρ=-0.011
  h=  4  n=  100  vel0ρ=+0.857  vel1ρ=+0.050
  h=  8  n=  100  vel0ρ=+0.858  vel1ρ=+nan
  h= 16  n=  100  vel0ρ=+0.659  vel1ρ=-0.036
  h= 28  n=  100  vel0ρ=-0.773  vel1ρ=-0.037

--- [K=4] decoded pos/vel ρ from ROLLED-OUT latents (test), by partition ---
  [K=4] probe applied to PREDICTED embs (stack 4 consecutive predicted latents):
  PRED-K4 ID          pos0ρ=+0.923  pos1ρ=+0.949  vel0ρ=+0.832  vel1ρ=+0.946
  PRED-K4 r/m-OOD     pos0ρ=+0.921  pos1ρ=+0.958  vel0ρ=+0.883  vel1ρ=+0.952
  PRED-K4 v-OOD       pos0ρ=+0.692  pos1ρ=+0.934  vel0ρ=+0.591  vel1ρ=+0.951
  PRED-K4 both-OOD    pos0ρ=+0.814  pos1ρ=+0.926  vel0ρ=+0.784  vel1ρ=+0.943

--- [K=4] decoded vel ρ from PRED latents vs horizon (test, aggregate) ---
  h=  4  n=  100  vel0ρ=+0.925  vel1ρ=+0.202
  h=  8  n=  100  vel0ρ=+0.936  vel1ρ=+nan
  h= 16  n=  100  vel0ρ=+0.657  vel1ρ=+0.201
  h= 28  n=  100  vel0ρ=-0.277  vel1ρ=+0.023

Total 235s
