[norm] action mean=[ 0.24667731 -0.40296947], std=[0.08836433 0.229554  ]  (from phyworld_parabola_id1k.h5)
[ckpt] /data1/likun-share/junjxu/.stable_worldmodel/dinowm_par_cons_s1234/dinowm_par_cons_s1234_epoch_20_object.ckpt  tag=dinowm_par_cons_s1234
  rolled out 100 trajs, t=27s
  rolled out 200 trajs, t=50s
  rolled out 300 trajs, t=73s
  rolled out 400 trajs, t=97s
  rolled out 500 trajs, t=122s

[data] 500 trajs, 14500 (frame,pred) pairs, emb dim=192
/home/likun-share/junjxu/wm/phyworld/scripts/rollout_eval_id1k.py:242: ConstantInputWarning: An input array is constant; the correlation coefficient is not defined.
  rhos = [pearsonr(vel_all[m][:, d], pv[:, d])[0] for d in range(vel_all.shape[1])]
/home/likun-share/junjxu/wm/phyworld/scripts/rollout_eval_id1k.py:242: NearConstantInputWarning: An input array is nearly constant; the computed correlation coefficient may be inaccurate.
  rhos = [pearsonr(vel_all[m][:, d], pv[:, d])[0] for d in range(vel_all.shape[1])]
/home/likun-share/junjxu/wm/phyworld/scripts/rollout_eval_id1k.py:242: NearConstantInputWarning: An input array is nearly constant; the computed correlation coefficient may be inaccurate.
  rhos = [pearsonr(vel_all[m][:, d], pv[:, d])[0] for d in range(vel_all.shape[1])]
/home/likun-share/junjxu/wm/phyworld/scripts/rollout_eval_id1k.py:296: ConstantInputWarning: An input array is constant; the correlation coefficient is not defined.
  rhos = [pearsonr(vel_all[m][:, d], pv[:, d])[0] for d in range(vel_all.shape[1])]
/home/likun-share/junjxu/wm/phyworld/scripts/rollout_eval_id1k.py:296: NearConstantInputWarning: An input array is nearly constant; the computed correlation coefficient may be inaccurate.
  rhos = [pearsonr(vel_all[m][:, d], pv[:, d])[0] for d in range(vel_all.shape[1])]
/home/likun-share/junjxu/wm/phyworld/scripts/rollout_eval_id1k.py:296: NearConstantInputWarning: An input array is nearly constant; the computed correlation coefficient may be inaccurate.
  rhos = [pearsonr(vel_all[m][:, d], pv[:, d])[0] for d in range(vel_all.shape[1])]

=== parabola AR ROLLOUT (LeWM ID-only FT, history_size=3) ===
--- latent fidelity (pred vs real emb), test trajs, by partition ---
  ID         n=  464  cos=+0.9541  nMSE=0.0825
  r/m-OOD    n=  319  cos=+0.9627  nMSE=0.2217
  v-OOD      n=  928  cos=+0.7584  nMSE=0.3953
  both-OOD   n= 1189  cos=+0.7892  nMSE=0.4005

--- latent fidelity vs horizon (test, aggregate) ---
  h=  1  n=  100  cos=+0.9658  nMSE=0.1670
  h=  2  n=  100  cos=+0.9573  nMSE=0.1962
  h=  4  n=  100  cos=+0.9496  nMSE=0.2356
  h=  8  n=  100  cos=+0.9162  nMSE=0.3424
  h= 16  n=  100  cos=+0.8113  nMSE=0.3447
  h= 28  n=  100  cos=+0.7433  nMSE=1.5660

--- decoded pos/vel ρ from ROLLED-OUT latents (test), by partition ---
  [baseline] probe applied to REAL embs:
  REAL ID                   pos0ρ=+0.942  pos1ρ=+0.988  vel0ρ=+0.613  vel1ρ=+0.991
  REAL r/m-OOD              pos0ρ=+0.914  pos1ρ=+0.985  vel0ρ=+0.521  vel1ρ=+0.985
  REAL v-OOD                pos0ρ=+0.929  pos1ρ=+0.914  vel0ρ=+0.788  vel1ρ=+0.954
  REAL both-OOD             pos0ρ=+0.910  pos1ρ=+0.929  vel0ρ=+0.784  vel1ρ=+0.961
  [rollout] probe applied to PREDICTED embs:
  PRED ID                   pos0ρ=+0.983  pos1ρ=+0.997  vel0ρ=+0.732  vel1ρ=+0.995
  PRED r/m-OOD              pos0ρ=+0.964  pos1ρ=+0.991  vel0ρ=+0.790  vel1ρ=+0.992
  PRED v-OOD                pos0ρ=+0.947  pos1ρ=+0.962  vel0ρ=+0.795  vel1ρ=+0.980
  PRED both-OOD             pos0ρ=+0.958  pos1ρ=+0.960  vel0ρ=+0.879  vel1ρ=+0.977

--- decoded vel ρ from PRED latents vs horizon (test, aggregate) ---
  h=  1  n=  100  vel0ρ=+0.818  vel1ρ=+0.131
  h=  2  n=  100  vel0ρ=+0.855  vel1ρ=-0.067
  h=  4  n=  100  vel0ρ=+0.838  vel1ρ=-0.102
  h=  8  n=  100  vel0ρ=+0.896  vel1ρ=+nan
  h= 16  n=  100  vel0ρ=+0.936  vel1ρ=+0.151
  h= 28  n=  100  vel0ρ=+0.842  vel1ρ=+0.076

--- [K=4] decoded pos/vel ρ from ROLLED-OUT latents (test), by partition ---
  [K=4] probe applied to PREDICTED embs (stack 4 consecutive predicted latents):
  PRED-K4 ID          pos0ρ=+0.983  pos1ρ=+0.998  vel0ρ=+0.817  vel1ρ=+0.995
  PRED-K4 r/m-OOD     pos0ρ=+0.968  pos1ρ=+0.993  vel0ρ=+0.867  vel1ρ=+0.995
  PRED-K4 v-OOD       pos0ρ=+0.931  pos1ρ=+0.963  vel0ρ=+0.881  vel1ρ=+0.970
  PRED-K4 both-OOD    pos0ρ=+0.957  pos1ρ=+0.962  vel0ρ=+0.946  vel1ρ=+0.971

--- [K=4] decoded vel ρ from PRED latents vs horizon (test, aggregate) ---
  h=  4  n=  100  vel0ρ=+0.913  vel1ρ=-0.193
  h=  8  n=  100  vel0ρ=+0.943  vel1ρ=+nan
  h= 16  n=  100  vel0ρ=+0.941  vel1ρ=+0.087
  h= 28  n=  100  vel0ρ=+0.917  vel1ρ=+0.052

Total 123s
