[norm] action mean=[-0.01484401  0.          0.01575156  0.        ], std=[7.72976437e-02 1.00000000e-08 8.20558954e-02 1.00000000e-08]  (from phyworld_collision_id1k.h5)
[ckpt] /data1/likun-share/junjxu/.stable_worldmodel/dinowm_col_posvel_pw30_s42/dinowm_col_posvel_pw30_s42_epoch_20_object.ckpt  tag=dinowm_col_posvel_pw30_s42
  rolled out 100 trajs, t=38s
  rolled out 200 trajs, t=67s
  rolled out 300 trajs, t=88s
  rolled out 400 trajs, t=109s
  rolled out 500 trajs, t=128s

[data] 500 trajs, 14500 (frame,pred) pairs, emb dim=192

=== collision AR ROLLOUT (LeWM ID-only FT, history_size=3) ===
--- latent fidelity (pred vs real emb), test trajs, by partition ---
  ID         n=  203  cos=+0.8472  nMSE=0.2890
  r/m-OOD    n=  754  cos=+0.9059  nMSE=0.2042
  v-OOD      n=  290  cos=+0.7545  nMSE=0.4113
  both-OOD   n= 1653  cos=+0.7910  nMSE=0.4473

--- latent fidelity vs horizon (test, aggregate) ---
  h=  1  n=  100  cos=+0.9847  nMSE=0.0539
  h=  2  n=  100  cos=+0.9797  nMSE=0.0647
  h=  4  n=  100  cos=+0.9703  nMSE=0.0940
  h=  8  n=  100  cos=+0.9481  nMSE=0.1607
  h= 16  n=  100  cos=+0.8151  nMSE=0.3757
  h= 28  n=  100  cos=+0.6589  nMSE=0.6685

--- decoded pos/vel ρ from ROLLED-OUT latents (test), by partition ---
  [baseline] probe applied to REAL embs:
  REAL ID                   pos0ρ=+0.910  pos1ρ=+0.930  vel0ρ=+0.751  vel1ρ=+0.756
  REAL r/m-OOD              pos0ρ=+0.837  pos1ρ=+0.803  vel0ρ=+0.787  vel1ρ=+0.757
  REAL v-OOD                pos0ρ=+0.953  pos1ρ=+0.847  vel0ρ=+0.751  vel1ρ=+0.701
  REAL both-OOD             pos0ρ=+0.913  pos1ρ=+0.875  vel0ρ=+0.897  vel1ρ=+0.789
  [rollout] probe applied to PREDICTED embs:
  PRED ID                   pos0ρ=+0.698  pos1ρ=+0.710  vel0ρ=+0.634  vel1ρ=+0.627
  PRED r/m-OOD              pos0ρ=+0.827  pos1ρ=+0.865  vel0ρ=+0.805  vel1ρ=+0.776
  PRED v-OOD                pos0ρ=+0.594  pos1ρ=+0.658  vel0ρ=+0.517  vel1ρ=+0.627
  PRED both-OOD             pos0ρ=+0.848  pos1ρ=+0.848  vel0ρ=+0.836  vel1ρ=+0.772

--- decoded vel ρ from PRED latents vs horizon (test, aggregate) ---
  h=  1  n=  100  vel0ρ=+0.261  vel1ρ=+0.111
  h=  2  n=  100  vel0ρ=+0.337  vel1ρ=+0.278
  h=  4  n=  100  vel0ρ=+0.328  vel1ρ=+0.361
  h=  8  n=  100  vel0ρ=+0.701  vel1ρ=+0.590
  h= 16  n=  100  vel0ρ=+0.922  vel1ρ=+0.835
  h= 28  n=  100  vel0ρ=+0.861  vel1ρ=+0.847

--- [K=4] decoded pos/vel ρ from ROLLED-OUT latents (test), by partition ---
  [K=4] probe applied to PREDICTED embs (stack 4 consecutive predicted latents):
  PRED-K4 ID          pos0ρ=+0.746  pos1ρ=+0.777  vel0ρ=+0.792  vel1ρ=+0.799
  PRED-K4 r/m-OOD     pos0ρ=+0.864  pos1ρ=+0.888  vel0ρ=+0.868  vel1ρ=+0.859
  PRED-K4 v-OOD       pos0ρ=+0.620  pos1ρ=+0.696  vel0ρ=+0.608  vel1ρ=+0.746
  PRED-K4 both-OOD    pos0ρ=+0.871  pos1ρ=+0.861  vel0ρ=+0.871  vel1ρ=+0.837

--- [K=4] decoded vel ρ from PRED latents vs horizon (test, aggregate) ---
  h=  4  n=  100  vel0ρ=+0.352  vel1ρ=+0.684
  h=  8  n=  100  vel0ρ=+0.795  vel1ρ=+0.718
  h= 16  n=  100  vel0ρ=+0.911  vel1ρ=+0.871
  h= 28  n=  100  vel0ρ=+0.861  vel1ρ=+0.870

Total 129s
