[norm] action mean=[0.24667731 0.        ], std=[8.83643282e-02 1.00000000e-08]  (from phyworld_uniform_motion_id1k.h5)
[ckpt] /data1/likun-share/junjxu/.stable_worldmodel/dinowm_um_dyn_mlp_s1234/dinowm_um_dyn_mlp_s1234_epoch_20_object.ckpt  tag=dinowm_um_dyn_mlp_s1234
  rolled out 100 trajs, t=34s
  rolled out 200 trajs, t=64s
  rolled out 300 trajs, t=97s
  rolled out 400 trajs, t=132s
  rolled out 500 trajs, t=167s

[data] 500 trajs, 14500 (frame,pred) pairs, emb dim=192
/home/likun-share/junjxu/wm/phyworld/scripts/rollout_eval_id1k.py:197: ConstantInputWarning: An input array is constant; the correlation coefficient is not defined.
  rho = pearsonr(vel_all[mask][:, d], pv[:, d])[0]
/home/likun-share/junjxu/wm/phyworld/scripts/rollout_eval_id1k.py:197: ConstantInputWarning: An input array is constant; the correlation coefficient is not defined.
  rho = pearsonr(vel_all[mask][:, d], pv[:, d])[0]
/home/likun-share/junjxu/wm/phyworld/scripts/rollout_eval_id1k.py:197: ConstantInputWarning: An input array is constant; the correlation coefficient is not defined.
  rho = pearsonr(vel_all[mask][:, d], pv[:, d])[0]
/home/likun-share/junjxu/wm/phyworld/scripts/rollout_eval_id1k.py:197: ConstantInputWarning: An input array is constant; the correlation coefficient is not defined.
  rho = pearsonr(vel_all[mask][:, d], pv[:, d])[0]
/home/likun-share/junjxu/wm/phyworld/scripts/rollout_eval_id1k.py:197: ConstantInputWarning: An input array is constant; the correlation coefficient is not defined.
  rho = pearsonr(vel_all[mask][:, d], pv[:, d])[0]
/home/likun-share/junjxu/wm/phyworld/scripts/rollout_eval_id1k.py:197: ConstantInputWarning: An input array is constant; the correlation coefficient is not defined.
  rho = pearsonr(vel_all[mask][:, d], pv[:, d])[0]
/home/likun-share/junjxu/wm/phyworld/scripts/rollout_eval_id1k.py:197: ConstantInputWarning: An input array is constant; the correlation coefficient is not defined.
  rho = pearsonr(vel_all[mask][:, d], pv[:, d])[0]
/home/likun-share/junjxu/wm/phyworld/scripts/rollout_eval_id1k.py:197: ConstantInputWarning: An input array is constant; the correlation coefficient is not defined.
  rho = pearsonr(vel_all[mask][:, d], pv[:, d])[0]
/home/likun-share/junjxu/wm/phyworld/scripts/rollout_eval_id1k.py:242: ConstantInputWarning: An input array is constant; the correlation coefficient is not defined.
  rhos = [pearsonr(vel_all[m][:, d], pv[:, d])[0] for d in range(vel_all.shape[1])]
/home/likun-share/junjxu/wm/phyworld/scripts/rollout_eval_id1k.py:242: ConstantInputWarning: An input array is constant; the correlation coefficient is not defined.
  rhos = [pearsonr(vel_all[m][:, d], pv[:, d])[0] for d in range(vel_all.shape[1])]
/home/likun-share/junjxu/wm/phyworld/scripts/rollout_eval_id1k.py:242: ConstantInputWarning: An input array is constant; the correlation coefficient is not defined.
  rhos = [pearsonr(vel_all[m][:, d], pv[:, d])[0] for d in range(vel_all.shape[1])]
/home/likun-share/junjxu/wm/phyworld/scripts/rollout_eval_id1k.py:242: ConstantInputWarning: An input array is constant; the correlation coefficient is not defined.
  rhos = [pearsonr(vel_all[m][:, d], pv[:, d])[0] for d in range(vel_all.shape[1])]
/home/likun-share/junjxu/wm/phyworld/scripts/rollout_eval_id1k.py:242: ConstantInputWarning: An input array is constant; the correlation coefficient is not defined.
  rhos = [pearsonr(vel_all[m][:, d], pv[:, d])[0] for d in range(vel_all.shape[1])]
/home/likun-share/junjxu/wm/phyworld/scripts/rollout_eval_id1k.py:242: ConstantInputWarning: An input array is constant; the correlation coefficient is not defined.
  rhos = [pearsonr(vel_all[m][:, d], pv[:, d])[0] for d in range(vel_all.shape[1])]
/home/likun-share/junjxu/wm/phyworld/scripts/rollout_eval_id1k.py:288: ConstantInputWarning: An input array is constant; the correlation coefficient is not defined.
  line += f"  vel{d}ρ={pearsonr(vel_all[m][:, d], pv[:, d])[0]:+.3f}"
/home/likun-share/junjxu/wm/phyworld/scripts/rollout_eval_id1k.py:288: ConstantInputWarning: An input array is constant; the correlation coefficient is not defined.
  line += f"  vel{d}ρ={pearsonr(vel_all[m][:, d], pv[:, d])[0]:+.3f}"
/home/likun-share/junjxu/wm/phyworld/scripts/rollout_eval_id1k.py:288: ConstantInputWarning: An input array is constant; the correlation coefficient is not defined.
  line += f"  vel{d}ρ={pearsonr(vel_all[m][:, d], pv[:, d])[0]:+.3f}"
/home/likun-share/junjxu/wm/phyworld/scripts/rollout_eval_id1k.py:288: ConstantInputWarning: An input array is constant; the correlation coefficient is not defined.
  line += f"  vel{d}ρ={pearsonr(vel_all[m][:, d], pv[:, d])[0]:+.3f}"
/home/likun-share/junjxu/wm/phyworld/scripts/rollout_eval_id1k.py:296: ConstantInputWarning: An input array is constant; the correlation coefficient is not defined.
  rhos = [pearsonr(vel_all[m][:, d], pv[:, d])[0] for d in range(vel_all.shape[1])]
/home/likun-share/junjxu/wm/phyworld/scripts/rollout_eval_id1k.py:296: ConstantInputWarning: An input array is constant; the correlation coefficient is not defined.
  rhos = [pearsonr(vel_all[m][:, d], pv[:, d])[0] for d in range(vel_all.shape[1])]
/home/likun-share/junjxu/wm/phyworld/scripts/rollout_eval_id1k.py:296: ConstantInputWarning: An input array is constant; the correlation coefficient is not defined.
  rhos = [pearsonr(vel_all[m][:, d], pv[:, d])[0] for d in range(vel_all.shape[1])]
/home/likun-share/junjxu/wm/phyworld/scripts/rollout_eval_id1k.py:296: ConstantInputWarning: An input array is constant; the correlation coefficient is not defined.
  rhos = [pearsonr(vel_all[m][:, d], pv[:, d])[0] for d in range(vel_all.shape[1])]

=== uniform_motion AR ROLLOUT (LeWM ID-only FT, history_size=3) ===
--- latent fidelity (pred vs real emb), test trajs, by partition ---
  ID         n=  406  cos=+0.9405  nMSE=0.1113
  r/m-OOD    n=  464  cos=+0.9478  nMSE=0.3602
  v-OOD      n=  841  cos=+0.9356  nMSE=0.1258
  both-OOD   n= 1189  cos=+0.8798  nMSE=0.4254

--- latent fidelity vs horizon (test, aggregate) ---
  h=  1  n=  100  cos=+0.9777  nMSE=0.1959
  h=  2  n=  100  cos=+0.9697  nMSE=0.1936
  h=  4  n=  100  cos=+0.9412  nMSE=0.2866
  h=  8  n=  100  cos=+0.9039  nMSE=0.3596
  h= 16  n=  100  cos=+0.8876  nMSE=0.2795
  h= 28  n=  100  cos=+0.9355  nMSE=0.2454

--- decoded pos/vel ρ from ROLLED-OUT latents (test), by partition ---
  [baseline] probe applied to REAL embs:
  REAL ID                   pos0ρ=+0.985  pos1ρ=+0.995  vel0ρ=+0.647  vel1ρ=+nan
  REAL r/m-OOD              pos0ρ=+0.976  pos1ρ=+0.987  vel0ρ=+0.489  vel1ρ=+nan
  REAL v-OOD                pos0ρ=+0.961  pos1ρ=+0.974  vel0ρ=+0.718  vel1ρ=+nan
  REAL both-OOD             pos0ρ=+0.966  pos1ρ=+0.989  vel0ρ=+0.763  vel1ρ=+nan
  [rollout] probe applied to PREDICTED embs:
  PRED ID                   pos0ρ=+0.905  pos1ρ=+0.967  vel0ρ=+0.259  vel1ρ=+nan
  PRED r/m-OOD              pos0ρ=+0.736  pos1ρ=+0.957  vel0ρ=+0.245  vel1ρ=+nan
  PRED v-OOD                pos0ρ=+0.651  pos1ρ=+0.982  vel0ρ=+0.513  vel1ρ=+nan
  PRED both-OOD             pos0ρ=+0.601  pos1ρ=+0.968  vel0ρ=+0.532  vel1ρ=+nan

--- decoded vel ρ from PRED latents vs horizon (test, aggregate) ---
  h=  1  n=  100  vel0ρ=+0.526  vel1ρ=+nan
  h=  2  n=  100  vel0ρ=+0.632  vel1ρ=+nan
  h=  4  n=  100  vel0ρ=+0.652  vel1ρ=+nan
  h=  8  n=  100  vel0ρ=+0.500  vel1ρ=+nan
  h= 16  n=  100  vel0ρ=+0.532  vel1ρ=+nan
  h= 28  n=  100  vel0ρ=+0.697  vel1ρ=+nan

--- [K=4] decoded pos/vel ρ from ROLLED-OUT latents (test), by partition ---
  [K=4] probe applied to PREDICTED embs (stack 4 consecutive predicted latents):
  PRED-K4 ID          pos0ρ=+0.871  pos1ρ=+0.964  vel0ρ=+0.169  vel1ρ=+nan
  PRED-K4 r/m-OOD     pos0ρ=+0.657  pos1ρ=+0.959  vel0ρ=+0.230  vel1ρ=+nan
  PRED-K4 v-OOD       pos0ρ=+0.598  pos1ρ=+0.982  vel0ρ=+0.438  vel1ρ=+nan
  PRED-K4 both-OOD    pos0ρ=+0.549  pos1ρ=+0.965  vel0ρ=+0.510  vel1ρ=+nan

--- [K=4] decoded vel ρ from PRED latents vs horizon (test, aggregate) ---
  h=  4  n=  100  vel0ρ=+0.497  vel1ρ=+nan
  h=  8  n=  100  vel0ρ=+0.591  vel1ρ=+nan
  h= 16  n=  100  vel0ρ=+0.148  vel1ρ=+nan
  h= 28  n=  100  vel0ρ=+0.842  vel1ρ=+nan

Total 168s
