[norm] action mean=[ 0.24667731 -0.40296947], std=[0.08836433 0.229554  ]  (from phyworld_parabola_id1k.h5)
[ckpt] /data1/likun-share/junjxu/.stable_worldmodel/dinowm_par_structpos_pw300_s3072/dinowm_par_structpos_pw300_s3072_epoch_20_object.ckpt  tag=dinowm_par_structpos_pw300_s3072
  rolled out 100 trajs, t=36s
  rolled out 200 trajs, t=63s
  rolled out 300 trajs, t=89s
  rolled out 400 trajs, t=115s
  rolled out 500 trajs, t=138s

[data] 500 trajs, 14500 (frame,pred) pairs, emb dim=192
/home/likun-share/junjxu/wm/phyworld/scripts/rollout_eval_id1k.py:242: ConstantInputWarning: An input array is constant; the correlation coefficient is not defined.
  rhos = [pearsonr(vel_all[m][:, d], pv[:, d])[0] for d in range(vel_all.shape[1])]
/home/likun-share/junjxu/wm/phyworld/scripts/rollout_eval_id1k.py:242: NearConstantInputWarning: An input array is nearly constant; the computed correlation coefficient may be inaccurate.
  rhos = [pearsonr(vel_all[m][:, d], pv[:, d])[0] for d in range(vel_all.shape[1])]
/home/likun-share/junjxu/wm/phyworld/scripts/rollout_eval_id1k.py:242: NearConstantInputWarning: An input array is nearly constant; the computed correlation coefficient may be inaccurate.
  rhos = [pearsonr(vel_all[m][:, d], pv[:, d])[0] for d in range(vel_all.shape[1])]
/home/likun-share/junjxu/wm/phyworld/scripts/rollout_eval_id1k.py:296: ConstantInputWarning: An input array is constant; the correlation coefficient is not defined.
  rhos = [pearsonr(vel_all[m][:, d], pv[:, d])[0] for d in range(vel_all.shape[1])]
/home/likun-share/junjxu/wm/phyworld/scripts/rollout_eval_id1k.py:296: NearConstantInputWarning: An input array is nearly constant; the computed correlation coefficient may be inaccurate.
  rhos = [pearsonr(vel_all[m][:, d], pv[:, d])[0] for d in range(vel_all.shape[1])]
/home/likun-share/junjxu/wm/phyworld/scripts/rollout_eval_id1k.py:296: NearConstantInputWarning: An input array is nearly constant; the computed correlation coefficient may be inaccurate.
  rhos = [pearsonr(vel_all[m][:, d], pv[:, d])[0] for d in range(vel_all.shape[1])]

=== parabola AR ROLLOUT (LeWM ID-only FT, history_size=3) ===
--- latent fidelity (pred vs real emb), test trajs, by partition ---
  ID         n=  464  cos=+0.9542  nMSE=0.0859
  r/m-OOD    n=  319  cos=+0.9583  nMSE=0.2712
  v-OOD      n=  928  cos=+0.8109  nMSE=0.2812
  both-OOD   n= 1189  cos=+0.8284  nMSE=0.3696

--- latent fidelity vs horizon (test, aggregate) ---
  h=  1  n=  100  cos=+0.9658  nMSE=0.1872
  h=  2  n=  100  cos=+0.9595  nMSE=0.2056
  h=  4  n=  100  cos=+0.9541  nMSE=0.2419
  h=  8  n=  100  cos=+0.9375  nMSE=0.3151
  h= 16  n=  100  cos=+0.8467  nMSE=0.3032
  h= 28  n=  100  cos=+0.8040  nMSE=1.2794

--- decoded pos/vel ρ from ROLLED-OUT latents (test), by partition ---
  [baseline] probe applied to REAL embs:
  REAL ID                   pos0ρ=+0.939  pos1ρ=+0.988  vel0ρ=+0.609  vel1ρ=+0.992
  REAL r/m-OOD              pos0ρ=+0.917  pos1ρ=+0.986  vel0ρ=+0.543  vel1ρ=+0.987
  REAL v-OOD                pos0ρ=+0.933  pos1ρ=+0.913  vel0ρ=+0.777  vel1ρ=+0.954
  REAL both-OOD             pos0ρ=+0.921  pos1ρ=+0.930  vel0ρ=+0.800  vel1ρ=+0.961
  [rollout] probe applied to PREDICTED embs:
  PRED ID                   pos0ρ=+0.953  pos1ρ=+0.991  vel0ρ=+0.687  vel1ρ=+0.993
  PRED r/m-OOD              pos0ρ=+0.913  pos1ρ=+0.986  vel0ρ=+0.716  vel1ρ=+0.987
  PRED v-OOD                pos0ρ=+0.788  pos1ρ=+0.928  vel0ρ=+0.526  vel1ρ=+0.961
  PRED both-OOD             pos0ρ=+0.823  pos1ρ=+0.935  vel0ρ=+0.687  vel1ρ=+0.966

--- decoded vel ρ from PRED latents vs horizon (test, aggregate) ---
  h=  1  n=  100  vel0ρ=+0.511  vel1ρ=-0.293
  h=  2  n=  100  vel0ρ=+0.666  vel1ρ=+0.307
  h=  4  n=  100  vel0ρ=+0.765  vel1ρ=+0.041
  h=  8  n=  100  vel0ρ=+0.848  vel1ρ=+nan
  h= 16  n=  100  vel0ρ=+0.775  vel1ρ=+0.172
  h= 28  n=  100  vel0ρ=-0.194  vel1ρ=+0.102

--- [K=4] decoded pos/vel ρ from ROLLED-OUT latents (test), by partition ---
  [K=4] probe applied to PREDICTED embs (stack 4 consecutive predicted latents):
  PRED-K4 ID          pos0ρ=+0.966  pos1ρ=+0.997  vel0ρ=+0.823  vel1ρ=+0.995
  PRED-K4 r/m-OOD     pos0ρ=+0.940  pos1ρ=+0.994  vel0ρ=+0.815  vel1ρ=+0.991
  PRED-K4 v-OOD       pos0ρ=+0.819  pos1ρ=+0.941  vel0ρ=+0.694  vel1ρ=+0.963
  PRED-K4 both-OOD    pos0ρ=+0.834  pos1ρ=+0.953  vel0ρ=+0.840  vel1ρ=+0.973

--- [K=4] decoded vel ρ from PRED latents vs horizon (test, aggregate) ---
  h=  4  n=  100  vel0ρ=+0.867  vel1ρ=+0.092
  h=  8  n=  100  vel0ρ=+0.914  vel1ρ=+nan
  h= 16  n=  100  vel0ρ=+0.908  vel1ρ=+0.180
  h= 28  n=  100  vel0ρ=+0.422  vel1ρ=+0.012

Total 139s
