[norm] action mean=[-0.01484401  0.          0.01575156  0.        ], std=[7.72976437e-02 1.00000000e-08 8.20558954e-02 1.00000000e-08]  (from phyworld_collision_id1k.h5)
[ckpt] /data1/likun-share/junjxu/.stable_worldmodel/dinowm_col_posvel_pw30_s1234/dinowm_col_posvel_pw30_s1234_epoch_20_object.ckpt  tag=dinowm_col_posvel_pw30_s1234
  rolled out 100 trajs, t=38s
  rolled out 200 trajs, t=67s
  rolled out 300 trajs, t=95s
  rolled out 400 trajs, t=122s
  rolled out 500 trajs, t=148s

[data] 500 trajs, 14500 (frame,pred) pairs, emb dim=192

=== collision AR ROLLOUT (LeWM ID-only FT, history_size=3) ===
--- latent fidelity (pred vs real emb), test trajs, by partition ---
  ID         n=  203  cos=+0.8553  nMSE=0.2822
  r/m-OOD    n=  754  cos=+0.8935  nMSE=0.2307
  v-OOD      n=  290  cos=+0.7219  nMSE=0.4839
  both-OOD   n= 1653  cos=+0.7747  nMSE=0.4780

--- latent fidelity vs horizon (test, aggregate) ---
  h=  1  n=  100  cos=+0.9844  nMSE=0.0608
  h=  2  n=  100  cos=+0.9799  nMSE=0.0714
  h=  4  n=  100  cos=+0.9705  nMSE=0.0983
  h=  8  n=  100  cos=+0.9440  nMSE=0.1734
  h= 16  n=  100  cos=+0.7956  nMSE=0.4110
  h= 28  n=  100  cos=+0.6330  nMSE=0.7136

--- decoded pos/vel ρ from ROLLED-OUT latents (test), by partition ---
  [baseline] probe applied to REAL embs:
  REAL ID                   pos0ρ=+0.945  pos1ρ=+0.935  vel0ρ=+0.763  vel1ρ=+0.765
  REAL r/m-OOD              pos0ρ=+0.845  pos1ρ=+0.790  vel0ρ=+0.793  vel1ρ=+0.741
  REAL v-OOD                pos0ρ=+0.937  pos1ρ=+0.919  vel0ρ=+0.742  vel1ρ=+0.725
  REAL both-OOD             pos0ρ=+0.915  pos1ρ=+0.866  vel0ρ=+0.892  vel1ρ=+0.791
  [rollout] probe applied to PREDICTED embs:
  PRED ID                   pos0ρ=+0.691  pos1ρ=+0.675  vel0ρ=+0.577  vel1ρ=+0.680
  PRED r/m-OOD              pos0ρ=+0.825  pos1ρ=+0.844  vel0ρ=+0.791  vel1ρ=+0.746
  PRED v-OOD                pos0ρ=+0.542  pos1ρ=+0.633  vel0ρ=+0.435  vel1ρ=+0.631
  PRED both-OOD             pos0ρ=+0.806  pos1ρ=+0.869  vel0ρ=+0.824  vel1ρ=+0.766

--- decoded vel ρ from PRED latents vs horizon (test, aggregate) ---
  h=  1  n=  100  vel0ρ=+0.262  vel1ρ=-0.087
  h=  2  n=  100  vel0ρ=+0.170  vel1ρ=-0.001
  h=  4  n=  100  vel0ρ=+0.122  vel1ρ=+0.062
  h=  8  n=  100  vel0ρ=+0.700  vel1ρ=+0.603
  h= 16  n=  100  vel0ρ=+0.906  vel1ρ=+0.853
  h= 28  n=  100  vel0ρ=+0.858  vel1ρ=+0.872

--- [K=4] decoded pos/vel ρ from ROLLED-OUT latents (test), by partition ---
  [K=4] probe applied to PREDICTED embs (stack 4 consecutive predicted latents):
  PRED-K4 ID          pos0ρ=+0.782  pos1ρ=+0.814  vel0ρ=+0.742  vel1ρ=+0.800
  PRED-K4 r/m-OOD     pos0ρ=+0.867  pos1ρ=+0.866  vel0ρ=+0.857  vel1ρ=+0.819
  PRED-K4 v-OOD       pos0ρ=+0.564  pos1ρ=+0.678  vel0ρ=+0.581  vel1ρ=+0.718
  PRED-K4 both-OOD    pos0ρ=+0.832  pos1ρ=+0.879  vel0ρ=+0.820  vel1ρ=+0.853

--- [K=4] decoded vel ρ from PRED latents vs horizon (test, aggregate) ---
  h=  4  n=  100  vel0ρ=+0.246  vel1ρ=+0.315
  h=  8  n=  100  vel0ρ=+0.684  vel1ρ=+0.771
  h= 16  n=  100  vel0ρ=+0.881  vel1ρ=+0.871
  h= 28  n=  100  vel0ρ=+0.830  vel1ρ=+0.883

Total 149s
