[norm] action mean=[-0.01484401  0.          0.01575156  0.        ], std=[7.72976437e-02 1.00000000e-08 8.20558954e-02 1.00000000e-08]  (from phyworld_collision_id1k.h5)
[ckpt] /data1/likun-share/junjxu/.stable_worldmodel/dinowm_col_cons_s42/dinowm_col_cons_s42_epoch_20_object.ckpt  tag=dinowm_col_cons_s42
  rolled out 100 trajs, t=33s
  rolled out 200 trajs, t=62s
  rolled out 300 trajs, t=91s
  rolled out 400 trajs, t=119s
  rolled out 500 trajs, t=148s

[data] 500 trajs, 14500 (frame,pred) pairs, emb dim=192

=== collision AR ROLLOUT (LeWM ID-only FT, history_size=3) ===
--- latent fidelity (pred vs real emb), test trajs, by partition ---
  ID         n=  203  cos=+0.8669  nMSE=0.2574
  r/m-OOD    n=  754  cos=+0.9123  nMSE=0.1951
  v-OOD      n=  290  cos=+0.7533  nMSE=0.4159
  both-OOD   n= 1653  cos=+0.7943  nMSE=0.4160

--- latent fidelity vs horizon (test, aggregate) ---
  h=  1  n=  100  cos=+0.9854  nMSE=0.0540
  h=  2  n=  100  cos=+0.9794  nMSE=0.0670
  h=  4  n=  100  cos=+0.9693  nMSE=0.1016
  h=  8  n=  100  cos=+0.9543  nMSE=0.1408
  h= 16  n=  100  cos=+0.8097  nMSE=0.3764
  h= 28  n=  100  cos=+0.6707  nMSE=0.6117

--- decoded pos/vel ρ from ROLLED-OUT latents (test), by partition ---
  [baseline] probe applied to REAL embs:
  REAL ID                   pos0ρ=+0.938  pos1ρ=+0.917  vel0ρ=+0.707  vel1ρ=+0.765
  REAL r/m-OOD              pos0ρ=+0.822  pos1ρ=+0.787  vel0ρ=+0.781  vel1ρ=+0.753
  REAL v-OOD                pos0ρ=+0.934  pos1ρ=+0.880  vel0ρ=+0.737  vel1ρ=+0.701
  REAL both-OOD             pos0ρ=+0.908  pos1ρ=+0.865  vel0ρ=+0.892  vel1ρ=+0.784
  [rollout] probe applied to PREDICTED embs:
  PRED ID                   pos0ρ=+0.687  pos1ρ=+0.720  vel0ρ=+0.594  vel1ρ=+0.646
  PRED r/m-OOD              pos0ρ=+0.842  pos1ρ=+0.852  vel0ρ=+0.810  vel1ρ=+0.775
  PRED v-OOD                pos0ρ=+0.520  pos1ρ=+0.672  vel0ρ=+0.386  vel1ρ=+0.640
  PRED both-OOD             pos0ρ=+0.839  pos1ρ=+0.843  vel0ρ=+0.857  vel1ρ=+0.794

--- decoded vel ρ from PRED latents vs horizon (test, aggregate) ---
  h=  1  n=  100  vel0ρ=+0.364  vel1ρ=-0.132
  h=  2  n=  100  vel0ρ=+0.316  vel1ρ=-0.077
  h=  4  n=  100  vel0ρ=+0.313  vel1ρ=+0.046
  h=  8  n=  100  vel0ρ=+0.805  vel1ρ=+0.774
  h= 16  n=  100  vel0ρ=+0.913  vel1ρ=+0.843
  h= 28  n=  100  vel0ρ=+0.882  vel1ρ=+0.892

--- [K=4] decoded pos/vel ρ from ROLLED-OUT latents (test), by partition ---
  [K=4] probe applied to PREDICTED embs (stack 4 consecutive predicted latents):
  PRED-K4 ID          pos0ρ=+0.736  pos1ρ=+0.799  vel0ρ=+0.771  vel1ρ=+0.832
  PRED-K4 r/m-OOD     pos0ρ=+0.862  pos1ρ=+0.864  vel0ρ=+0.872  vel1ρ=+0.859
  PRED-K4 v-OOD       pos0ρ=+0.574  pos1ρ=+0.704  vel0ρ=+0.559  vel1ρ=+0.751
  PRED-K4 both-OOD    pos0ρ=+0.848  pos1ρ=+0.838  vel0ρ=+0.852  vel1ρ=+0.862

--- [K=4] decoded vel ρ from PRED latents vs horizon (test, aggregate) ---
  h=  4  n=  100  vel0ρ=+0.365  vel1ρ=+0.186
  h=  8  n=  100  vel0ρ=+0.761  vel1ρ=+0.800
  h= 16  n=  100  vel0ρ=+0.893  vel1ρ=+0.886
  h= 28  n=  100  vel0ρ=+0.867  vel1ρ=+0.903

Total 149s
