[norm] action mean=[ 0.24667731 -0.40296947], std=[0.08836433 0.229554  ]  (from phyworld_parabola_id1k.h5)
[ckpt] /data1/likun-share/junjxu/.stable_worldmodel/dinowm_par_structpos_plain/dinowm_par_structpos_plain_epoch_20_object.ckpt  tag=dinowm_par_structpos_plain
  rolled out 100 trajs, t=44s
  rolled out 200 trajs, t=76s
  rolled out 300 trajs, t=110s
  rolled out 400 trajs, t=142s
  rolled out 500 trajs, t=175s

[data] 500 trajs, 14500 (frame,pred) pairs, emb dim=192
/home/likun-share/junjxu/wm/phyworld/scripts/rollout_eval_id1k.py:242: ConstantInputWarning: An input array is constant; the correlation coefficient is not defined.
  rhos = [pearsonr(vel_all[m][:, d], pv[:, d])[0] for d in range(vel_all.shape[1])]
/home/likun-share/junjxu/wm/phyworld/scripts/rollout_eval_id1k.py:242: NearConstantInputWarning: An input array is nearly constant; the computed correlation coefficient may be inaccurate.
  rhos = [pearsonr(vel_all[m][:, d], pv[:, d])[0] for d in range(vel_all.shape[1])]
/home/likun-share/junjxu/wm/phyworld/scripts/rollout_eval_id1k.py:242: NearConstantInputWarning: An input array is nearly constant; the computed correlation coefficient may be inaccurate.
  rhos = [pearsonr(vel_all[m][:, d], pv[:, d])[0] for d in range(vel_all.shape[1])]
/home/likun-share/junjxu/wm/phyworld/scripts/rollout_eval_id1k.py:296: ConstantInputWarning: An input array is constant; the correlation coefficient is not defined.
  rhos = [pearsonr(vel_all[m][:, d], pv[:, d])[0] for d in range(vel_all.shape[1])]
/home/likun-share/junjxu/wm/phyworld/scripts/rollout_eval_id1k.py:296: NearConstantInputWarning: An input array is nearly constant; the computed correlation coefficient may be inaccurate.
  rhos = [pearsonr(vel_all[m][:, d], pv[:, d])[0] for d in range(vel_all.shape[1])]
/home/likun-share/junjxu/wm/phyworld/scripts/rollout_eval_id1k.py:296: NearConstantInputWarning: An input array is nearly constant; the computed correlation coefficient may be inaccurate.
  rhos = [pearsonr(vel_all[m][:, d], pv[:, d])[0] for d in range(vel_all.shape[1])]

=== parabola AR ROLLOUT (LeWM ID-only FT, history_size=3) ===
--- latent fidelity (pred vs real emb), test trajs, by partition ---
  ID         n=  464  cos=+0.9608  nMSE=0.0737
  r/m-OOD    n=  319  cos=+0.9625  nMSE=0.2125
  v-OOD      n=  928  cos=+0.7905  nMSE=0.3555
  both-OOD   n= 1189  cos=+0.8192  nMSE=0.3478

--- latent fidelity vs horizon (test, aggregate) ---
  h=  1  n=  100  cos=+0.9677  nMSE=0.1616
  h=  2  n=  100  cos=+0.9626  nMSE=0.1793
  h=  4  n=  100  cos=+0.9554  nMSE=0.2177
  h=  8  n=  100  cos=+0.9346  nMSE=0.2981
  h= 16  n=  100  cos=+0.8177  nMSE=0.3111
  h= 28  n=  100  cos=+0.7752  nMSE=1.3434

--- decoded pos/vel ρ from ROLLED-OUT latents (test), by partition ---
  [baseline] probe applied to REAL embs:
  REAL ID                   pos0ρ=+0.940  pos1ρ=+0.988  vel0ρ=+0.591  vel1ρ=+0.992
  REAL r/m-OOD              pos0ρ=+0.912  pos1ρ=+0.986  vel0ρ=+0.595  vel1ρ=+0.986
  REAL v-OOD                pos0ρ=+0.934  pos1ρ=+0.915  vel0ρ=+0.789  vel1ρ=+0.954
  REAL both-OOD             pos0ρ=+0.915  pos1ρ=+0.929  vel0ρ=+0.796  vel1ρ=+0.960
  [rollout] probe applied to PREDICTED embs:
  PRED ID                   pos0ρ=+0.960  pos1ρ=+0.989  vel0ρ=+0.625  vel1ρ=+0.992
  PRED r/m-OOD              pos0ρ=+0.934  pos1ρ=+0.978  vel0ρ=+0.629  vel1ρ=+0.978
  PRED v-OOD                pos0ρ=+0.837  pos1ρ=+0.909  vel0ρ=+0.521  vel1ρ=+0.954
  PRED both-OOD             pos0ρ=+0.876  pos1ρ=+0.914  vel0ρ=+0.627  vel1ρ=+0.949

--- decoded vel ρ from PRED latents vs horizon (test, aggregate) ---
  h=  1  n=  100  vel0ρ=+0.520  vel1ρ=+0.042
  h=  2  n=  100  vel0ρ=+0.680  vel1ρ=-0.041
  h=  4  n=  100  vel0ρ=+0.742  vel1ρ=-0.081
  h=  8  n=  100  vel0ρ=+0.788  vel1ρ=+nan
  h= 16  n=  100  vel0ρ=+0.549  vel1ρ=+0.170
  h= 28  n=  100  vel0ρ=+0.605  vel1ρ=+0.056

--- [K=4] decoded pos/vel ρ from ROLLED-OUT latents (test), by partition ---
  [K=4] probe applied to PREDICTED embs (stack 4 consecutive predicted latents):
  PRED-K4 ID          pos0ρ=+0.969  pos1ρ=+0.997  vel0ρ=+0.788  vel1ρ=+0.995
  PRED-K4 r/m-OOD     pos0ρ=+0.950  pos1ρ=+0.985  vel0ρ=+0.751  vel1ρ=+0.986
  PRED-K4 v-OOD       pos0ρ=+0.854  pos1ρ=+0.920  vel0ρ=+0.654  vel1ρ=+0.954
  PRED-K4 both-OOD    pos0ρ=+0.894  pos1ρ=+0.935  vel0ρ=+0.820  vel1ρ=+0.956

--- [K=4] decoded vel ρ from PRED latents vs horizon (test, aggregate) ---
  h=  4  n=  100  vel0ρ=+0.861  vel1ρ=-0.161
  h=  8  n=  100  vel0ρ=+0.915  vel1ρ=+nan
  h= 16  n=  100  vel0ρ=+0.788  vel1ρ=+0.117
  h= 28  n=  100  vel0ρ=+0.621  vel1ρ=+0.059

Total 176s
