[norm] action mean=[ 0.24667731 -0.40296947], std=[0.08836433 0.229554  ]  (from phyworld_parabola_id1k.h5)
[ckpt] /data1/likun-share/junjxu/.stable_worldmodel/dinowm_par_structpos_plain_s1234/dinowm_par_structpos_plain_s1234_epoch_20_object.ckpt  tag=dinowm_par_structpos_plain_s1234
  rolled out 100 trajs, t=33s
  rolled out 200 trajs, t=61s
  rolled out 300 trajs, t=87s
  rolled out 400 trajs, t=112s
  rolled out 500 trajs, t=134s

[data] 500 trajs, 14500 (frame,pred) pairs, emb dim=192
/home/likun-share/junjxu/wm/phyworld/scripts/rollout_eval_id1k.py:242: ConstantInputWarning: An input array is constant; the correlation coefficient is not defined.
  rhos = [pearsonr(vel_all[m][:, d], pv[:, d])[0] for d in range(vel_all.shape[1])]
/home/likun-share/junjxu/wm/phyworld/scripts/rollout_eval_id1k.py:242: NearConstantInputWarning: An input array is nearly constant; the computed correlation coefficient may be inaccurate.
  rhos = [pearsonr(vel_all[m][:, d], pv[:, d])[0] for d in range(vel_all.shape[1])]
/home/likun-share/junjxu/wm/phyworld/scripts/rollout_eval_id1k.py:242: NearConstantInputWarning: An input array is nearly constant; the computed correlation coefficient may be inaccurate.
  rhos = [pearsonr(vel_all[m][:, d], pv[:, d])[0] for d in range(vel_all.shape[1])]
/home/likun-share/junjxu/wm/phyworld/scripts/rollout_eval_id1k.py:296: ConstantInputWarning: An input array is constant; the correlation coefficient is not defined.
  rhos = [pearsonr(vel_all[m][:, d], pv[:, d])[0] for d in range(vel_all.shape[1])]
/home/likun-share/junjxu/wm/phyworld/scripts/rollout_eval_id1k.py:296: NearConstantInputWarning: An input array is nearly constant; the computed correlation coefficient may be inaccurate.
  rhos = [pearsonr(vel_all[m][:, d], pv[:, d])[0] for d in range(vel_all.shape[1])]
/home/likun-share/junjxu/wm/phyworld/scripts/rollout_eval_id1k.py:296: NearConstantInputWarning: An input array is nearly constant; the computed correlation coefficient may be inaccurate.
  rhos = [pearsonr(vel_all[m][:, d], pv[:, d])[0] for d in range(vel_all.shape[1])]

=== parabola AR ROLLOUT (LeWM ID-only FT, history_size=3) ===
--- latent fidelity (pred vs real emb), test trajs, by partition ---
  ID         n=  464  cos=+0.9552  nMSE=0.0807
  r/m-OOD    n=  319  cos=+0.9609  nMSE=0.2284
  v-OOD      n=  928  cos=+0.7822  nMSE=0.3288
  both-OOD   n= 1189  cos=+0.8065  nMSE=0.3585

--- latent fidelity vs horizon (test, aggregate) ---
  h=  1  n=  100  cos=+0.9663  nMSE=0.1706
  h=  2  n=  100  cos=+0.9603  nMSE=0.1935
  h=  4  n=  100  cos=+0.9546  nMSE=0.2239
  h=  8  n=  100  cos=+0.9318  nMSE=0.3003
  h= 16  n=  100  cos=+0.8394  nMSE=0.2901
  h= 28  n=  100  cos=+0.7310  nMSE=1.6132

--- decoded pos/vel ρ from ROLLED-OUT latents (test), by partition ---
  [baseline] probe applied to REAL embs:
  REAL ID                   pos0ρ=+0.944  pos1ρ=+0.989  vel0ρ=+0.631  vel1ρ=+0.992
  REAL r/m-OOD              pos0ρ=+0.916  pos1ρ=+0.986  vel0ρ=+0.539  vel1ρ=+0.987
  REAL v-OOD                pos0ρ=+0.923  pos1ρ=+0.914  vel0ρ=+0.780  vel1ρ=+0.956
  REAL both-OOD             pos0ρ=+0.910  pos1ρ=+0.928  vel0ρ=+0.784  vel1ρ=+0.960
  [rollout] probe applied to PREDICTED embs:
  PRED ID                   pos0ρ=+0.959  pos1ρ=+0.991  vel0ρ=+0.659  vel1ρ=+0.993
  PRED r/m-OOD              pos0ρ=+0.931  pos1ρ=+0.985  vel0ρ=+0.700  vel1ρ=+0.989
  PRED v-OOD                pos0ρ=+0.822  pos1ρ=+0.943  vel0ρ=+0.640  vel1ρ=+0.971
  PRED both-OOD             pos0ρ=+0.889  pos1ρ=+0.935  vel0ρ=+0.762  vel1ρ=+0.964

--- decoded vel ρ from PRED latents vs horizon (test, aggregate) ---
  h=  1  n=  100  vel0ρ=+0.583  vel1ρ=+0.245
  h=  2  n=  100  vel0ρ=+0.742  vel1ρ=-0.150
  h=  4  n=  100  vel0ρ=+0.832  vel1ρ=-0.301
  h=  8  n=  100  vel0ρ=+0.897  vel1ρ=+nan
  h= 16  n=  100  vel0ρ=+0.860  vel1ρ=+0.097
  h= 28  n=  100  vel0ρ=+0.747  vel1ρ=+0.084

--- [K=4] decoded pos/vel ρ from ROLLED-OUT latents (test), by partition ---
  [K=4] probe applied to PREDICTED embs (stack 4 consecutive predicted latents):
  PRED-K4 ID          pos0ρ=+0.968  pos1ρ=+0.998  vel0ρ=+0.818  vel1ρ=+0.996
  PRED-K4 r/m-OOD     pos0ρ=+0.951  pos1ρ=+0.991  vel0ρ=+0.855  vel1ρ=+0.994
  PRED-K4 v-OOD       pos0ρ=+0.811  pos1ρ=+0.960  vel0ρ=+0.737  vel1ρ=+0.976
  PRED-K4 both-OOD    pos0ρ=+0.883  pos1ρ=+0.952  vel0ρ=+0.833  vel1ρ=+0.971

--- [K=4] decoded vel ρ from PRED latents vs horizon (test, aggregate) ---
  h=  4  n=  100  vel0ρ=+0.886  vel1ρ=-0.403
  h=  8  n=  100  vel0ρ=+0.965  vel1ρ=+nan
  h= 16  n=  100  vel0ρ=+0.934  vel1ρ=+0.075
  h= 28  n=  100  vel0ρ=+0.649  vel1ρ=+0.050

Total 135s
