[norm] action mean=[-0.01484401  0.          0.01575156  0.        ], std=[7.72976437e-02 1.00000000e-08 8.20558954e-02 1.00000000e-08]  (from phyworld_collision_id1k.h5)
[ckpt] /data1/likun-share/junjxu/.stable_worldmodel/dinowm_col_labelfree_const/dinowm_col_labelfree_const_epoch_20_object.ckpt  tag=dinowm_col_labelfree_const
  rolled out 100 trajs, t=19s
  rolled out 200 trajs, t=34s
  rolled out 300 trajs, t=49s
  rolled out 400 trajs, t=64s
  rolled out 500 trajs, t=79s

[data] 500 trajs, 14500 (frame,pred) pairs, emb dim=192

=== collision AR ROLLOUT (LeWM ID-only FT, history_size=3) ===
--- latent fidelity (pred vs real emb), test trajs, by partition ---
  ID         n=  203  cos=+0.8726  nMSE=0.2460
  r/m-OOD    n=  754  cos=+0.8764  nMSE=0.2586
  v-OOD      n=  290  cos=+0.7274  nMSE=0.5427
  both-OOD   n= 1653  cos=+0.7523  nMSE=0.5050

--- latent fidelity vs horizon (test, aggregate) ---
  h=  1  n=  100  cos=+0.9854  nMSE=0.0504
  h=  2  n=  100  cos=+0.9791  nMSE=0.0636
  h=  4  n=  100  cos=+0.9704  nMSE=0.0910
  h=  8  n=  100  cos=+0.9487  nMSE=0.1527
  h= 16  n=  100  cos=+0.7907  nMSE=0.4120
  h= 28  n=  100  cos=+0.5475  nMSE=0.8789

--- decoded pos/vel ρ from ROLLED-OUT latents (test), by partition ---
  [baseline] probe applied to REAL embs:
  REAL ID                   pos0ρ=+0.898  pos1ρ=+0.906  vel0ρ=+0.688  vel1ρ=+0.761
  REAL r/m-OOD              pos0ρ=+0.813  pos1ρ=+0.785  vel0ρ=+0.767  vel1ρ=+0.756
  REAL v-OOD                pos0ρ=+0.928  pos1ρ=+0.886  vel0ρ=+0.733  vel1ρ=+0.703
  REAL both-OOD             pos0ρ=+0.900  pos1ρ=+0.855  vel0ρ=+0.880  vel1ρ=+0.779
  [rollout] probe applied to PREDICTED embs:
  PRED ID                   pos0ρ=+0.590  pos1ρ=+0.766  vel0ρ=+0.615  vel1ρ=+0.606
  PRED r/m-OOD              pos0ρ=+0.395  pos1ρ=+0.313  vel0ρ=+0.500  vel1ρ=+0.347
  PRED v-OOD                pos0ρ=+0.660  pos1ρ=+0.712  vel0ρ=+0.311  vel1ρ=+0.432
  PRED both-OOD             pos0ρ=+0.350  pos1ρ=+0.405  vel0ρ=+0.434  vel1ρ=+0.655

--- decoded vel ρ from PRED latents vs horizon (test, aggregate) ---
  h=  1  n=  100  vel0ρ=+0.247  vel1ρ=-0.020
  h=  2  n=  100  vel0ρ=+0.237  vel1ρ=+0.036
  h=  4  n=  100  vel0ρ=+0.262  vel1ρ=+0.232
  h=  8  n=  100  vel0ρ=+0.414  vel1ρ=+0.577
  h= 16  n=  100  vel0ρ=+0.533  vel1ρ=+0.700
  h= 28  n=  100  vel0ρ=+0.315  vel1ρ=+0.436

--- [K=4] decoded pos/vel ρ from ROLLED-OUT latents (test), by partition ---
  [K=4] probe applied to PREDICTED embs (stack 4 consecutive predicted latents):
  PRED-K4 ID          pos0ρ=+0.618  pos1ρ=+0.842  vel0ρ=+0.624  vel1ρ=+0.819
  PRED-K4 r/m-OOD     pos0ρ=+0.465  pos1ρ=+0.411  vel0ρ=+0.462  vel1ρ=+0.478
  PRED-K4 v-OOD       pos0ρ=+0.600  pos1ρ=+0.764  vel0ρ=+0.329  vel1ρ=+0.694
  PRED-K4 both-OOD    pos0ρ=+0.408  pos1ρ=+0.524  vel0ρ=+0.317  vel1ρ=+0.685

--- [K=4] decoded vel ρ from PRED latents vs horizon (test, aggregate) ---
  h=  4  n=  100  vel0ρ=+0.341  vel1ρ=+0.381
  h=  8  n=  100  vel0ρ=+0.361  vel1ρ=+0.696
  h= 16  n=  100  vel0ρ=+0.406  vel1ρ=+0.733
  h= 28  n=  100  vel0ρ=+0.226  vel1ρ=+0.510

Total 79s
