[norm] action mean=[ 0.24667731 -0.40296947], std=[0.08836433 0.229554  ]  (from phyworld_parabola_id1k.h5)
[ckpt] /data1/likun-share/junjxu/.stable_worldmodel/dinowm_par_probeF2_s42/dinowm_par_probeF2_s42_epoch_20_object.ckpt  tag=dinowm_par_probeF2_s42
  rolled out 100 trajs, t=34s
  rolled out 200 trajs, t=62s
  rolled out 300 trajs, t=89s
  rolled out 400 trajs, t=113s
  rolled out 500 trajs, t=138s

[data] 500 trajs, 14500 (frame,pred) pairs, emb dim=192
/home/likun-share/junjxu/wm/phyworld/scripts/rollout_eval_id1k.py:242: ConstantInputWarning: An input array is constant; the correlation coefficient is not defined.
  rhos = [pearsonr(vel_all[m][:, d], pv[:, d])[0] for d in range(vel_all.shape[1])]
/home/likun-share/junjxu/wm/phyworld/scripts/rollout_eval_id1k.py:242: NearConstantInputWarning: An input array is nearly constant; the computed correlation coefficient may be inaccurate.
  rhos = [pearsonr(vel_all[m][:, d], pv[:, d])[0] for d in range(vel_all.shape[1])]
/home/likun-share/junjxu/wm/phyworld/scripts/rollout_eval_id1k.py:242: NearConstantInputWarning: An input array is nearly constant; the computed correlation coefficient may be inaccurate.
  rhos = [pearsonr(vel_all[m][:, d], pv[:, d])[0] for d in range(vel_all.shape[1])]
/home/likun-share/junjxu/wm/phyworld/scripts/rollout_eval_id1k.py:296: ConstantInputWarning: An input array is constant; the correlation coefficient is not defined.
  rhos = [pearsonr(vel_all[m][:, d], pv[:, d])[0] for d in range(vel_all.shape[1])]
/home/likun-share/junjxu/wm/phyworld/scripts/rollout_eval_id1k.py:296: NearConstantInputWarning: An input array is nearly constant; the computed correlation coefficient may be inaccurate.
  rhos = [pearsonr(vel_all[m][:, d], pv[:, d])[0] for d in range(vel_all.shape[1])]
/home/likun-share/junjxu/wm/phyworld/scripts/rollout_eval_id1k.py:296: NearConstantInputWarning: An input array is nearly constant; the computed correlation coefficient may be inaccurate.
  rhos = [pearsonr(vel_all[m][:, d], pv[:, d])[0] for d in range(vel_all.shape[1])]

=== parabola AR ROLLOUT (LeWM ID-only FT, history_size=3) ===
--- latent fidelity (pred vs real emb), test trajs, by partition ---
  ID         n=  464  cos=+0.9530  nMSE=0.0905
  r/m-OOD    n=  319  cos=+0.9556  nMSE=0.2386
  v-OOD      n=  928  cos=+0.7465  nMSE=0.4429
  both-OOD   n= 1189  cos=+0.7735  nMSE=0.4556

--- latent fidelity vs horizon (test, aggregate) ---
  h=  1  n=  100  cos=+0.9637  nMSE=0.1883
  h=  2  n=  100  cos=+0.9482  nMSE=0.2169
  h=  4  n=  100  cos=+0.9341  nMSE=0.2732
  h=  8  n=  100  cos=+0.8824  nMSE=0.4168
  h= 16  n=  100  cos=+0.7933  nMSE=0.4006
  h= 28  n=  100  cos=+0.7380  nMSE=1.4638

--- decoded pos/vel ρ from ROLLED-OUT latents (test), by partition ---
  [baseline] probe applied to REAL embs:
  REAL ID                   pos0ρ=+0.898  pos1ρ=+0.944  vel0ρ=+0.618  vel1ρ=+0.948
  REAL r/m-OOD              pos0ρ=+0.878  pos1ρ=+0.960  vel0ρ=+0.592  vel1ρ=+0.958
  REAL v-OOD                pos0ρ=+0.912  pos1ρ=+0.879  vel0ρ=+0.802  vel1ρ=+0.920
  REAL both-OOD             pos0ρ=+0.893  pos1ρ=+0.902  vel0ρ=+0.799  vel1ρ=+0.933
  [rollout] probe applied to PREDICTED embs:
  PRED ID                   pos0ρ=+0.933  pos1ρ=+0.977  vel0ρ=+0.680  vel1ρ=+0.980
  PRED r/m-OOD              pos0ρ=+0.904  pos1ρ=+0.963  vel0ρ=+0.763  vel1ρ=+0.973
  PRED v-OOD                pos0ρ=+0.566  pos1ρ=+0.917  vel0ρ=+0.627  vel1ρ=+0.954
  PRED both-OOD             pos0ρ=+0.717  pos1ρ=+0.913  vel0ρ=+0.757  vel1ρ=+0.937

--- decoded vel ρ from PRED latents vs horizon (test, aggregate) ---
  h=  1  n=  100  vel0ρ=+0.770  vel1ρ=-0.236
  h=  2  n=  100  vel0ρ=+0.900  vel1ρ=-0.219
  h=  4  n=  100  vel0ρ=+0.910  vel1ρ=+0.006
  h=  8  n=  100  vel0ρ=+0.927  vel1ρ=+nan
  h= 16  n=  100  vel0ρ=+0.848  vel1ρ=+0.009
  h= 28  n=  100  vel0ρ=+0.052  vel1ρ=+0.065

--- [K=4] decoded pos/vel ρ from ROLLED-OUT latents (test), by partition ---
  [K=4] probe applied to PREDICTED embs (stack 4 consecutive predicted latents):
  PRED-K4 ID          pos0ρ=+0.958  pos1ρ=+0.991  vel0ρ=+0.848  vel1ρ=+0.989
  PRED-K4 r/m-OOD     pos0ρ=+0.928  pos1ρ=+0.971  vel0ρ=+0.889  vel1ρ=+0.983
  PRED-K4 v-OOD       pos0ρ=+0.585  pos1ρ=+0.886  vel0ρ=+0.667  vel1ρ=+0.924
  PRED-K4 both-OOD    pos0ρ=+0.767  pos1ρ=+0.898  vel0ρ=+0.797  vel1ρ=+0.924

--- [K=4] decoded vel ρ from PRED latents vs horizon (test, aggregate) ---
  h=  4  n=  100  vel0ρ=+0.961  vel1ρ=+0.002
  h=  8  n=  100  vel0ρ=+0.944  vel1ρ=+nan
  h= 16  n=  100  vel0ρ=+0.836  vel1ρ=+0.066
  h= 28  n=  100  vel0ρ=+0.450  vel1ρ=+0.035

Total 140s
