=== fill-cells queue START Sun Jul 12 13:47:43 CST 2026, 9 jobs ===
[13:47] START parabola_probeF2_fr on GPU0
[13:48] START collision_probeF2_fr on GPU3
[14:20] train done parabola_probeF2_fr ec=0
[14:21] START parabola_probeF2_structpos_pw30_fr on GPU0
[14:21] ALL DONE parabola_probeF2_fr ec=0
[14:32] train done collision_probeF2_fr ec=0
[14:33] ALL DONE collision_probeF2_fr ec=0
[14:53] train done parabola_probeF2_structpos_pw30_fr ec=0
[14:54] START collision_probeF2_structpos_pw30_fr on GPU0
[14:54] ALL DONE parabola_probeF2_structpos_pw30_fr ec=0
[14:54] START parabola_structposvel_pw30_fr on GPU3
[15:26] train done collision_probeF2_structpos_pw30_fr ec=0
[15:27] train done parabola_structposvel_pw30_fr ec=0
[15:27] START collision_structposvel_pw30_fr on GPU0
[15:27] ALL DONE collision_probeF2_structpos_pw30_fr ec=0
[15:28] START parabola_structpos_fr_id1k on GPU3
[15:28] ALL DONE parabola_structposvel_pw30_fr ec=0
[15:59] train done collision_structposvel_pw30_fr ec=0
[16:00] train done parabola_structpos_fr_id1k ec=0
[16:00] ALL DONE collision_structposvel_pw30_fr ec=0
[16:01] ALL DONE parabola_structpos_fr_id1k ec=0
[16:01] START collision_structpos_fr_id1k on GPU0
[16:01] START collision_grounded_const_id1k on GPU3
[16:33] train done collision_structpos_fr_id1k ec=0
[16:34] ALL DONE collision_structpos_fr_id1k ec=0
[16:34] train done collision_grounded_const_id1k ec=0
[16:35] ALL DONE collision_grounded_const_id1k ec=0
=== fill-cells queue ALL FINISHED Sun Jul 12 16:35:23 CST 2026 ===
