=== P0 queue START Sat Jul 11 17:27:42 CST 2026, 20 jobs ===
[17:27] START uniform_baseline_fr_s1234 on GPU4 (init=pusht ep=20 extra='seed=1234')
[17:28] START collision_baseline_fr_s1234 on GPU5 (init=pusht ep=20 extra='seed=1234')
[18:02] train done uniform_baseline_fr_s1234 ec=0
[18:03] train done collision_baseline_fr_s1234 ec=0
[18:03] START parabola_baseline_fr_s1234 on GPU4 (init=pusht ep=20 extra='seed=1234')
[18:03] ALL DONE uniform_baseline_fr_s1234 ec=0
[18:04] START uniform_baseline_fr_s42 on GPU5 (init=pusht ep=20 extra='seed=42')
[18:04] ALL DONE collision_baseline_fr_s1234 ec=0
[18:38] train done parabola_baseline_fr_s1234 ec=0
[18:39] START collision_baseline_fr_s42 on GPU4 (init=pusht ep=20 extra='seed=42')
[18:39] train done uniform_baseline_fr_s42 ec=0
[18:39] ALL DONE parabola_baseline_fr_s1234 ec=0
[18:39] START parabola_baseline_fr_s42 on GPU5 (init=pusht ep=20 extra='seed=42')
[18:40] ALL DONE uniform_baseline_fr_s42 ec=0
[19:14] train done collision_baseline_fr_s42 ec=0
[19:14] START uniform_baseline_tf_s1234 on GPU4 (init=pusht ep=20 extra='wm.free_rollout=false wm.num_preds=1 loader.batch_size=128 seed=1234')
[19:15] train done parabola_baseline_fr_s42 ec=0
[19:15] START collision_baseline_tf_s1234 on GPU5 (init=pusht ep=20 extra='wm.free_rollout=false wm.num_preds=1 loader.batch_size=128 seed=1234')
[19:15] ALL DONE collision_baseline_fr_s42 ec=0
[19:16] ALL DONE parabola_baseline_fr_s42 ec=0
[19:40] train done uniform_baseline_tf_s1234 ec=0
[19:42] train done collision_baseline_tf_s1234 ec=0
[19:42] ALL DONE uniform_baseline_tf_s1234 ec=0
[19:42] START parabola_baseline_tf_s1234 on GPU4 (init=pusht ep=20 extra='wm.free_rollout=false wm.num_preds=1 loader.batch_size=128 seed=1234')
[19:43] ALL DONE collision_baseline_tf_s1234 ec=0
[19:43] START uniform_baseline_tf_s42 on GPU5 (init=pusht ep=20 extra='wm.free_rollout=false wm.num_preds=1 loader.batch_size=128 seed=42')
[20:08] train done parabola_baseline_tf_s1234 ec=0
[20:09] train done uniform_baseline_tf_s42 ec=0
[20:09] ALL DONE parabola_baseline_tf_s1234 ec=0
[20:10] START collision_baseline_tf_s42 on GPU4 (init=pusht ep=20 extra='wm.free_rollout=false wm.num_preds=1 loader.batch_size=128 seed=42')
[20:10] ALL DONE uniform_baseline_tf_s42 ec=0
[20:10] START parabola_baseline_tf_s42 on GPU5 (init=pusht ep=20 extra='wm.free_rollout=false wm.num_preds=1 loader.batch_size=128 seed=42')
[20:36] train done parabola_baseline_tf_s42 ec=0
[20:36] train done collision_baseline_tf_s42 ec=0
[20:37] ALL DONE parabola_baseline_tf_s42 ec=0
[20:37] ALL DONE collision_baseline_tf_s42 ec=0
[20:37] START uniform_structpos_fr_pw30_s1234 on GPU4 (init=pusht ep=20 extra='loss.structured.weight=1.0 loss.structured.target=proprio loss.pos_weight=30 seed=1234')
[20:38] START uniform_structpos_fr_pw30_s42 on GPU5 (init=pusht ep=20 extra='loss.structured.weight=1.0 loss.structured.target=proprio loss.pos_weight=30 seed=42')
SKIP pp2_par_scratch_off (already done)
SKIP pp2_par_scratch_on (already done)
[20:55] START pp2_um_scratch_off on GPU0 (init=scratch ep=60 extra='optimizer.lr=2e-5')
[20:56] START pp2_um_scratch_on on GPU2 (init=scratch ep=60 extra='optimizer.lr=2e-5 loss.structured.weight=1.0 loss.structured.target=proprio dynamics.enabled=true dynamics.accel_form=const')
[20:56] START pp2_col_scratch_off on GPU3 (init=scratch ep=60 extra='optimizer.lr=2e-5')
[20:59] START pp2_col_scratch_on on GPU1 (init=scratch ep=60 extra='optimizer.lr=2e-5 loss.structured.weight=1.0 loss.structured.target=proprio dynamics.enabled=true dynamics.accel_form=const')
[21:13] train done uniform_structpos_fr_pw30_s1234 ec=0
[21:14] train done uniform_structpos_fr_pw30_s42 ec=0
[21:15] ALL DONE uniform_structpos_fr_pw30_s1234 ec=0
[21:15] ALL DONE uniform_structpos_fr_pw30_s42 ec=0
[22:37] train done pp2_col_scratch_off ec=0
[22:38] train done pp2_um_scratch_on ec=0
[22:38] ALL DONE pp2_col_scratch_off ec=0
[22:39] ALL DONE pp2_um_scratch_on ec=0
[22:39] train done pp2_um_scratch_off ec=0
[22:40] ALL DONE pp2_um_scratch_off ec=0
[22:42] train done pp2_col_scratch_on ec=0
[22:43] ALL DONE pp2_col_scratch_on ec=0
=== P0 queue ALL FINISHED Sat Jul 11 22:43:41 CST 2026 ===
