[norm] action mean=[ 0.24667731 -0.40296947], std=[0.08836433 0.229554  ]  (from phyworld_parabola_id1k.h5)
[ckpt] /data1/likun-share/junjxu/.stable_worldmodel/parabola_baseline_tf_s1234/parabola_baseline_tf_s1234_epoch_20_object.ckpt  tag=parabola_baseline_tf_s1234
  rolled out 100 trajs, t=17s
  rolled out 200 trajs, t=31s
  rolled out 300 trajs, t=44s
  rolled out 400 trajs, t=57s
  rolled out 500 trajs, t=71s

[data] 500 trajs, 14500 (frame,pred) pairs, emb dim=192
/home/likun-share/junjxu/wm/phyworld/scripts/rollout_eval_id1k.py:242: ConstantInputWarning: An input array is constant; the correlation coefficient is not defined.
  rhos = [pearsonr(vel_all[m][:, d], pv[:, d])[0] for d in range(vel_all.shape[1])]
/home/likun-share/junjxu/wm/phyworld/scripts/rollout_eval_id1k.py:242: NearConstantInputWarning: An input array is nearly constant; the computed correlation coefficient may be inaccurate.
  rhos = [pearsonr(vel_all[m][:, d], pv[:, d])[0] for d in range(vel_all.shape[1])]
/home/likun-share/junjxu/wm/phyworld/scripts/rollout_eval_id1k.py:242: NearConstantInputWarning: An input array is nearly constant; the computed correlation coefficient may be inaccurate.
  rhos = [pearsonr(vel_all[m][:, d], pv[:, d])[0] for d in range(vel_all.shape[1])]
/home/likun-share/junjxu/wm/phyworld/scripts/rollout_eval_id1k.py:296: ConstantInputWarning: An input array is constant; the correlation coefficient is not defined.
  rhos = [pearsonr(vel_all[m][:, d], pv[:, d])[0] for d in range(vel_all.shape[1])]
/home/likun-share/junjxu/wm/phyworld/scripts/rollout_eval_id1k.py:296: NearConstantInputWarning: An input array is nearly constant; the computed correlation coefficient may be inaccurate.
  rhos = [pearsonr(vel_all[m][:, d], pv[:, d])[0] for d in range(vel_all.shape[1])]
/home/likun-share/junjxu/wm/phyworld/scripts/rollout_eval_id1k.py:296: NearConstantInputWarning: An input array is nearly constant; the computed correlation coefficient may be inaccurate.
  rhos = [pearsonr(vel_all[m][:, d], pv[:, d])[0] for d in range(vel_all.shape[1])]

=== parabola AR ROLLOUT (LeWM ID-only FT, history_size=3) ===
--- latent fidelity (pred vs real emb), test trajs, by partition ---
  ID         n=  464  cos=+0.9504  nMSE=0.0458
  r/m-OOD    n=  319  cos=+0.8032  nMSE=0.4116
  v-OOD      n=  928  cos=+0.5736  nMSE=0.3906
  both-OOD   n= 1189  cos=+0.5069  nMSE=0.7430

--- latent fidelity vs horizon (test, aggregate) ---
  h=  1  n=  100  cos=+0.9778  nMSE=0.0346
  h=  2  n=  100  cos=+0.9427  nMSE=0.0923
  h=  4  n=  100  cos=+0.8828  nMSE=0.2177
  h=  8  n=  100  cos=+0.8393  nMSE=0.3267
  h= 16  n=  100  cos=+0.5154  nMSE=0.7517
  h= 28  n=  100  cos=+0.5677  nMSE=486592.8750

--- decoded pos/vel ρ from ROLLED-OUT latents (test), by partition ---
  [baseline] probe applied to REAL embs:
  REAL ID                   pos0ρ=+0.676  pos1ρ=+0.702  vel0ρ=+0.365  vel1ρ=+0.772
  REAL r/m-OOD              pos0ρ=+0.877  pos1ρ=+0.907  vel0ρ=+0.465  vel1ρ=+0.934
  REAL v-OOD                pos0ρ=+0.799  pos1ρ=+0.845  vel0ρ=+0.545  vel1ρ=+0.899
  REAL both-OOD             pos0ρ=+0.822  pos1ρ=+0.893  vel0ρ=+0.651  vel1ρ=+0.938
  [rollout] probe applied to PREDICTED embs:
  PRED ID                   pos0ρ=+0.694  pos1ρ=+0.722  vel0ρ=+0.340  vel1ρ=+0.790
  PRED r/m-OOD              pos0ρ=+0.805  pos1ρ=+0.829  vel0ρ=+0.346  vel1ρ=+0.889
  PRED v-OOD                pos0ρ=+0.636  pos1ρ=+0.741  vel0ρ=+0.561  vel1ρ=+0.798
  PRED both-OOD             pos0ρ=+0.689  pos1ρ=+0.779  vel0ρ=+0.581  vel1ρ=+0.831

--- decoded vel ρ from PRED latents vs horizon (test, aggregate) ---
  h=  1  n=  100  vel0ρ=+0.184  vel1ρ=+0.300
  h=  2  n=  100  vel0ρ=+0.201  vel1ρ=-0.238
  h=  4  n=  100  vel0ρ=+0.278  vel1ρ=-0.200
  h=  8  n=  100  vel0ρ=+0.294  vel1ρ=+nan
  h= 16  n=  100  vel0ρ=+0.840  vel1ρ=-0.012
  h= 28  n=  100  vel0ρ=+0.528  vel1ρ=+0.034

--- [K=4] decoded pos/vel ρ from ROLLED-OUT latents (test), by partition ---
  [K=4] probe applied to PREDICTED embs (stack 4 consecutive predicted latents):
  PRED-K4 ID          pos0ρ=+0.788  pos1ρ=+0.883  vel0ρ=+0.492  vel1ρ=+0.912
  PRED-K4 r/m-OOD     pos0ρ=+0.832  pos1ρ=+0.897  vel0ρ=+0.561  vel1ρ=+0.917
  PRED-K4 v-OOD       pos0ρ=+0.657  pos1ρ=+0.802  vel0ρ=+0.592  vel1ρ=+0.843
  PRED-K4 both-OOD    pos0ρ=+0.695  pos1ρ=+0.820  vel0ρ=+0.725  vel1ρ=+0.846

--- [K=4] decoded vel ρ from PRED latents vs horizon (test, aggregate) ---
  h=  4  n=  100  vel0ρ=+0.505  vel1ρ=-0.390
  h=  8  n=  100  vel0ρ=+0.695  vel1ρ=+nan
  h= 16  n=  100  vel0ρ=+0.775  vel1ρ=-0.044
  h= 28  n=  100  vel0ρ=+0.135  vel1ρ=-0.005

Total 72s
