[norm] action mean=[ 0.24667731 -0.40296947], std=[0.08836433 0.229554  ]  (from phyworld_parabola_id1k.h5)
[ckpt] /data1/likun-share/junjxu/.stable_worldmodel/parabola_baseline_fr_s1234/parabola_baseline_fr_s1234_epoch_20_object.ckpt  tag=parabola_baseline_fr_s1234
  rolled out 100 trajs, t=18s
  rolled out 200 trajs, t=33s
  rolled out 300 trajs, t=47s
  rolled out 400 trajs, t=61s
  rolled out 500 trajs, t=76s

[data] 500 trajs, 14500 (frame,pred) pairs, emb dim=192
/home/likun-share/junjxu/wm/phyworld/scripts/rollout_eval_id1k.py:242: ConstantInputWarning: An input array is constant; the correlation coefficient is not defined.
  rhos = [pearsonr(vel_all[m][:, d], pv[:, d])[0] for d in range(vel_all.shape[1])]
/home/likun-share/junjxu/wm/phyworld/scripts/rollout_eval_id1k.py:242: NearConstantInputWarning: An input array is nearly constant; the computed correlation coefficient may be inaccurate.
  rhos = [pearsonr(vel_all[m][:, d], pv[:, d])[0] for d in range(vel_all.shape[1])]
/home/likun-share/junjxu/wm/phyworld/scripts/rollout_eval_id1k.py:242: NearConstantInputWarning: An input array is nearly constant; the computed correlation coefficient may be inaccurate.
  rhos = [pearsonr(vel_all[m][:, d], pv[:, d])[0] for d in range(vel_all.shape[1])]
/home/likun-share/junjxu/wm/phyworld/scripts/rollout_eval_id1k.py:296: ConstantInputWarning: An input array is constant; the correlation coefficient is not defined.
  rhos = [pearsonr(vel_all[m][:, d], pv[:, d])[0] for d in range(vel_all.shape[1])]
/home/likun-share/junjxu/wm/phyworld/scripts/rollout_eval_id1k.py:296: NearConstantInputWarning: An input array is nearly constant; the computed correlation coefficient may be inaccurate.
  rhos = [pearsonr(vel_all[m][:, d], pv[:, d])[0] for d in range(vel_all.shape[1])]
/home/likun-share/junjxu/wm/phyworld/scripts/rollout_eval_id1k.py:296: NearConstantInputWarning: An input array is nearly constant; the computed correlation coefficient may be inaccurate.
  rhos = [pearsonr(vel_all[m][:, d], pv[:, d])[0] for d in range(vel_all.shape[1])]

=== parabola AR ROLLOUT (LeWM ID-only FT, history_size=3) ===
--- latent fidelity (pred vs real emb), test trajs, by partition ---
  ID         n=  464  cos=+0.9807  nMSE=0.0185
  r/m-OOD    n=  319  cos=+0.9495  nMSE=0.1254
  v-OOD      n=  928  cos=+0.8662  nMSE=0.1588
  both-OOD   n= 1189  cos=+0.8408  nMSE=0.2915

--- latent fidelity vs horizon (test, aggregate) ---
  h=  1  n=  100  cos=+0.9786  nMSE=0.0384
  h=  2  n=  100  cos=+0.9615  nMSE=0.0690
  h=  4  n=  100  cos=+0.9445  nMSE=0.1042
  h=  8  n=  100  cos=+0.9369  nMSE=0.1524
  h= 16  n=  100  cos=+0.7891  nMSE=0.2253
  h= 28  n=  100  cos=+0.9301  nMSE=109424.8125

--- decoded pos/vel ρ from ROLLED-OUT latents (test), by partition ---
  [baseline] probe applied to REAL embs:
  REAL ID                   pos0ρ=+0.700  pos1ρ=+0.777  vel0ρ=+0.316  vel1ρ=+0.754
  REAL r/m-OOD              pos0ρ=+0.890  pos1ρ=+0.950  vel0ρ=+0.456  vel1ρ=+0.953
  REAL v-OOD                pos0ρ=+0.830  pos1ρ=+0.824  vel0ρ=+0.583  vel1ρ=+0.850
  REAL both-OOD             pos0ρ=+0.831  pos1ρ=+0.893  vel0ρ=+0.636  vel1ρ=+0.933
  [rollout] probe applied to PREDICTED embs:
  PRED ID                   pos0ρ=+0.581  pos1ρ=+0.632  vel0ρ=+0.326  vel1ρ=+0.572
  PRED r/m-OOD              pos0ρ=+0.650  pos1ρ=+0.604  vel0ρ=+0.404  vel1ρ=+0.517
  PRED v-OOD                pos0ρ=+0.634  pos1ρ=+0.770  vel0ρ=+0.462  vel1ρ=+0.682
  PRED both-OOD             pos0ρ=+0.596  pos1ρ=+0.691  vel0ρ=+0.566  vel1ρ=+0.565

--- decoded vel ρ from PRED latents vs horizon (test, aggregate) ---
  h=  1  n=  100  vel0ρ=+0.118  vel1ρ=-0.258
  h=  2  n=  100  vel0ρ=+0.273  vel1ρ=+0.442
  h=  4  n=  100  vel0ρ=+0.264  vel1ρ=+0.348
  h=  8  n=  100  vel0ρ=+0.607  vel1ρ=+nan
  h= 16  n=  100  vel0ρ=+0.751  vel1ρ=-0.150
  h= 28  n=  100  vel0ρ=-0.754  vel1ρ=+0.026

--- [K=4] decoded pos/vel ρ from ROLLED-OUT latents (test), by partition ---
  [K=4] probe applied to PREDICTED embs (stack 4 consecutive predicted latents):
  PRED-K4 ID          pos0ρ=+0.863  pos1ρ=+0.907  vel0ρ=+0.559  vel1ρ=+0.899
  PRED-K4 r/m-OOD     pos0ρ=+0.890  pos1ρ=+0.870  vel0ρ=+0.613  vel1ρ=+0.862
  PRED-K4 v-OOD       pos0ρ=+0.811  pos1ρ=+0.896  vel0ρ=+0.661  vel1ρ=+0.877
  PRED-K4 both-OOD    pos0ρ=+0.781  pos1ρ=+0.810  vel0ρ=+0.766  vel1ρ=+0.790

--- [K=4] decoded vel ρ from PRED latents vs horizon (test, aggregate) ---
  h=  4  n=  100  vel0ρ=+0.653  vel1ρ=-0.085
  h=  8  n=  100  vel0ρ=+0.814  vel1ρ=+nan
  h= 16  n=  100  vel0ρ=+0.827  vel1ρ=-0.181
  h= 28  n=  100  vel0ρ=+0.575  vel1ρ=-0.115

Total 77s
