[norm] action mean=[-0.01484401  0.          0.01575156  0.        ], std=[7.72976437e-02 1.00000000e-08 8.20558954e-02 1.00000000e-08]  (from phyworld_collision_id1k.h5)
[ckpt] /data1/likun-share/junjxu/.stable_worldmodel/collision_baseline_fr_s1234/collision_baseline_fr_s1234_epoch_20_object.ckpt  tag=collision_baseline_fr_s1234
  rolled out 100 trajs, t=17s
  rolled out 200 trajs, t=30s
  rolled out 300 trajs, t=43s
  rolled out 400 trajs, t=57s
  rolled out 500 trajs, t=72s

[data] 500 trajs, 14500 (frame,pred) pairs, emb dim=192

=== collision AR ROLLOUT (LeWM ID-only FT, history_size=3) ===
--- latent fidelity (pred vs real emb), test trajs, by partition ---
  ID         n=  203  cos=+0.7825  nMSE=0.4217
  r/m-OOD    n=  754  cos=+0.8600  nMSE=0.2619
  v-OOD      n=  290  cos=+0.6929  nMSE=0.5743
  both-OOD   n= 1653  cos=+0.7322  nMSE=0.4947

--- latent fidelity vs horizon (test, aggregate) ---
  h=  1  n=  100  cos=+0.9970  nMSE=0.0071
  h=  2  n=  100  cos=+0.9932  nMSE=0.0158
  h=  4  n=  100  cos=+0.9823  nMSE=0.0402
  h=  8  n=  100  cos=+0.9484  nMSE=0.1154
  h= 16  n=  100  cos=+0.7565  nMSE=0.4948
  h= 28  n=  100  cos=+0.4759  nMSE=0.9568

--- decoded pos/vel ρ from ROLLED-OUT latents (test), by partition ---
  [baseline] probe applied to REAL embs:
  REAL ID                   pos0ρ=+0.748  pos1ρ=+0.598  vel0ρ=+0.581  vel1ρ=+0.473
  REAL r/m-OOD              pos0ρ=+0.806  pos1ρ=+0.726  vel0ρ=+0.752  vel1ρ=+0.664
  REAL v-OOD                pos0ρ=+0.811  pos1ρ=+0.482  vel0ρ=+0.600  vel1ρ=+0.471
  REAL both-OOD             pos0ρ=+0.889  pos1ρ=+0.796  vel0ρ=+0.881  vel1ρ=+0.708
  [rollout] probe applied to PREDICTED embs:
  PRED ID                   pos0ρ=+0.281  pos1ρ=+0.112  vel0ρ=+0.370  vel1ρ=+0.255
  PRED r/m-OOD              pos0ρ=+0.371  pos1ρ=+0.422  vel0ρ=+0.420  vel1ρ=+0.545
  PRED v-OOD                pos0ρ=+0.808  pos1ρ=+0.231  vel0ρ=+0.633  vel1ρ=+0.264
  PRED both-OOD             pos0ρ=+0.326  pos1ρ=+0.449  vel0ρ=+0.293  vel1ρ=+0.540

--- decoded vel ρ from PRED latents vs horizon (test, aggregate) ---
  h=  1  n=  100  vel0ρ=+0.099  vel1ρ=-0.136
  h=  2  n=  100  vel0ρ=+0.066  vel1ρ=-0.165
  h=  4  n=  100  vel0ρ=+0.028  vel1ρ=-0.154
  h=  8  n=  100  vel0ρ=+0.204  vel1ρ=+0.465
  h= 16  n=  100  vel0ρ=+0.316  vel1ρ=+0.633
  h= 28  n=  100  vel0ρ=+0.358  vel1ρ=+0.716

--- [K=4] decoded pos/vel ρ from ROLLED-OUT latents (test), by partition ---
  [K=4] probe applied to PREDICTED embs (stack 4 consecutive predicted latents):
  PRED-K4 ID          pos0ρ=+0.267  pos1ρ=+0.121  vel0ρ=+0.377  vel1ρ=+0.299
  PRED-K4 r/m-OOD     pos0ρ=+0.572  pos1ρ=+0.370  vel0ρ=+0.473  vel1ρ=+0.444
  PRED-K4 v-OOD       pos0ρ=+0.789  pos1ρ=+0.187  vel0ρ=+0.446  vel1ρ=+0.256
  PRED-K4 both-OOD    pos0ρ=+0.491  pos1ρ=+0.333  vel0ρ=+0.325  vel1ρ=+0.409

--- [K=4] decoded vel ρ from PRED latents vs horizon (test, aggregate) ---
  h=  4  n=  100  vel0ρ=+0.022  vel1ρ=-0.212
  h=  8  n=  100  vel0ρ=+0.033  vel1ρ=+0.226
  h= 16  n=  100  vel0ρ=+0.372  vel1ρ=+0.461
  h= 28  n=  100  vel0ρ=+0.458  vel1ρ=+0.582

Total 72s
