[norm] action mean=[-0.01484401  0.          0.01575156  0.        ], std=[7.72976437e-02 1.00000000e-08 8.20558954e-02 1.00000000e-08]  (from phyworld_collision_id1k.h5)
[ckpt] /data1/likun-share/junjxu/.stable_worldmodel/pp2_col_scratch_off/pp2_col_scratch_off_epoch_60_object.ckpt  tag=pp2_col_scratch_off
  rolled out 100 trajs, t=16s
  rolled out 200 trajs, t=28s
  rolled out 300 trajs, t=40s
  rolled out 400 trajs, t=52s
  rolled out 500 trajs, t=65s

[data] 500 trajs, 14500 (frame,pred) pairs, emb dim=192
/home/likun-share/junjxu/wm/le-wm/.venv/lib/python3.10/site-packages/sklearn/linear_model/_ridge.py:213: LinAlgWarning: Ill-conditioned matrix (rcond=5.62612e-08): result may not be accurate.
  return linalg.solve(A, Xy, assume_a="pos", overwrite_a=True).T
/home/likun-share/junjxu/wm/le-wm/.venv/lib/python3.10/site-packages/sklearn/linear_model/_ridge.py:213: LinAlgWarning: Ill-conditioned matrix (rcond=5.62612e-08): result may not be accurate.
  return linalg.solve(A, Xy, assume_a="pos", overwrite_a=True).T

=== collision AR ROLLOUT (LeWM ID-only FT, history_size=3) ===
--- latent fidelity (pred vs real emb), test trajs, by partition ---
  ID         n=  203  cos=+0.7432  nMSE=0.3980
  r/m-OOD    n=  754  cos=+0.9033  nMSE=0.1921
  v-OOD      n=  290  cos=+0.5739  nMSE=0.7108
  both-OOD   n= 1653  cos=+0.7451  nMSE=0.5378

--- latent fidelity vs horizon (test, aggregate) ---
  h=  1  n=  100  cos=+0.9930  nMSE=0.0170
  h=  2  n=  100  cos=+0.9912  nMSE=0.0248
  h=  4  n=  100  cos=+0.9842  nMSE=0.0467
  h=  8  n=  100  cos=+0.9650  nMSE=0.0973
  h= 16  n=  100  cos=+0.7154  nMSE=0.5957
  h= 28  n=  100  cos=+0.4996  nMSE=1.0110

--- decoded pos/vel ρ from ROLLED-OUT latents (test), by partition ---
  [baseline] probe applied to REAL embs:
  REAL ID                   pos0ρ=+0.755  pos1ρ=+0.745  vel0ρ=+0.637  vel1ρ=+0.528
  REAL r/m-OOD              pos0ρ=+0.707  pos1ρ=+0.695  vel0ρ=+0.731  vel1ρ=+0.705
  REAL v-OOD                pos0ρ=+0.657  pos1ρ=+0.794  vel0ρ=+0.631  vel1ρ=+0.524
  REAL both-OOD             pos0ρ=+0.785  pos1ρ=+0.756  vel0ρ=+0.829  vel1ρ=+0.729
  [rollout] probe applied to PREDICTED embs:
  PRED ID                   pos0ρ=+0.582  pos1ρ=+0.118  vel0ρ=+0.523  vel1ρ=+0.184
  PRED r/m-OOD              pos0ρ=+0.529  pos1ρ=+0.503  vel0ρ=+0.459  vel1ρ=+0.558
  PRED v-OOD                pos0ρ=+0.339  pos1ρ=+0.162  vel0ρ=+0.167  vel1ρ=+0.186
  PRED both-OOD             pos0ρ=+0.417  pos1ρ=+0.526  vel0ρ=+0.472  vel1ρ=+0.745

--- decoded vel ρ from PRED latents vs horizon (test, aggregate) ---
  h=  1  n=  100  vel0ρ=-0.067  vel1ρ=+0.025
  h=  2  n=  100  vel0ρ=+0.199  vel1ρ=+0.140
  h=  4  n=  100  vel0ρ=+0.146  vel1ρ=+0.070
  h=  8  n=  100  vel0ρ=+0.415  vel1ρ=+0.608
  h= 16  n=  100  vel0ρ=+0.600  vel1ρ=+0.776
  h= 28  n=  100  vel0ρ=+0.083  vel1ρ=+0.355

--- [K=4] decoded pos/vel ρ from ROLLED-OUT latents (test), by partition ---
  [K=4] probe applied to PREDICTED embs (stack 4 consecutive predicted latents):
  PRED-K4 ID          pos0ρ=+0.582  pos1ρ=+0.216  vel0ρ=+0.595  vel1ρ=+0.141
  PRED-K4 r/m-OOD     pos0ρ=+0.579  pos1ρ=+0.608  vel0ρ=+0.649  vel1ρ=+0.514
  PRED-K4 v-OOD       pos0ρ=+0.188  pos1ρ=+0.084  vel0ρ=+0.183  vel1ρ=+0.138
  PRED-K4 both-OOD    pos0ρ=+0.535  pos1ρ=+0.725  vel0ρ=+0.696  vel1ρ=+0.764

--- [K=4] decoded vel ρ from PRED latents vs horizon (test, aggregate) ---
  h=  4  n=  100  vel0ρ=+0.110  vel1ρ=+0.095
  h=  8  n=  100  vel0ρ=+0.582  vel1ρ=+0.409
  h= 16  n=  100  vel0ρ=+0.657  vel1ρ=+0.757
  h= 28  n=  100  vel0ρ=+0.729  vel1ρ=+0.549

Total 65s
