[norm] action mean=[-0.01484401  0.          0.01575156  0.        ], std=[7.72976437e-02 1.00000000e-08 8.20558954e-02 1.00000000e-08]  (from phyworld_collision_id1k.h5)
[ckpt] /data1/likun-share/junjxu/.stable_worldmodel/pp2_col_scratch_on/pp2_col_scratch_on_epoch_60_object.ckpt  tag=pp2_col_scratch_on
  rolled out 100 trajs, t=15s
  rolled out 200 trajs, t=27s
  rolled out 300 trajs, t=39s
  rolled out 400 trajs, t=51s
  rolled out 500 trajs, t=63s

[data] 500 trajs, 14500 (frame,pred) pairs, emb dim=192

=== collision AR ROLLOUT (LeWM ID-only FT, history_size=3) ===
--- latent fidelity (pred vs real emb), test trajs, by partition ---
  ID         n=  203  cos=+0.8009  nMSE=0.3787
  r/m-OOD    n=  754  cos=+0.7905  nMSE=0.4673
  v-OOD      n=  290  cos=+0.6844  nMSE=0.7626
  both-OOD   n= 1653  cos=+0.7195  nMSE=0.6351

--- latent fidelity vs horizon (test, aggregate) ---
  h=  1  n=  100  cos=+0.9932  nMSE=0.0259
  h=  2  n=  100  cos=+0.9904  nMSE=0.0351
  h=  4  n=  100  cos=+0.9809  nMSE=0.0654
  h=  8  n=  100  cos=+0.9686  nMSE=0.0954
  h= 16  n=  100  cos=+0.7947  nMSE=0.4881
  h= 28  n=  100  cos=+0.3132  nMSE=1.6519

--- decoded pos/vel ρ from ROLLED-OUT latents (test), by partition ---
  [baseline] probe applied to REAL embs:
  REAL ID                   pos0ρ=+0.959  pos1ρ=+0.932  vel0ρ=+0.732  vel1ρ=+0.749
  REAL r/m-OOD              pos0ρ=+0.832  pos1ρ=+0.801  vel0ρ=+0.776  vel1ρ=+0.748
  REAL v-OOD                pos0ρ=+0.960  pos1ρ=+0.943  vel0ρ=+0.767  vel1ρ=+0.713
  REAL both-OOD             pos0ρ=+0.905  pos1ρ=+0.860  vel0ρ=+0.899  vel1ρ=+0.785
  [rollout] probe applied to PREDICTED embs:
  PRED ID                   pos0ρ=-0.132  pos1ρ=+0.611  vel0ρ=-0.046  vel1ρ=+0.255
  PRED r/m-OOD              pos0ρ=-0.058  pos1ρ=+0.164  vel0ρ=+0.099  vel1ρ=+0.236
  PRED v-OOD                pos0ρ=+0.146  pos1ρ=+0.380  vel0ρ=+0.004  vel1ρ=-0.105
  PRED both-OOD             pos0ρ=-0.037  pos1ρ=+0.423  vel0ρ=+0.079  vel1ρ=+0.556

--- decoded vel ρ from PRED latents vs horizon (test, aggregate) ---
  h=  1  n=  100  vel0ρ=+0.118  vel1ρ=+0.053
  h=  2  n=  100  vel0ρ=+0.097  vel1ρ=+0.372
  h=  4  n=  100  vel0ρ=+0.150  vel1ρ=+0.375
  h=  8  n=  100  vel0ρ=+0.130  vel1ρ=+0.295
  h= 16  n=  100  vel0ρ=+0.136  vel1ρ=+0.506
  h= 28  n=  100  vel0ρ=-0.047  vel1ρ=+0.448

--- [K=4] decoded pos/vel ρ from ROLLED-OUT latents (test), by partition ---
  [K=4] probe applied to PREDICTED embs (stack 4 consecutive predicted latents):
  PRED-K4 ID          pos0ρ=-0.107  pos1ρ=+0.623  vel0ρ=+0.145  vel1ρ=+0.409
  PRED-K4 r/m-OOD     pos0ρ=-0.049  pos1ρ=+0.223  vel0ρ=+0.106  vel1ρ=+0.226
  PRED-K4 v-OOD       pos0ρ=+0.089  pos1ρ=+0.372  vel0ρ=+0.051  vel1ρ=+0.054
  PRED-K4 both-OOD    pos0ρ=-0.059  pos1ρ=+0.455  vel0ρ=+0.164  vel1ρ=+0.559

--- [K=4] decoded vel ρ from PRED latents vs horizon (test, aggregate) ---
  h=  4  n=  100  vel0ρ=+0.333  vel1ρ=+0.310
  h=  8  n=  100  vel0ρ=+0.210  vel1ρ=+0.191
  h= 16  n=  100  vel0ρ=+0.173  vel1ρ=+0.498
  h= 28  n=  100  vel0ρ=-0.064  vel1ρ=+0.416

Total 63s
