[norm] action mean=[-0.01484401  0.          0.01575156  0.        ], std=[7.72976437e-02 1.00000000e-08 8.20558954e-02 1.00000000e-08]  (from phyworld_collision_id1k.h5)
[ckpt] /data1/likun-share/junjxu/.stable_worldmodel/collision_baseline_tf_s1234/collision_baseline_tf_s1234_epoch_20_object.ckpt  tag=collision_baseline_tf_s1234
  rolled out 100 trajs, t=16s
  rolled out 200 trajs, t=29s
  rolled out 300 trajs, t=42s
  rolled out 400 trajs, t=56s
  rolled out 500 trajs, t=69s

[data] 500 trajs, 14500 (frame,pred) pairs, emb dim=192

=== collision AR ROLLOUT (LeWM ID-only FT, history_size=3) ===
--- latent fidelity (pred vs real emb), test trajs, by partition ---
  ID         n=  203  cos=+0.4791  nMSE=1.0843
  r/m-OOD    n=  754  cos=+0.5211  nMSE=1.0105
  v-OOD      n=  290  cos=+0.4045  nMSE=1.2454
  both-OOD   n= 1653  cos=+0.4811  nMSE=1.2067

--- latent fidelity vs horizon (test, aggregate) ---
  h=  1  n=  100  cos=+0.9911  nMSE=0.0194
  h=  2  n=  100  cos=+0.9702  nMSE=0.0655
  h=  4  n=  100  cos=+0.8814  nMSE=0.2583
  h=  8  n=  100  cos=+0.6448  nMSE=0.7721
  h= 16  n=  100  cos=+0.3606  nMSE=1.3919
  h= 28  n=  100  cos=+0.2367  nMSE=1.7262

--- decoded pos/vel ρ from ROLLED-OUT latents (test), by partition ---
  [baseline] probe applied to REAL embs:
  REAL ID                   pos0ρ=+0.739  pos1ρ=+0.728  vel0ρ=+0.508  vel1ρ=+0.590
  REAL r/m-OOD              pos0ρ=+0.684  pos1ρ=+0.698  vel0ρ=+0.724  vel1ρ=+0.678
  REAL v-OOD                pos0ρ=+0.467  pos1ρ=+0.576  vel0ρ=+0.375  vel1ρ=+0.524
  REAL both-OOD             pos0ρ=+0.809  pos1ρ=+0.768  vel0ρ=+0.849  vel1ρ=+0.700
  [rollout] probe applied to PREDICTED embs:
  PRED ID                   pos0ρ=+0.773  pos1ρ=+0.279  vel0ρ=+0.246  vel1ρ=+0.412
  PRED r/m-OOD              pos0ρ=+0.103  pos1ρ=+0.397  vel0ρ=+0.294  vel1ρ=+0.486
  PRED v-OOD                pos0ρ=+0.608  pos1ρ=+0.238  vel0ρ=+0.467  vel1ρ=+0.343
  PRED both-OOD             pos0ρ=-0.072  pos1ρ=+0.259  vel0ρ=+0.055  vel1ρ=+0.605

--- decoded vel ρ from PRED latents vs horizon (test, aggregate) ---
  h=  1  n=  100  vel0ρ=+0.037  vel1ρ=-0.010
  h=  2  n=  100  vel0ρ=+0.020  vel1ρ=-0.009
  h=  4  n=  100  vel0ρ=-0.021  vel1ρ=+0.007
  h=  8  n=  100  vel0ρ=+0.020  vel1ρ=+0.683
  h= 16  n=  100  vel0ρ=+0.052  vel1ρ=+0.703
  h= 28  n=  100  vel0ρ=-0.016  vel1ρ=+0.451

--- [K=4] decoded pos/vel ρ from ROLLED-OUT latents (test), by partition ---
  [K=4] probe applied to PREDICTED embs (stack 4 consecutive predicted latents):
  PRED-K4 ID          pos0ρ=+0.511  pos1ρ=+0.421  vel0ρ=+0.561  vel1ρ=+0.077
  PRED-K4 r/m-OOD     pos0ρ=+0.088  pos1ρ=+0.475  vel0ρ=+0.312  vel1ρ=+0.504
  PRED-K4 v-OOD       pos0ρ=+0.473  pos1ρ=+0.419  vel0ρ=+0.216  vel1ρ=+0.336
  PRED-K4 both-OOD    pos0ρ=-0.075  pos1ρ=+0.359  vel0ρ=+0.404  vel1ρ=+0.609

--- [K=4] decoded vel ρ from PRED latents vs horizon (test, aggregate) ---
  h=  4  n=  100  vel0ρ=+0.121  vel1ρ=+0.172
  h=  8  n=  100  vel0ρ=+0.270  vel1ρ=+0.628
  h= 16  n=  100  vel0ρ=+0.397  vel1ρ=+0.622
  h= 28  n=  100  vel0ρ=+0.199  vel1ρ=+0.480

Total 69s
