[norm] action mean=[0.24667731 0.        ], std=[8.83643282e-02 1.00000000e-08]  (from phyworld_uniform_motion_id1k.h5)
[ckpt] /data1/likun-share/junjxu/.stable_worldmodel/uniform_baseline_tf_s1234/uniform_baseline_tf_s1234_epoch_20_object.ckpt  tag=uniform_baseline_tf_s1234
  rolled out 100 trajs, t=17s
  rolled out 200 trajs, t=30s
  rolled out 300 trajs, t=43s
  rolled out 400 trajs, t=57s
  rolled out 500 trajs, t=70s

[data] 500 trajs, 14500 (frame,pred) pairs, emb dim=192
/home/likun-share/junjxu/wm/phyworld/scripts/rollout_eval_id1k.py:197: ConstantInputWarning: An input array is constant; the correlation coefficient is not defined.
  rho = pearsonr(vel_all[mask][:, d], pv[:, d])[0]
/home/likun-share/junjxu/wm/phyworld/scripts/rollout_eval_id1k.py:197: ConstantInputWarning: An input array is constant; the correlation coefficient is not defined.
  rho = pearsonr(vel_all[mask][:, d], pv[:, d])[0]
/home/likun-share/junjxu/wm/phyworld/scripts/rollout_eval_id1k.py:197: ConstantInputWarning: An input array is constant; the correlation coefficient is not defined.
  rho = pearsonr(vel_all[mask][:, d], pv[:, d])[0]
/home/likun-share/junjxu/wm/phyworld/scripts/rollout_eval_id1k.py:197: ConstantInputWarning: An input array is constant; the correlation coefficient is not defined.
  rho = pearsonr(vel_all[mask][:, d], pv[:, d])[0]
/home/likun-share/junjxu/wm/phyworld/scripts/rollout_eval_id1k.py:197: ConstantInputWarning: An input array is constant; the correlation coefficient is not defined.
  rho = pearsonr(vel_all[mask][:, d], pv[:, d])[0]
/home/likun-share/junjxu/wm/phyworld/scripts/rollout_eval_id1k.py:197: ConstantInputWarning: An input array is constant; the correlation coefficient is not defined.
  rho = pearsonr(vel_all[mask][:, d], pv[:, d])[0]
/home/likun-share/junjxu/wm/phyworld/scripts/rollout_eval_id1k.py:197: ConstantInputWarning: An input array is constant; the correlation coefficient is not defined.
  rho = pearsonr(vel_all[mask][:, d], pv[:, d])[0]
/home/likun-share/junjxu/wm/phyworld/scripts/rollout_eval_id1k.py:197: ConstantInputWarning: An input array is constant; the correlation coefficient is not defined.
  rho = pearsonr(vel_all[mask][:, d], pv[:, d])[0]
/home/likun-share/junjxu/wm/phyworld/scripts/rollout_eval_id1k.py:242: ConstantInputWarning: An input array is constant; the correlation coefficient is not defined.
  rhos = [pearsonr(vel_all[m][:, d], pv[:, d])[0] for d in range(vel_all.shape[1])]
/home/likun-share/junjxu/wm/phyworld/scripts/rollout_eval_id1k.py:242: ConstantInputWarning: An input array is constant; the correlation coefficient is not defined.
  rhos = [pearsonr(vel_all[m][:, d], pv[:, d])[0] for d in range(vel_all.shape[1])]
/home/likun-share/junjxu/wm/phyworld/scripts/rollout_eval_id1k.py:242: ConstantInputWarning: An input array is constant; the correlation coefficient is not defined.
  rhos = [pearsonr(vel_all[m][:, d], pv[:, d])[0] for d in range(vel_all.shape[1])]
/home/likun-share/junjxu/wm/phyworld/scripts/rollout_eval_id1k.py:242: ConstantInputWarning: An input array is constant; the correlation coefficient is not defined.
  rhos = [pearsonr(vel_all[m][:, d], pv[:, d])[0] for d in range(vel_all.shape[1])]
/home/likun-share/junjxu/wm/phyworld/scripts/rollout_eval_id1k.py:242: ConstantInputWarning: An input array is constant; the correlation coefficient is not defined.
  rhos = [pearsonr(vel_all[m][:, d], pv[:, d])[0] for d in range(vel_all.shape[1])]
/home/likun-share/junjxu/wm/phyworld/scripts/rollout_eval_id1k.py:242: ConstantInputWarning: An input array is constant; the correlation coefficient is not defined.
  rhos = [pearsonr(vel_all[m][:, d], pv[:, d])[0] for d in range(vel_all.shape[1])]
/home/likun-share/junjxu/wm/phyworld/scripts/rollout_eval_id1k.py:288: ConstantInputWarning: An input array is constant; the correlation coefficient is not defined.
  line += f"  vel{d}ρ={pearsonr(vel_all[m][:, d], pv[:, d])[0]:+.3f}"
/home/likun-share/junjxu/wm/phyworld/scripts/rollout_eval_id1k.py:288: ConstantInputWarning: An input array is constant; the correlation coefficient is not defined.
  line += f"  vel{d}ρ={pearsonr(vel_all[m][:, d], pv[:, d])[0]:+.3f}"
/home/likun-share/junjxu/wm/phyworld/scripts/rollout_eval_id1k.py:288: ConstantInputWarning: An input array is constant; the correlation coefficient is not defined.
  line += f"  vel{d}ρ={pearsonr(vel_all[m][:, d], pv[:, d])[0]:+.3f}"
/home/likun-share/junjxu/wm/phyworld/scripts/rollout_eval_id1k.py:288: ConstantInputWarning: An input array is constant; the correlation coefficient is not defined.
  line += f"  vel{d}ρ={pearsonr(vel_all[m][:, d], pv[:, d])[0]:+.3f}"
/home/likun-share/junjxu/wm/phyworld/scripts/rollout_eval_id1k.py:296: ConstantInputWarning: An input array is constant; the correlation coefficient is not defined.
  rhos = [pearsonr(vel_all[m][:, d], pv[:, d])[0] for d in range(vel_all.shape[1])]
/home/likun-share/junjxu/wm/phyworld/scripts/rollout_eval_id1k.py:296: ConstantInputWarning: An input array is constant; the correlation coefficient is not defined.
  rhos = [pearsonr(vel_all[m][:, d], pv[:, d])[0] for d in range(vel_all.shape[1])]
/home/likun-share/junjxu/wm/phyworld/scripts/rollout_eval_id1k.py:296: ConstantInputWarning: An input array is constant; the correlation coefficient is not defined.
  rhos = [pearsonr(vel_all[m][:, d], pv[:, d])[0] for d in range(vel_all.shape[1])]
/home/likun-share/junjxu/wm/phyworld/scripts/rollout_eval_id1k.py:296: ConstantInputWarning: An input array is constant; the correlation coefficient is not defined.
  rhos = [pearsonr(vel_all[m][:, d], pv[:, d])[0] for d in range(vel_all.shape[1])]

=== uniform_motion AR ROLLOUT (LeWM ID-only FT, history_size=3) ===
--- latent fidelity (pred vs real emb), test trajs, by partition ---
  ID         n=  406  cos=+0.9654  nMSE=0.0671
  r/m-OOD    n=  464  cos=+0.7583  nMSE=0.4305
  v-OOD      n=  841  cos=+0.9217  nMSE=0.1734
  both-OOD   n= 1189  cos=+0.8523  nMSE=0.2971

--- latent fidelity vs horizon (test, aggregate) ---
  h=  1  n=  100  cos=+0.9909  nMSE=0.0138
  h=  2  n=  100  cos=+0.9813  nMSE=0.0295
  h=  4  n=  100  cos=+0.9597  nMSE=0.0712
  h=  8  n=  100  cos=+0.9064  nMSE=0.1661
  h= 16  n=  100  cos=+0.8394  nMSE=0.2976
  h= 28  n=  100  cos=+0.8414  nMSE=0.4471

--- decoded pos/vel ρ from ROLLED-OUT latents (test), by partition ---
  [baseline] probe applied to REAL embs:
  REAL ID                   pos0ρ=+0.830  pos1ρ=+0.969  vel0ρ=+0.405  vel1ρ=+nan
  REAL r/m-OOD              pos0ρ=+0.918  pos1ρ=+0.926  vel0ρ=+0.433  vel1ρ=+nan
  REAL v-OOD                pos0ρ=+0.927  pos1ρ=+0.819  vel0ρ=+0.439  vel1ρ=+nan
  REAL both-OOD             pos0ρ=+0.930  pos1ρ=+0.857  vel0ρ=+0.635  vel1ρ=+nan
  [rollout] probe applied to PREDICTED embs:
  PRED ID                   pos0ρ=+0.845  pos1ρ=+0.958  vel0ρ=+0.427  vel1ρ=+nan
  PRED r/m-OOD              pos0ρ=+0.818  pos1ρ=+0.873  vel0ρ=+0.258  vel1ρ=+nan
  PRED v-OOD                pos0ρ=+0.922  pos1ρ=+0.809  vel0ρ=+0.475  vel1ρ=+nan
  PRED both-OOD             pos0ρ=+0.886  pos1ρ=+0.781  vel0ρ=+0.662  vel1ρ=+nan

--- decoded vel ρ from PRED latents vs horizon (test, aggregate) ---
  h=  1  n=  100  vel0ρ=+0.120  vel1ρ=+nan
  h=  2  n=  100  vel0ρ=+0.186  vel1ρ=+nan
  h=  4  n=  100  vel0ρ=+0.281  vel1ρ=+nan
  h=  8  n=  100  vel0ρ=+0.261  vel1ρ=+nan
  h= 16  n=  100  vel0ρ=+0.696  vel1ρ=+nan
  h= 28  n=  100  vel0ρ=+0.752  vel1ρ=+nan

--- [K=4] decoded pos/vel ρ from ROLLED-OUT latents (test), by partition ---
  [K=4] probe applied to PREDICTED embs (stack 4 consecutive predicted latents):
  PRED-K4 ID          pos0ρ=+0.835  pos1ρ=+0.967  vel0ρ=+0.531  vel1ρ=+nan
  PRED-K4 r/m-OOD     pos0ρ=+0.804  pos1ρ=+0.897  vel0ρ=+0.539  vel1ρ=+nan
  PRED-K4 v-OOD       pos0ρ=+0.932  pos1ρ=+0.832  vel0ρ=+0.760  vel1ρ=+nan
  PRED-K4 both-OOD    pos0ρ=+0.901  pos1ρ=+0.803  vel0ρ=+0.897  vel1ρ=+nan

--- [K=4] decoded vel ρ from PRED latents vs horizon (test, aggregate) ---
  h=  4  n=  100  vel0ρ=+0.717  vel1ρ=+nan
  h=  8  n=  100  vel0ρ=+0.697  vel1ρ=+nan
  h= 16  n=  100  vel0ρ=+0.808  vel1ρ=+nan
  h= 28  n=  100  vel0ρ=+0.887  vel1ρ=+nan

Total 70s
