[norm] action mean=[ 0.24667731 -0.40296947], std=[0.08836433 0.229554  ]  (from phyworld_parabola_id1k.h5)
[ckpt] /data1/likun-share/junjxu/.stable_worldmodel/parabola_structposvel_pw30_s1234/parabola_structposvel_pw30_s1234_epoch_20_object.ckpt  tag=parabola_structposvel_pw30_s1234
  rolled out 100 trajs, t=14s
  rolled out 200 trajs, t=26s
  rolled out 300 trajs, t=38s
  rolled out 400 trajs, t=49s
  rolled out 500 trajs, t=61s

[data] 500 trajs, 14500 (frame,pred) pairs, emb dim=192
/home/likun-share/junjxu/wm/phyworld/scripts/rollout_eval_id1k.py:242: ConstantInputWarning: An input array is constant; the correlation coefficient is not defined.
  rhos = [pearsonr(vel_all[m][:, d], pv[:, d])[0] for d in range(vel_all.shape[1])]
/home/likun-share/junjxu/wm/phyworld/scripts/rollout_eval_id1k.py:242: NearConstantInputWarning: An input array is nearly constant; the computed correlation coefficient may be inaccurate.
  rhos = [pearsonr(vel_all[m][:, d], pv[:, d])[0] for d in range(vel_all.shape[1])]
/home/likun-share/junjxu/wm/phyworld/scripts/rollout_eval_id1k.py:242: NearConstantInputWarning: An input array is nearly constant; the computed correlation coefficient may be inaccurate.
  rhos = [pearsonr(vel_all[m][:, d], pv[:, d])[0] for d in range(vel_all.shape[1])]
/home/likun-share/junjxu/wm/phyworld/scripts/rollout_eval_id1k.py:296: ConstantInputWarning: An input array is constant; the correlation coefficient is not defined.
  rhos = [pearsonr(vel_all[m][:, d], pv[:, d])[0] for d in range(vel_all.shape[1])]
/home/likun-share/junjxu/wm/phyworld/scripts/rollout_eval_id1k.py:296: NearConstantInputWarning: An input array is nearly constant; the computed correlation coefficient may be inaccurate.
  rhos = [pearsonr(vel_all[m][:, d], pv[:, d])[0] for d in range(vel_all.shape[1])]
/home/likun-share/junjxu/wm/phyworld/scripts/rollout_eval_id1k.py:296: NearConstantInputWarning: An input array is nearly constant; the computed correlation coefficient may be inaccurate.
  rhos = [pearsonr(vel_all[m][:, d], pv[:, d])[0] for d in range(vel_all.shape[1])]

=== parabola AR ROLLOUT (LeWM ID-only FT, history_size=3) ===
--- latent fidelity (pred vs real emb), test trajs, by partition ---
  ID         n=  464  cos=+0.9889  nMSE=0.0186
  r/m-OOD    n=  319  cos=+0.9671  nMSE=0.0913
  v-OOD      n=  928  cos=+0.9395  nMSE=0.1126
  both-OOD   n= 1189  cos=+0.9206  nMSE=0.1951

--- latent fidelity vs horizon (test, aggregate) ---
  h=  1  n=  100  cos=+0.9874  nMSE=0.0387
  h=  2  n=  100  cos=+0.9770  nMSE=0.0677
  h=  4  n=  100  cos=+0.9676  nMSE=0.0968
  h=  8  n=  100  cos=+0.9583  nMSE=0.1283
  h= 16  n=  100  cos=+0.8816  nMSE=0.1630
  h= 28  n=  100  cos=+0.9835  nMSE=108359.1094

--- decoded pos/vel ρ from ROLLED-OUT latents (test), by partition ---
  [baseline] probe applied to REAL embs:
  REAL ID                   pos0ρ=+0.950  pos1ρ=+0.985  vel0ρ=+0.196  vel1ρ=+0.989
  REAL r/m-OOD              pos0ρ=+0.917  pos1ρ=+0.979  vel0ρ=+0.464  vel1ρ=+0.985
  REAL v-OOD                pos0ρ=+0.889  pos1ρ=+0.903  vel0ρ=+0.620  vel1ρ=+0.951
  REAL both-OOD             pos0ρ=+0.855  pos1ρ=+0.915  vel0ρ=+0.640  vel1ρ=+0.959
  [rollout] probe applied to PREDICTED embs:
  PRED ID                   pos0ρ=+0.947  pos1ρ=+0.982  vel0ρ=+0.148  vel1ρ=+0.986
  PRED r/m-OOD              pos0ρ=+0.903  pos1ρ=+0.976  vel0ρ=+0.413  vel1ρ=+0.985
  PRED v-OOD                pos0ρ=+0.854  pos1ρ=+0.936  vel0ρ=+0.701  vel1ρ=+0.971
  PRED both-OOD             pos0ρ=+0.824  pos1ρ=+0.933  vel0ρ=+0.643  vel1ρ=+0.967

--- decoded vel ρ from PRED latents vs horizon (test, aggregate) ---
  h=  1  n=  100  vel0ρ=+0.256  vel1ρ=+0.054
  h=  2  n=  100  vel0ρ=+0.455  vel1ρ=-0.105
  h=  4  n=  100  vel0ρ=+0.596  vel1ρ=-0.122
  h=  8  n=  100  vel0ρ=+0.525  vel1ρ=+nan
  h= 16  n=  100  vel0ρ=+0.865  vel1ρ=-0.000
  h= 28  n=  100  vel0ρ=+0.983  vel1ρ=+0.031

--- [K=4] decoded pos/vel ρ from ROLLED-OUT latents (test), by partition ---
  [K=4] probe applied to PREDICTED embs (stack 4 consecutive predicted latents):
  PRED-K4 ID          pos0ρ=+0.940  pos1ρ=+0.985  vel0ρ=+0.714  vel1ρ=+0.986
  PRED-K4 r/m-OOD     pos0ρ=+0.918  pos1ρ=+0.975  vel0ρ=+0.659  vel1ρ=+0.974
  PRED-K4 v-OOD       pos0ρ=+0.872  pos1ρ=+0.952  vel0ρ=+0.793  vel1ρ=+0.948
  PRED-K4 both-OOD    pos0ρ=+0.866  pos1ρ=+0.944  vel0ρ=+0.804  vel1ρ=+0.950

--- [K=4] decoded vel ρ from PRED latents vs horizon (test, aggregate) ---
  h=  4  n=  100  vel0ρ=+0.851  vel1ρ=-0.213
  h=  8  n=  100  vel0ρ=+0.940  vel1ρ=+nan
  h= 16  n=  100  vel0ρ=+0.885  vel1ρ=-0.167
  h= 28  n=  100  vel0ρ=+0.673  vel1ρ=-0.029

Total 62s
