[norm] action mean=[ 0.24667731 -0.40296947], std=[0.08836433 0.229554  ]  (from phyworld_parabola_id1k.h5)
[ckpt] /data1/likun-share/junjxu/.stable_worldmodel/parabola_baseline_tf_s42/parabola_baseline_tf_s42_epoch_20_object.ckpt  tag=parabola_baseline_tf_s42
  rolled out 100 trajs, t=17s
  rolled out 200 trajs, t=30s
  rolled out 300 trajs, t=43s
  rolled out 400 trajs, t=56s
  rolled out 500 trajs, t=69s

[data] 500 trajs, 14500 (frame,pred) pairs, emb dim=192
/home/likun-share/junjxu/wm/phyworld/scripts/rollout_eval_id1k.py:242: ConstantInputWarning: An input array is constant; the correlation coefficient is not defined.
  rhos = [pearsonr(vel_all[m][:, d], pv[:, d])[0] for d in range(vel_all.shape[1])]
/home/likun-share/junjxu/wm/phyworld/scripts/rollout_eval_id1k.py:242: NearConstantInputWarning: An input array is nearly constant; the computed correlation coefficient may be inaccurate.
  rhos = [pearsonr(vel_all[m][:, d], pv[:, d])[0] for d in range(vel_all.shape[1])]
/home/likun-share/junjxu/wm/phyworld/scripts/rollout_eval_id1k.py:242: NearConstantInputWarning: An input array is nearly constant; the computed correlation coefficient may be inaccurate.
  rhos = [pearsonr(vel_all[m][:, d], pv[:, d])[0] for d in range(vel_all.shape[1])]
/home/likun-share/junjxu/wm/phyworld/scripts/rollout_eval_id1k.py:296: ConstantInputWarning: An input array is constant; the correlation coefficient is not defined.
  rhos = [pearsonr(vel_all[m][:, d], pv[:, d])[0] for d in range(vel_all.shape[1])]
/home/likun-share/junjxu/wm/phyworld/scripts/rollout_eval_id1k.py:296: NearConstantInputWarning: An input array is nearly constant; the computed correlation coefficient may be inaccurate.
  rhos = [pearsonr(vel_all[m][:, d], pv[:, d])[0] for d in range(vel_all.shape[1])]
/home/likun-share/junjxu/wm/phyworld/scripts/rollout_eval_id1k.py:296: NearConstantInputWarning: An input array is nearly constant; the computed correlation coefficient may be inaccurate.
  rhos = [pearsonr(vel_all[m][:, d], pv[:, d])[0] for d in range(vel_all.shape[1])]

=== parabola AR ROLLOUT (LeWM ID-only FT, history_size=3) ===
--- latent fidelity (pred vs real emb), test trajs, by partition ---
  ID         n=  464  cos=+0.9409  nMSE=0.0482
  r/m-OOD    n=  319  cos=+0.7676  nMSE=0.4978
  v-OOD      n=  928  cos=+0.5724  nMSE=0.4119
  both-OOD   n= 1189  cos=+0.5128  nMSE=0.7196

--- latent fidelity vs horizon (test, aggregate) ---
  h=  1  n=  100  cos=+0.9786  nMSE=0.0341
  h=  2  n=  100  cos=+0.9421  nMSE=0.0985
  h=  4  n=  100  cos=+0.8721  nMSE=0.2531
  h=  8  n=  100  cos=+0.8189  nMSE=0.3776
  h= 16  n=  100  cos=+0.5425  nMSE=0.6455
  h= 28  n=  100  cos=+0.5550  nMSE=620808.2500

--- decoded pos/vel ρ from ROLLED-OUT latents (test), by partition ---
  [baseline] probe applied to REAL embs:
  REAL ID                   pos0ρ=+0.631  pos1ρ=+0.674  vel0ρ=+0.321  vel1ρ=+0.756
  REAL r/m-OOD              pos0ρ=+0.887  pos1ρ=+0.919  vel0ρ=+0.469  vel1ρ=+0.942
  REAL v-OOD                pos0ρ=+0.795  pos1ρ=+0.838  vel0ρ=+0.543  vel1ρ=+0.890
  REAL both-OOD             pos0ρ=+0.826  pos1ρ=+0.896  vel0ρ=+0.643  vel1ρ=+0.941
  [rollout] probe applied to PREDICTED embs:
  PRED ID                   pos0ρ=+0.666  pos1ρ=+0.698  vel0ρ=+0.312  vel1ρ=+0.778
  PRED r/m-OOD              pos0ρ=+0.780  pos1ρ=+0.817  vel0ρ=+0.335  vel1ρ=+0.867
  PRED v-OOD                pos0ρ=+0.756  pos1ρ=+0.830  vel0ρ=+0.575  vel1ρ=+0.868
  PRED both-OOD             pos0ρ=+0.718  pos1ρ=+0.794  vel0ρ=+0.525  vel1ρ=+0.846

--- decoded vel ρ from PRED latents vs horizon (test, aggregate) ---
  h=  1  n=  100  vel0ρ=+0.156  vel1ρ=+0.408
  h=  2  n=  100  vel0ρ=+0.121  vel1ρ=-0.233
  h=  4  n=  100  vel0ρ=+0.285  vel1ρ=+0.059
  h=  8  n=  100  vel0ρ=+0.346  vel1ρ=+nan
  h= 16  n=  100  vel0ρ=+0.754  vel1ρ=+0.014
  h= 28  n=  100  vel0ρ=+0.669  vel1ρ=-0.097

--- [K=4] decoded pos/vel ρ from ROLLED-OUT latents (test), by partition ---
  [K=4] probe applied to PREDICTED embs (stack 4 consecutive predicted latents):
  PRED-K4 ID          pos0ρ=+0.698  pos1ρ=+0.839  vel0ρ=+0.465  vel1ρ=+0.877
  PRED-K4 r/m-OOD     pos0ρ=+0.800  pos1ρ=+0.883  vel0ρ=+0.585  vel1ρ=+0.877
  PRED-K4 v-OOD       pos0ρ=+0.814  pos1ρ=+0.860  vel0ρ=+0.705  vel1ρ=+0.887
  PRED-K4 both-OOD    pos0ρ=+0.739  pos1ρ=+0.799  vel0ρ=+0.739  vel1ρ=+0.826

--- [K=4] decoded vel ρ from PRED latents vs horizon (test, aggregate) ---
  h=  4  n=  100  vel0ρ=+0.443  vel1ρ=-0.097
  h=  8  n=  100  vel0ρ=+0.777  vel1ρ=+nan
  h= 16  n=  100  vel0ρ=+0.825  vel1ρ=+0.011
  h= 28  n=  100  vel0ρ=+0.370  vel1ρ=-0.019

Total 70s
