[norm] action mean=[ 0.24667731 -0.40296947], std=[0.08836433 0.229554  ]  (from phyworld_parabola_id1k.h5)
[ckpt] /data1/likun-share/junjxu/.stable_worldmodel/parabola_structposvel_pw30_s42/parabola_structposvel_pw30_s42_epoch_20_object.ckpt  tag=parabola_structposvel_pw30_s42
  rolled out 100 trajs, t=14s
  rolled out 200 trajs, t=26s
  rolled out 300 trajs, t=37s
  rolled out 400 trajs, t=49s
  rolled out 500 trajs, t=61s

[data] 500 trajs, 14500 (frame,pred) pairs, emb dim=192
/home/likun-share/junjxu/wm/phyworld/scripts/rollout_eval_id1k.py:242: ConstantInputWarning: An input array is constant; the correlation coefficient is not defined.
  rhos = [pearsonr(vel_all[m][:, d], pv[:, d])[0] for d in range(vel_all.shape[1])]
/home/likun-share/junjxu/wm/phyworld/scripts/rollout_eval_id1k.py:242: NearConstantInputWarning: An input array is nearly constant; the computed correlation coefficient may be inaccurate.
  rhos = [pearsonr(vel_all[m][:, d], pv[:, d])[0] for d in range(vel_all.shape[1])]
/home/likun-share/junjxu/wm/phyworld/scripts/rollout_eval_id1k.py:242: NearConstantInputWarning: An input array is nearly constant; the computed correlation coefficient may be inaccurate.
  rhos = [pearsonr(vel_all[m][:, d], pv[:, d])[0] for d in range(vel_all.shape[1])]
/home/likun-share/junjxu/wm/phyworld/scripts/rollout_eval_id1k.py:296: ConstantInputWarning: An input array is constant; the correlation coefficient is not defined.
  rhos = [pearsonr(vel_all[m][:, d], pv[:, d])[0] for d in range(vel_all.shape[1])]
/home/likun-share/junjxu/wm/phyworld/scripts/rollout_eval_id1k.py:296: NearConstantInputWarning: An input array is nearly constant; the computed correlation coefficient may be inaccurate.
  rhos = [pearsonr(vel_all[m][:, d], pv[:, d])[0] for d in range(vel_all.shape[1])]
/home/likun-share/junjxu/wm/phyworld/scripts/rollout_eval_id1k.py:296: NearConstantInputWarning: An input array is nearly constant; the computed correlation coefficient may be inaccurate.
  rhos = [pearsonr(vel_all[m][:, d], pv[:, d])[0] for d in range(vel_all.shape[1])]

=== parabola AR ROLLOUT (LeWM ID-only FT, history_size=3) ===
--- latent fidelity (pred vs real emb), test trajs, by partition ---
  ID         n=  464  cos=+0.9898  nMSE=0.0165
  r/m-OOD    n=  319  cos=+0.9611  nMSE=0.1039
  v-OOD      n=  928  cos=+0.9141  nMSE=0.1323
  both-OOD   n= 1189  cos=+0.8863  nMSE=0.2580

--- latent fidelity vs horizon (test, aggregate) ---
  h=  1  n=  100  cos=+0.9851  nMSE=0.0386
  h=  2  n=  100  cos=+0.9730  nMSE=0.0695
  h=  4  n=  100  cos=+0.9640  nMSE=0.0963
  h=  8  n=  100  cos=+0.9518  nMSE=0.1395
  h= 16  n=  100  cos=+0.8333  nMSE=0.2115
  h= 28  n=  100  cos=+0.9853  nMSE=100266.1016

--- decoded pos/vel ρ from ROLLED-OUT latents (test), by partition ---
  [baseline] probe applied to REAL embs:
  REAL ID                   pos0ρ=+0.950  pos1ρ=+0.984  vel0ρ=+0.246  vel1ρ=+0.988
  REAL r/m-OOD              pos0ρ=+0.917  pos1ρ=+0.980  vel0ρ=+0.450  vel1ρ=+0.984
  REAL v-OOD                pos0ρ=+0.888  pos1ρ=+0.903  vel0ρ=+0.610  vel1ρ=+0.951
  REAL both-OOD             pos0ρ=+0.855  pos1ρ=+0.915  vel0ρ=+0.642  vel1ρ=+0.959
  [rollout] probe applied to PREDICTED embs:
  PRED ID                   pos0ρ=+0.949  pos1ρ=+0.983  vel0ρ=+0.292  vel1ρ=+0.988
  PRED r/m-OOD              pos0ρ=+0.906  pos1ρ=+0.978  vel0ρ=+0.516  vel1ρ=+0.987
  PRED v-OOD                pos0ρ=+0.883  pos1ρ=+0.934  vel0ρ=+0.461  vel1ρ=+0.964
  PRED both-OOD             pos0ρ=+0.843  pos1ρ=+0.939  vel0ρ=+0.492  vel1ρ=+0.962

--- decoded vel ρ from PRED latents vs horizon (test, aggregate) ---
  h=  1  n=  100  vel0ρ=-0.104  vel1ρ=-0.217
  h=  2  n=  100  vel0ρ=-0.061  vel1ρ=+0.223
  h=  4  n=  100  vel0ρ=-0.097  vel1ρ=+0.228
  h=  8  n=  100  vel0ρ=+0.206  vel1ρ=+nan
  h= 16  n=  100  vel0ρ=+0.863  vel1ρ=+0.146
  h= 28  n=  100  vel0ρ=+0.949  vel1ρ=-0.016

--- [K=4] decoded pos/vel ρ from ROLLED-OUT latents (test), by partition ---
  [K=4] probe applied to PREDICTED embs (stack 4 consecutive predicted latents):
  PRED-K4 ID          pos0ρ=+0.944  pos1ρ=+0.985  vel0ρ=+0.721  vel1ρ=+0.986
  PRED-K4 r/m-OOD     pos0ρ=+0.927  pos1ρ=+0.976  vel0ρ=+0.764  vel1ρ=+0.981
  PRED-K4 v-OOD       pos0ρ=+0.914  pos1ρ=+0.948  vel0ρ=+0.825  vel1ρ=+0.949
  PRED-K4 both-OOD    pos0ρ=+0.897  pos1ρ=+0.948  vel0ρ=+0.834  vel1ρ=+0.951

--- [K=4] decoded vel ρ from PRED latents vs horizon (test, aggregate) ---
  h=  4  n=  100  vel0ρ=+0.855  vel1ρ=-0.222
  h=  8  n=  100  vel0ρ=+0.902  vel1ρ=+nan
  h= 16  n=  100  vel0ρ=+0.927  vel1ρ=+0.149
  h= 28  n=  100  vel0ρ=+0.402  vel1ρ=-0.106

Total 61s
