[norm] action mean=[-0.01484401  0.          0.01575156  0.        ], std=[7.72976437e-02 1.00000000e-08 8.20558954e-02 1.00000000e-08]  (from phyworld_collision_id1k.h5)
[ckpt] /data1/likun-share/junjxu/.stable_worldmodel/collision_baseline_fr_s42/collision_baseline_fr_s42_epoch_20_object.ckpt  tag=collision_baseline_fr_s42
  rolled out 100 trajs, t=17s
  rolled out 200 trajs, t=30s
  rolled out 300 trajs, t=45s
  rolled out 400 trajs, t=59s
  rolled out 500 trajs, t=75s

[data] 500 trajs, 14500 (frame,pred) pairs, emb dim=192

=== collision AR ROLLOUT (LeWM ID-only FT, history_size=3) ===
--- latent fidelity (pred vs real emb), test trajs, by partition ---
  ID         n=  203  cos=+0.7422  nMSE=0.5135
  r/m-OOD    n=  754  cos=+0.8827  nMSE=0.2247
  v-OOD      n=  290  cos=+0.6895  nMSE=0.5877
  both-OOD   n= 1653  cos=+0.7210  nMSE=0.5481

--- latent fidelity vs horizon (test, aggregate) ---
  h=  1  n=  100  cos=+0.9970  nMSE=0.0069
  h=  2  n=  100  cos=+0.9931  nMSE=0.0157
  h=  4  n=  100  cos=+0.9806  nMSE=0.0439
  h=  8  n=  100  cos=+0.9412  nMSE=0.1336
  h= 16  n=  100  cos=+0.7330  nMSE=0.5683
  h= 28  n=  100  cos=+0.4983  nMSE=0.9289

--- decoded pos/vel ρ from ROLLED-OUT latents (test), by partition ---
  [baseline] probe applied to REAL embs:
  REAL ID                   pos0ρ=+0.523  pos1ρ=+0.725  vel0ρ=+0.524  vel1ρ=+0.714
  REAL r/m-OOD              pos0ρ=+0.814  pos1ρ=+0.751  vel0ρ=+0.765  vel1ρ=+0.719
  REAL v-OOD                pos0ρ=+0.744  pos1ρ=+0.560  vel0ρ=+0.635  vel1ρ=+0.561
  REAL both-OOD             pos0ρ=+0.892  pos1ρ=+0.806  vel0ρ=+0.886  vel1ρ=+0.697
  [rollout] probe applied to PREDICTED embs:
  PRED ID                   pos0ρ=+0.413  pos1ρ=+0.226  vel0ρ=+0.412  vel1ρ=+0.342
  PRED r/m-OOD              pos0ρ=+0.377  pos1ρ=+0.442  vel0ρ=+0.555  vel1ρ=+0.486
  PRED v-OOD                pos0ρ=+0.775  pos1ρ=+0.238  vel0ρ=+0.641  vel1ρ=+0.329
  PRED both-OOD             pos0ρ=+0.376  pos1ρ=+0.383  vel0ρ=+0.551  vel1ρ=+0.457

--- decoded vel ρ from PRED latents vs horizon (test, aggregate) ---
  h=  1  n=  100  vel0ρ=+0.051  vel1ρ=-0.133
  h=  2  n=  100  vel0ρ=+0.044  vel1ρ=-0.149
  h=  4  n=  100  vel0ρ=+0.035  vel1ρ=-0.150
  h=  8  n=  100  vel0ρ=+0.531  vel1ρ=+0.498
  h= 16  n=  100  vel0ρ=+0.572  vel1ρ=+0.571
  h= 28  n=  100  vel0ρ=+0.517  vel1ρ=+0.594

--- [K=4] decoded pos/vel ρ from ROLLED-OUT latents (test), by partition ---
  [K=4] probe applied to PREDICTED embs (stack 4 consecutive predicted latents):
  PRED-K4 ID          pos0ρ=+0.324  pos1ρ=+0.202  vel0ρ=+0.215  vel1ρ=+0.279
  PRED-K4 r/m-OOD     pos0ρ=+0.486  pos1ρ=+0.369  vel0ρ=+0.507  vel1ρ=+0.426
  PRED-K4 v-OOD       pos0ρ=+0.751  pos1ρ=+0.366  vel0ρ=+0.594  vel1ρ=+0.289
  PRED-K4 both-OOD    pos0ρ=+0.488  pos1ρ=+0.240  vel0ρ=+0.549  vel1ρ=+0.393

--- [K=4] decoded vel ρ from PRED latents vs horizon (test, aggregate) ---
  h=  4  n=  100  vel0ρ=+0.041  vel1ρ=-0.311
  h=  8  n=  100  vel0ρ=+0.215  vel1ρ=+0.472
  h= 16  n=  100  vel0ρ=+0.610  vel1ρ=+0.420
  h= 28  n=  100  vel0ρ=+0.589  vel1ρ=+0.474

Total 75s
