[norm] action mean=[ 0.24667731 -0.40296947], std=[0.08836433 0.229554  ]  (from phyworld_parabola_id1k.h5)
[ckpt] /data1/likun-share/junjxu/.stable_worldmodel/parabola_probeF2_structpos_pw30_fr/parabola_probeF2_structpos_pw30_fr_epoch_20_object.ckpt  tag=parabola_probeF2_structpos_pw30_fr
  rolled out 100 trajs, t=14s
  rolled out 200 trajs, t=26s
  rolled out 300 trajs, t=37s
  rolled out 400 trajs, t=49s
  rolled out 500 trajs, t=61s

[data] 500 trajs, 14500 (frame,pred) pairs, emb dim=192
/home/likun-share/junjxu/wm/phyworld/scripts/rollout_eval_id1k.py:242: ConstantInputWarning: An input array is constant; the correlation coefficient is not defined.
  rhos = [pearsonr(vel_all[m][:, d], pv[:, d])[0] for d in range(vel_all.shape[1])]
/home/likun-share/junjxu/wm/phyworld/scripts/rollout_eval_id1k.py:242: NearConstantInputWarning: An input array is nearly constant; the computed correlation coefficient may be inaccurate.
  rhos = [pearsonr(vel_all[m][:, d], pv[:, d])[0] for d in range(vel_all.shape[1])]
/home/likun-share/junjxu/wm/phyworld/scripts/rollout_eval_id1k.py:242: NearConstantInputWarning: An input array is nearly constant; the computed correlation coefficient may be inaccurate.
  rhos = [pearsonr(vel_all[m][:, d], pv[:, d])[0] for d in range(vel_all.shape[1])]
/home/likun-share/junjxu/wm/le-wm/.venv/lib/python3.10/site-packages/sklearn/linear_model/_ridge.py:213: LinAlgWarning: Ill-conditioned matrix (rcond=5.46818e-08): result may not be accurate.
  return linalg.solve(A, Xy, assume_a="pos", overwrite_a=True).T
/home/likun-share/junjxu/wm/le-wm/.venv/lib/python3.10/site-packages/sklearn/linear_model/_ridge.py:213: LinAlgWarning: Ill-conditioned matrix (rcond=5.46818e-08): result may not be accurate.
  return linalg.solve(A, Xy, assume_a="pos", overwrite_a=True).T
/home/likun-share/junjxu/wm/phyworld/scripts/rollout_eval_id1k.py:296: ConstantInputWarning: An input array is constant; the correlation coefficient is not defined.
  rhos = [pearsonr(vel_all[m][:, d], pv[:, d])[0] for d in range(vel_all.shape[1])]
/home/likun-share/junjxu/wm/phyworld/scripts/rollout_eval_id1k.py:296: NearConstantInputWarning: An input array is nearly constant; the computed correlation coefficient may be inaccurate.
  rhos = [pearsonr(vel_all[m][:, d], pv[:, d])[0] for d in range(vel_all.shape[1])]
/home/likun-share/junjxu/wm/phyworld/scripts/rollout_eval_id1k.py:296: NearConstantInputWarning: An input array is nearly constant; the computed correlation coefficient may be inaccurate.
  rhos = [pearsonr(vel_all[m][:, d], pv[:, d])[0] for d in range(vel_all.shape[1])]

=== parabola AR ROLLOUT (LeWM ID-only FT, history_size=3) ===
--- latent fidelity (pred vs real emb), test trajs, by partition ---
  ID         n=  464  cos=+0.9921  nMSE=0.0108
  r/m-OOD    n=  319  cos=+0.9485  nMSE=0.1268
  v-OOD      n=  928  cos=+0.8703  nMSE=0.3893
  both-OOD   n= 1189  cos=+0.8506  nMSE=0.4898

--- latent fidelity vs horizon (test, aggregate) ---
  h=  1  n=  100  cos=+0.9796  nMSE=0.0526
  h=  2  n=  100  cos=+0.9616  nMSE=0.0862
  h=  4  n=  100  cos=+0.9481  nMSE=0.1362
  h=  8  n=  100  cos=+0.9431  nMSE=0.2025
  h= 16  n=  100  cos=+0.7828  nMSE=0.8776
  h= 28  n=  100  cos=+0.9805  nMSE=343085.0312

--- decoded pos/vel ρ from ROLLED-OUT latents (test), by partition ---
  [baseline] probe applied to REAL embs:
  REAL ID                   pos0ρ=+0.951  pos1ρ=+0.983  vel0ρ=+0.199  vel1ρ=+0.988
  REAL r/m-OOD              pos0ρ=+0.916  pos1ρ=+0.978  vel0ρ=+0.452  vel1ρ=+0.985
  REAL v-OOD                pos0ρ=+0.887  pos1ρ=+0.904  vel0ρ=+0.621  vel1ρ=+0.952
  REAL both-OOD             pos0ρ=+0.853  pos1ρ=+0.915  vel0ρ=+0.651  vel1ρ=+0.959
  [rollout] probe applied to PREDICTED embs:
  PRED ID                   pos0ρ=+0.954  pos1ρ=+0.983  vel0ρ=+0.178  vel1ρ=+0.988
  PRED r/m-OOD              pos0ρ=+0.912  pos1ρ=+0.974  vel0ρ=+0.422  vel1ρ=+0.986
  PRED v-OOD                pos0ρ=+0.900  pos1ρ=+0.960  vel0ρ=+0.643  vel1ρ=+0.946
  PRED both-OOD             pos0ρ=+0.850  pos1ρ=+0.959  vel0ρ=+0.633  vel1ρ=+0.946

--- decoded vel ρ from PRED latents vs horizon (test, aggregate) ---
  h=  1  n=  100  vel0ρ=+0.352  vel1ρ=-0.272
  h=  2  n=  100  vel0ρ=+0.385  vel1ρ=+0.099
  h=  4  n=  100  vel0ρ=+0.325  vel1ρ=+0.014
  h=  8  n=  100  vel0ρ=+0.684  vel1ρ=+nan
  h= 16  n=  100  vel0ρ=+0.927  vel1ρ=-0.224
  h= 28  n=  100  vel0ρ=-0.894  vel1ρ=+0.066

--- [K=4] decoded pos/vel ρ from ROLLED-OUT latents (test), by partition ---
  [K=4] probe applied to PREDICTED embs (stack 4 consecutive predicted latents):
  PRED-K4 ID          pos0ρ=+0.946  pos1ρ=+0.986  vel0ρ=+0.709  vel1ρ=+0.988
  PRED-K4 r/m-OOD     pos0ρ=+0.928  pos1ρ=+0.973  vel0ρ=+0.676  vel1ρ=+0.979
  PRED-K4 v-OOD       pos0ρ=+0.923  pos1ρ=+0.962  vel0ρ=+0.759  vel1ρ=+0.922
  PRED-K4 both-OOD    pos0ρ=+0.890  pos1ρ=+0.946  vel0ρ=+0.795  vel1ρ=+0.901

--- [K=4] decoded vel ρ from PRED latents vs horizon (test, aggregate) ---
  h=  4  n=  100  vel0ρ=+0.879  vel1ρ=+0.077
  h=  8  n=  100  vel0ρ=+0.923  vel1ρ=+nan
  h= 16  n=  100  vel0ρ=+0.722  vel1ρ=-0.235
  h= 28  n=  100  vel0ρ=+0.745  vel1ρ=-0.054

Total 62s
