[norm] action mean=[ 0.24667731 -0.40296947], std=[0.08836433 0.229554  ]  (from phyworld_parabola_id1k.h5)
[ckpt] /data1/likun-share/junjxu/.stable_worldmodel/parabola_structposvel_pw30_fr/parabola_structposvel_pw30_fr_epoch_20_object.ckpt  tag=parabola_structposvel_pw30_fr
  rolled out 100 trajs, t=14s
  rolled out 200 trajs, t=26s
  rolled out 300 trajs, t=37s
  rolled out 400 trajs, t=49s
  rolled out 500 trajs, t=60s

[data] 500 trajs, 14500 (frame,pred) pairs, emb dim=192
/home/likun-share/junjxu/wm/phyworld/scripts/rollout_eval_id1k.py:242: ConstantInputWarning: An input array is constant; the correlation coefficient is not defined.
  rhos = [pearsonr(vel_all[m][:, d], pv[:, d])[0] for d in range(vel_all.shape[1])]
/home/likun-share/junjxu/wm/phyworld/scripts/rollout_eval_id1k.py:242: NearConstantInputWarning: An input array is nearly constant; the computed correlation coefficient may be inaccurate.
  rhos = [pearsonr(vel_all[m][:, d], pv[:, d])[0] for d in range(vel_all.shape[1])]
/home/likun-share/junjxu/wm/phyworld/scripts/rollout_eval_id1k.py:242: NearConstantInputWarning: An input array is nearly constant; the computed correlation coefficient may be inaccurate.
  rhos = [pearsonr(vel_all[m][:, d], pv[:, d])[0] for d in range(vel_all.shape[1])]
/home/likun-share/junjxu/wm/le-wm/.venv/lib/python3.10/site-packages/sklearn/linear_model/_ridge.py:213: LinAlgWarning: Ill-conditioned matrix (rcond=5.74824e-08): result may not be accurate.
  return linalg.solve(A, Xy, assume_a="pos", overwrite_a=True).T
/home/likun-share/junjxu/wm/le-wm/.venv/lib/python3.10/site-packages/sklearn/linear_model/_ridge.py:213: LinAlgWarning: Ill-conditioned matrix (rcond=5.74824e-08): result may not be accurate.
  return linalg.solve(A, Xy, assume_a="pos", overwrite_a=True).T
/home/likun-share/junjxu/wm/phyworld/scripts/rollout_eval_id1k.py:296: ConstantInputWarning: An input array is constant; the correlation coefficient is not defined.
  rhos = [pearsonr(vel_all[m][:, d], pv[:, d])[0] for d in range(vel_all.shape[1])]
/home/likun-share/junjxu/wm/phyworld/scripts/rollout_eval_id1k.py:296: NearConstantInputWarning: An input array is nearly constant; the computed correlation coefficient may be inaccurate.
  rhos = [pearsonr(vel_all[m][:, d], pv[:, d])[0] for d in range(vel_all.shape[1])]
/home/likun-share/junjxu/wm/phyworld/scripts/rollout_eval_id1k.py:296: NearConstantInputWarning: An input array is nearly constant; the computed correlation coefficient may be inaccurate.
  rhos = [pearsonr(vel_all[m][:, d], pv[:, d])[0] for d in range(vel_all.shape[1])]

=== parabola AR ROLLOUT (LeWM ID-only FT, history_size=3) ===
--- latent fidelity (pred vs real emb), test trajs, by partition ---
  ID         n=  464  cos=+0.9920  nMSE=0.0131
  r/m-OOD    n=  319  cos=+0.9677  nMSE=0.0929
  v-OOD      n=  928  cos=+0.9197  nMSE=0.1363
  both-OOD   n= 1189  cos=+0.8911  nMSE=0.2470

--- latent fidelity vs horizon (test, aggregate) ---
  h=  1  n=  100  cos=+0.9871  nMSE=0.0374
  h=  2  n=  100  cos=+0.9759  nMSE=0.0686
  h=  4  n=  100  cos=+0.9641  nMSE=0.1060
  h=  8  n=  100  cos=+0.9473  nMSE=0.1536
  h= 16  n=  100  cos=+0.8122  nMSE=0.2582
  h= 28  n=  100  cos=+0.9858  nMSE=79305.9609

--- decoded pos/vel ρ from ROLLED-OUT latents (test), by partition ---
  [baseline] probe applied to REAL embs:
  REAL ID                   pos0ρ=+0.950  pos1ρ=+0.984  vel0ρ=+0.212  vel1ρ=+0.987
  REAL r/m-OOD              pos0ρ=+0.917  pos1ρ=+0.980  vel0ρ=+0.450  vel1ρ=+0.984
  REAL v-OOD                pos0ρ=+0.888  pos1ρ=+0.903  vel0ρ=+0.613  vel1ρ=+0.951
  REAL both-OOD             pos0ρ=+0.855  pos1ρ=+0.915  vel0ρ=+0.635  vel1ρ=+0.959
  [rollout] probe applied to PREDICTED embs:
  PRED ID                   pos0ρ=+0.948  pos1ρ=+0.985  vel0ρ=+0.181  vel1ρ=+0.988
  PRED r/m-OOD              pos0ρ=+0.905  pos1ρ=+0.982  vel0ρ=+0.476  vel1ρ=+0.984
  PRED v-OOD                pos0ρ=+0.896  pos1ρ=+0.942  vel0ρ=+0.499  vel1ρ=+0.974
  PRED both-OOD             pos0ρ=+0.854  pos1ρ=+0.939  vel0ρ=+0.495  vel1ρ=+0.982

--- decoded vel ρ from PRED latents vs horizon (test, aggregate) ---
  h=  1  n=  100  vel0ρ=+0.148  vel1ρ=-0.119
  h=  2  n=  100  vel0ρ=+0.294  vel1ρ=+0.041
  h=  4  n=  100  vel0ρ=+0.279  vel1ρ=+0.055
  h=  8  n=  100  vel0ρ=+0.487  vel1ρ=+nan
  h= 16  n=  100  vel0ρ=+0.661  vel1ρ=+0.188
  h= 28  n=  100  vel0ρ=-0.140  vel1ρ=+0.027

--- [K=4] decoded pos/vel ρ from ROLLED-OUT latents (test), by partition ---
  [K=4] probe applied to PREDICTED embs (stack 4 consecutive predicted latents):
  PRED-K4 ID          pos0ρ=+0.939  pos1ρ=+0.987  vel0ρ=+0.690  vel1ρ=+0.991
  PRED-K4 r/m-OOD     pos0ρ=+0.917  pos1ρ=+0.980  vel0ρ=+0.723  vel1ρ=+0.989
  PRED-K4 v-OOD       pos0ρ=+0.932  pos1ρ=+0.966  vel0ρ=+0.851  vel1ρ=+0.978
  PRED-K4 both-OOD    pos0ρ=+0.905  pos1ρ=+0.960  vel0ρ=+0.858  vel1ρ=+0.980

--- [K=4] decoded vel ρ from PRED latents vs horizon (test, aggregate) ---
  h=  4  n=  100  vel0ρ=+0.918  vel1ρ=+0.144
  h=  8  n=  100  vel0ρ=+0.912  vel1ρ=+nan
  h= 16  n=  100  vel0ρ=+0.830  vel1ρ=-0.105
  h= 28  n=  100  vel0ρ=+0.830  vel1ρ=-0.100

Total 61s
