[norm] action mean=[ 0.24667731 -0.40296947], std=[0.08836433 0.229554  ]  (from phyworld_parabola_id1k.h5)
[ckpt] /data1/likun-share/junjxu/.stable_worldmodel/parabola_probeF2_fr/parabola_probeF2_fr_epoch_20_object.ckpt  tag=parabola_probeF2_fr
  rolled out 100 trajs, t=15s
  rolled out 200 trajs, t=26s
  rolled out 300 trajs, t=38s
  rolled out 400 trajs, t=50s
  rolled out 500 trajs, t=62s

[data] 500 trajs, 14500 (frame,pred) pairs, emb dim=192
/home/likun-share/junjxu/wm/phyworld/scripts/rollout_eval_id1k.py:242: ConstantInputWarning: An input array is constant; the correlation coefficient is not defined.
  rhos = [pearsonr(vel_all[m][:, d], pv[:, d])[0] for d in range(vel_all.shape[1])]
/home/likun-share/junjxu/wm/phyworld/scripts/rollout_eval_id1k.py:242: NearConstantInputWarning: An input array is nearly constant; the computed correlation coefficient may be inaccurate.
  rhos = [pearsonr(vel_all[m][:, d], pv[:, d])[0] for d in range(vel_all.shape[1])]
/home/likun-share/junjxu/wm/phyworld/scripts/rollout_eval_id1k.py:242: NearConstantInputWarning: An input array is nearly constant; the computed correlation coefficient may be inaccurate.
  rhos = [pearsonr(vel_all[m][:, d], pv[:, d])[0] for d in range(vel_all.shape[1])]
/home/likun-share/junjxu/wm/le-wm/.venv/lib/python3.10/site-packages/sklearn/linear_model/_ridge.py:213: LinAlgWarning: Ill-conditioned matrix (rcond=5.49863e-08): result may not be accurate.
  return linalg.solve(A, Xy, assume_a="pos", overwrite_a=True).T
/home/likun-share/junjxu/wm/le-wm/.venv/lib/python3.10/site-packages/sklearn/linear_model/_ridge.py:213: LinAlgWarning: Ill-conditioned matrix (rcond=5.49863e-08): result may not be accurate.
  return linalg.solve(A, Xy, assume_a="pos", overwrite_a=True).T
/home/likun-share/junjxu/wm/phyworld/scripts/rollout_eval_id1k.py:296: ConstantInputWarning: An input array is constant; the correlation coefficient is not defined.
  rhos = [pearsonr(vel_all[m][:, d], pv[:, d])[0] for d in range(vel_all.shape[1])]
/home/likun-share/junjxu/wm/phyworld/scripts/rollout_eval_id1k.py:296: NearConstantInputWarning: An input array is nearly constant; the computed correlation coefficient may be inaccurate.
  rhos = [pearsonr(vel_all[m][:, d], pv[:, d])[0] for d in range(vel_all.shape[1])]
/home/likun-share/junjxu/wm/phyworld/scripts/rollout_eval_id1k.py:296: NearConstantInputWarning: An input array is nearly constant; the computed correlation coefficient may be inaccurate.
  rhos = [pearsonr(vel_all[m][:, d], pv[:, d])[0] for d in range(vel_all.shape[1])]

=== parabola AR ROLLOUT (LeWM ID-only FT, history_size=3) ===
--- latent fidelity (pred vs real emb), test trajs, by partition ---
  ID         n=  464  cos=+0.9890  nMSE=0.0116
  r/m-OOD    n=  319  cos=+0.9440  nMSE=0.1149
  v-OOD      n=  928  cos=+0.8417  nMSE=0.4283
  both-OOD   n= 1189  cos=+0.8231  nMSE=0.5565

--- latent fidelity vs horizon (test, aggregate) ---
  h=  1  n=  100  cos=+0.9715  nMSE=0.0530
  h=  2  n=  100  cos=+0.9479  nMSE=0.0896
  h=  4  n=  100  cos=+0.9296  nMSE=0.1514
  h=  8  n=  100  cos=+0.9271  nMSE=0.2498
  h= 16  n=  100  cos=+0.7683  nMSE=0.9094
  h= 28  n=  100  cos=+0.9667  nMSE=229602.5625

--- decoded pos/vel ρ from ROLLED-OUT latents (test), by partition ---
  [baseline] probe applied to REAL embs:
  REAL ID                   pos0ρ=+0.944  pos1ρ=+0.975  vel0ρ=+0.220  vel1ρ=+0.982
  REAL r/m-OOD              pos0ρ=+0.912  pos1ρ=+0.974  vel0ρ=+0.441  vel1ρ=+0.981
  REAL v-OOD                pos0ρ=+0.883  pos1ρ=+0.900  vel0ρ=+0.614  vel1ρ=+0.949
  REAL both-OOD             pos0ρ=+0.849  pos1ρ=+0.911  vel0ρ=+0.647  vel1ρ=+0.957
  [rollout] probe applied to PREDICTED embs:
  PRED ID                   pos0ρ=+0.931  pos1ρ=+0.963  vel0ρ=+0.229  vel1ρ=+0.971
  PRED r/m-OOD              pos0ρ=+0.896  pos1ρ=+0.942  vel0ρ=+0.386  vel1ρ=+0.963
  PRED v-OOD                pos0ρ=+0.815  pos1ρ=+0.854  vel0ρ=+0.746  vel1ρ=+0.858
  PRED both-OOD             pos0ρ=+0.762  pos1ρ=+0.833  vel0ρ=+0.774  vel1ρ=+0.820

--- decoded vel ρ from PRED latents vs horizon (test, aggregate) ---
  h=  1  n=  100  vel0ρ=+0.386  vel1ρ=+0.127
  h=  2  n=  100  vel0ρ=+0.494  vel1ρ=-0.121
  h=  4  n=  100  vel0ρ=+0.535  vel1ρ=+0.002
  h=  8  n=  100  vel0ρ=+0.766  vel1ρ=+nan
  h= 16  n=  100  vel0ρ=+0.936  vel1ρ=-0.209
  h= 28  n=  100  vel0ρ=+0.974  vel1ρ=-0.045

--- [K=4] decoded pos/vel ρ from ROLLED-OUT latents (test), by partition ---
  [K=4] probe applied to PREDICTED embs (stack 4 consecutive predicted latents):
  PRED-K4 ID          pos0ρ=+0.931  pos1ρ=+0.970  vel0ρ=+0.609  vel1ρ=+0.976
  PRED-K4 r/m-OOD     pos0ρ=+0.913  pos1ρ=+0.955  vel0ρ=+0.641  vel1ρ=+0.966
  PRED-K4 v-OOD       pos0ρ=+0.809  pos1ρ=+0.780  vel0ρ=+0.814  vel1ρ=+0.731
  PRED-K4 both-OOD    pos0ρ=+0.789  pos1ρ=+0.747  vel0ρ=+0.882  vel1ρ=+0.669

--- [K=4] decoded vel ρ from PRED latents vs horizon (test, aggregate) ---
  h=  4  n=  100  vel0ρ=+0.845  vel1ρ=-0.026
  h=  8  n=  100  vel0ρ=+0.940  vel1ρ=+nan
  h= 16  n=  100  vel0ρ=+0.942  vel1ρ=-0.252
  h= 28  n=  100  vel0ρ=+0.598  vel1ρ=-0.037

Total 63s
