[norm] action mean=[-0.01484401  0.          0.01575156  0.        ], std=[7.72976437e-02 1.00000000e-08 8.20558954e-02 1.00000000e-08]  (from phyworld_collision_id1k.h5)
[ckpt] /data1/likun-share/junjxu/.stable_worldmodel/collision_probeF2_structpos_pw30_fr/collision_probeF2_structpos_pw30_fr_epoch_20_object.ckpt  tag=collision_probeF2_structpos_pw30_fr
  rolled out 100 trajs, t=14s
  rolled out 200 trajs, t=26s
  rolled out 300 trajs, t=37s
  rolled out 400 trajs, t=49s
  rolled out 500 trajs, t=60s

[data] 500 trajs, 14500 (frame,pred) pairs, emb dim=192

=== collision AR ROLLOUT (LeWM ID-only FT, history_size=3) ===
--- latent fidelity (pred vs real emb), test trajs, by partition ---
  ID         n=  203  cos=+0.8254  nMSE=0.3392
  r/m-OOD    n=  754  cos=+0.8799  nMSE=0.2550
  v-OOD      n=  290  cos=+0.7353  nMSE=0.5421
  both-OOD   n= 1653  cos=+0.7047  nMSE=0.6071

--- latent fidelity vs horizon (test, aggregate) ---
  h=  1  n=  100  cos=+0.9909  nMSE=0.0268
  h=  2  n=  100  cos=+0.9802  nMSE=0.0512
  h=  4  n=  100  cos=+0.9443  nMSE=0.1308
  h=  8  n=  100  cos=+0.8710  nMSE=0.3048
  h= 16  n=  100  cos=+0.7560  nMSE=0.4897
  h= 28  n=  100  cos=+0.5583  nMSE=0.9818

--- decoded pos/vel ρ from ROLLED-OUT latents (test), by partition ---
  [baseline] probe applied to REAL embs:
  REAL ID                   pos0ρ=+0.949  pos1ρ=+0.966  vel0ρ=+0.721  vel1ρ=+0.776
  REAL r/m-OOD              pos0ρ=+0.840  pos1ρ=+0.796  vel0ρ=+0.790  vel1ρ=+0.751
  REAL v-OOD                pos0ρ=+0.951  pos1ρ=+0.932  vel0ρ=+0.735  vel1ρ=+0.738
  REAL both-OOD             pos0ρ=+0.909  pos1ρ=+0.864  vel0ρ=+0.900  vel1ρ=+0.780
  [rollout] probe applied to PREDICTED embs:
  PRED ID                   pos0ρ=+0.621  pos1ρ=+0.746  vel0ρ=+0.455  vel1ρ=+0.615
  PRED r/m-OOD              pos0ρ=+0.817  pos1ρ=+0.841  vel0ρ=+0.744  vel1ρ=+0.704
  PRED v-OOD                pos0ρ=+0.635  pos1ρ=+0.714  vel0ρ=+0.286  vel1ρ=+0.680
  PRED both-OOD             pos0ρ=+0.758  pos1ρ=+0.813  vel0ρ=+0.775  vel1ρ=+0.746

--- decoded vel ρ from PRED latents vs horizon (test, aggregate) ---
  h=  1  n=  100  vel0ρ=+0.131  vel1ρ=-0.001
  h=  2  n=  100  vel0ρ=+0.155  vel1ρ=+0.032
  h=  4  n=  100  vel0ρ=+0.157  vel1ρ=+0.076
  h=  8  n=  100  vel0ρ=+0.531  vel1ρ=+0.395
  h= 16  n=  100  vel0ρ=+0.863  vel1ρ=+0.813
  h= 28  n=  100  vel0ρ=+0.861  vel1ρ=+0.867

--- [K=4] decoded pos/vel ρ from ROLLED-OUT latents (test), by partition ---
  [K=4] probe applied to PREDICTED embs (stack 4 consecutive predicted latents):
  PRED-K4 ID          pos0ρ=+0.528  pos1ρ=+0.756  vel0ρ=+0.615  vel1ρ=+0.769
  PRED-K4 r/m-OOD     pos0ρ=+0.836  pos1ρ=+0.858  vel0ρ=+0.822  vel1ρ=+0.795
  PRED-K4 v-OOD       pos0ρ=+0.454  pos1ρ=+0.687  vel0ρ=+0.449  vel1ρ=+0.706
  PRED-K4 both-OOD    pos0ρ=+0.784  pos1ρ=+0.825  vel0ρ=+0.827  vel1ρ=+0.766

--- [K=4] decoded vel ρ from PRED latents vs horizon (test, aggregate) ---
  h=  4  n=  100  vel0ρ=+0.286  vel1ρ=+0.075
  h=  8  n=  100  vel0ρ=+0.787  vel1ρ=+0.571
  h= 16  n=  100  vel0ρ=+0.817  vel1ρ=+0.848
  h= 28  n=  100  vel0ρ=+0.819  vel1ρ=+0.855

Total 61s
