[norm] action mean=[-0.01484401  0.          0.01575156  0.        ], std=[7.72976437e-02 1.00000000e-08 8.20558954e-02 1.00000000e-08]  (from phyworld_collision_id1k.h5)
[ckpt] /data1/likun-share/junjxu/.stable_worldmodel/collision_structpos_fr_id1k/collision_structpos_fr_id1k_epoch_20_object.ckpt  tag=collision_structpos_fr_id1k
  rolled out 100 trajs, t=14s
  rolled out 200 trajs, t=26s
  rolled out 300 trajs, t=38s
  rolled out 400 trajs, t=50s
  rolled out 500 trajs, t=61s

[data] 500 trajs, 14500 (frame,pred) pairs, emb dim=192

=== collision AR ROLLOUT (LeWM ID-only FT, history_size=3) ===
--- latent fidelity (pred vs real emb), test trajs, by partition ---
  ID         n=  203  cos=+0.7858  nMSE=0.4689
  r/m-OOD    n=  754  cos=+0.8740  nMSE=0.2744
  v-OOD      n=  290  cos=+0.7352  nMSE=0.5662
  both-OOD   n= 1653  cos=+0.7107  nMSE=0.6507

--- latent fidelity vs horizon (test, aggregate) ---
  h=  1  n=  100  cos=+0.9956  nMSE=0.0115
  h=  2  n=  100  cos=+0.9900  nMSE=0.0241
  h=  4  n=  100  cos=+0.9715  nMSE=0.0667
  h=  8  n=  100  cos=+0.9181  nMSE=0.1969
  h= 16  n=  100  cos=+0.7450  nMSE=0.5866
  h= 28  n=  100  cos=+0.5123  nMSE=1.0854

--- decoded pos/vel ρ from ROLLED-OUT latents (test), by partition ---
  [baseline] probe applied to REAL embs:
  REAL ID                   pos0ρ=+0.866  pos1ρ=+0.917  vel0ρ=+0.768  vel1ρ=+0.698
  REAL r/m-OOD              pos0ρ=+0.813  pos1ρ=+0.805  vel0ρ=+0.740  vel1ρ=+0.729
  REAL v-OOD                pos0ρ=+0.923  pos1ρ=+0.912  vel0ρ=+0.787  vel1ρ=+0.626
  REAL both-OOD             pos0ρ=+0.905  pos1ρ=+0.867  vel0ρ=+0.897  vel1ρ=+0.774
  [rollout] probe applied to PREDICTED embs:
  PRED ID                   pos0ρ=+0.527  pos1ρ=+0.549  vel0ρ=+0.438  vel1ρ=+0.303
  PRED r/m-OOD              pos0ρ=+0.787  pos1ρ=+0.713  vel0ρ=+0.680  vel1ρ=+0.617
  PRED v-OOD                pos0ρ=+0.525  pos1ρ=+0.522  vel0ρ=+0.174  vel1ρ=+0.279
  PRED both-OOD             pos0ρ=+0.721  pos1ρ=+0.657  vel0ρ=+0.736  vel1ρ=+0.648

--- decoded vel ρ from PRED latents vs horizon (test, aggregate) ---
  h=  1  n=  100  vel0ρ=+0.073  vel1ρ=+0.092
  h=  2  n=  100  vel0ρ=+0.119  vel1ρ=+0.120
  h=  4  n=  100  vel0ρ=+0.114  vel1ρ=+0.152
  h=  8  n=  100  vel0ρ=+0.452  vel1ρ=+0.504
  h= 16  n=  100  vel0ρ=+0.790  vel1ρ=+0.714
  h= 28  n=  100  vel0ρ=+0.813  vel1ρ=+0.755

--- [K=4] decoded pos/vel ρ from ROLLED-OUT latents (test), by partition ---
  [K=4] probe applied to PREDICTED embs (stack 4 consecutive predicted latents):
  PRED-K4 ID          pos0ρ=+0.536  pos1ρ=+0.603  vel0ρ=+0.395  vel1ρ=+0.469
  PRED-K4 r/m-OOD     pos0ρ=+0.806  pos1ρ=+0.677  vel0ρ=+0.606  vel1ρ=+0.580
  PRED-K4 v-OOD       pos0ρ=+0.331  pos1ρ=+0.530  vel0ρ=-0.037  vel1ρ=+0.426
  PRED-K4 both-OOD    pos0ρ=+0.730  pos1ρ=+0.601  vel0ρ=+0.711  vel1ρ=+0.620

--- [K=4] decoded vel ρ from PRED latents vs horizon (test, aggregate) ---
  h=  4  n=  100  vel0ρ=+0.132  vel1ρ=+0.038
  h=  8  n=  100  vel0ρ=+0.039  vel1ρ=+0.224
  h= 16  n=  100  vel0ρ=+0.756  vel1ρ=+0.667
  h= 28  n=  100  vel0ρ=+0.782  vel1ρ=+0.725

Total 62s
