[norm] action mean=[-0.01484401  0.          0.01575156  0.        ], std=[7.72976437e-02 1.00000000e-08 8.20558954e-02 1.00000000e-08]  (from phyworld_collision_id1k.h5)
[ckpt] /data1/likun-share/junjxu/.stable_worldmodel/collision_grounded_const_id1k/collision_grounded_const_id1k_epoch_20_object.ckpt  tag=collision_grounded_const_id1k
  rolled out 100 trajs, t=15s
  rolled out 200 trajs, t=27s
  rolled out 300 trajs, t=39s
  rolled out 400 trajs, t=51s
  rolled out 500 trajs, t=63s

[data] 500 trajs, 14500 (frame,pred) pairs, emb dim=192

=== collision AR ROLLOUT (LeWM ID-only FT, history_size=3) ===
--- latent fidelity (pred vs real emb), test trajs, by partition ---
  ID         n=  203  cos=+0.8608  nMSE=0.3092
  r/m-OOD    n=  754  cos=+0.8228  nMSE=0.3520
  v-OOD      n=  290  cos=+0.7419  nMSE=0.5976
  both-OOD   n= 1653  cos=+0.7507  nMSE=0.5245

--- latent fidelity vs horizon (test, aggregate) ---
  h=  1  n=  100  cos=+0.9959  nMSE=0.0104
  h=  2  n=  100  cos=+0.9909  nMSE=0.0221
  h=  4  n=  100  cos=+0.9768  nMSE=0.0541
  h=  8  n=  100  cos=+0.9463  nMSE=0.1279
  h= 16  n=  100  cos=+0.8059  nMSE=0.4261
  h= 28  n=  100  cos=+0.4570  nMSE=1.1691

--- decoded pos/vel ρ from ROLLED-OUT latents (test), by partition ---
  [baseline] probe applied to REAL embs:
  REAL ID                   pos0ρ=+0.945  pos1ρ=+0.918  vel0ρ=+0.759  vel1ρ=+0.769
  REAL r/m-OOD              pos0ρ=+0.835  pos1ρ=+0.818  vel0ρ=+0.759  vel1ρ=+0.763
  REAL v-OOD                pos0ρ=+0.938  pos1ρ=+0.873  vel0ρ=+0.660  vel1ρ=+0.640
  REAL both-OOD             pos0ρ=+0.906  pos1ρ=+0.867  vel0ρ=+0.898  vel1ρ=+0.779
  [rollout] probe applied to PREDICTED embs:
  PRED ID                   pos0ρ=+0.520  pos1ρ=+0.460  vel0ρ=+0.359  vel1ρ=+0.551
  PRED r/m-OOD              pos0ρ=+0.083  pos1ρ=+0.512  vel0ρ=+0.476  vel1ρ=+0.436
  PRED v-OOD                pos0ρ=+0.411  pos1ρ=+0.220  vel0ρ=+0.441  vel1ρ=+0.070
  PRED both-OOD             pos0ρ=+0.135  pos1ρ=+0.660  vel0ρ=+0.550  vel1ρ=+0.553

--- decoded vel ρ from PRED latents vs horizon (test, aggregate) ---
  h=  1  n=  100  vel0ρ=+0.061  vel1ρ=+0.240
  h=  2  n=  100  vel0ρ=+0.076  vel1ρ=+0.282
  h=  4  n=  100  vel0ρ=+0.179  vel1ρ=+0.289
  h=  8  n=  100  vel0ρ=+0.642  vel1ρ=+0.493
  h= 16  n=  100  vel0ρ=+0.642  vel1ρ=+0.642
  h= 28  n=  100  vel0ρ=+0.304  vel1ρ=+0.547

--- [K=4] decoded pos/vel ρ from ROLLED-OUT latents (test), by partition ---
  [K=4] probe applied to PREDICTED embs (stack 4 consecutive predicted latents):
  PRED-K4 ID          pos0ρ=+0.566  pos1ρ=+0.488  vel0ρ=+0.300  vel1ρ=+0.718
  PRED-K4 r/m-OOD     pos0ρ=+0.123  pos1ρ=+0.470  vel0ρ=+0.376  vel1ρ=+0.487
  PRED-K4 v-OOD       pos0ρ=+0.542  pos1ρ=+0.247  vel0ρ=+0.229  vel1ρ=+0.271
  PRED-K4 both-OOD    pos0ρ=+0.238  pos1ρ=+0.665  vel0ρ=+0.386  vel1ρ=+0.666

--- [K=4] decoded vel ρ from PRED latents vs horizon (test, aggregate) ---
  h=  4  n=  100  vel0ρ=+0.246  vel1ρ=+0.174
  h=  8  n=  100  vel0ρ=+0.442  vel1ρ=+0.530
  h= 16  n=  100  vel0ρ=+0.460  vel1ρ=+0.705
  h= 28  n=  100  vel0ρ=+0.220  vel1ρ=+0.632

Total 64s
