[norm] action mean=[ 0.24667731 -0.40296947], std=[0.08836433 0.229554  ]  (from phyworld_parabola_id1k.h5)
[ckpt] /data1/likun-share/junjxu/.stable_worldmodel/parabola_structpos_fr_id1k/parabola_structpos_fr_id1k_epoch_20_object.ckpt  tag=parabola_structpos_fr_id1k
  rolled out 100 trajs, t=14s
  rolled out 200 trajs, t=26s
  rolled out 300 trajs, t=38s
  rolled out 400 trajs, t=50s
  rolled out 500 trajs, t=61s

[data] 500 trajs, 14500 (frame,pred) pairs, emb dim=192
/home/likun-share/junjxu/wm/phyworld/scripts/rollout_eval_id1k.py:242: ConstantInputWarning: An input array is constant; the correlation coefficient is not defined.
  rhos = [pearsonr(vel_all[m][:, d], pv[:, d])[0] for d in range(vel_all.shape[1])]
/home/likun-share/junjxu/wm/phyworld/scripts/rollout_eval_id1k.py:242: NearConstantInputWarning: An input array is nearly constant; the computed correlation coefficient may be inaccurate.
  rhos = [pearsonr(vel_all[m][:, d], pv[:, d])[0] for d in range(vel_all.shape[1])]
/home/likun-share/junjxu/wm/phyworld/scripts/rollout_eval_id1k.py:242: NearConstantInputWarning: An input array is nearly constant; the computed correlation coefficient may be inaccurate.
  rhos = [pearsonr(vel_all[m][:, d], pv[:, d])[0] for d in range(vel_all.shape[1])]
/home/likun-share/junjxu/wm/phyworld/scripts/rollout_eval_id1k.py:296: ConstantInputWarning: An input array is constant; the correlation coefficient is not defined.
  rhos = [pearsonr(vel_all[m][:, d], pv[:, d])[0] for d in range(vel_all.shape[1])]
/home/likun-share/junjxu/wm/phyworld/scripts/rollout_eval_id1k.py:296: NearConstantInputWarning: An input array is nearly constant; the computed correlation coefficient may be inaccurate.
  rhos = [pearsonr(vel_all[m][:, d], pv[:, d])[0] for d in range(vel_all.shape[1])]
/home/likun-share/junjxu/wm/phyworld/scripts/rollout_eval_id1k.py:296: NearConstantInputWarning: An input array is nearly constant; the computed correlation coefficient may be inaccurate.
  rhos = [pearsonr(vel_all[m][:, d], pv[:, d])[0] for d in range(vel_all.shape[1])]

=== parabola AR ROLLOUT (LeWM ID-only FT, history_size=3) ===
--- latent fidelity (pred vs real emb), test trajs, by partition ---
  ID         n=  464  cos=+0.9884  nMSE=0.0149
  r/m-OOD    n=  319  cos=+0.9465  nMSE=0.1559
  v-OOD      n=  928  cos=+0.8895  nMSE=0.1465
  both-OOD   n= 1189  cos=+0.8744  nMSE=0.2581

--- latent fidelity vs horizon (test, aggregate) ---
  h=  1  n=  100  cos=+0.9869  nMSE=0.0328
  h=  2  n=  100  cos=+0.9764  nMSE=0.0597
  h=  4  n=  100  cos=+0.9605  nMSE=0.1003
  h=  8  n=  100  cos=+0.9443  nMSE=0.1450
  h= 16  n=  100  cos=+0.8010  nMSE=0.2347
  h= 28  n=  100  cos=+0.9782  nMSE=279161.3750

--- decoded pos/vel ρ from ROLLED-OUT latents (test), by partition ---
  [baseline] probe applied to REAL embs:
  REAL ID                   pos0ρ=+0.951  pos1ρ=+0.983  vel0ρ=+0.306  vel1ρ=+0.987
  REAL r/m-OOD              pos0ρ=+0.917  pos1ρ=+0.980  vel0ρ=+0.461  vel1ρ=+0.984
  REAL v-OOD                pos0ρ=+0.888  pos1ρ=+0.903  vel0ρ=+0.605  vel1ρ=+0.951
  REAL both-OOD             pos0ρ=+0.855  pos1ρ=+0.915  vel0ρ=+0.633  vel1ρ=+0.959
  [rollout] probe applied to PREDICTED embs:
  PRED ID                   pos0ρ=+0.950  pos1ρ=+0.983  vel0ρ=+0.344  vel1ρ=+0.986
  PRED r/m-OOD              pos0ρ=+0.901  pos1ρ=+0.975  vel0ρ=+0.521  vel1ρ=+0.976
  PRED v-OOD                pos0ρ=+0.881  pos1ρ=+0.911  vel0ρ=+0.640  vel1ρ=+0.945
  PRED both-OOD             pos0ρ=+0.844  pos1ρ=+0.916  vel0ρ=+0.713  vel1ρ=+0.952

--- decoded vel ρ from PRED latents vs horizon (test, aggregate) ---
  h=  1  n=  100  vel0ρ=+0.166  vel1ρ=-0.256
  h=  2  n=  100  vel0ρ=+0.221  vel1ρ=+0.102
  h=  4  n=  100  vel0ρ=+0.448  vel1ρ=-0.268
  h=  8  n=  100  vel0ρ=+0.519  vel1ρ=+nan
  h= 16  n=  100  vel0ρ=+0.923  vel1ρ=+0.177
  h= 28  n=  100  vel0ρ=+0.880  vel1ρ=+0.073

--- [K=4] decoded pos/vel ρ from ROLLED-OUT latents (test), by partition ---
  [K=4] probe applied to PREDICTED embs (stack 4 consecutive predicted latents):
  PRED-K4 ID          pos0ρ=+0.941  pos1ρ=+0.987  vel0ρ=+0.677  vel1ρ=+0.987
  PRED-K4 r/m-OOD     pos0ρ=+0.908  pos1ρ=+0.976  vel0ρ=+0.585  vel1ρ=+0.978
  PRED-K4 v-OOD       pos0ρ=+0.918  pos1ρ=+0.911  vel0ρ=+0.790  vel1ρ=+0.945
  PRED-K4 both-OOD    pos0ρ=+0.895  pos1ρ=+0.905  vel0ρ=+0.803  vel1ρ=+0.931

--- [K=4] decoded vel ρ from PRED latents vs horizon (test, aggregate) ---
  h=  4  n=  100  vel0ρ=+0.859  vel1ρ=-0.286
  h=  8  n=  100  vel0ρ=+0.818  vel1ρ=+nan
  h= 16  n=  100  vel0ρ=+0.814  vel1ρ=+0.226
  h= 28  n=  100  vel0ρ=+0.556  vel1ρ=+0.048

Total 62s
