[norm] action mean=[-0.01484401  0.          0.01575156  0.        ], std=[7.72976437e-02 1.00000000e-08 8.20558954e-02 1.00000000e-08]  (from phyworld_collision_id1k.h5)
[ckpt] /data1/likun-share/junjxu/.stable_worldmodel/collision_probeF2_fr/collision_probeF2_fr_epoch_20_object.ckpt  tag=collision_probeF2_fr
  rolled out 100 trajs, t=16s
  rolled out 200 trajs, t=29s
  rolled out 300 trajs, t=41s
  rolled out 400 trajs, t=54s
  rolled out 500 trajs, t=67s

[data] 500 trajs, 14500 (frame,pred) pairs, emb dim=192

=== collision AR ROLLOUT (LeWM ID-only FT, history_size=3) ===
--- latent fidelity (pred vs real emb), test trajs, by partition ---
  ID         n=  203  cos=+0.7866  nMSE=0.4494
  r/m-OOD    n=  754  cos=+0.8802  nMSE=0.2468
  v-OOD      n=  290  cos=+0.6716  nMSE=0.6903
  both-OOD   n= 1653  cos=+0.6820  nMSE=0.6468

--- latent fidelity vs horizon (test, aggregate) ---
  h=  1  n=  100  cos=+0.9910  nMSE=0.0241
  h=  2  n=  100  cos=+0.9794  nMSE=0.0509
  h=  4  n=  100  cos=+0.9391  nMSE=0.1396
  h=  8  n=  100  cos=+0.8609  nMSE=0.3253
  h= 16  n=  100  cos=+0.7442  nMSE=0.5197
  h= 28  n=  100  cos=+0.5157  nMSE=1.0047

--- decoded pos/vel ρ from ROLLED-OUT latents (test), by partition ---
  [baseline] probe applied to REAL embs:
  REAL ID                   pos0ρ=+0.920  pos1ρ=+0.925  vel0ρ=+0.679  vel1ρ=+0.746
  REAL r/m-OOD              pos0ρ=+0.838  pos1ρ=+0.800  vel0ρ=+0.783  vel1ρ=+0.736
  REAL v-OOD                pos0ρ=+0.907  pos1ρ=+0.906  vel0ρ=+0.573  vel1ρ=+0.703
  REAL both-OOD             pos0ρ=+0.900  pos1ρ=+0.853  vel0ρ=+0.879  vel1ρ=+0.775
  [rollout] probe applied to PREDICTED embs:
  PRED ID                   pos0ρ=+0.528  pos1ρ=+0.464  vel0ρ=+0.455  vel1ρ=+0.467
  PRED r/m-OOD              pos0ρ=+0.794  pos1ρ=+0.758  vel0ρ=+0.749  vel1ρ=+0.622
  PRED v-OOD                pos0ρ=+0.756  pos1ρ=+0.737  vel0ρ=+0.280  vel1ρ=+0.500
  PRED both-OOD             pos0ρ=+0.738  pos1ρ=+0.605  vel0ρ=+0.819  vel1ρ=+0.471

--- decoded vel ρ from PRED latents vs horizon (test, aggregate) ---
  h=  1  n=  100  vel0ρ=-0.057  vel1ρ=-0.013
  h=  2  n=  100  vel0ρ=-0.023  vel1ρ=+0.029
  h=  4  n=  100  vel0ρ=+0.040  vel1ρ=+0.076
  h=  8  n=  100  vel0ρ=+0.520  vel1ρ=+0.412
  h= 16  n=  100  vel0ρ=+0.897  vel1ρ=+0.665
  h= 28  n=  100  vel0ρ=+0.866  vel1ρ=+0.628

--- [K=4] decoded pos/vel ρ from ROLLED-OUT latents (test), by partition ---
  [K=4] probe applied to PREDICTED embs (stack 4 consecutive predicted latents):
  PRED-K4 ID          pos0ρ=+0.592  pos1ρ=+0.557  vel0ρ=+0.458  vel1ρ=+0.584
  PRED-K4 r/m-OOD     pos0ρ=+0.839  pos1ρ=+0.778  vel0ρ=+0.730  vel1ρ=+0.689
  PRED-K4 v-OOD       pos0ρ=+0.709  pos1ρ=+0.760  vel0ρ=+0.262  vel1ρ=+0.550
  PRED-K4 both-OOD    pos0ρ=+0.772  pos1ρ=+0.678  vel0ρ=+0.749  vel1ρ=+0.689

--- [K=4] decoded vel ρ from PRED latents vs horizon (test, aggregate) ---
  h=  4  n=  100  vel0ρ=+0.165  vel1ρ=+0.132
  h=  8  n=  100  vel0ρ=+0.375  vel1ρ=+0.629
  h= 16  n=  100  vel0ρ=+0.823  vel1ρ=+0.723
  h= 28  n=  100  vel0ρ=+0.823  vel1ρ=+0.769

Total 68s
