[norm] action mean=[0.24667731 0.        ], std=[8.83643282e-02 1.00000000e-08]  (from phyworld_uniform_motion_id1k.h5)
[ckpt] /data1/likun-share/junjxu/.stable_worldmodel/pp2_um_scratch_on/pp2_um_scratch_on_epoch_60_object.ckpt  tag=pp2_um_scratch_on
  rolled out 100 trajs, t=15s
  rolled out 200 trajs, t=28s
  rolled out 300 trajs, t=40s
  rolled out 400 trajs, t=53s
  rolled out 500 trajs, t=65s

[data] 500 trajs, 14500 (frame,pred) pairs, emb dim=192
/home/likun-share/junjxu/wm/phyworld/scripts/rollout_eval_id1k.py:197: ConstantInputWarning: An input array is constant; the correlation coefficient is not defined.
  rho = pearsonr(vel_all[mask][:, d], pv[:, d])[0]
/home/likun-share/junjxu/wm/phyworld/scripts/rollout_eval_id1k.py:197: ConstantInputWarning: An input array is constant; the correlation coefficient is not defined.
  rho = pearsonr(vel_all[mask][:, d], pv[:, d])[0]
/home/likun-share/junjxu/wm/phyworld/scripts/rollout_eval_id1k.py:197: ConstantInputWarning: An input array is constant; the correlation coefficient is not defined.
  rho = pearsonr(vel_all[mask][:, d], pv[:, d])[0]
/home/likun-share/junjxu/wm/phyworld/scripts/rollout_eval_id1k.py:197: ConstantInputWarning: An input array is constant; the correlation coefficient is not defined.
  rho = pearsonr(vel_all[mask][:, d], pv[:, d])[0]
/home/likun-share/junjxu/wm/phyworld/scripts/rollout_eval_id1k.py:197: ConstantInputWarning: An input array is constant; the correlation coefficient is not defined.
  rho = pearsonr(vel_all[mask][:, d], pv[:, d])[0]
/home/likun-share/junjxu/wm/phyworld/scripts/rollout_eval_id1k.py:197: ConstantInputWarning: An input array is constant; the correlation coefficient is not defined.
  rho = pearsonr(vel_all[mask][:, d], pv[:, d])[0]
/home/likun-share/junjxu/wm/phyworld/scripts/rollout_eval_id1k.py:197: ConstantInputWarning: An input array is constant; the correlation coefficient is not defined.
  rho = pearsonr(vel_all[mask][:, d], pv[:, d])[0]
/home/likun-share/junjxu/wm/phyworld/scripts/rollout_eval_id1k.py:197: ConstantInputWarning: An input array is constant; the correlation coefficient is not defined.
  rho = pearsonr(vel_all[mask][:, d], pv[:, d])[0]
/home/likun-share/junjxu/wm/phyworld/scripts/rollout_eval_id1k.py:242: ConstantInputWarning: An input array is constant; the correlation coefficient is not defined.
  rhos = [pearsonr(vel_all[m][:, d], pv[:, d])[0] for d in range(vel_all.shape[1])]
/home/likun-share/junjxu/wm/phyworld/scripts/rollout_eval_id1k.py:242: ConstantInputWarning: An input array is constant; the correlation coefficient is not defined.
  rhos = [pearsonr(vel_all[m][:, d], pv[:, d])[0] for d in range(vel_all.shape[1])]
/home/likun-share/junjxu/wm/phyworld/scripts/rollout_eval_id1k.py:242: ConstantInputWarning: An input array is constant; the correlation coefficient is not defined.
  rhos = [pearsonr(vel_all[m][:, d], pv[:, d])[0] for d in range(vel_all.shape[1])]
/home/likun-share/junjxu/wm/phyworld/scripts/rollout_eval_id1k.py:242: ConstantInputWarning: An input array is constant; the correlation coefficient is not defined.
  rhos = [pearsonr(vel_all[m][:, d], pv[:, d])[0] for d in range(vel_all.shape[1])]
/home/likun-share/junjxu/wm/phyworld/scripts/rollout_eval_id1k.py:242: ConstantInputWarning: An input array is constant; the correlation coefficient is not defined.
  rhos = [pearsonr(vel_all[m][:, d], pv[:, d])[0] for d in range(vel_all.shape[1])]
/home/likun-share/junjxu/wm/phyworld/scripts/rollout_eval_id1k.py:242: ConstantInputWarning: An input array is constant; the correlation coefficient is not defined.
  rhos = [pearsonr(vel_all[m][:, d], pv[:, d])[0] for d in range(vel_all.shape[1])]
/home/likun-share/junjxu/wm/phyworld/scripts/rollout_eval_id1k.py:288: ConstantInputWarning: An input array is constant; the correlation coefficient is not defined.
  line += f"  vel{d}ρ={pearsonr(vel_all[m][:, d], pv[:, d])[0]:+.3f}"
/home/likun-share/junjxu/wm/phyworld/scripts/rollout_eval_id1k.py:288: ConstantInputWarning: An input array is constant; the correlation coefficient is not defined.
  line += f"  vel{d}ρ={pearsonr(vel_all[m][:, d], pv[:, d])[0]:+.3f}"
/home/likun-share/junjxu/wm/phyworld/scripts/rollout_eval_id1k.py:288: ConstantInputWarning: An input array is constant; the correlation coefficient is not defined.
  line += f"  vel{d}ρ={pearsonr(vel_all[m][:, d], pv[:, d])[0]:+.3f}"
/home/likun-share/junjxu/wm/phyworld/scripts/rollout_eval_id1k.py:288: ConstantInputWarning: An input array is constant; the correlation coefficient is not defined.
  line += f"  vel{d}ρ={pearsonr(vel_all[m][:, d], pv[:, d])[0]:+.3f}"
/home/likun-share/junjxu/wm/phyworld/scripts/rollout_eval_id1k.py:296: ConstantInputWarning: An input array is constant; the correlation coefficient is not defined.
  rhos = [pearsonr(vel_all[m][:, d], pv[:, d])[0] for d in range(vel_all.shape[1])]
/home/likun-share/junjxu/wm/phyworld/scripts/rollout_eval_id1k.py:296: ConstantInputWarning: An input array is constant; the correlation coefficient is not defined.
  rhos = [pearsonr(vel_all[m][:, d], pv[:, d])[0] for d in range(vel_all.shape[1])]
/home/likun-share/junjxu/wm/phyworld/scripts/rollout_eval_id1k.py:296: ConstantInputWarning: An input array is constant; the correlation coefficient is not defined.
  rhos = [pearsonr(vel_all[m][:, d], pv[:, d])[0] for d in range(vel_all.shape[1])]
/home/likun-share/junjxu/wm/phyworld/scripts/rollout_eval_id1k.py:296: ConstantInputWarning: An input array is constant; the correlation coefficient is not defined.
  rhos = [pearsonr(vel_all[m][:, d], pv[:, d])[0] for d in range(vel_all.shape[1])]

=== uniform_motion AR ROLLOUT (LeWM ID-only FT, history_size=3) ===
--- latent fidelity (pred vs real emb), test trajs, by partition ---
  ID         n=  406  cos=+0.9771  nMSE=0.0367
  r/m-OOD    n=  464  cos=+0.7326  nMSE=1.0117
  v-OOD      n=  841  cos=+0.9787  nMSE=0.0456
  both-OOD   n= 1189  cos=+0.6917  nMSE=0.7500

--- latent fidelity vs horizon (test, aggregate) ---
  h=  1  n=  100  cos=+0.9676  nMSE=0.1113
  h=  2  n=  100  cos=+0.9620  nMSE=0.1283
  h=  4  n=  100  cos=+0.9416  nMSE=0.1448
  h=  8  n=  100  cos=+0.8872  nMSE=0.2494
  h= 16  n=  100  cos=+0.8107  nMSE=0.4882
  h= 28  n=  100  cos=+0.7216  nMSE=1.2754

--- decoded pos/vel ρ from ROLLED-OUT latents (test), by partition ---
  [baseline] probe applied to REAL embs:
  REAL ID                   pos0ρ=+0.984  pos1ρ=+0.984  vel0ρ=+0.200  vel1ρ=+nan
  REAL r/m-OOD              pos0ρ=+0.964  pos1ρ=+0.907  vel0ρ=+0.416  vel1ρ=+nan
  REAL v-OOD                pos0ρ=+0.959  pos1ρ=+0.832  vel0ρ=+0.429  vel1ρ=+nan
  REAL both-OOD             pos0ρ=+0.933  pos1ρ=+0.832  vel0ρ=+0.517  vel1ρ=+nan
  [rollout] probe applied to PREDICTED embs:
  PRED ID                   pos0ρ=+0.953  pos1ρ=+0.924  vel0ρ=+0.223  vel1ρ=+nan
  PRED r/m-OOD              pos0ρ=+0.149  pos1ρ=+0.129  vel0ρ=+0.085  vel1ρ=+nan
  PRED v-OOD                pos0ρ=+0.955  pos1ρ=+0.964  vel0ρ=+0.328  vel1ρ=+nan
  PRED both-OOD             pos0ρ=+0.023  pos1ρ=+0.462  vel0ρ=-0.012  vel1ρ=+nan

--- decoded vel ρ from PRED latents vs horizon (test, aggregate) ---
  h=  1  n=  100  vel0ρ=+0.139  vel1ρ=+nan
  h=  2  n=  100  vel0ρ=+0.031  vel1ρ=+nan
  h=  4  n=  100  vel0ρ=+0.063  vel1ρ=+nan
  h=  8  n=  100  vel0ρ=-0.086  vel1ρ=+nan
  h= 16  n=  100  vel0ρ=+0.013  vel1ρ=+nan
  h= 28  n=  100  vel0ρ=+0.120  vel1ρ=+nan

--- [K=4] decoded pos/vel ρ from ROLLED-OUT latents (test), by partition ---
  [K=4] probe applied to PREDICTED embs (stack 4 consecutive predicted latents):
  PRED-K4 ID          pos0ρ=+0.938  pos1ρ=+0.924  vel0ρ=+0.507  vel1ρ=+nan
  PRED-K4 r/m-OOD     pos0ρ=+0.138  pos1ρ=+0.128  vel0ρ=+0.152  vel1ρ=+nan
  PRED-K4 v-OOD       pos0ρ=+0.945  pos1ρ=+0.962  vel0ρ=+0.716  vel1ρ=+nan
  PRED-K4 both-OOD    pos0ρ=+0.004  pos1ρ=+0.461  vel0ρ=+0.030  vel1ρ=+nan

--- [K=4] decoded vel ρ from PRED latents vs horizon (test, aggregate) ---
  h=  4  n=  100  vel0ρ=+0.083  vel1ρ=+nan
  h=  8  n=  100  vel0ρ=+0.064  vel1ρ=+nan
  h= 16  n=  100  vel0ρ=+0.072  vel1ρ=+nan
  h= 28  n=  100  vel0ρ=+0.184  vel1ρ=+nan

Total 66s
