[norm] action mean=[-0.01484401  0.          0.01575156  0.        ], std=[7.72976437e-02 1.00000000e-08 8.20558954e-02 1.00000000e-08]  (from phyworld_collision_id1k.h5)
[ckpt] /data1/likun-share/junjxu/.stable_worldmodel/collision_structposvel_pw30_fr/collision_structposvel_pw30_fr_epoch_20_object.ckpt  tag=collision_structposvel_pw30_fr
  rolled out 100 trajs, t=14s
  rolled out 200 trajs, t=26s
  rolled out 300 trajs, t=37s
  rolled out 400 trajs, t=49s
  rolled out 500 trajs, t=61s

[data] 500 trajs, 14500 (frame,pred) pairs, emb dim=192

=== collision AR ROLLOUT (LeWM ID-only FT, history_size=3) ===
--- latent fidelity (pred vs real emb), test trajs, by partition ---
  ID         n=  203  cos=+0.8126  nMSE=0.3825
  r/m-OOD    n=  754  cos=+0.8977  nMSE=0.2253
  v-OOD      n=  290  cos=+0.7247  nMSE=0.5387
  both-OOD   n= 1653  cos=+0.7200  nMSE=0.6212

--- latent fidelity vs horizon (test, aggregate) ---
  h=  1  n=  100  cos=+0.9927  nMSE=0.0189
  h=  2  n=  100  cos=+0.9845  nMSE=0.0382
  h=  4  n=  100  cos=+0.9617  nMSE=0.0905
  h=  8  n=  100  cos=+0.9147  nMSE=0.1967
  h= 16  n=  100  cos=+0.7766  nMSE=0.4627
  h= 28  n=  100  cos=+0.5412  nMSE=1.0797

--- decoded pos/vel ρ from ROLLED-OUT latents (test), by partition ---
  [baseline] probe applied to REAL embs:
  REAL ID                   pos0ρ=+0.914  pos1ρ=+0.941  vel0ρ=+0.763  vel1ρ=+0.735
  REAL r/m-OOD              pos0ρ=+0.822  pos1ρ=+0.802  vel0ρ=+0.782  vel1ρ=+0.723
  REAL v-OOD                pos0ρ=+0.862  pos1ρ=+0.871  vel0ρ=+0.725  vel1ρ=+0.697
  REAL both-OOD             pos0ρ=+0.909  pos1ρ=+0.866  vel0ρ=+0.902  vel1ρ=+0.785
  [rollout] probe applied to PREDICTED embs:
  PRED ID                   pos0ρ=+0.496  pos1ρ=+0.588  vel0ρ=+0.397  vel1ρ=+0.420
  PRED r/m-OOD              pos0ρ=+0.812  pos1ρ=+0.877  vel0ρ=+0.756  vel1ρ=+0.691
  PRED v-OOD                pos0ρ=+0.588  pos1ρ=+0.679  vel0ρ=+0.300  vel1ρ=+0.415
  PRED both-OOD             pos0ρ=+0.827  pos1ρ=+0.835  vel0ρ=+0.800  vel1ρ=+0.725

--- decoded vel ρ from PRED latents vs horizon (test, aggregate) ---
  h=  1  n=  100  vel0ρ=+0.005  vel1ρ=-0.033
  h=  2  n=  100  vel0ρ=+0.045  vel1ρ=+0.004
  h=  4  n=  100  vel0ρ=+0.119  vel1ρ=+0.113
  h=  8  n=  100  vel0ρ=+0.496  vel1ρ=+0.428
  h= 16  n=  100  vel0ρ=+0.901  vel1ρ=+0.813
  h= 28  n=  100  vel0ρ=+0.827  vel1ρ=+0.849

--- [K=4] decoded pos/vel ρ from ROLLED-OUT latents (test), by partition ---
  [K=4] probe applied to PREDICTED embs (stack 4 consecutive predicted latents):
  PRED-K4 ID          pos0ρ=+0.418  pos1ρ=+0.568  vel0ρ=+0.525  vel1ρ=+0.703
  PRED-K4 r/m-OOD     pos0ρ=+0.861  pos1ρ=+0.884  vel0ρ=+0.843  vel1ρ=+0.805
  PRED-K4 v-OOD       pos0ρ=+0.557  pos1ρ=+0.739  vel0ρ=+0.336  vel1ρ=+0.611
  PRED-K4 both-OOD    pos0ρ=+0.864  pos1ρ=+0.850  vel0ρ=+0.820  vel1ρ=+0.745

--- [K=4] decoded vel ρ from PRED latents vs horizon (test, aggregate) ---
  h=  4  n=  100  vel0ρ=+0.335  vel1ρ=+0.157
  h=  8  n=  100  vel0ρ=+0.719  vel1ρ=+0.498
  h= 16  n=  100  vel0ρ=+0.807  vel1ρ=+0.726
  h= 28  n=  100  vel0ρ=+0.789  vel1ρ=+0.839

Total 61s
