[1/5] frozen encoder from /data1/likun-share/junjxu/.stable_worldmodel/uniform_posonly_w0p3_id1k/uniform_posonly_w0p3_id1k_epoch_20_object.ckpt (emb_source=cls)
      emb_dim = 192
[2/5] load eval set /data1/likun-share/junjxu/.stable_worldmodel/datasets/phyworld_uniform_motion.h5 (all partitions)
      36864 frames; per-partition frame counts: ID=5632, r/m-OOD=5632, v-OOD=10240, both-OOD=15360
      train frames 29504 / test frames 7360 (test trajs=230)
[3/5] precompute embeddings
  embed 0/36864
  embed 5120/36864
  embed 10240/36864
  embed 15360/36864
  embed 20480/36864
  embed 25600/36864
  embed 30720/36864
  embed 35840/36864
[4/5] train universal decoder, 40 epochs
  ep   5 | train 0.0053 | ID 29.38dB | r/m-OOD 28.69dB | v-OOD 30.57dB | both-OOD 29.09dB
  ep  10 | train 0.0023 | ID 33.21dB | r/m-OOD 31.62dB | v-OOD 33.66dB | both-OOD 32.74dB
  ep  15 | train 0.0017 | ID 34.21dB | r/m-OOD 32.29dB | v-OOD 34.03dB | both-OOD 33.36dB
  ep  20 | train 0.0013 | ID 35.20dB | r/m-OOD 33.51dB | v-OOD 35.12dB | both-OOD 34.45dB
  ep  25 | train 0.0011 | ID 35.78dB | r/m-OOD 33.97dB | v-OOD 35.89dB | both-OOD 34.91dB
  ep  30 | train 0.0010 | ID 36.99dB | r/m-OOD 34.67dB | v-OOD 36.58dB | both-OOD 35.80dB
  ep  35 | train 0.0009 | ID 37.35dB | r/m-OOD 34.85dB | v-OOD 36.84dB | both-OOD 36.02dB
  ep  40 | train 0.0008 | ID 37.49dB | r/m-OOD 35.11dB | v-OOD 37.03dB | both-OOD 36.19dB
[5/5] final per-partition PSNR (held-out)

=== UNIVERSAL decoder | uniform_motion | tag=lam0p3 | enc=uniform_posonly_w0p3_id1k_epoch_20_object.ckpt ===
partition       n  PSNR(dB)        MSE
ID           1120     37.49    0.00018
r/m-OOD      1120     35.11    0.00031
v-OOD        2048     37.03    0.00020
both-OOD     3072     36.19    0.00024
[saved] upsnr_lam0p3.json in /data1/likun-share/junjxu/runs/decoder_viz/universal
[saved] grids in /data1/likun-share/junjxu/runs/decoder_viz/universal
