[1/5] frozen encoder from /data1/likun-share/junjxu/.stable_worldmodel/uniform_posonly_w3p0_id1k/uniform_posonly_w3p0_id1k_epoch_20_object.ckpt (emb_source=cls)
      emb_dim = 192
[2/5] load eval set /data1/likun-share/junjxu/.stable_worldmodel/datasets/phyworld_uniform_motion.h5 (all partitions)
      36864 frames; per-partition frame counts: ID=5632, r/m-OOD=5632, v-OOD=10240, both-OOD=15360
      train frames 29504 / test frames 7360 (test trajs=230)
[3/5] precompute embeddings
  embed 0/36864
  embed 5120/36864
  embed 10240/36864
  embed 15360/36864
  embed 20480/36864
  embed 25600/36864
  embed 30720/36864
  embed 35840/36864
[4/5] train universal decoder, 40 epochs
  ep   5 | train 0.0070 | ID 29.36dB | r/m-OOD 28.30dB | v-OOD 31.14dB | both-OOD 29.36dB
  ep  10 | train 0.0025 | ID 33.81dB | r/m-OOD 32.03dB | v-OOD 34.54dB | both-OOD 33.20dB
  ep  15 | train 0.0017 | ID 34.10dB | r/m-OOD 32.02dB | v-OOD 34.94dB | both-OOD 33.29dB
  ep  20 | train 0.0013 | ID 35.23dB | r/m-OOD 33.29dB | v-OOD 35.96dB | both-OOD 34.43dB
  ep  25 | train 0.0011 | ID 36.05dB | r/m-OOD 34.01dB | v-OOD 36.68dB | both-OOD 35.17dB
  ep  30 | train 0.0010 | ID 36.68dB | r/m-OOD 34.56dB | v-OOD 37.14dB | both-OOD 35.96dB
  ep  35 | train 0.0009 | ID 37.11dB | r/m-OOD 35.24dB | v-OOD 37.55dB | both-OOD 36.16dB
  ep  40 | train 0.0008 | ID 37.33dB | r/m-OOD 35.42dB | v-OOD 37.74dB | both-OOD 36.43dB
[5/5] final per-partition PSNR (held-out)

=== UNIVERSAL decoder | uniform_motion | tag=lam3p0 | enc=uniform_posonly_w3p0_id1k_epoch_20_object.ckpt ===
partition       n  PSNR(dB)        MSE
ID           1120     37.33    0.00018
r/m-OOD      1120     35.42    0.00029
v-OOD        2048     37.74    0.00017
both-OOD     3072     36.43    0.00023
[saved] upsnr_lam3p0.json in /data1/likun-share/junjxu/runs/decoder_viz/universal
[saved] grids in /data1/likun-share/junjxu/runs/decoder_viz/universal
