[norm] action mean=[ 0.24667731 -0.40296947], std=[0.08836433 0.229554  ]  (from phyworld_parabola_id1k.h5)
[ckpt] /data1/likun-share/junjxu/.stable_worldmodel/parabola_sw_w30p0_f4_id1k/parabola_sw_w30p0_f4_id1k_epoch_20_object.ckpt  tag=w30.0f4
  rolled out 100 trajs, t=26s
  rolled out 200 trajs, t=44s
  rolled out 300 trajs, t=65s
  rolled out 400 trajs, t=84s
  rolled out 500 trajs, t=101s

[data] 500 trajs, 14500 (frame,pred) pairs, emb dim=192
/home/likun-share/junjxu/wm/phyworld/scripts/rollout_eval_id1k.py:242: ConstantInputWarning: An input array is constant; the correlation coefficient is not defined.
  rhos = [pearsonr(vel_all[m][:, d], pv[:, d])[0] for d in range(vel_all.shape[1])]
/home/likun-share/junjxu/wm/phyworld/scripts/rollout_eval_id1k.py:242: NearConstantInputWarning: An input array is nearly constant; the computed correlation coefficient may be inaccurate.
  rhos = [pearsonr(vel_all[m][:, d], pv[:, d])[0] for d in range(vel_all.shape[1])]
/home/likun-share/junjxu/wm/phyworld/scripts/rollout_eval_id1k.py:242: NearConstantInputWarning: An input array is nearly constant; the computed correlation coefficient may be inaccurate.
  rhos = [pearsonr(vel_all[m][:, d], pv[:, d])[0] for d in range(vel_all.shape[1])]
/home/likun-share/junjxu/wm/le-wm/.venv/lib/python3.10/site-packages/sklearn/linear_model/_ridge.py:213: LinAlgWarning: Ill-conditioned matrix (rcond=5.29945e-08): result may not be accurate.
  return linalg.solve(A, Xy, assume_a="pos", overwrite_a=True).T
/home/likun-share/junjxu/wm/le-wm/.venv/lib/python3.10/site-packages/sklearn/linear_model/_ridge.py:213: LinAlgWarning: Ill-conditioned matrix (rcond=5.29945e-08): result may not be accurate.
  return linalg.solve(A, Xy, assume_a="pos", overwrite_a=True).T
/home/likun-share/junjxu/wm/phyworld/scripts/rollout_eval_id1k.py:296: ConstantInputWarning: An input array is constant; the correlation coefficient is not defined.
  rhos = [pearsonr(vel_all[m][:, d], pv[:, d])[0] for d in range(vel_all.shape[1])]
/home/likun-share/junjxu/wm/phyworld/scripts/rollout_eval_id1k.py:296: NearConstantInputWarning: An input array is nearly constant; the computed correlation coefficient may be inaccurate.
  rhos = [pearsonr(vel_all[m][:, d], pv[:, d])[0] for d in range(vel_all.shape[1])]
/home/likun-share/junjxu/wm/phyworld/scripts/rollout_eval_id1k.py:296: NearConstantInputWarning: An input array is nearly constant; the computed correlation coefficient may be inaccurate.
  rhos = [pearsonr(vel_all[m][:, d], pv[:, d])[0] for d in range(vel_all.shape[1])]

=== parabola AR ROLLOUT (LeWM ID-only FT, history_size=3) ===
--- latent fidelity (pred vs real emb), test trajs, by partition ---
  ID         n=  464  cos=+0.9205  nMSE=0.1207
  r/m-OOD    n=  319  cos=+0.9114  nMSE=0.1175
  v-OOD      n=  928  cos=+0.8217  nMSE=0.2455
  both-OOD   n= 1189  cos=+0.8110  nMSE=0.2318

--- latent fidelity vs horizon (test, aggregate) ---
  h=  1  n=  100  cos=+0.9761  nMSE=0.0829
  h=  2  n=  100  cos=+0.9698  nMSE=0.0958
  h=  4  n=  100  cos=+0.9525  nMSE=0.1272
  h=  8  n=  100  cos=+0.9554  nMSE=0.1754
  h= 16  n=  100  cos=+0.7134  nMSE=0.5126
  h= 28  n=  100  cos=+0.7667  nMSE=8011.9463

--- decoded pos/vel ρ from ROLLED-OUT latents (test), by partition ---
  [baseline] probe applied to REAL embs:
  REAL ID                   pos0ρ=+0.947  pos1ρ=+0.977  vel0ρ=+0.274  vel1ρ=+0.983
  REAL r/m-OOD              pos0ρ=+0.911  pos1ρ=+0.973  vel0ρ=+0.440  vel1ρ=+0.979
  REAL v-OOD                pos0ρ=+0.881  pos1ρ=+0.899  vel0ρ=+0.605  vel1ρ=+0.948
  REAL both-OOD             pos0ρ=+0.844  pos1ρ=+0.902  vel0ρ=+0.624  vel1ρ=+0.950
  [rollout] probe applied to PREDICTED embs:
  PRED ID                   pos0ρ=+0.923  pos1ρ=+0.985  vel0ρ=+0.211  vel1ρ=+0.987
  PRED r/m-OOD              pos0ρ=+0.847  pos1ρ=+0.965  vel0ρ=+0.345  vel1ρ=+0.980
  PRED v-OOD                pos0ρ=+0.891  pos1ρ=+0.933  vel0ρ=+0.595  vel1ρ=+0.960
  PRED both-OOD             pos0ρ=+0.824  pos1ρ=+0.913  vel0ρ=+0.574  vel1ρ=+0.946

--- decoded vel ρ from PRED latents vs horizon (test, aggregate) ---
  h=  1  n=  100  vel0ρ=+0.085  vel1ρ=+0.460
  h=  2  n=  100  vel0ρ=+0.353  vel1ρ=-0.462
  h=  4  n=  100  vel0ρ=+0.562  vel1ρ=-0.352
  h=  8  n=  100  vel0ρ=+0.627  vel1ρ=+nan
  h= 16  n=  100  vel0ρ=+0.890  vel1ρ=-0.039
  h= 28  n=  100  vel0ρ=+0.019  vel1ρ=-0.034

--- [K=4] decoded pos/vel ρ from ROLLED-OUT latents (test), by partition ---
  [K=4] probe applied to PREDICTED embs (stack 4 consecutive predicted latents):
  PRED-K4 ID          pos0ρ=+0.896  pos1ρ=+0.984  vel0ρ=+0.557  vel1ρ=+0.982
  PRED-K4 r/m-OOD     pos0ρ=+0.848  pos1ρ=+0.963  vel0ρ=+0.477  vel1ρ=+0.975
  PRED-K4 v-OOD       pos0ρ=+0.891  pos1ρ=+0.942  vel0ρ=+0.651  vel1ρ=+0.960
  PRED-K4 both-OOD    pos0ρ=+0.853  pos1ρ=+0.905  vel0ρ=+0.681  vel1ρ=+0.943

--- [K=4] decoded vel ρ from PRED latents vs horizon (test, aggregate) ---
  h=  4  n=  100  vel0ρ=+0.763  vel1ρ=-0.459
  h=  8  n=  100  vel0ρ=+0.837  vel1ρ=+nan
  h= 16  n=  100  vel0ρ=+0.780  vel1ρ=+0.204
  h= 28  n=  100  vel0ρ=-0.514  vel1ρ=-0.116

Total 102s
