[norm] action mean=[ 0.24667731 -0.40296947], std=[0.08836433 0.229554  ]  (from phyworld_parabola_id1k.h5)
[ckpt] /data1/likun-share/junjxu/.stable_worldmodel/parabola_sw_w50p0_f2_id1k/parabola_sw_w50p0_f2_id1k_epoch_20_object.ckpt  tag=w50.0f2
  rolled out 100 trajs, t=21s
  rolled out 200 trajs, t=38s
  rolled out 300 trajs, t=55s
  rolled out 400 trajs, t=70s
  rolled out 500 trajs, t=86s

[data] 500 trajs, 14500 (frame,pred) pairs, emb dim=192
/home/likun-share/junjxu/wm/phyworld/scripts/rollout_eval_id1k.py:242: ConstantInputWarning: An input array is constant; the correlation coefficient is not defined.
  rhos = [pearsonr(vel_all[m][:, d], pv[:, d])[0] for d in range(vel_all.shape[1])]
/home/likun-share/junjxu/wm/phyworld/scripts/rollout_eval_id1k.py:242: NearConstantInputWarning: An input array is nearly constant; the computed correlation coefficient may be inaccurate.
  rhos = [pearsonr(vel_all[m][:, d], pv[:, d])[0] for d in range(vel_all.shape[1])]
/home/likun-share/junjxu/wm/phyworld/scripts/rollout_eval_id1k.py:242: NearConstantInputWarning: An input array is nearly constant; the computed correlation coefficient may be inaccurate.
  rhos = [pearsonr(vel_all[m][:, d], pv[:, d])[0] for d in range(vel_all.shape[1])]
/home/likun-share/junjxu/wm/le-wm/.venv/lib/python3.10/site-packages/sklearn/linear_model/_ridge.py:213: LinAlgWarning: Ill-conditioned matrix (rcond=3.30671e-08): result may not be accurate.
  return linalg.solve(A, Xy, assume_a="pos", overwrite_a=True).T
/home/likun-share/junjxu/wm/le-wm/.venv/lib/python3.10/site-packages/sklearn/linear_model/_ridge.py:213: LinAlgWarning: Ill-conditioned matrix (rcond=3.30671e-08): result may not be accurate.
  return linalg.solve(A, Xy, assume_a="pos", overwrite_a=True).T
/home/likun-share/junjxu/wm/phyworld/scripts/rollout_eval_id1k.py:296: ConstantInputWarning: An input array is constant; the correlation coefficient is not defined.
  rhos = [pearsonr(vel_all[m][:, d], pv[:, d])[0] for d in range(vel_all.shape[1])]
/home/likun-share/junjxu/wm/phyworld/scripts/rollout_eval_id1k.py:296: NearConstantInputWarning: An input array is nearly constant; the computed correlation coefficient may be inaccurate.
  rhos = [pearsonr(vel_all[m][:, d], pv[:, d])[0] for d in range(vel_all.shape[1])]
/home/likun-share/junjxu/wm/phyworld/scripts/rollout_eval_id1k.py:296: NearConstantInputWarning: An input array is nearly constant; the computed correlation coefficient may be inaccurate.
  rhos = [pearsonr(vel_all[m][:, d], pv[:, d])[0] for d in range(vel_all.shape[1])]

=== parabola AR ROLLOUT (LeWM ID-only FT, history_size=3) ===
--- latent fidelity (pred vs real emb), test trajs, by partition ---
  ID         n=  464  cos=+0.8968  nMSE=0.0723
  r/m-OOD    n=  319  cos=+0.8768  nMSE=0.0855
  v-OOD      n=  928  cos=+0.8836  nMSE=0.1367
  both-OOD   n= 1189  cos=+0.8671  nMSE=0.1969

--- latent fidelity vs horizon (test, aggregate) ---
  h=  1  n=  100  cos=+0.9808  nMSE=0.0699
  h=  2  n=  100  cos=+0.9687  nMSE=0.0950
  h=  4  n=  100  cos=+0.9704  nMSE=0.1397
  h=  8  n=  100  cos=+0.9752  nMSE=0.1972
  h= 16  n=  100  cos=+0.8717  nMSE=0.3829
  h= 28  n=  100  cos=+0.6968  nMSE=18372.0488

--- decoded pos/vel ρ from ROLLED-OUT latents (test), by partition ---
  [baseline] probe applied to REAL embs:
  REAL ID                   pos0ρ=+0.950  pos1ρ=+0.977  vel0ρ=+0.228  vel1ρ=+0.983
  REAL r/m-OOD              pos0ρ=+0.908  pos1ρ=+0.972  vel0ρ=+0.427  vel1ρ=+0.978
  REAL v-OOD                pos0ρ=+0.882  pos1ρ=+0.898  vel0ρ=+0.596  vel1ρ=+0.948
  REAL both-OOD             pos0ρ=+0.844  pos1ρ=+0.902  vel0ρ=+0.617  vel1ρ=+0.951
  [rollout] probe applied to PREDICTED embs:
  PRED ID                   pos0ρ=+0.927  pos1ρ=+0.983  vel0ρ=+0.287  vel1ρ=+0.985
  PRED r/m-OOD              pos0ρ=+0.867  pos1ρ=+0.971  vel0ρ=+0.321  vel1ρ=+0.973
  PRED v-OOD                pos0ρ=+0.865  pos1ρ=+0.953  vel0ρ=+0.568  vel1ρ=+0.958
  PRED both-OOD             pos0ρ=+0.813  pos1ρ=+0.951  vel0ρ=+0.532  vel1ρ=+0.954

--- decoded vel ρ from PRED latents vs horizon (test, aggregate) ---
  h=  1  n=  100  vel0ρ=+0.259  vel1ρ=-0.104
  h=  2  n=  100  vel0ρ=+0.342  vel1ρ=+0.111
  h=  4  n=  100  vel0ρ=+0.196  vel1ρ=-0.001
  h=  8  n=  100  vel0ρ=+0.279  vel1ρ=+nan
  h= 16  n=  100  vel0ρ=+0.878  vel1ρ=+0.025
  h= 28  n=  100  vel0ρ=-0.228  vel1ρ=-0.018

--- [K=4] decoded pos/vel ρ from ROLLED-OUT latents (test), by partition ---
  [K=4] probe applied to PREDICTED embs (stack 4 consecutive predicted latents):
  PRED-K4 ID          pos0ρ=+0.907  pos1ρ=+0.985  vel0ρ=+0.654  vel1ρ=+0.983
  PRED-K4 r/m-OOD     pos0ρ=+0.864  pos1ρ=+0.970  vel0ρ=+0.569  vel1ρ=+0.963
  PRED-K4 v-OOD       pos0ρ=+0.865  pos1ρ=+0.950  vel0ρ=+0.855  vel1ρ=+0.947
  PRED-K4 both-OOD    pos0ρ=+0.827  pos1ρ=+0.944  vel0ρ=+0.767  vel1ρ=+0.917

--- [K=4] decoded vel ρ from PRED latents vs horizon (test, aggregate) ---
  h=  4  n=  100  vel0ρ=+0.827  vel1ρ=+0.090
  h=  8  n=  100  vel0ρ=+0.783  vel1ρ=+nan
  h= 16  n=  100  vel0ρ=+0.942  vel1ρ=-0.053
  h= 28  n=  100  vel0ρ=+0.797  vel1ρ=+0.009

Total 87s
