[norm] action mean=[ 0.24667731 -0.40296947], std=[0.08836433 0.229554  ]  (from phyworld_parabola_id1k.h5)
[ckpt] /data1/likun-share/junjxu/.stable_worldmodel/parabola_sw_w30p0_f2_id1k/parabola_sw_w30p0_f2_id1k_epoch_20_object.ckpt  tag=w30.0f2
  rolled out 100 trajs, t=17s
  rolled out 200 trajs, t=31s
  rolled out 300 trajs, t=44s
  rolled out 400 trajs, t=57s
  rolled out 500 trajs, t=70s

[data] 500 trajs, 14500 (frame,pred) pairs, emb dim=192
/home/likun-share/junjxu/wm/phyworld/scripts/rollout_eval_id1k.py:242: ConstantInputWarning: An input array is constant; the correlation coefficient is not defined.
  rhos = [pearsonr(vel_all[m][:, d], pv[:, d])[0] for d in range(vel_all.shape[1])]
/home/likun-share/junjxu/wm/phyworld/scripts/rollout_eval_id1k.py:242: NearConstantInputWarning: An input array is nearly constant; the computed correlation coefficient may be inaccurate.
  rhos = [pearsonr(vel_all[m][:, d], pv[:, d])[0] for d in range(vel_all.shape[1])]
/home/likun-share/junjxu/wm/phyworld/scripts/rollout_eval_id1k.py:242: NearConstantInputWarning: An input array is nearly constant; the computed correlation coefficient may be inaccurate.
  rhos = [pearsonr(vel_all[m][:, d], pv[:, d])[0] for d in range(vel_all.shape[1])]
/home/likun-share/junjxu/wm/le-wm/.venv/lib/python3.10/site-packages/sklearn/linear_model/_ridge.py:213: LinAlgWarning: Ill-conditioned matrix (rcond=3.21338e-08): result may not be accurate.
  return linalg.solve(A, Xy, assume_a="pos", overwrite_a=True).T
/home/likun-share/junjxu/wm/le-wm/.venv/lib/python3.10/site-packages/sklearn/linear_model/_ridge.py:213: LinAlgWarning: Ill-conditioned matrix (rcond=3.21338e-08): result may not be accurate.
  return linalg.solve(A, Xy, assume_a="pos", overwrite_a=True).T
/home/likun-share/junjxu/wm/phyworld/scripts/rollout_eval_id1k.py:296: ConstantInputWarning: An input array is constant; the correlation coefficient is not defined.
  rhos = [pearsonr(vel_all[m][:, d], pv[:, d])[0] for d in range(vel_all.shape[1])]
/home/likun-share/junjxu/wm/phyworld/scripts/rollout_eval_id1k.py:296: NearConstantInputWarning: An input array is nearly constant; the computed correlation coefficient may be inaccurate.
  rhos = [pearsonr(vel_all[m][:, d], pv[:, d])[0] for d in range(vel_all.shape[1])]
/home/likun-share/junjxu/wm/phyworld/scripts/rollout_eval_id1k.py:296: NearConstantInputWarning: An input array is nearly constant; the computed correlation coefficient may be inaccurate.
  rhos = [pearsonr(vel_all[m][:, d], pv[:, d])[0] for d in range(vel_all.shape[1])]

=== parabola AR ROLLOUT (LeWM ID-only FT, history_size=3) ===
--- latent fidelity (pred vs real emb), test trajs, by partition ---
  ID         n=  464  cos=+0.9201  nMSE=0.0675
  r/m-OOD    n=  319  cos=+0.9081  nMSE=0.0887
  v-OOD      n=  928  cos=+0.8381  nMSE=0.1609
  both-OOD   n= 1189  cos=+0.8329  nMSE=0.2104

--- latent fidelity vs horizon (test, aggregate) ---
  h=  1  n=  100  cos=+0.9771  nMSE=0.0755
  h=  2  n=  100  cos=+0.9618  nMSE=0.1027
  h=  4  n=  100  cos=+0.9606  nMSE=0.1548
  h=  8  n=  100  cos=+0.9629  nMSE=0.2155
  h= 16  n=  100  cos=+0.8321  nMSE=0.4517
  h= 28  n=  100  cos=+0.7605  nMSE=7671.8799

--- decoded pos/vel ρ from ROLLED-OUT latents (test), by partition ---
  [baseline] probe applied to REAL embs:
  REAL ID                   pos0ρ=+0.950  pos1ρ=+0.977  vel0ρ=+0.205  vel1ρ=+0.983
  REAL r/m-OOD              pos0ρ=+0.909  pos1ρ=+0.972  vel0ρ=+0.445  vel1ρ=+0.979
  REAL v-OOD                pos0ρ=+0.881  pos1ρ=+0.899  vel0ρ=+0.612  vel1ρ=+0.949
  REAL both-OOD             pos0ρ=+0.843  pos1ρ=+0.903  vel0ρ=+0.614  vel1ρ=+0.951
  [rollout] probe applied to PREDICTED embs:
  PRED ID                   pos0ρ=+0.945  pos1ρ=+0.986  vel0ρ=+0.287  vel1ρ=+0.990
  PRED r/m-OOD              pos0ρ=+0.905  pos1ρ=+0.980  vel0ρ=+0.416  vel1ρ=+0.984
  PRED v-OOD                pos0ρ=+0.805  pos1ρ=+0.956  vel0ρ=+0.607  vel1ρ=+0.948
  PRED both-OOD             pos0ρ=+0.778  pos1ρ=+0.948  vel0ρ=+0.601  vel1ρ=+0.918

--- decoded vel ρ from PRED latents vs horizon (test, aggregate) ---
  h=  1  n=  100  vel0ρ=+0.282  vel1ρ=-0.286
  h=  2  n=  100  vel0ρ=+0.399  vel1ρ=+0.284
  h=  4  n=  100  vel0ρ=+0.437  vel1ρ=+0.199
  h=  8  n=  100  vel0ρ=+0.572  vel1ρ=+nan
  h= 16  n=  100  vel0ρ=+0.910  vel1ρ=-0.069
  h= 28  n=  100  vel0ρ=+0.486  vel1ρ=+0.022

--- [K=4] decoded pos/vel ρ from ROLLED-OUT latents (test), by partition ---
  [K=4] probe applied to PREDICTED embs (stack 4 consecutive predicted latents):
  PRED-K4 ID          pos0ρ=+0.935  pos1ρ=+0.990  vel0ρ=+0.713  vel1ρ=+0.991
  PRED-K4 r/m-OOD     pos0ρ=+0.907  pos1ρ=+0.980  vel0ρ=+0.773  vel1ρ=+0.977
  PRED-K4 v-OOD       pos0ρ=+0.826  pos1ρ=+0.920  vel0ρ=+0.748  vel1ρ=+0.890
  PRED-K4 both-OOD    pos0ρ=+0.825  pos1ρ=+0.898  vel0ρ=+0.802  vel1ρ=+0.864

--- [K=4] decoded vel ρ from PRED latents vs horizon (test, aggregate) ---
  h=  4  n=  100  vel0ρ=+0.839  vel1ρ=+0.049
  h=  8  n=  100  vel0ρ=+0.881  vel1ρ=+nan
  h= 16  n=  100  vel0ρ=+0.931  vel1ρ=-0.052
  h= 28  n=  100  vel0ρ=+0.765  vel1ρ=+0.011

Total 71s
