[norm] action mean=[0.24667731 0.        ], std=[8.83643282e-02 1.00000000e-08]  (from phyworld_uniform_motion_id1k.h5)
[ckpt] /data1/likun-share/junjxu/.stable_worldmodel/uniform_sw_w50p0_f2_id1k/uniform_sw_w50p0_f2_id1k_epoch_20_object.ckpt  tag=w50.0f2
  rolled out 100 trajs, t=20s
  rolled out 200 trajs, t=34s
  rolled out 300 trajs, t=48s
  rolled out 400 trajs, t=61s
  rolled out 500 trajs, t=75s

[data] 500 trajs, 14500 (frame,pred) pairs, emb dim=192
/home/likun-share/junjxu/wm/phyworld/scripts/rollout_eval_id1k.py:197: ConstantInputWarning: An input array is constant; the correlation coefficient is not defined.
  rho = pearsonr(vel_all[mask][:, d], pv[:, d])[0]
/home/likun-share/junjxu/wm/phyworld/scripts/rollout_eval_id1k.py:197: ConstantInputWarning: An input array is constant; the correlation coefficient is not defined.
  rho = pearsonr(vel_all[mask][:, d], pv[:, d])[0]
/home/likun-share/junjxu/wm/phyworld/scripts/rollout_eval_id1k.py:197: ConstantInputWarning: An input array is constant; the correlation coefficient is not defined.
  rho = pearsonr(vel_all[mask][:, d], pv[:, d])[0]
/home/likun-share/junjxu/wm/phyworld/scripts/rollout_eval_id1k.py:197: ConstantInputWarning: An input array is constant; the correlation coefficient is not defined.
  rho = pearsonr(vel_all[mask][:, d], pv[:, d])[0]
/home/likun-share/junjxu/wm/phyworld/scripts/rollout_eval_id1k.py:197: ConstantInputWarning: An input array is constant; the correlation coefficient is not defined.
  rho = pearsonr(vel_all[mask][:, d], pv[:, d])[0]
/home/likun-share/junjxu/wm/phyworld/scripts/rollout_eval_id1k.py:197: ConstantInputWarning: An input array is constant; the correlation coefficient is not defined.
  rho = pearsonr(vel_all[mask][:, d], pv[:, d])[0]
/home/likun-share/junjxu/wm/phyworld/scripts/rollout_eval_id1k.py:197: ConstantInputWarning: An input array is constant; the correlation coefficient is not defined.
  rho = pearsonr(vel_all[mask][:, d], pv[:, d])[0]
/home/likun-share/junjxu/wm/phyworld/scripts/rollout_eval_id1k.py:197: ConstantInputWarning: An input array is constant; the correlation coefficient is not defined.
  rho = pearsonr(vel_all[mask][:, d], pv[:, d])[0]
/home/likun-share/junjxu/wm/phyworld/scripts/rollout_eval_id1k.py:242: ConstantInputWarning: An input array is constant; the correlation coefficient is not defined.
  rhos = [pearsonr(vel_all[m][:, d], pv[:, d])[0] for d in range(vel_all.shape[1])]
/home/likun-share/junjxu/wm/phyworld/scripts/rollout_eval_id1k.py:242: ConstantInputWarning: An input array is constant; the correlation coefficient is not defined.
  rhos = [pearsonr(vel_all[m][:, d], pv[:, d])[0] for d in range(vel_all.shape[1])]
/home/likun-share/junjxu/wm/phyworld/scripts/rollout_eval_id1k.py:242: ConstantInputWarning: An input array is constant; the correlation coefficient is not defined.
  rhos = [pearsonr(vel_all[m][:, d], pv[:, d])[0] for d in range(vel_all.shape[1])]
/home/likun-share/junjxu/wm/phyworld/scripts/rollout_eval_id1k.py:242: ConstantInputWarning: An input array is constant; the correlation coefficient is not defined.
  rhos = [pearsonr(vel_all[m][:, d], pv[:, d])[0] for d in range(vel_all.shape[1])]
/home/likun-share/junjxu/wm/phyworld/scripts/rollout_eval_id1k.py:242: ConstantInputWarning: An input array is constant; the correlation coefficient is not defined.
  rhos = [pearsonr(vel_all[m][:, d], pv[:, d])[0] for d in range(vel_all.shape[1])]
/home/likun-share/junjxu/wm/phyworld/scripts/rollout_eval_id1k.py:242: ConstantInputWarning: An input array is constant; the correlation coefficient is not defined.
  rhos = [pearsonr(vel_all[m][:, d], pv[:, d])[0] for d in range(vel_all.shape[1])]
/home/likun-share/junjxu/wm/le-wm/.venv/lib/python3.10/site-packages/sklearn/linear_model/_ridge.py:213: LinAlgWarning: Ill-conditioned matrix (rcond=3.43232e-08): result may not be accurate.
  return linalg.solve(A, Xy, assume_a="pos", overwrite_a=True).T
/home/likun-share/junjxu/wm/le-wm/.venv/lib/python3.10/site-packages/sklearn/linear_model/_ridge.py:213: LinAlgWarning: Ill-conditioned matrix (rcond=3.43232e-08): result may not be accurate.
  return linalg.solve(A, Xy, assume_a="pos", overwrite_a=True).T
/home/likun-share/junjxu/wm/phyworld/scripts/rollout_eval_id1k.py:288: ConstantInputWarning: An input array is constant; the correlation coefficient is not defined.
  line += f"  vel{d}ρ={pearsonr(vel_all[m][:, d], pv[:, d])[0]:+.3f}"
/home/likun-share/junjxu/wm/phyworld/scripts/rollout_eval_id1k.py:288: ConstantInputWarning: An input array is constant; the correlation coefficient is not defined.
  line += f"  vel{d}ρ={pearsonr(vel_all[m][:, d], pv[:, d])[0]:+.3f}"
/home/likun-share/junjxu/wm/phyworld/scripts/rollout_eval_id1k.py:288: ConstantInputWarning: An input array is constant; the correlation coefficient is not defined.
  line += f"  vel{d}ρ={pearsonr(vel_all[m][:, d], pv[:, d])[0]:+.3f}"
/home/likun-share/junjxu/wm/phyworld/scripts/rollout_eval_id1k.py:288: ConstantInputWarning: An input array is constant; the correlation coefficient is not defined.
  line += f"  vel{d}ρ={pearsonr(vel_all[m][:, d], pv[:, d])[0]:+.3f}"
/home/likun-share/junjxu/wm/phyworld/scripts/rollout_eval_id1k.py:296: ConstantInputWarning: An input array is constant; the correlation coefficient is not defined.
  rhos = [pearsonr(vel_all[m][:, d], pv[:, d])[0] for d in range(vel_all.shape[1])]
/home/likun-share/junjxu/wm/phyworld/scripts/rollout_eval_id1k.py:296: ConstantInputWarning: An input array is constant; the correlation coefficient is not defined.
  rhos = [pearsonr(vel_all[m][:, d], pv[:, d])[0] for d in range(vel_all.shape[1])]
/home/likun-share/junjxu/wm/phyworld/scripts/rollout_eval_id1k.py:296: ConstantInputWarning: An input array is constant; the correlation coefficient is not defined.
  rhos = [pearsonr(vel_all[m][:, d], pv[:, d])[0] for d in range(vel_all.shape[1])]
/home/likun-share/junjxu/wm/phyworld/scripts/rollout_eval_id1k.py:296: ConstantInputWarning: An input array is constant; the correlation coefficient is not defined.
  rhos = [pearsonr(vel_all[m][:, d], pv[:, d])[0] for d in range(vel_all.shape[1])]

=== uniform_motion AR ROLLOUT (LeWM ID-only FT, history_size=3) ===
--- latent fidelity (pred vs real emb), test trajs, by partition ---
  ID         n=  406  cos=+0.9465  nMSE=0.0289
  r/m-OOD    n=  464  cos=+0.9061  nMSE=0.1188
  v-OOD      n=  841  cos=+0.9465  nMSE=0.0358
  both-OOD   n= 1189  cos=+0.9251  nMSE=0.1026

--- latent fidelity vs horizon (test, aggregate) ---
  h=  1  n=  100  cos=+0.9909  nMSE=0.0179
  h=  2  n=  100  cos=+0.9858  nMSE=0.0241
  h=  4  n=  100  cos=+0.9711  nMSE=0.0363
  h=  8  n=  100  cos=+0.9326  nMSE=0.1240
  h= 16  n=  100  cos=+0.9146  nMSE=0.1562
  h= 28  n=  100  cos=+0.9160  nMSE=0.1677

--- decoded pos/vel ρ from ROLLED-OUT latents (test), by partition ---
  [baseline] probe applied to REAL embs:
  REAL ID                   pos0ρ=+0.979  pos1ρ=+0.983  vel0ρ=+0.361  vel1ρ=+nan
  REAL r/m-OOD              pos0ρ=+0.943  pos1ρ=+0.924  vel0ρ=+0.331  vel1ρ=+nan
  REAL v-OOD                pos0ρ=+0.956  pos1ρ=+0.828  vel0ρ=+0.510  vel1ρ=+nan
  REAL both-OOD             pos0ρ=+0.952  pos1ρ=+0.858  vel0ρ=+0.626  vel1ρ=+nan
  [rollout] probe applied to PREDICTED embs:
  PRED ID                   pos0ρ=+0.963  pos1ρ=+0.965  vel0ρ=+0.304  vel1ρ=+nan
  PRED r/m-OOD              pos0ρ=+0.777  pos1ρ=+0.845  vel0ρ=+0.274  vel1ρ=+nan
  PRED v-OOD                pos0ρ=+0.969  pos1ρ=+0.810  vel0ρ=+0.642  vel1ρ=+nan
  PRED both-OOD             pos0ρ=+0.914  pos1ρ=+0.802  vel0ρ=+0.641  vel1ρ=+nan

--- decoded vel ρ from PRED latents vs horizon (test, aggregate) ---
  h=  1  n=  100  vel0ρ=-0.264  vel1ρ=+nan
  h=  2  n=  100  vel0ρ=-0.087  vel1ρ=+nan
  h=  4  n=  100  vel0ρ=+0.247  vel1ρ=+nan
  h=  8  n=  100  vel0ρ=+0.439  vel1ρ=+nan
  h= 16  n=  100  vel0ρ=+0.761  vel1ρ=+nan
  h= 28  n=  100  vel0ρ=+0.922  vel1ρ=+nan

--- [K=4] decoded pos/vel ρ from ROLLED-OUT latents (test), by partition ---
  [K=4] probe applied to PREDICTED embs (stack 4 consecutive predicted latents):
  PRED-K4 ID          pos0ρ=+0.962  pos1ρ=+0.959  vel0ρ=+0.781  vel1ρ=+nan
  PRED-K4 r/m-OOD     pos0ρ=+0.732  pos1ρ=+0.848  vel0ρ=+0.663  vel1ρ=+nan
  PRED-K4 v-OOD       pos0ρ=+0.968  pos1ρ=+0.828  vel0ρ=+0.935  vel1ρ=+nan
  PRED-K4 both-OOD    pos0ρ=+0.917  pos1ρ=+0.807  vel0ρ=+0.929  vel1ρ=+nan

--- [K=4] decoded vel ρ from PRED latents vs horizon (test, aggregate) ---
  h=  4  n=  100  vel0ρ=+0.939  vel1ρ=+nan
  h=  8  n=  100  vel0ρ=+0.941  vel1ρ=+nan
  h= 16  n=  100  vel0ρ=+0.766  vel1ρ=+nan
  h= 28  n=  100  vel0ρ=+0.946  vel1ρ=+nan

Total 75s
