[norm] action mean=[ 0.24667731 -0.40296947], std=[0.08836433 0.229554  ]  (from phyworld_parabola_id1k.h5)
[ckpt] /data1/likun-share/junjxu/.stable_worldmodel/parabola_sw_w30p0_f1_id1k/parabola_sw_w30p0_f1_id1k_epoch_20_object.ckpt  tag=w30.0f1
  rolled out 100 trajs, t=15s
  rolled out 200 trajs, t=29s
  rolled out 300 trajs, t=42s
  rolled out 400 trajs, t=56s
  rolled out 500 trajs, t=70s

[data] 500 trajs, 14500 (frame,pred) pairs, emb dim=192
/home/likun-share/junjxu/wm/phyworld/scripts/rollout_eval_id1k.py:242: ConstantInputWarning: An input array is constant; the correlation coefficient is not defined.
  rhos = [pearsonr(vel_all[m][:, d], pv[:, d])[0] for d in range(vel_all.shape[1])]
/home/likun-share/junjxu/wm/phyworld/scripts/rollout_eval_id1k.py:242: NearConstantInputWarning: An input array is nearly constant; the computed correlation coefficient may be inaccurate.
  rhos = [pearsonr(vel_all[m][:, d], pv[:, d])[0] for d in range(vel_all.shape[1])]
/home/likun-share/junjxu/wm/phyworld/scripts/rollout_eval_id1k.py:242: NearConstantInputWarning: An input array is nearly constant; the computed correlation coefficient may be inaccurate.
  rhos = [pearsonr(vel_all[m][:, d], pv[:, d])[0] for d in range(vel_all.shape[1])]
/home/likun-share/junjxu/wm/phyworld/scripts/rollout_eval_id1k.py:296: ConstantInputWarning: An input array is constant; the correlation coefficient is not defined.
  rhos = [pearsonr(vel_all[m][:, d], pv[:, d])[0] for d in range(vel_all.shape[1])]
/home/likun-share/junjxu/wm/phyworld/scripts/rollout_eval_id1k.py:296: NearConstantInputWarning: An input array is nearly constant; the computed correlation coefficient may be inaccurate.
  rhos = [pearsonr(vel_all[m][:, d], pv[:, d])[0] for d in range(vel_all.shape[1])]
/home/likun-share/junjxu/wm/phyworld/scripts/rollout_eval_id1k.py:296: NearConstantInputWarning: An input array is nearly constant; the computed correlation coefficient may be inaccurate.
  rhos = [pearsonr(vel_all[m][:, d], pv[:, d])[0] for d in range(vel_all.shape[1])]

=== parabola AR ROLLOUT (LeWM ID-only FT, history_size=3) ===
--- latent fidelity (pred vs real emb), test trajs, by partition ---
  ID         n=  464  cos=+0.8868  nMSE=0.1968
  r/m-OOD    n=  319  cos=+0.8833  nMSE=0.1405
  v-OOD      n=  928  cos=+0.8280  nMSE=0.2695
  both-OOD   n= 1189  cos=+0.8228  nMSE=0.2253

--- latent fidelity vs horizon (test, aggregate) ---
  h=  1  n=  100  cos=+0.9771  nMSE=0.1088
  h=  2  n=  100  cos=+0.9706  nMSE=0.1262
  h=  4  n=  100  cos=+0.9590  nMSE=0.1467
  h=  8  n=  100  cos=+0.9336  nMSE=0.1957
  h= 16  n=  100  cos=+0.8028  nMSE=0.2788
  h= 28  n=  100  cos=+0.6796  nMSE=5323.5244

--- decoded pos/vel ρ from ROLLED-OUT latents (test), by partition ---
  [baseline] probe applied to REAL embs:
  REAL ID                   pos0ρ=+0.951  pos1ρ=+0.979  vel0ρ=+0.205  vel1ρ=+0.985
  REAL r/m-OOD              pos0ρ=+0.909  pos1ρ=+0.976  vel0ρ=+0.444  vel1ρ=+0.981
  REAL v-OOD                pos0ρ=+0.881  pos1ρ=+0.900  vel0ρ=+0.610  vel1ρ=+0.950
  REAL both-OOD             pos0ρ=+0.847  pos1ρ=+0.906  vel0ρ=+0.633  vel1ρ=+0.952
  [rollout] probe applied to PREDICTED embs:
  PRED ID                   pos0ρ=+0.920  pos1ρ=+0.985  vel0ρ=+0.172  vel1ρ=+0.991
  PRED r/m-OOD              pos0ρ=+0.832  pos1ρ=+0.975  vel0ρ=+0.246  vel1ρ=+0.985
  PRED v-OOD                pos0ρ=+0.863  pos1ρ=+0.910  vel0ρ=+0.708  vel1ρ=+0.944
  PRED both-OOD             pos0ρ=+0.818  pos1ρ=+0.926  vel0ρ=+0.649  vel1ρ=+0.944

--- decoded vel ρ from PRED latents vs horizon (test, aggregate) ---
  h=  1  n=  100  vel0ρ=+0.441  vel1ρ=+0.170
  h=  2  n=  100  vel0ρ=+0.453  vel1ρ=-0.180
  h=  4  n=  100  vel0ρ=+0.469  vel1ρ=-0.120
  h=  8  n=  100  vel0ρ=+0.683  vel1ρ=+nan
  h= 16  n=  100  vel0ρ=+0.951  vel1ρ=+0.064
  h= 28  n=  100  vel0ρ=-0.318  vel1ρ=+0.088

--- [K=4] decoded pos/vel ρ from ROLLED-OUT latents (test), by partition ---
  [K=4] probe applied to PREDICTED embs (stack 4 consecutive predicted latents):
  PRED-K4 ID          pos0ρ=+0.901  pos1ρ=+0.989  vel0ρ=+0.409  vel1ρ=+0.989
  PRED-K4 r/m-OOD     pos0ρ=+0.797  pos1ρ=+0.977  vel0ρ=+0.385  vel1ρ=+0.983
  PRED-K4 v-OOD       pos0ρ=+0.877  pos1ρ=+0.940  vel0ρ=+0.736  vel1ρ=+0.951
  PRED-K4 both-OOD    pos0ρ=+0.854  pos1ρ=+0.939  vel0ρ=+0.717  vel1ρ=+0.935

--- [K=4] decoded vel ρ from PRED latents vs horizon (test, aggregate) ---
  h=  4  n=  100  vel0ρ=+0.768  vel1ρ=-0.334
  h=  8  n=  100  vel0ρ=+0.800  vel1ρ=+nan
  h= 16  n=  100  vel0ρ=+0.931  vel1ρ=+0.022
  h= 28  n=  100  vel0ρ=-0.765  vel1ρ=+0.076

Total 70s
