[norm] action mean=[-0.01484401  0.          0.01575156  0.        ], std=[7.72976437e-02 1.00000000e-08 8.20558954e-02 1.00000000e-08]  (from phyworld_collision_id1k.h5)
[ckpt] /data1/likun-share/junjxu/.stable_worldmodel/collision_sw_w30p0_f4_id1k/collision_sw_w30p0_f4_id1k_epoch_20_object.ckpt  tag=w30.0f4
  rolled out 100 trajs, t=20s
  rolled out 200 trajs, t=37s
  rolled out 300 trajs, t=53s
  rolled out 400 trajs, t=68s
  rolled out 500 trajs, t=83s

[data] 500 trajs, 14500 (frame,pred) pairs, emb dim=192

=== collision AR ROLLOUT (LeWM ID-only FT, history_size=3) ===
--- latent fidelity (pred vs real emb), test trajs, by partition ---
  ID         n=  203  cos=+0.8074  nMSE=0.4347
  r/m-OOD    n=  754  cos=+0.7141  nMSE=0.6938
  v-OOD      n=  290  cos=+0.5014  nMSE=1.2342
  both-OOD   n= 1653  cos=+0.5958  nMSE=0.9561

--- latent fidelity vs horizon (test, aggregate) ---
  h=  1  n=  100  cos=+0.9845  nMSE=0.0336
  h=  2  n=  100  cos=+0.9650  nMSE=0.0747
  h=  4  n=  100  cos=+0.9094  nMSE=0.1971
  h=  8  n=  100  cos=+0.7487  nMSE=0.5903
  h= 16  n=  100  cos=+0.5634  nMSE=0.9359
  h= 28  n=  100  cos=+0.4501  nMSE=1.4304

--- decoded pos/vel ρ from ROLLED-OUT latents (test), by partition ---
  [baseline] probe applied to REAL embs:
  REAL ID                   pos0ρ=+0.888  pos1ρ=+0.943  vel0ρ=+0.766  vel1ρ=+0.772
  REAL r/m-OOD              pos0ρ=+0.824  pos1ρ=+0.764  vel0ρ=+0.781  vel1ρ=+0.725
  REAL v-OOD                pos0ρ=+0.878  pos1ρ=+0.924  vel0ρ=+0.701  vel1ρ=+0.785
  REAL both-OOD             pos0ρ=+0.900  pos1ρ=+0.858  vel0ρ=+0.898  vel1ρ=+0.777
  [rollout] probe applied to PREDICTED embs:
  PRED ID                   pos0ρ=+0.688  pos1ρ=+0.714  vel0ρ=+0.613  vel1ρ=+0.679
  PRED r/m-OOD              pos0ρ=+0.445  pos1ρ=+0.641  vel0ρ=+0.445  vel1ρ=+0.620
  PRED v-OOD                pos0ρ=+0.136  pos1ρ=+0.472  vel0ρ=+0.066  vel1ρ=+0.314
  PRED both-OOD             pos0ρ=+0.586  pos1ρ=+0.760  vel0ρ=+0.619  vel1ρ=+0.701

--- decoded vel ρ from PRED latents vs horizon (test, aggregate) ---
  h=  1  n=  100  vel0ρ=+0.111  vel1ρ=+0.008
  h=  2  n=  100  vel0ρ=+0.138  vel1ρ=-0.015
  h=  4  n=  100  vel0ρ=+0.110  vel1ρ=+0.011
  h=  8  n=  100  vel0ρ=+0.286  vel1ρ=+0.538
  h= 16  n=  100  vel0ρ=+0.622  vel1ρ=+0.728
  h= 28  n=  100  vel0ρ=+0.503  vel1ρ=+0.759

--- [K=4] decoded pos/vel ρ from ROLLED-OUT latents (test), by partition ---
  [K=4] probe applied to PREDICTED embs (stack 4 consecutive predicted latents):
  PRED-K4 ID          pos0ρ=+0.810  pos1ρ=+0.822  vel0ρ=+0.812  vel1ρ=+0.816
  PRED-K4 r/m-OOD     pos0ρ=+0.491  pos1ρ=+0.657  vel0ρ=+0.588  vel1ρ=+0.626
  PRED-K4 v-OOD       pos0ρ=+0.148  pos1ρ=+0.519  vel0ρ=+0.214  vel1ρ=+0.468
  PRED-K4 both-OOD    pos0ρ=+0.668  pos1ρ=+0.758  vel0ρ=+0.687  vel1ρ=+0.739

--- [K=4] decoded vel ρ from PRED latents vs horizon (test, aggregate) ---
  h=  4  n=  100  vel0ρ=+0.373  vel1ρ=+0.062
  h=  8  n=  100  vel0ρ=+0.607  vel1ρ=+0.538
  h= 16  n=  100  vel0ρ=+0.718  vel1ρ=+0.788
  h= 28  n=  100  vel0ρ=+0.581  vel1ρ=+0.777

Total 83s
