[norm] action mean=[-0.01484401  0.          0.01575156  0.        ], std=[7.72976437e-02 1.00000000e-08 8.20558954e-02 1.00000000e-08]  (from phyworld_collision_id1k.h5)
[ckpt] /data1/likun-share/junjxu/.stable_worldmodel/collision_sw_w30p0_f1_id1k/collision_sw_w30p0_f1_id1k_epoch_20_object.ckpt  tag=w30.0f1
  rolled out 100 trajs, t=21s
  rolled out 200 trajs, t=37s
  rolled out 300 trajs, t=53s
  rolled out 400 trajs, t=68s
  rolled out 500 trajs, t=81s

[data] 500 trajs, 14500 (frame,pred) pairs, emb dim=192

=== collision AR ROLLOUT (LeWM ID-only FT, history_size=3) ===
--- latent fidelity (pred vs real emb), test trajs, by partition ---
  ID         n=  203  cos=+0.6042  nMSE=0.9491
  r/m-OOD    n=  754  cos=+0.6660  nMSE=0.6999
  v-OOD      n=  290  cos=+0.5440  nMSE=1.0912
  both-OOD   n= 1653  cos=+0.5786  nMSE=0.9191

--- latent fidelity vs horizon (test, aggregate) ---
  h=  1  n=  100  cos=+0.9770  nMSE=0.0747
  h=  2  n=  100  cos=+0.9533  nMSE=0.1320
  h=  4  n=  100  cos=+0.8841  nMSE=0.2627
  h=  8  n=  100  cos=+0.7529  nMSE=0.5271
  h= 16  n=  100  cos=+0.5273  nMSE=0.9590
  h= 28  n=  100  cos=+0.3849  nMSE=1.4423

--- decoded pos/vel ρ from ROLLED-OUT latents (test), by partition ---
  [baseline] probe applied to REAL embs:
  REAL ID                   pos0ρ=+0.910  pos1ρ=+0.953  vel0ρ=+0.760  vel1ρ=+0.769
  REAL r/m-OOD              pos0ρ=+0.821  pos1ρ=+0.778  vel0ρ=+0.782  vel1ρ=+0.717
  REAL v-OOD                pos0ρ=+0.917  pos1ρ=+0.919  vel0ρ=+0.713  vel1ρ=+0.755
  REAL both-OOD             pos0ρ=+0.903  pos1ρ=+0.850  vel0ρ=+0.897  vel1ρ=+0.757
  [rollout] probe applied to PREDICTED embs:
  PRED ID                   pos0ρ=+0.203  pos1ρ=+0.367  vel0ρ=+0.323  vel1ρ=+0.544
  PRED r/m-OOD              pos0ρ=+0.778  pos1ρ=+0.834  vel0ρ=+0.715  vel1ρ=+0.770
  PRED v-OOD                pos0ρ=+0.541  pos1ρ=+0.437  vel0ρ=+0.219  vel1ρ=+0.458
  PRED both-OOD             pos0ρ=+0.699  pos1ρ=+0.666  vel0ρ=+0.722  vel1ρ=+0.763

--- decoded vel ρ from PRED latents vs horizon (test, aggregate) ---
  h=  1  n=  100  vel0ρ=-0.124  vel1ρ=+0.167
  h=  2  n=  100  vel0ρ=-0.101  vel1ρ=+0.198
  h=  4  n=  100  vel0ρ=-0.035  vel1ρ=+0.230
  h=  8  n=  100  vel0ρ=+0.385  vel1ρ=+0.703
  h= 16  n=  100  vel0ρ=+0.785  vel1ρ=+0.782
  h= 28  n=  100  vel0ρ=+0.709  vel1ρ=+0.824

--- [K=4] decoded pos/vel ρ from ROLLED-OUT latents (test), by partition ---
  [K=4] probe applied to PREDICTED embs (stack 4 consecutive predicted latents):
  PRED-K4 ID          pos0ρ=+0.317  pos1ρ=+0.637  vel0ρ=+0.528  vel1ρ=+0.734
  PRED-K4 r/m-OOD     pos0ρ=+0.830  pos1ρ=+0.847  vel0ρ=+0.801  vel1ρ=+0.769
  PRED-K4 v-OOD       pos0ρ=+0.455  pos1ρ=+0.561  vel0ρ=+0.267  vel1ρ=+0.532
  PRED-K4 both-OOD    pos0ρ=+0.776  pos1ρ=+0.680  vel0ρ=+0.738  vel1ρ=+0.749

--- [K=4] decoded vel ρ from PRED latents vs horizon (test, aggregate) ---
  h=  4  n=  100  vel0ρ=+0.337  vel1ρ=+0.169
  h=  8  n=  100  vel0ρ=+0.652  vel1ρ=+0.645
  h= 16  n=  100  vel0ρ=+0.761  vel1ρ=+0.758
  h= 28  n=  100  vel0ρ=+0.677  vel1ρ=+0.791

Total 82s
