[norm] action mean=[0.24667731 0.        ], std=[8.83643282e-02 1.00000000e-08]  (from phyworld_uniform_motion_id1k.h5)
[ckpt] /data1/likun-share/junjxu/.stable_worldmodel/uniform_sw_w30p0_f1_id1k/uniform_sw_w30p0_f1_id1k_epoch_20_object.ckpt  tag=w30.0f1
  rolled out 100 trajs, t=22s
  rolled out 200 trajs, t=41s
  rolled out 300 trajs, t=58s
  rolled out 400 trajs, t=74s
  rolled out 500 trajs, t=88s

[data] 500 trajs, 14500 (frame,pred) pairs, emb dim=192
/home/likun-share/junjxu/wm/phyworld/scripts/rollout_eval_id1k.py:197: ConstantInputWarning: An input array is constant; the correlation coefficient is not defined.
  rho = pearsonr(vel_all[mask][:, d], pv[:, d])[0]
/home/likun-share/junjxu/wm/phyworld/scripts/rollout_eval_id1k.py:197: ConstantInputWarning: An input array is constant; the correlation coefficient is not defined.
  rho = pearsonr(vel_all[mask][:, d], pv[:, d])[0]
/home/likun-share/junjxu/wm/phyworld/scripts/rollout_eval_id1k.py:197: ConstantInputWarning: An input array is constant; the correlation coefficient is not defined.
  rho = pearsonr(vel_all[mask][:, d], pv[:, d])[0]
/home/likun-share/junjxu/wm/phyworld/scripts/rollout_eval_id1k.py:197: ConstantInputWarning: An input array is constant; the correlation coefficient is not defined.
  rho = pearsonr(vel_all[mask][:, d], pv[:, d])[0]
/home/likun-share/junjxu/wm/phyworld/scripts/rollout_eval_id1k.py:197: ConstantInputWarning: An input array is constant; the correlation coefficient is not defined.
  rho = pearsonr(vel_all[mask][:, d], pv[:, d])[0]
/home/likun-share/junjxu/wm/phyworld/scripts/rollout_eval_id1k.py:197: ConstantInputWarning: An input array is constant; the correlation coefficient is not defined.
  rho = pearsonr(vel_all[mask][:, d], pv[:, d])[0]
/home/likun-share/junjxu/wm/phyworld/scripts/rollout_eval_id1k.py:197: ConstantInputWarning: An input array is constant; the correlation coefficient is not defined.
  rho = pearsonr(vel_all[mask][:, d], pv[:, d])[0]
/home/likun-share/junjxu/wm/phyworld/scripts/rollout_eval_id1k.py:197: ConstantInputWarning: An input array is constant; the correlation coefficient is not defined.
  rho = pearsonr(vel_all[mask][:, d], pv[:, d])[0]
/home/likun-share/junjxu/wm/phyworld/scripts/rollout_eval_id1k.py:242: ConstantInputWarning: An input array is constant; the correlation coefficient is not defined.
  rhos = [pearsonr(vel_all[m][:, d], pv[:, d])[0] for d in range(vel_all.shape[1])]
/home/likun-share/junjxu/wm/phyworld/scripts/rollout_eval_id1k.py:242: ConstantInputWarning: An input array is constant; the correlation coefficient is not defined.
  rhos = [pearsonr(vel_all[m][:, d], pv[:, d])[0] for d in range(vel_all.shape[1])]
/home/likun-share/junjxu/wm/phyworld/scripts/rollout_eval_id1k.py:242: ConstantInputWarning: An input array is constant; the correlation coefficient is not defined.
  rhos = [pearsonr(vel_all[m][:, d], pv[:, d])[0] for d in range(vel_all.shape[1])]
/home/likun-share/junjxu/wm/phyworld/scripts/rollout_eval_id1k.py:242: ConstantInputWarning: An input array is constant; the correlation coefficient is not defined.
  rhos = [pearsonr(vel_all[m][:, d], pv[:, d])[0] for d in range(vel_all.shape[1])]
/home/likun-share/junjxu/wm/phyworld/scripts/rollout_eval_id1k.py:242: ConstantInputWarning: An input array is constant; the correlation coefficient is not defined.
  rhos = [pearsonr(vel_all[m][:, d], pv[:, d])[0] for d in range(vel_all.shape[1])]
/home/likun-share/junjxu/wm/phyworld/scripts/rollout_eval_id1k.py:242: ConstantInputWarning: An input array is constant; the correlation coefficient is not defined.
  rhos = [pearsonr(vel_all[m][:, d], pv[:, d])[0] for d in range(vel_all.shape[1])]
/home/likun-share/junjxu/wm/phyworld/scripts/rollout_eval_id1k.py:288: ConstantInputWarning: An input array is constant; the correlation coefficient is not defined.
  line += f"  vel{d}ρ={pearsonr(vel_all[m][:, d], pv[:, d])[0]:+.3f}"
/home/likun-share/junjxu/wm/phyworld/scripts/rollout_eval_id1k.py:288: ConstantInputWarning: An input array is constant; the correlation coefficient is not defined.
  line += f"  vel{d}ρ={pearsonr(vel_all[m][:, d], pv[:, d])[0]:+.3f}"
/home/likun-share/junjxu/wm/phyworld/scripts/rollout_eval_id1k.py:288: ConstantInputWarning: An input array is constant; the correlation coefficient is not defined.
  line += f"  vel{d}ρ={pearsonr(vel_all[m][:, d], pv[:, d])[0]:+.3f}"
/home/likun-share/junjxu/wm/phyworld/scripts/rollout_eval_id1k.py:288: ConstantInputWarning: An input array is constant; the correlation coefficient is not defined.
  line += f"  vel{d}ρ={pearsonr(vel_all[m][:, d], pv[:, d])[0]:+.3f}"
/home/likun-share/junjxu/wm/phyworld/scripts/rollout_eval_id1k.py:296: ConstantInputWarning: An input array is constant; the correlation coefficient is not defined.
  rhos = [pearsonr(vel_all[m][:, d], pv[:, d])[0] for d in range(vel_all.shape[1])]
/home/likun-share/junjxu/wm/phyworld/scripts/rollout_eval_id1k.py:296: ConstantInputWarning: An input array is constant; the correlation coefficient is not defined.
  rhos = [pearsonr(vel_all[m][:, d], pv[:, d])[0] for d in range(vel_all.shape[1])]
/home/likun-share/junjxu/wm/phyworld/scripts/rollout_eval_id1k.py:296: ConstantInputWarning: An input array is constant; the correlation coefficient is not defined.
  rhos = [pearsonr(vel_all[m][:, d], pv[:, d])[0] for d in range(vel_all.shape[1])]
/home/likun-share/junjxu/wm/phyworld/scripts/rollout_eval_id1k.py:296: ConstantInputWarning: An input array is constant; the correlation coefficient is not defined.
  rhos = [pearsonr(vel_all[m][:, d], pv[:, d])[0] for d in range(vel_all.shape[1])]

=== uniform_motion AR ROLLOUT (LeWM ID-only FT, history_size=3) ===
--- latent fidelity (pred vs real emb), test trajs, by partition ---
  ID         n=  406  cos=+0.8701  nMSE=0.2263
  r/m-OOD    n=  464  cos=+0.8615  nMSE=0.2961
  v-OOD      n=  841  cos=+0.8684  nMSE=0.2840
  both-OOD   n= 1189  cos=+0.8789  nMSE=0.2551

--- latent fidelity vs horizon (test, aggregate) ---
  h=  1  n=  100  cos=+0.9865  nMSE=0.0686
  h=  2  n=  100  cos=+0.9777  nMSE=0.0935
  h=  4  n=  100  cos=+0.9597  nMSE=0.1351
  h=  8  n=  100  cos=+0.9215  nMSE=0.2046
  h= 16  n=  100  cos=+0.8268  nMSE=0.3391
  h= 28  n=  100  cos=+0.8269  nMSE=0.4120

--- decoded pos/vel ρ from ROLLED-OUT latents (test), by partition ---
  [baseline] probe applied to REAL embs:
  REAL ID                   pos0ρ=+0.972  pos1ρ=+0.978  vel0ρ=+0.390  vel1ρ=+nan
  REAL r/m-OOD              pos0ρ=+0.938  pos1ρ=+0.909  vel0ρ=+0.286  vel1ρ=+nan
  REAL v-OOD                pos0ρ=+0.952  pos1ρ=+0.827  vel0ρ=+0.483  vel1ρ=+nan
  REAL both-OOD             pos0ρ=+0.946  pos1ρ=+0.848  vel0ρ=+0.618  vel1ρ=+nan
  [rollout] probe applied to PREDICTED embs:
  PRED ID                   pos0ρ=+0.902  pos1ρ=+0.962  vel0ρ=+0.268  vel1ρ=+nan
  PRED r/m-OOD              pos0ρ=+0.930  pos1ρ=+0.752  vel0ρ=+0.462  vel1ρ=+nan
  PRED v-OOD                pos0ρ=+0.956  pos1ρ=+0.761  vel0ρ=+0.581  vel1ρ=+nan
  PRED both-OOD             pos0ρ=+0.946  pos1ρ=+0.760  vel0ρ=+0.667  vel1ρ=+nan

--- decoded vel ρ from PRED latents vs horizon (test, aggregate) ---
  h=  1  n=  100  vel0ρ=-0.035  vel1ρ=+nan
  h=  2  n=  100  vel0ρ=+0.012  vel1ρ=+nan
  h=  4  n=  100  vel0ρ=+0.064  vel1ρ=+nan
  h=  8  n=  100  vel0ρ=+0.201  vel1ρ=+nan
  h= 16  n=  100  vel0ρ=+0.840  vel1ρ=+nan
  h= 28  n=  100  vel0ρ=+0.929  vel1ρ=+nan

--- [K=4] decoded pos/vel ρ from ROLLED-OUT latents (test), by partition ---
  [K=4] probe applied to PREDICTED embs (stack 4 consecutive predicted latents):
  PRED-K4 ID          pos0ρ=+0.872  pos1ρ=+0.962  vel0ρ=+0.606  vel1ρ=+nan
  PRED-K4 r/m-OOD     pos0ρ=+0.926  pos1ρ=+0.795  vel0ρ=+0.779  vel1ρ=+nan
  PRED-K4 v-OOD       pos0ρ=+0.963  pos1ρ=+0.798  vel0ρ=+0.938  vel1ρ=+nan
  PRED-K4 both-OOD    pos0ρ=+0.952  pos1ρ=+0.781  vel0ρ=+0.915  vel1ρ=+nan

--- [K=4] decoded vel ρ from PRED latents vs horizon (test, aggregate) ---
  h=  4  n=  100  vel0ρ=+0.931  vel1ρ=+nan
  h=  8  n=  100  vel0ρ=+0.927  vel1ρ=+nan
  h= 16  n=  100  vel0ρ=+0.896  vel1ρ=+nan
  h= 28  n=  100  vel0ρ=+0.941  vel1ρ=+nan

Total 89s
