[norm] action mean=[-0.01484401  0.          0.01575156  0.        ], std=[7.72976437e-02 1.00000000e-08 8.20558954e-02 1.00000000e-08]  (from phyworld_collision_id1k.h5)
[ckpt] /data1/likun-share/junjxu/.stable_worldmodel/collision_sw_w50p0_f1_id1k/collision_sw_w50p0_f1_id1k_epoch_20_object.ckpt  tag=w50.0f1
  rolled out 100 trajs, t=22s
  rolled out 200 trajs, t=39s
  rolled out 300 trajs, t=56s
  rolled out 400 trajs, t=72s
  rolled out 500 trajs, t=87s

[data] 500 trajs, 14500 (frame,pred) pairs, emb dim=192

=== collision AR ROLLOUT (LeWM ID-only FT, history_size=3) ===
--- latent fidelity (pred vs real emb), test trajs, by partition ---
  ID         n=  203  cos=+0.6551  nMSE=0.7953
  r/m-OOD    n=  754  cos=+0.7419  nMSE=0.5666
  v-OOD      n=  290  cos=+0.6610  nMSE=0.7981
  both-OOD   n= 1653  cos=+0.6550  nMSE=0.7226

--- latent fidelity vs horizon (test, aggregate) ---
  h=  1  n=  100  cos=+0.9796  nMSE=0.0569
  h=  2  n=  100  cos=+0.9625  nMSE=0.0934
  h=  4  n=  100  cos=+0.9156  nMSE=0.1808
  h=  8  n=  100  cos=+0.8187  nMSE=0.3929
  h= 16  n=  100  cos=+0.6153  nMSE=0.8020
  h= 28  n=  100  cos=+0.4993  nMSE=1.1603

--- decoded pos/vel ρ from ROLLED-OUT latents (test), by partition ---
  [baseline] probe applied to REAL embs:
  REAL ID                   pos0ρ=+0.861  pos1ρ=+0.923  vel0ρ=+0.747  vel1ρ=+0.776
  REAL r/m-OOD              pos0ρ=+0.819  pos1ρ=+0.757  vel0ρ=+0.770  vel1ρ=+0.726
  REAL v-OOD                pos0ρ=+0.878  pos1ρ=+0.884  vel0ρ=+0.684  vel1ρ=+0.727
  REAL both-OOD             pos0ρ=+0.894  pos1ρ=+0.840  vel0ρ=+0.893  vel1ρ=+0.765
  [rollout] probe applied to PREDICTED embs:
  PRED ID                   pos0ρ=+0.232  pos1ρ=+0.526  vel0ρ=+0.334  vel1ρ=+0.640
  PRED r/m-OOD              pos0ρ=+0.626  pos1ρ=+0.693  vel0ρ=+0.683  vel1ρ=+0.618
  PRED v-OOD                pos0ρ=+0.682  pos1ρ=+0.514  vel0ρ=+0.457  vel1ρ=+0.599
  PRED both-OOD             pos0ρ=+0.593  pos1ρ=+0.745  vel0ρ=+0.657  vel1ρ=+0.786

--- decoded vel ρ from PRED latents vs horizon (test, aggregate) ---
  h=  1  n=  100  vel0ρ=-0.011  vel1ρ=+0.273
  h=  2  n=  100  vel0ρ=-0.007  vel1ρ=+0.191
  h=  4  n=  100  vel0ρ=+0.048  vel1ρ=+0.134
  h=  8  n=  100  vel0ρ=+0.364  vel1ρ=+0.672
  h= 16  n=  100  vel0ρ=+0.767  vel1ρ=+0.829
  h= 28  n=  100  vel0ρ=+0.657  vel1ρ=+0.789

--- [K=4] decoded pos/vel ρ from ROLLED-OUT latents (test), by partition ---
  [K=4] probe applied to PREDICTED embs (stack 4 consecutive predicted latents):
  PRED-K4 ID          pos0ρ=+0.295  pos1ρ=+0.714  vel0ρ=+0.509  vel1ρ=+0.807
  PRED-K4 r/m-OOD     pos0ρ=+0.668  pos1ρ=+0.712  vel0ρ=+0.743  vel1ρ=+0.671
  PRED-K4 v-OOD       pos0ρ=+0.621  pos1ρ=+0.606  vel0ρ=+0.529  vel1ρ=+0.705
  PRED-K4 both-OOD    pos0ρ=+0.659  pos1ρ=+0.776  vel0ρ=+0.692  vel1ρ=+0.801

--- [K=4] decoded vel ρ from PRED latents vs horizon (test, aggregate) ---
  h=  4  n=  100  vel0ρ=+0.518  vel1ρ=+0.281
  h=  8  n=  100  vel0ρ=+0.743  vel1ρ=+0.650
  h= 16  n=  100  vel0ρ=+0.716  vel1ρ=+0.816
  h= 28  n=  100  vel0ρ=+0.656  vel1ρ=+0.787

Total 88s
