[norm] action mean=[-0.01484401  0.          0.01575156  0.        ], std=[7.72976437e-02 1.00000000e-08 8.20558954e-02 1.00000000e-08]  (from phyworld_collision_id1k.h5)
[ckpt] /data1/likun-share/junjxu/.stable_worldmodel/collision_sw_w50p0_f4_id1k/collision_sw_w50p0_f4_id1k_epoch_20_object.ckpt  tag=w50.0f4
  rolled out 100 trajs, t=14s
  rolled out 200 trajs, t=26s
  rolled out 300 trajs, t=37s
  rolled out 400 trajs, t=49s
  rolled out 500 trajs, t=60s

[data] 500 trajs, 14500 (frame,pred) pairs, emb dim=192

=== collision AR ROLLOUT (LeWM ID-only FT, history_size=3) ===
--- latent fidelity (pred vs real emb), test trajs, by partition ---
  ID         n=  203  cos=+0.7528  nMSE=0.5671
  r/m-OOD    n=  754  cos=+0.7333  nMSE=0.6045
  v-OOD      n=  290  cos=+0.6040  nMSE=0.9202
  both-OOD   n= 1653  cos=+0.6256  nMSE=0.8875

--- latent fidelity vs horizon (test, aggregate) ---
  h=  1  n=  100  cos=+0.9854  nMSE=0.0326
  h=  2  n=  100  cos=+0.9662  nMSE=0.0699
  h=  4  n=  100  cos=+0.9200  nMSE=0.1618
  h=  8  n=  100  cos=+0.7814  nMSE=0.4986
  h= 16  n=  100  cos=+0.6329  nMSE=0.7825
  h= 28  n=  100  cos=+0.4264  nMSE=1.4653

--- decoded pos/vel ρ from ROLLED-OUT latents (test), by partition ---
  [baseline] probe applied to REAL embs:
  REAL ID                   pos0ρ=+0.908  pos1ρ=+0.940  vel0ρ=+0.751  vel1ρ=+0.750
  REAL r/m-OOD              pos0ρ=+0.827  pos1ρ=+0.776  vel0ρ=+0.778  vel1ρ=+0.740
  REAL v-OOD                pos0ρ=+0.913  pos1ρ=+0.928  vel0ρ=+0.758  vel1ρ=+0.761
  REAL both-OOD             pos0ρ=+0.899  pos1ρ=+0.859  vel0ρ=+0.900  vel1ρ=+0.785
  [rollout] probe applied to PREDICTED embs:
  PRED ID                   pos0ρ=+0.541  pos1ρ=+0.644  vel0ρ=+0.496  vel1ρ=+0.619
  PRED r/m-OOD              pos0ρ=+0.611  pos1ρ=+0.617  vel0ρ=+0.559  vel1ρ=+0.681
  PRED v-OOD                pos0ρ=+0.506  pos1ρ=+0.486  vel0ρ=+0.347  vel1ρ=+0.400
  PRED both-OOD             pos0ρ=+0.453  pos1ρ=+0.345  vel0ρ=+0.475  vel1ρ=+0.492

--- decoded vel ρ from PRED latents vs horizon (test, aggregate) ---
  h=  1  n=  100  vel0ρ=+0.022  vel1ρ=-0.148
  h=  2  n=  100  vel0ρ=+0.055  vel1ρ=-0.137
  h=  4  n=  100  vel0ρ=+0.091  vel1ρ=-0.116
  h=  8  n=  100  vel0ρ=+0.121  vel1ρ=+0.497
  h= 16  n=  100  vel0ρ=+0.647  vel1ρ=+0.712
  h= 28  n=  100  vel0ρ=+0.351  vel1ρ=+0.430

--- [K=4] decoded pos/vel ρ from ROLLED-OUT latents (test), by partition ---
  [K=4] probe applied to PREDICTED embs (stack 4 consecutive predicted latents):
  PRED-K4 ID          pos0ρ=+0.685  pos1ρ=+0.862  vel0ρ=+0.691  vel1ρ=+0.844
  PRED-K4 r/m-OOD     pos0ρ=+0.552  pos1ρ=+0.579  vel0ρ=+0.645  vel1ρ=+0.682
  PRED-K4 v-OOD       pos0ρ=+0.440  pos1ρ=+0.561  vel0ρ=+0.344  vel1ρ=+0.495
  PRED-K4 both-OOD    pos0ρ=+0.460  pos1ρ=+0.405  vel0ρ=+0.497  vel1ρ=+0.558

--- [K=4] decoded vel ρ from PRED latents vs horizon (test, aggregate) ---
  h=  4  n=  100  vel0ρ=+0.374  vel1ρ=-0.054
  h=  8  n=  100  vel0ρ=+0.640  vel1ρ=+0.666
  h= 16  n=  100  vel0ρ=+0.593  vel1ρ=+0.664
  h= 28  n=  100  vel0ρ=+0.342  vel1ρ=+0.446

Total 60s
