[norm] action mean=[0.24667731 0.        ], std=[8.83643282e-02 1.00000000e-08]  (from phyworld_uniform_motion_id1k.h5)
[ckpt] /data1/likun-share/junjxu/.stable_worldmodel/uniform_sw_w50p0_f1_id1k/uniform_sw_w50p0_f1_id1k_epoch_20_object.ckpt  tag=w50.0f1
  rolled out 100 trajs, t=19s
  rolled out 200 trajs, t=35s
  rolled out 300 trajs, t=51s
  rolled out 400 trajs, t=64s
  rolled out 500 trajs, t=78s

[data] 500 trajs, 14500 (frame,pred) pairs, emb dim=192
/home/likun-share/junjxu/wm/phyworld/scripts/rollout_eval_id1k.py:197: ConstantInputWarning: An input array is constant; the correlation coefficient is not defined.
  rho = pearsonr(vel_all[mask][:, d], pv[:, d])[0]
/home/likun-share/junjxu/wm/phyworld/scripts/rollout_eval_id1k.py:197: ConstantInputWarning: An input array is constant; the correlation coefficient is not defined.
  rho = pearsonr(vel_all[mask][:, d], pv[:, d])[0]
/home/likun-share/junjxu/wm/phyworld/scripts/rollout_eval_id1k.py:197: ConstantInputWarning: An input array is constant; the correlation coefficient is not defined.
  rho = pearsonr(vel_all[mask][:, d], pv[:, d])[0]
/home/likun-share/junjxu/wm/phyworld/scripts/rollout_eval_id1k.py:197: ConstantInputWarning: An input array is constant; the correlation coefficient is not defined.
  rho = pearsonr(vel_all[mask][:, d], pv[:, d])[0]
/home/likun-share/junjxu/wm/phyworld/scripts/rollout_eval_id1k.py:197: ConstantInputWarning: An input array is constant; the correlation coefficient is not defined.
  rho = pearsonr(vel_all[mask][:, d], pv[:, d])[0]
/home/likun-share/junjxu/wm/phyworld/scripts/rollout_eval_id1k.py:197: ConstantInputWarning: An input array is constant; the correlation coefficient is not defined.
  rho = pearsonr(vel_all[mask][:, d], pv[:, d])[0]
/home/likun-share/junjxu/wm/phyworld/scripts/rollout_eval_id1k.py:197: ConstantInputWarning: An input array is constant; the correlation coefficient is not defined.
  rho = pearsonr(vel_all[mask][:, d], pv[:, d])[0]
/home/likun-share/junjxu/wm/phyworld/scripts/rollout_eval_id1k.py:197: ConstantInputWarning: An input array is constant; the correlation coefficient is not defined.
  rho = pearsonr(vel_all[mask][:, d], pv[:, d])[0]
/home/likun-share/junjxu/wm/phyworld/scripts/rollout_eval_id1k.py:242: ConstantInputWarning: An input array is constant; the correlation coefficient is not defined.
  rhos = [pearsonr(vel_all[m][:, d], pv[:, d])[0] for d in range(vel_all.shape[1])]
/home/likun-share/junjxu/wm/phyworld/scripts/rollout_eval_id1k.py:242: ConstantInputWarning: An input array is constant; the correlation coefficient is not defined.
  rhos = [pearsonr(vel_all[m][:, d], pv[:, d])[0] for d in range(vel_all.shape[1])]
/home/likun-share/junjxu/wm/phyworld/scripts/rollout_eval_id1k.py:242: ConstantInputWarning: An input array is constant; the correlation coefficient is not defined.
  rhos = [pearsonr(vel_all[m][:, d], pv[:, d])[0] for d in range(vel_all.shape[1])]
/home/likun-share/junjxu/wm/phyworld/scripts/rollout_eval_id1k.py:242: ConstantInputWarning: An input array is constant; the correlation coefficient is not defined.
  rhos = [pearsonr(vel_all[m][:, d], pv[:, d])[0] for d in range(vel_all.shape[1])]
/home/likun-share/junjxu/wm/phyworld/scripts/rollout_eval_id1k.py:242: ConstantInputWarning: An input array is constant; the correlation coefficient is not defined.
  rhos = [pearsonr(vel_all[m][:, d], pv[:, d])[0] for d in range(vel_all.shape[1])]
/home/likun-share/junjxu/wm/phyworld/scripts/rollout_eval_id1k.py:242: ConstantInputWarning: An input array is constant; the correlation coefficient is not defined.
  rhos = [pearsonr(vel_all[m][:, d], pv[:, d])[0] for d in range(vel_all.shape[1])]
/home/likun-share/junjxu/wm/phyworld/scripts/rollout_eval_id1k.py:288: ConstantInputWarning: An input array is constant; the correlation coefficient is not defined.
  line += f"  vel{d}ρ={pearsonr(vel_all[m][:, d], pv[:, d])[0]:+.3f}"
/home/likun-share/junjxu/wm/phyworld/scripts/rollout_eval_id1k.py:288: ConstantInputWarning: An input array is constant; the correlation coefficient is not defined.
  line += f"  vel{d}ρ={pearsonr(vel_all[m][:, d], pv[:, d])[0]:+.3f}"
/home/likun-share/junjxu/wm/phyworld/scripts/rollout_eval_id1k.py:288: ConstantInputWarning: An input array is constant; the correlation coefficient is not defined.
  line += f"  vel{d}ρ={pearsonr(vel_all[m][:, d], pv[:, d])[0]:+.3f}"
/home/likun-share/junjxu/wm/phyworld/scripts/rollout_eval_id1k.py:288: ConstantInputWarning: An input array is constant; the correlation coefficient is not defined.
  line += f"  vel{d}ρ={pearsonr(vel_all[m][:, d], pv[:, d])[0]:+.3f}"
/home/likun-share/junjxu/wm/phyworld/scripts/rollout_eval_id1k.py:296: ConstantInputWarning: An input array is constant; the correlation coefficient is not defined.
  rhos = [pearsonr(vel_all[m][:, d], pv[:, d])[0] for d in range(vel_all.shape[1])]
/home/likun-share/junjxu/wm/phyworld/scripts/rollout_eval_id1k.py:296: ConstantInputWarning: An input array is constant; the correlation coefficient is not defined.
  rhos = [pearsonr(vel_all[m][:, d], pv[:, d])[0] for d in range(vel_all.shape[1])]
/home/likun-share/junjxu/wm/phyworld/scripts/rollout_eval_id1k.py:296: ConstantInputWarning: An input array is constant; the correlation coefficient is not defined.
  rhos = [pearsonr(vel_all[m][:, d], pv[:, d])[0] for d in range(vel_all.shape[1])]
/home/likun-share/junjxu/wm/phyworld/scripts/rollout_eval_id1k.py:296: ConstantInputWarning: An input array is constant; the correlation coefficient is not defined.
  rhos = [pearsonr(vel_all[m][:, d], pv[:, d])[0] for d in range(vel_all.shape[1])]

=== uniform_motion AR ROLLOUT (LeWM ID-only FT, history_size=3) ===
--- latent fidelity (pred vs real emb), test trajs, by partition ---
  ID         n=  406  cos=+0.8791  nMSE=0.2640
  r/m-OOD    n=  464  cos=+0.8817  nMSE=0.2981
  v-OOD      n=  841  cos=+0.8970  nMSE=0.2280
  both-OOD   n= 1189  cos=+0.8946  nMSE=0.2411

--- latent fidelity vs horizon (test, aggregate) ---
  h=  1  n=  100  cos=+0.9837  nMSE=0.0727
  h=  2  n=  100  cos=+0.9757  nMSE=0.0958
  h=  4  n=  100  cos=+0.9611  nMSE=0.1282
  h=  8  n=  100  cos=+0.9235  nMSE=0.1989
  h= 16  n=  100  cos=+0.8398  nMSE=0.3586
  h= 28  n=  100  cos=+0.8721  nMSE=0.3444

--- decoded pos/vel ρ from ROLLED-OUT latents (test), by partition ---
  [baseline] probe applied to REAL embs:
  REAL ID                   pos0ρ=+0.969  pos1ρ=+0.980  vel0ρ=+0.152  vel1ρ=+nan
  REAL r/m-OOD              pos0ρ=+0.939  pos1ρ=+0.908  vel0ρ=+0.140  vel1ρ=+nan
  REAL v-OOD                pos0ρ=+0.953  pos1ρ=+0.826  vel0ρ=+0.453  vel1ρ=+nan
  REAL both-OOD             pos0ρ=+0.945  pos1ρ=+0.853  vel0ρ=+0.636  vel1ρ=+nan
  [rollout] probe applied to PREDICTED embs:
  PRED ID                   pos0ρ=+0.911  pos1ρ=+0.944  vel0ρ=+0.276  vel1ρ=+nan
  PRED r/m-OOD              pos0ρ=+0.805  pos1ρ=+0.800  vel0ρ=+0.458  vel1ρ=+nan
  PRED v-OOD                pos0ρ=+0.955  pos1ρ=+0.792  vel0ρ=+0.461  vel1ρ=+nan
  PRED both-OOD             pos0ρ=+0.838  pos1ρ=+0.739  vel0ρ=+0.584  vel1ρ=+nan

--- decoded vel ρ from PRED latents vs horizon (test, aggregate) ---
  h=  1  n=  100  vel0ρ=-0.113  vel1ρ=+nan
  h=  2  n=  100  vel0ρ=-0.102  vel1ρ=+nan
  h=  4  n=  100  vel0ρ=-0.064  vel1ρ=+nan
  h=  8  n=  100  vel0ρ=+0.046  vel1ρ=+nan
  h= 16  n=  100  vel0ρ=+0.764  vel1ρ=+nan
  h= 28  n=  100  vel0ρ=+0.874  vel1ρ=+nan

--- [K=4] decoded pos/vel ρ from ROLLED-OUT latents (test), by partition ---
  [K=4] probe applied to PREDICTED embs (stack 4 consecutive predicted latents):
  PRED-K4 ID          pos0ρ=+0.892  pos1ρ=+0.948  vel0ρ=+0.728  vel1ρ=+nan
  PRED-K4 r/m-OOD     pos0ρ=+0.784  pos1ρ=+0.817  vel0ρ=+0.795  vel1ρ=+nan
  PRED-K4 v-OOD       pos0ρ=+0.959  pos1ρ=+0.807  vel0ρ=+0.865  vel1ρ=+nan
  PRED-K4 both-OOD    pos0ρ=+0.833  pos1ρ=+0.739  vel0ρ=+0.816  vel1ρ=+nan

--- [K=4] decoded vel ρ from PRED latents vs horizon (test, aggregate) ---
  h=  4  n=  100  vel0ρ=+0.844  vel1ρ=+nan
  h=  8  n=  100  vel0ρ=+0.787  vel1ρ=+nan
  h= 16  n=  100  vel0ρ=+0.759  vel1ρ=+nan
  h= 28  n=  100  vel0ρ=+0.882  vel1ρ=+nan

Total 79s
