[norm] action mean=[-0.01484401  0.          0.01575156  0.        ], std=[7.72976437e-02 1.00000000e-08 8.20558954e-02 1.00000000e-08]  (from phyworld_collision_id1k.h5)
[ckpt] /data1/likun-share/junjxu/.stable_worldmodel/collision_sw_w30p0_f2_id1k/collision_sw_w30p0_f2_id1k_epoch_20_object.ckpt  tag=w30.0f2
  rolled out 100 trajs, t=15s
  rolled out 200 trajs, t=26s
  rolled out 300 trajs, t=38s
  rolled out 400 trajs, t=49s
  rolled out 500 trajs, t=61s

[data] 500 trajs, 14500 (frame,pred) pairs, emb dim=192

=== collision AR ROLLOUT (LeWM ID-only FT, history_size=3) ===
--- latent fidelity (pred vs real emb), test trajs, by partition ---
  ID         n=  203  cos=+0.7801  nMSE=0.5528
  r/m-OOD    n=  754  cos=+0.6823  nMSE=0.7694
  v-OOD      n=  290  cos=+0.4404  nMSE=1.4964
  both-OOD   n= 1653  cos=+0.5823  nMSE=1.0521

--- latent fidelity vs horizon (test, aggregate) ---
  h=  1  n=  100  cos=+0.9877  nMSE=0.0289
  h=  2  n=  100  cos=+0.9735  nMSE=0.0622
  h=  4  n=  100  cos=+0.9331  nMSE=0.1615
  h=  8  n=  100  cos=+0.7618  nMSE=0.6010
  h= 16  n=  100  cos=+0.5158  nMSE=1.1213
  h= 28  n=  100  cos=+0.4029  nMSE=1.5994

--- decoded pos/vel ρ from ROLLED-OUT latents (test), by partition ---
  [baseline] probe applied to REAL embs:
  REAL ID                   pos0ρ=+0.895  pos1ρ=+0.932  vel0ρ=+0.745  vel1ρ=+0.741
  REAL r/m-OOD              pos0ρ=+0.823  pos1ρ=+0.774  vel0ρ=+0.775  vel1ρ=+0.727
  REAL v-OOD                pos0ρ=+0.884  pos1ρ=+0.874  vel0ρ=+0.686  vel1ρ=+0.749
  REAL both-OOD             pos0ρ=+0.902  pos1ρ=+0.859  vel0ρ=+0.903  vel1ρ=+0.785
  [rollout] probe applied to PREDICTED embs:
  PRED ID                   pos0ρ=+0.820  pos1ρ=+0.801  vel0ρ=+0.595  vel1ρ=+0.715
  PRED r/m-OOD              pos0ρ=+0.545  pos1ρ=+0.640  vel0ρ=+0.512  vel1ρ=+0.638
  PRED v-OOD                pos0ρ=+0.423  pos1ρ=+0.603  vel0ρ=+0.126  vel1ρ=+0.472
  PRED both-OOD             pos0ρ=+0.431  pos1ρ=+0.362  vel0ρ=+0.414  vel1ρ=+0.604

--- decoded vel ρ from PRED latents vs horizon (test, aggregate) ---
  h=  1  n=  100  vel0ρ=+0.115  vel1ρ=+0.296
  h=  2  n=  100  vel0ρ=+0.167  vel1ρ=+0.368
  h=  4  n=  100  vel0ρ=+0.200  vel1ρ=+0.393
  h=  8  n=  100  vel0ρ=+0.073  vel1ρ=+0.513
  h= 16  n=  100  vel0ρ=+0.602  vel1ρ=+0.830
  h= 28  n=  100  vel0ρ=+0.410  vel1ρ=+0.505

--- [K=4] decoded pos/vel ρ from ROLLED-OUT latents (test), by partition ---
  [K=4] probe applied to PREDICTED embs (stack 4 consecutive predicted latents):
  PRED-K4 ID          pos0ρ=+0.837  pos1ρ=+0.813  vel0ρ=+0.789  vel1ρ=+0.842
  PRED-K4 r/m-OOD     pos0ρ=+0.559  pos1ρ=+0.646  vel0ρ=+0.652  vel1ρ=+0.692
  PRED-K4 v-OOD       pos0ρ=+0.342  pos1ρ=+0.588  vel0ρ=+0.241  vel1ρ=+0.503
  PRED-K4 both-OOD    pos0ρ=+0.470  pos1ρ=+0.468  vel0ρ=+0.455  vel1ρ=+0.623

--- [K=4] decoded vel ρ from PRED latents vs horizon (test, aggregate) ---
  h=  4  n=  100  vel0ρ=+0.554  vel1ρ=+0.202
  h=  8  n=  100  vel0ρ=+0.683  vel1ρ=+0.751
  h= 16  n=  100  vel0ρ=+0.612  vel1ρ=+0.768
  h= 28  n=  100  vel0ρ=+0.402  vel1ρ=+0.581

Total 61s
