[norm] action mean=[ 0.24667731 -0.40296947], std=[0.08836433 0.229554  ]  (from phyworld_parabola_id1k.h5)
[ckpt] /data1/likun-share/junjxu/.stable_worldmodel/parabola_sw_w50p0_f4_id1k/parabola_sw_w50p0_f4_id1k_epoch_20_object.ckpt  tag=w50.0f4
  rolled out 100 trajs, t=20s
  rolled out 200 trajs, t=34s
  rolled out 300 trajs, t=49s
  rolled out 400 trajs, t=64s
  rolled out 500 trajs, t=78s

[data] 500 trajs, 14500 (frame,pred) pairs, emb dim=192
/home/likun-share/junjxu/wm/phyworld/scripts/rollout_eval_id1k.py:242: ConstantInputWarning: An input array is constant; the correlation coefficient is not defined.
  rhos = [pearsonr(vel_all[m][:, d], pv[:, d])[0] for d in range(vel_all.shape[1])]
/home/likun-share/junjxu/wm/phyworld/scripts/rollout_eval_id1k.py:242: NearConstantInputWarning: An input array is nearly constant; the computed correlation coefficient may be inaccurate.
  rhos = [pearsonr(vel_all[m][:, d], pv[:, d])[0] for d in range(vel_all.shape[1])]
/home/likun-share/junjxu/wm/phyworld/scripts/rollout_eval_id1k.py:242: NearConstantInputWarning: An input array is nearly constant; the computed correlation coefficient may be inaccurate.
  rhos = [pearsonr(vel_all[m][:, d], pv[:, d])[0] for d in range(vel_all.shape[1])]
/home/likun-share/junjxu/wm/le-wm/.venv/lib/python3.10/site-packages/sklearn/linear_model/_ridge.py:213: LinAlgWarning: Ill-conditioned matrix (rcond=4.21279e-08): result may not be accurate.
  return linalg.solve(A, Xy, assume_a="pos", overwrite_a=True).T
/home/likun-share/junjxu/wm/le-wm/.venv/lib/python3.10/site-packages/sklearn/linear_model/_ridge.py:213: LinAlgWarning: Ill-conditioned matrix (rcond=4.21279e-08): result may not be accurate.
  return linalg.solve(A, Xy, assume_a="pos", overwrite_a=True).T
/home/likun-share/junjxu/wm/phyworld/scripts/rollout_eval_id1k.py:296: ConstantInputWarning: An input array is constant; the correlation coefficient is not defined.
  rhos = [pearsonr(vel_all[m][:, d], pv[:, d])[0] for d in range(vel_all.shape[1])]
/home/likun-share/junjxu/wm/phyworld/scripts/rollout_eval_id1k.py:296: NearConstantInputWarning: An input array is nearly constant; the computed correlation coefficient may be inaccurate.
  rhos = [pearsonr(vel_all[m][:, d], pv[:, d])[0] for d in range(vel_all.shape[1])]
/home/likun-share/junjxu/wm/phyworld/scripts/rollout_eval_id1k.py:296: NearConstantInputWarning: An input array is nearly constant; the computed correlation coefficient may be inaccurate.
  rhos = [pearsonr(vel_all[m][:, d], pv[:, d])[0] for d in range(vel_all.shape[1])]

=== parabola AR ROLLOUT (LeWM ID-only FT, history_size=3) ===
--- latent fidelity (pred vs real emb), test trajs, by partition ---
  ID         n=  464  cos=+0.8815  nMSE=0.1833
  r/m-OOD    n=  319  cos=+0.8942  nMSE=0.1260
  v-OOD      n=  928  cos=+0.8854  nMSE=0.2185
  both-OOD   n= 1189  cos=+0.8581  nMSE=0.2604

--- latent fidelity vs horizon (test, aggregate) ---
  h=  1  n=  100  cos=+0.9541  nMSE=0.0977
  h=  2  n=  100  cos=+0.9583  nMSE=0.1167
  h=  4  n=  100  cos=+0.9482  nMSE=0.1715
  h=  8  n=  100  cos=+0.9472  nMSE=0.2273
  h= 16  n=  100  cos=+0.8646  nMSE=0.3818
  h= 28  n=  100  cos=+0.7723  nMSE=13344.7041

--- decoded pos/vel ρ from ROLLED-OUT latents (test), by partition ---
  [baseline] probe applied to REAL embs:
  REAL ID                   pos0ρ=+0.949  pos1ρ=+0.977  vel0ρ=+0.246  vel1ρ=+0.983
  REAL r/m-OOD              pos0ρ=+0.908  pos1ρ=+0.970  vel0ρ=+0.434  vel1ρ=+0.978
  REAL v-OOD                pos0ρ=+0.881  pos1ρ=+0.899  vel0ρ=+0.596  vel1ρ=+0.949
  REAL both-OOD             pos0ρ=+0.843  pos1ρ=+0.902  vel0ρ=+0.624  vel1ρ=+0.950
  [rollout] probe applied to PREDICTED embs:
  PRED ID                   pos0ρ=+0.946  pos1ρ=+0.984  vel0ρ=+0.339  vel1ρ=+0.986
  PRED r/m-OOD              pos0ρ=+0.879  pos1ρ=+0.981  vel0ρ=+0.369  vel1ρ=+0.970
  PRED v-OOD                pos0ρ=+0.884  pos1ρ=+0.947  vel0ρ=+0.641  vel1ρ=+0.957
  PRED both-OOD             pos0ρ=+0.823  pos1ρ=+0.939  vel0ρ=+0.640  vel1ρ=+0.920

--- decoded vel ρ from PRED latents vs horizon (test, aggregate) ---
  h=  1  n=  100  vel0ρ=+0.291  vel1ρ=-0.281
  h=  2  n=  100  vel0ρ=+0.239  vel1ρ=+0.350
  h=  4  n=  100  vel0ρ=+0.476  vel1ρ=+0.274
  h=  8  n=  100  vel0ρ=+0.709  vel1ρ=+nan
  h= 16  n=  100  vel0ρ=+0.852  vel1ρ=-0.128
  h= 28  n=  100  vel0ρ=+0.675  vel1ρ=-0.028

--- [K=4] decoded pos/vel ρ from ROLLED-OUT latents (test), by partition ---
  [K=4] probe applied to PREDICTED embs (stack 4 consecutive predicted latents):
  PRED-K4 ID          pos0ρ=+0.939  pos1ρ=+0.987  vel0ρ=+0.636  vel1ρ=+0.983
  PRED-K4 r/m-OOD     pos0ρ=+0.877  pos1ρ=+0.973  vel0ρ=+0.638  vel1ρ=+0.950
  PRED-K4 v-OOD       pos0ρ=+0.901  pos1ρ=+0.932  vel0ρ=+0.762  vel1ρ=+0.937
  PRED-K4 both-OOD    pos0ρ=+0.838  pos1ρ=+0.902  vel0ρ=+0.860  vel1ρ=+0.891

--- [K=4] decoded vel ρ from PRED latents vs horizon (test, aggregate) ---
  h=  4  n=  100  vel0ρ=+0.764  vel1ρ=+0.056
  h=  8  n=  100  vel0ρ=+0.905  vel1ρ=+nan
  h= 16  n=  100  vel0ρ=+0.920  vel1ρ=-0.116
  h= 28  n=  100  vel0ρ=+0.878  vel1ρ=-0.014

Total 78s
