[norm] action mean=[ 0.24667731 -0.40296947], std=[0.08836433 0.229554  ]  (from phyworld_parabola_id1k.h5)
[ckpt] /data1/likun-share/junjxu/.stable_worldmodel/parabola_sw_w50p0_f1_id1k/parabola_sw_w50p0_f1_id1k_epoch_20_object.ckpt  tag=w50.0f1
  rolled out 100 trajs, t=23s
  rolled out 200 trajs, t=40s
  rolled out 300 trajs, t=56s
  rolled out 400 trajs, t=72s
  rolled out 500 trajs, t=87s

[data] 500 trajs, 14500 (frame,pred) pairs, emb dim=192
/home/likun-share/junjxu/wm/phyworld/scripts/rollout_eval_id1k.py:242: ConstantInputWarning: An input array is constant; the correlation coefficient is not defined.
  rhos = [pearsonr(vel_all[m][:, d], pv[:, d])[0] for d in range(vel_all.shape[1])]
/home/likun-share/junjxu/wm/phyworld/scripts/rollout_eval_id1k.py:242: NearConstantInputWarning: An input array is nearly constant; the computed correlation coefficient may be inaccurate.
  rhos = [pearsonr(vel_all[m][:, d], pv[:, d])[0] for d in range(vel_all.shape[1])]
/home/likun-share/junjxu/wm/phyworld/scripts/rollout_eval_id1k.py:242: NearConstantInputWarning: An input array is nearly constant; the computed correlation coefficient may be inaccurate.
  rhos = [pearsonr(vel_all[m][:, d], pv[:, d])[0] for d in range(vel_all.shape[1])]
/home/likun-share/junjxu/wm/phyworld/scripts/rollout_eval_id1k.py:296: ConstantInputWarning: An input array is constant; the correlation coefficient is not defined.
  rhos = [pearsonr(vel_all[m][:, d], pv[:, d])[0] for d in range(vel_all.shape[1])]
/home/likun-share/junjxu/wm/phyworld/scripts/rollout_eval_id1k.py:296: NearConstantInputWarning: An input array is nearly constant; the computed correlation coefficient may be inaccurate.
  rhos = [pearsonr(vel_all[m][:, d], pv[:, d])[0] for d in range(vel_all.shape[1])]
/home/likun-share/junjxu/wm/phyworld/scripts/rollout_eval_id1k.py:296: NearConstantInputWarning: An input array is nearly constant; the computed correlation coefficient may be inaccurate.
  rhos = [pearsonr(vel_all[m][:, d], pv[:, d])[0] for d in range(vel_all.shape[1])]

=== parabola AR ROLLOUT (LeWM ID-only FT, history_size=3) ===
--- latent fidelity (pred vs real emb), test trajs, by partition ---
  ID         n=  464  cos=+0.9394  nMSE=0.0995
  r/m-OOD    n=  319  cos=+0.9350  nMSE=0.1453
  v-OOD      n=  928  cos=+0.8754  nMSE=0.2164
  both-OOD   n= 1189  cos=+0.8603  nMSE=0.2329

--- latent fidelity vs horizon (test, aggregate) ---
  h=  1  n=  100  cos=+0.9761  nMSE=0.1179
  h=  2  n=  100  cos=+0.9585  nMSE=0.1474
  h=  4  n=  100  cos=+0.9403  nMSE=0.1767
  h=  8  n=  100  cos=+0.9274  nMSE=0.2216
  h= 16  n=  100  cos=+0.7772  nMSE=0.2713
  h= 28  n=  100  cos=+0.8986  nMSE=2897.2590

--- decoded pos/vel ρ from ROLLED-OUT latents (test), by partition ---
  [baseline] probe applied to REAL embs:
  REAL ID                   pos0ρ=+0.949  pos1ρ=+0.977  vel0ρ=+0.213  vel1ρ=+0.983
  REAL r/m-OOD              pos0ρ=+0.911  pos1ρ=+0.976  vel0ρ=+0.433  vel1ρ=+0.981
  REAL v-OOD                pos0ρ=+0.881  pos1ρ=+0.899  vel0ρ=+0.603  vel1ρ=+0.949
  REAL both-OOD             pos0ρ=+0.847  pos1ρ=+0.905  vel0ρ=+0.628  vel1ρ=+0.952
  [rollout] probe applied to PREDICTED embs:
  PRED ID                   pos0ρ=+0.938  pos1ρ=+0.982  vel0ρ=+0.195  vel1ρ=+0.980
  PRED r/m-OOD              pos0ρ=+0.886  pos1ρ=+0.964  vel0ρ=+0.331  vel1ρ=+0.968
  PRED v-OOD                pos0ρ=+0.810  pos1ρ=+0.951  vel0ρ=+0.468  vel1ρ=+0.963
  PRED both-OOD             pos0ρ=+0.744  pos1ρ=+0.936  vel0ρ=+0.528  vel1ρ=+0.930

--- decoded vel ρ from PRED latents vs horizon (test, aggregate) ---
  h=  1  n=  100  vel0ρ=+0.212  vel1ρ=-0.191
  h=  2  n=  100  vel0ρ=+0.380  vel1ρ=+0.270
  h=  4  n=  100  vel0ρ=+0.473  vel1ρ=+0.225
  h=  8  n=  100  vel0ρ=+0.679  vel1ρ=+nan
  h= 16  n=  100  vel0ρ=+0.915  vel1ρ=-0.111
  h= 28  n=  100  vel0ρ=-0.821  vel1ρ=+0.062

--- [K=4] decoded pos/vel ρ from ROLLED-OUT latents (test), by partition ---
  [K=4] probe applied to PREDICTED embs (stack 4 consecutive predicted latents):
  PRED-K4 ID          pos0ρ=+0.922  pos1ρ=+0.987  vel0ρ=+0.465  vel1ρ=+0.983
  PRED-K4 r/m-OOD     pos0ρ=+0.889  pos1ρ=+0.940  vel0ρ=+0.521  vel1ρ=+0.950
  PRED-K4 v-OOD       pos0ρ=+0.823  pos1ρ=+0.961  vel0ρ=+0.472  vel1ρ=+0.963
  PRED-K4 both-OOD    pos0ρ=+0.757  pos1ρ=+0.912  vel0ρ=+0.497  vel1ρ=+0.866

--- [K=4] decoded vel ρ from PRED latents vs horizon (test, aggregate) ---
  h=  4  n=  100  vel0ρ=+0.501  vel1ρ=+0.047
  h=  8  n=  100  vel0ρ=+0.842  vel1ρ=+nan
  h= 16  n=  100  vel0ρ=+0.868  vel1ρ=-0.170
  h= 28  n=  100  vel0ρ=-0.812  vel1ρ=-0.042

Total 88s
