=== SWEEP-EXTEND START Fri Jun  5 23:45:24 CST 2026 on GPUs 0 1 2 3 4 5 6 7 ===
  Total configs: 18
[train 23:45:24] parabola_sw_w30p0_f1_id1k on GPU0
[train 23:45:24] parabola_sw_w30p0_f2_id1k on GPU1
[train 23:45:24] parabola_sw_w30p0_f4_id1k on GPU2
[train 23:45:24] parabola_sw_w50p0_f2_id1k on GPU4
[train 23:45:24] parabola_sw_w50p0_f4_id1k on GPU5
[train 23:45:24] parabola_sw_w50p0_f1_id1k on GPU3
[train 23:45:24] uniform_sw_w30p0_f2_id1k on GPU7
[train 23:45:24] uniform_sw_w30p0_f1_id1k on GPU6
[train 23:45:24] uniform_sw_w50p0_f1_id1k on GPU1
[train 23:45:24] uniform_sw_w30p0_f4_id1k on GPU0
[train 23:45:24] uniform_sw_w50p0_f2_id1k on GPU2
[train 23:45:24] uniform_sw_w50p0_f4_id1k on GPU3
[train 23:45:24] collision_sw_w30p0_f1_id1k on GPU4
[train 23:45:24] collision_sw_w30p0_f2_id1k on GPU5
[train 23:45:24] collision_sw_w30p0_f4_id1k on GPU6
[train 23:45:24] collision_sw_w50p0_f1_id1k on GPU7
[train 23:45:24] collision_sw_w50p0_f2_id1k on GPU0
[train 23:45:24] collision_sw_w50p0_f4_id1k on GPU1
[train done 00:15:54] parabola_sw_w30p0_f4_id1k (exit 0)
[train done 00:16:20] parabola_sw_w50p0_f2_id1k (exit 0)
[train done 00:16:22] uniform_sw_w50p0_f4_id1k (exit 0)
[train done 00:16:27] parabola_sw_w50p0_f1_id1k (exit 0)
[train done 00:16:35] collision_sw_w50p0_f1_id1k (exit 0)
[train done 00:16:36] collision_sw_w30p0_f4_id1k (exit 0)
[train done 00:16:41] uniform_sw_w30p0_f1_id1k (exit 0)
[train done 00:16:53] collision_sw_w30p0_f1_id1k (exit 0)
[train done 00:17:35] uniform_sw_w50p0_f2_id1k (exit 0)
[train done 00:17:37] parabola_sw_w50p0_f4_id1k (exit 0)
[eval done 00:17:41] parabola_sw_w30p0_f4_id1k
[eval done 00:17:50] uniform_sw_w50p0_f4_id1k
[eval done 00:17:51] parabola_sw_w50p0_f2_id1k
[eval done 00:17:58] parabola_sw_w50p0_f1_id1k
[eval done 00:18:04] collision_sw_w30p0_f4_id1k
[eval done 00:18:06] collision_sw_w50p0_f1_id1k
[eval done 00:18:15] uniform_sw_w30p0_f1_id1k
[eval done 00:18:19] collision_sw_w30p0_f1_id1k
[train done 00:18:27] uniform_sw_w50p0_f1_id1k (exit 0)
[eval done 00:18:55] uniform_sw_w50p0_f2_id1k
[eval done 00:18:59] parabola_sw_w50p0_f4_id1k
[train done 00:19:37] parabola_sw_w30p0_f2_id1k (exit 0)
[eval done 00:19:49] uniform_sw_w50p0_f1_id1k
[train done 00:20:00] parabola_sw_w30p0_f1_id1k (exit 0)
[train done 00:20:10] collision_sw_w50p0_f2_id1k (exit 0)
[train done 00:20:14] uniform_sw_w30p0_f4_id1k (exit 0)
[train done 00:20:27] uniform_sw_w30p0_f2_id1k (exit 0)
[eval done 00:20:51] parabola_sw_w30p0_f2_id1k
[eval done 00:21:13] parabola_sw_w30p0_f1_id1k
[train done 00:21:19] collision_sw_w30p0_f2_id1k (exit 0)
[eval done 00:21:23] collision_sw_w50p0_f2_id1k
[eval done 00:21:27] uniform_sw_w30p0_f4_id1k
[eval done 00:21:32] uniform_sw_w30p0_f2_id1k
[train done 00:21:39] collision_sw_w50p0_f4_id1k (exit 0)
[eval done 00:22:24] collision_sw_w30p0_f2_id1k
[eval done 00:22:42] collision_sw_w50p0_f4_id1k
=== SWEEP-EXTEND ALL DONE Sat Jun  6 00:22:42 CST 2026 ===
