[norm] action mean=[ 0.24667731 -0.40296947], std=[0.08836433 0.229554  ]  (from phyworld_parabola_id1k.h5)
[ckpt] /data1/likun-share/junjxu/.stable_worldmodel/parabola_fixinit_w50p0_f2_id1k/parabola_fixinit_w50p0_f2_id1k_epoch_20_object.ckpt  tag=fixinit_w50p0
  rolled out 100 trajs, t=16s
  rolled out 200 trajs, t=28s
  rolled out 300 trajs, t=40s
  rolled out 400 trajs, t=52s
  rolled out 500 trajs, t=64s

[data] 500 trajs, 14500 (frame,pred) pairs, emb dim=192
/home/likun-share/junjxu/wm/phyworld/scripts/rollout_eval_id1k.py:242: ConstantInputWarning: An input array is constant; the correlation coefficient is not defined.
  rhos = [pearsonr(vel_all[m][:, d], pv[:, d])[0] for d in range(vel_all.shape[1])]
/home/likun-share/junjxu/wm/phyworld/scripts/rollout_eval_id1k.py:242: NearConstantInputWarning: An input array is nearly constant; the computed correlation coefficient may be inaccurate.
  rhos = [pearsonr(vel_all[m][:, d], pv[:, d])[0] for d in range(vel_all.shape[1])]
/home/likun-share/junjxu/wm/phyworld/scripts/rollout_eval_id1k.py:242: NearConstantInputWarning: An input array is nearly constant; the computed correlation coefficient may be inaccurate.
  rhos = [pearsonr(vel_all[m][:, d], pv[:, d])[0] for d in range(vel_all.shape[1])]
/home/likun-share/junjxu/wm/le-wm/.venv/lib/python3.10/site-packages/sklearn/linear_model/_ridge.py:213: LinAlgWarning: Ill-conditioned matrix (rcond=2.82608e-08): result may not be accurate.
  return linalg.solve(A, Xy, assume_a="pos", overwrite_a=True).T
/home/likun-share/junjxu/wm/le-wm/.venv/lib/python3.10/site-packages/sklearn/linear_model/_ridge.py:213: LinAlgWarning: Ill-conditioned matrix (rcond=2.82608e-08): result may not be accurate.
  return linalg.solve(A, Xy, assume_a="pos", overwrite_a=True).T
/home/likun-share/junjxu/wm/phyworld/scripts/rollout_eval_id1k.py:296: ConstantInputWarning: An input array is constant; the correlation coefficient is not defined.
  rhos = [pearsonr(vel_all[m][:, d], pv[:, d])[0] for d in range(vel_all.shape[1])]
/home/likun-share/junjxu/wm/phyworld/scripts/rollout_eval_id1k.py:296: NearConstantInputWarning: An input array is nearly constant; the computed correlation coefficient may be inaccurate.
  rhos = [pearsonr(vel_all[m][:, d], pv[:, d])[0] for d in range(vel_all.shape[1])]
/home/likun-share/junjxu/wm/phyworld/scripts/rollout_eval_id1k.py:296: NearConstantInputWarning: An input array is nearly constant; the computed correlation coefficient may be inaccurate.
  rhos = [pearsonr(vel_all[m][:, d], pv[:, d])[0] for d in range(vel_all.shape[1])]

=== parabola AR ROLLOUT (LeWM ID-only FT, history_size=3) ===
--- latent fidelity (pred vs real emb), test trajs, by partition ---
  ID         n=  464  cos=+0.9866  nMSE=0.0101
  r/m-OOD    n=  319  cos=+0.9641  nMSE=0.0233
  v-OOD      n=  928  cos=+0.8259  nMSE=0.1636
  both-OOD   n= 1189  cos=+0.8524  nMSE=0.2205

--- latent fidelity vs horizon (test, aggregate) ---
  h=  1  n=  100  cos=+0.9937  nMSE=0.0107
  h=  2  n=  100  cos=+0.9862  nMSE=0.0179
  h=  4  n=  100  cos=+0.9762  nMSE=0.0328
  h=  8  n=  100  cos=+0.9880  nMSE=0.0615
  h= 16  n=  100  cos=+0.7607  nMSE=0.9359
  h= 28  n=  100  cos=+0.8071  nMSE=4087685.0000

--- decoded pos/vel ρ from ROLLED-OUT latents (test), by partition ---
  [baseline] probe applied to REAL embs:
  REAL ID                   pos0ρ=+0.952  pos1ρ=+0.985  vel0ρ=+0.202  vel1ρ=+0.990
  REAL r/m-OOD              pos0ρ=+0.916  pos1ρ=+0.980  vel0ρ=+0.448  vel1ρ=+0.984
  REAL v-OOD                pos0ρ=+0.889  pos1ρ=+0.904  vel0ρ=+0.623  vel1ρ=+0.953
  REAL both-OOD             pos0ρ=+0.854  pos1ρ=+0.916  vel0ρ=+0.670  vel1ρ=+0.961
  [rollout] probe applied to PREDICTED embs:
  PRED ID                   pos0ρ=+0.955  pos1ρ=+0.984  vel0ρ=+0.225  vel1ρ=+0.990
  PRED r/m-OOD              pos0ρ=+0.911  pos1ρ=+0.977  vel0ρ=+0.481  vel1ρ=+0.984
  PRED v-OOD                pos0ρ=+0.825  pos1ρ=+0.894  vel0ρ=+0.598  vel1ρ=+0.941
  PRED both-OOD             pos0ρ=+0.800  pos1ρ=+0.907  vel0ρ=+0.556  vel1ρ=+0.948

--- decoded vel ρ from PRED latents vs horizon (test, aggregate) ---
  h=  1  n=  100  vel0ρ=+0.367  vel1ρ=-0.120
  h=  2  n=  100  vel0ρ=+0.494  vel1ρ=+0.240
  h=  4  n=  100  vel0ρ=+0.435  vel1ρ=+0.339
  h=  8  n=  100  vel0ρ=+0.454  vel1ρ=+nan
  h= 16  n=  100  vel0ρ=+0.910  vel1ρ=-0.105
  h= 28  n=  100  vel0ρ=-0.483  vel1ρ=-0.055

--- [K=4] decoded pos/vel ρ from ROLLED-OUT latents (test), by partition ---
  [K=4] probe applied to PREDICTED embs (stack 4 consecutive predicted latents):
  PRED-K4 ID          pos0ρ=+0.947  pos1ρ=+0.987  vel0ρ=+0.788  vel1ρ=+0.993
  PRED-K4 r/m-OOD     pos0ρ=+0.928  pos1ρ=+0.981  vel0ρ=+0.778  vel1ρ=+0.991
  PRED-K4 v-OOD       pos0ρ=+0.902  pos1ρ=+0.923  vel0ρ=+0.878  vel1ρ=+0.934
  PRED-K4 both-OOD    pos0ρ=+0.882  pos1ρ=+0.928  vel0ρ=+0.869  vel1ρ=+0.944

--- [K=4] decoded vel ρ from PRED latents vs horizon (test, aggregate) ---
  h=  4  n=  100  vel0ρ=+0.843  vel1ρ=+0.071
  h=  8  n=  100  vel0ρ=+0.948  vel1ρ=+nan
  h= 16  n=  100  vel0ρ=+0.969  vel1ρ=+0.166
  h= 28  n=  100  vel0ρ=+0.634  vel1ρ=-0.066

Total 65s
