[norm] action mean=[ 0.24667731 -0.40296947], std=[0.08836433 0.229554  ]  (from phyworld_parabola_id1k.h5)
[ckpt] /data1/likun-share/junjxu/.stable_worldmodel/parabola_fixinit_w1p0_f2_id1k/parabola_fixinit_w1p0_f2_id1k_epoch_20_object.ckpt  tag=fixinit_w1p0
  rolled out 100 trajs, t=17s
  rolled out 200 trajs, t=31s
  rolled out 300 trajs, t=44s
  rolled out 400 trajs, t=57s
  rolled out 500 trajs, t=71s

[data] 500 trajs, 14500 (frame,pred) pairs, emb dim=192
/home/likun-share/junjxu/wm/phyworld/scripts/rollout_eval_id1k.py:242: ConstantInputWarning: An input array is constant; the correlation coefficient is not defined.
  rhos = [pearsonr(vel_all[m][:, d], pv[:, d])[0] for d in range(vel_all.shape[1])]
/home/likun-share/junjxu/wm/phyworld/scripts/rollout_eval_id1k.py:242: NearConstantInputWarning: An input array is nearly constant; the computed correlation coefficient may be inaccurate.
  rhos = [pearsonr(vel_all[m][:, d], pv[:, d])[0] for d in range(vel_all.shape[1])]
/home/likun-share/junjxu/wm/phyworld/scripts/rollout_eval_id1k.py:242: NearConstantInputWarning: An input array is nearly constant; the computed correlation coefficient may be inaccurate.
  rhos = [pearsonr(vel_all[m][:, d], pv[:, d])[0] for d in range(vel_all.shape[1])]
/home/likun-share/junjxu/wm/phyworld/scripts/rollout_eval_id1k.py:296: ConstantInputWarning: An input array is constant; the correlation coefficient is not defined.
  rhos = [pearsonr(vel_all[m][:, d], pv[:, d])[0] for d in range(vel_all.shape[1])]
/home/likun-share/junjxu/wm/phyworld/scripts/rollout_eval_id1k.py:296: NearConstantInputWarning: An input array is nearly constant; the computed correlation coefficient may be inaccurate.
  rhos = [pearsonr(vel_all[m][:, d], pv[:, d])[0] for d in range(vel_all.shape[1])]
/home/likun-share/junjxu/wm/phyworld/scripts/rollout_eval_id1k.py:296: NearConstantInputWarning: An input array is nearly constant; the computed correlation coefficient may be inaccurate.
  rhos = [pearsonr(vel_all[m][:, d], pv[:, d])[0] for d in range(vel_all.shape[1])]

=== parabola AR ROLLOUT (LeWM ID-only FT, history_size=3) ===
--- latent fidelity (pred vs real emb), test trajs, by partition ---
  ID         n=  464  cos=+0.9715  nMSE=0.0489
  r/m-OOD    n=  319  cos=+0.8670  nMSE=0.2709
  v-OOD      n=  928  cos=+0.7287  nMSE=0.6074
  both-OOD   n= 1189  cos=+0.6900  nMSE=0.7573

--- latent fidelity vs horizon (test, aggregate) ---
  h=  1  n=  100  cos=+0.9778  nMSE=0.0379
  h=  2  n=  100  cos=+0.9475  nMSE=0.0912
  h=  4  n=  100  cos=+0.9032  nMSE=0.2094
  h=  8  n=  100  cos=+0.8145  nMSE=0.4480
  h= 16  n=  100  cos=+0.6710  nMSE=0.7398
  h= 28  n=  100  cos=+0.8970  nMSE=4373111.5000

--- decoded pos/vel ρ from ROLLED-OUT latents (test), by partition ---
  [baseline] probe applied to REAL embs:
  REAL ID                   pos0ρ=+0.947  pos1ρ=+0.979  vel0ρ=+0.231  vel1ρ=+0.985
  REAL r/m-OOD              pos0ρ=+0.914  pos1ρ=+0.976  vel0ρ=+0.458  vel1ρ=+0.983
  REAL v-OOD                pos0ρ=+0.887  pos1ρ=+0.902  vel0ρ=+0.574  vel1ρ=+0.951
  REAL both-OOD             pos0ρ=+0.852  pos1ρ=+0.914  vel0ρ=+0.666  vel1ρ=+0.959
  [rollout] probe applied to PREDICTED embs:
  PRED ID                   pos0ρ=+0.945  pos1ρ=+0.975  vel0ρ=+0.223  vel1ρ=+0.981
  PRED r/m-OOD              pos0ρ=+0.885  pos1ρ=+0.948  vel0ρ=+0.350  vel1ρ=+0.957
  PRED v-OOD                pos0ρ=+0.839  pos1ρ=+0.896  vel0ρ=+0.633  vel1ρ=+0.945
  PRED both-OOD             pos0ρ=+0.792  pos1ρ=+0.887  vel0ρ=+0.659  vel1ρ=+0.946

--- decoded vel ρ from PRED latents vs horizon (test, aggregate) ---
  h=  1  n=  100  vel0ρ=+0.279  vel1ρ=+0.121
  h=  2  n=  100  vel0ρ=+0.398  vel1ρ=-0.263
  h=  4  n=  100  vel0ρ=+0.326  vel1ρ=-0.315
  h=  8  n=  100  vel0ρ=+0.491  vel1ρ=+nan
  h= 16  n=  100  vel0ρ=+0.882  vel1ρ=-0.305
  h= 28  n=  100  vel0ρ=+0.833  vel1ρ=-0.021

--- [K=4] decoded pos/vel ρ from ROLLED-OUT latents (test), by partition ---
  [K=4] probe applied to PREDICTED embs (stack 4 consecutive predicted latents):
  PRED-K4 ID          pos0ρ=+0.937  pos1ρ=+0.980  vel0ρ=+0.639  vel1ρ=+0.985
  PRED-K4 r/m-OOD     pos0ρ=+0.882  pos1ρ=+0.952  vel0ρ=+0.438  vel1ρ=+0.956
  PRED-K4 v-OOD       pos0ρ=+0.852  pos1ρ=+0.907  vel0ρ=+0.551  vel1ρ=+0.930
  PRED-K4 both-OOD    pos0ρ=+0.836  pos1ρ=+0.903  vel0ρ=+0.629  vel1ρ=+0.941

--- [K=4] decoded vel ρ from PRED latents vs horizon (test, aggregate) ---
  h=  4  n=  100  vel0ρ=+0.865  vel1ρ=-0.131
  h=  8  n=  100  vel0ρ=+0.859  vel1ρ=+nan
  h= 16  n=  100  vel0ρ=+0.575  vel1ρ=-0.201
  h= 28  n=  100  vel0ρ=+0.491  vel1ρ=-0.025

Total 71s
