[ckpt] /data1/likun-share/junjxu/.stable_worldmodel/uniform_baseline_fr_s42/uniform_baseline_fr_s42_epoch_20_object.ckpt  tag=ctx_uniform_motion_lewm_baseline_s42  mode=patch  clamp=ctx-only
  encoded 50 trajs, t=24s
  encoded 100 trajs, t=34s
  encoded 150 trajs, t=44s
[data] 150 trajs, emb dim=192, t=44s
[probe R2 on train]  full=0.886  slot=0.052  bb=0.886

[clean rollout] t=44s
  clean decoded rho from PRED latents (both-OOD, test): +0.940 / +0.807   n=377
  clean latent nMSE (pred vs real, test focus): 0.1032

=== COUNTERFACTUAL PATCHING of the slot ===
  zero         nMSE=0.1030
      read-full rho vs OWN pos = +0.941/+0.810   (clean +0.940/+0.807)
      read-bb   rho vs OWN pos = +0.942/+0.810   (clean +0.942/+0.807)
      read-slot rho vs OWN pos = +0.479/+0.298   (clean +0.439/+0.286)
  donor-slot   nMSE=0.1082
      read-full rho vs OWN pos = +0.939/+0.808   (clean +0.940/+0.807)
        coord0: beta_own=+1.073 beta_donor=-0.050  -> follow-fraction(donor) = 0.044
        coord1: beta_own=+0.620 beta_donor=-0.023  -> follow-fraction(donor) = 0.036
      read-bb   rho vs OWN pos = +0.941/+0.807   (clean +0.942/+0.807)
        coord0: beta_own=+1.081 beta_donor=-0.056  -> follow-fraction(donor) = 0.049
        coord1: beta_own=+0.620 beta_donor=-0.023  -> follow-fraction(donor) = 0.036
      read-slot rho vs OWN pos = +0.459/+0.305   (clean +0.439/+0.286)
        coord0: beta_own=+0.082 beta_donor=-0.030  -> follow-fraction(donor) = 0.270
        coord1: beta_own=+0.054 beta_donor=+0.048  -> follow-fraction(donor) = 0.467
  donor-rand2  nMSE=0.1268
      read-full rho vs OWN pos = +0.943/+0.795   (clean +0.940/+0.807)
        coord0: beta_own=+1.081 beta_donor=-0.022  -> follow-fraction(donor) = 0.020
        coord1: beta_own=+0.608 beta_donor=-0.022  -> follow-fraction(donor) = 0.035
      read-bb   rho vs OWN pos = +0.944/+0.795   (clean +0.942/+0.807)
        coord0: beta_own=+1.089 beta_donor=-0.028  -> follow-fraction(donor) = 0.025
        coord1: beta_own=+0.608 beta_donor=-0.022  -> follow-fraction(donor) = 0.035
      read-slot rho vs OWN pos = +0.425/+0.284   (clean +0.439/+0.286)
        coord0: beta_own=+0.074 beta_donor=-0.029  -> follow-fraction(donor) = 0.279
        coord1: beta_own=+0.049 beta_donor=+0.042  -> follow-fraction(donor) = 0.461
  freeze       nMSE=0.1035
      read-full rho vs OWN pos = +0.940/+0.807   (clean +0.940/+0.807)
      read-bb   rho vs OWN pos = +0.942/+0.807   (clean +0.942/+0.807)
      read-slot rho vs OWN pos = +0.439/+0.286   (clean +0.439/+0.286)
  donor-bb     nMSE=0.1026
      read-full rho vs OWN pos = +0.941/+0.806   (clean +0.940/+0.807)
        coord0: beta_own=+1.069 beta_donor=-0.045  -> follow-fraction(donor) = 0.040
        coord1: beta_own=+0.612 beta_donor=-0.022  -> follow-fraction(donor) = 0.035
      read-bb   rho vs OWN pos = +0.942/+0.806   (clean +0.942/+0.807)
        coord0: beta_own=+1.076 beta_donor=-0.050  -> follow-fraction(donor) = 0.045
        coord1: beta_own=+0.612 beta_donor=-0.022  -> follow-fraction(donor) = 0.035
      read-slot rho vs OWN pos = +0.436/+0.278   (clean +0.439/+0.286)
        coord0: beta_own=+0.077 beta_donor=-0.025  -> follow-fraction(donor) = 0.245
        coord1: beta_own=+0.051 beta_donor=+0.046  -> follow-fraction(donor) = 0.474
  donor-bbk2   nMSE=0.1123
      read-full rho vs OWN pos = +0.938/+0.799   (clean +0.940/+0.807)
        coord0: beta_own=+1.065 beta_donor=-0.044  -> follow-fraction(donor) = 0.039
        coord1: beta_own=+0.607 beta_donor=-0.043  -> follow-fraction(donor) = 0.067
      read-bb   rho vs OWN pos = +0.940/+0.798   (clean +0.942/+0.807)
        coord0: beta_own=+1.073 beta_donor=-0.049  -> follow-fraction(donor) = 0.044
        coord1: beta_own=+0.607 beta_donor=-0.044  -> follow-fraction(donor) = 0.068
      read-slot rho vs OWN pos = +0.396/+0.293   (clean +0.439/+0.286)
        coord0: beta_own=+0.072 beta_donor=-0.024  -> follow-fraction(donor) = 0.250
        coord1: beta_own=+0.053 beta_donor=+0.046  -> follow-fraction(donor) = 0.464
  donor-bbk10  nMSE=0.2065
      read-full rho vs OWN pos = +0.935/+0.776   (clean +0.940/+0.807)
        coord0: beta_own=+0.999 beta_donor=-0.104  -> follow-fraction(donor) = 0.095
        coord1: beta_own=+0.571 beta_donor=-0.047  -> follow-fraction(donor) = 0.076
      read-bb   rho vs OWN pos = +0.934/+0.775   (clean +0.942/+0.807)
        coord0: beta_own=+1.004 beta_donor=-0.112  -> follow-fraction(donor) = 0.100
        coord1: beta_own=+0.571 beta_donor=-0.048  -> follow-fraction(donor) = 0.078
      read-slot rho vs OWN pos = +0.315/+0.294   (clean +0.439/+0.286)
        coord0: beta_own=+0.052 beta_donor=-0.021  -> follow-fraction(donor) = 0.282
        coord1: beta_own=+0.052 beta_donor=+0.043  -> follow-fraction(donor) = 0.454
  donor-bbk40  nMSE=0.4742
      read-full rho vs OWN pos = +0.870/+0.521   (clean +0.940/+0.807)
        coord0: beta_own=+0.926 beta_donor=-0.187  -> follow-fraction(donor) = 0.168
        coord1: beta_own=+0.283 beta_donor=+0.056  -> follow-fraction(donor) = 0.165
      read-bb   rho vs OWN pos = +0.868/+0.520   (clean +0.942/+0.807)
        coord0: beta_own=+0.934 beta_donor=-0.194  -> follow-fraction(donor) = 0.172
        coord1: beta_own=+0.282 beta_donor=+0.054  -> follow-fraction(donor) = 0.162
      read-slot rho vs OWN pos = +0.371/+0.432   (clean +0.439/+0.286)
        coord0: beta_own=+0.065 beta_donor=-0.046  -> follow-fraction(donor) = 0.416
        coord1: beta_own=+0.064 beta_donor=+0.042  -> follow-fraction(donor) = 0.395
  donor-bbk100  nMSE=0.9292
      read-full rho vs OWN pos = +0.780/-0.123   (clean +0.940/+0.807)
        coord0: beta_own=+0.772 beta_donor=-0.201  -> follow-fraction(donor) = 0.207
        coord1: beta_own=-0.003 beta_donor=+0.063  -> follow-fraction(donor) = 0.957
      read-bb   rho vs OWN pos = +0.777/-0.123   (clean +0.942/+0.807)
        coord0: beta_own=+0.773 beta_donor=-0.209  -> follow-fraction(donor) = 0.212
        coord1: beta_own=-0.003 beta_donor=+0.062  -> follow-fraction(donor) = 0.951
      read-slot rho vs OWN pos = +0.328/+0.311   (clean +0.439/+0.286)
        coord0: beta_own=+0.058 beta_donor=-0.048  -> follow-fraction(donor) = 0.453
        coord1: beta_own=+0.035 beta_donor=+0.030  -> follow-fraction(donor) = 0.460
  donor-bbk190  nMSE=2.1043
      read-full rho vs OWN pos = +0.752/-0.151   (clean +0.940/+0.807)
        coord0: beta_own=+0.864 beta_donor=-0.033  -> follow-fraction(donor) = 0.037
        coord1: beta_own=+0.145 beta_donor=+0.838  -> follow-fraction(donor) = 0.852
      read-bb   rho vs OWN pos = +0.746/-0.151   (clean +0.942/+0.807)
        coord0: beta_own=+0.863 beta_donor=-0.031  -> follow-fraction(donor) = 0.035
        coord1: beta_own=+0.145 beta_donor=+0.836  -> follow-fraction(donor) = 0.853
      read-slot rho vs OWN pos = +0.283/-0.084   (clean +0.439/+0.286)
        coord0: beta_own=+0.094 beta_donor=-0.035  -> follow-fraction(donor) = 0.274
        coord1: beta_own=+0.013 beta_donor=+0.070  -> follow-fraction(donor) = 0.843

[done] t=287s
[W722 21:47:05.260601098 AllocatorConfig.cpp:28] Warning: PYTORCH_CUDA_ALLOC_CONF is deprecated, use PYTORCH_ALLOC_CONF instead (function operator())
