[ckpt] /data1/likun-share/junjxu/.stable_worldmodel/dinowm_col_structpos_pw30_s1234/dinowm_col_structpos_pw30_s1234_epoch_20_object.ckpt  tag=ctx_collision_dino_structpos_s1234  mode=patch  clamp=ctx-only
  encoded 50 trajs, t=32s
  encoded 100 trajs, t=47s
  encoded 150 trajs, t=64s
[data] 150 trajs, emb dim=192, t=64s
[probe R2 on train]  full=0.893  slot=0.422  bb=0.892

[clean rollout] t=64s
  clean decoded rho from PRED latents (both-OOD, test): +0.828 / +0.876   n=464
  clean latent nMSE (pred vs real, test focus): 0.4717

=== COUNTERFACTUAL PATCHING of the slot ===
  zero         nMSE=0.4664
      read-full rho vs OWN pos = +0.818/+0.869   (clean +0.828/+0.876)
      read-bb   rho vs OWN pos = +0.816/+0.869   (clean +0.825/+0.876)
      read-slot rho vs OWN pos = +0.807/+0.808   (clean +0.812/+0.827)
  donor-slot   nMSE=0.4821
      read-full rho vs OWN pos = +0.812/+0.867   (clean +0.828/+0.876)
        coord0: beta_own=+0.495 beta_donor=+0.002  -> follow-fraction(donor) = 0.004
        coord1: beta_own=+0.926 beta_donor=+0.097  -> follow-fraction(donor) = 0.095
      read-bb   rho vs OWN pos = +0.809/+0.867   (clean +0.825/+0.876)
        coord0: beta_own=+0.500 beta_donor=+0.004  -> follow-fraction(donor) = 0.008
        coord1: beta_own=+0.928 beta_donor=+0.097  -> follow-fraction(donor) = 0.095
      read-slot rho vs OWN pos = +0.794/+0.809   (clean +0.812/+0.827)
        coord0: beta_own=+0.657 beta_donor=-0.005  -> follow-fraction(donor) = 0.008
        coord1: beta_own=+0.447 beta_donor=-0.128  -> follow-fraction(donor) = 0.222
  donor-rand2  nMSE=0.5101
      read-full rho vs OWN pos = +0.644/+0.872   (clean +0.828/+0.876)
        coord0: beta_own=+0.477 beta_donor=-0.020  -> follow-fraction(donor) = 0.041
        coord1: beta_own=+0.920 beta_donor=+0.070  -> follow-fraction(donor) = 0.071
      read-bb   rho vs OWN pos = +0.645/+0.872   (clean +0.825/+0.876)
        coord0: beta_own=+0.484 beta_donor=-0.019  -> follow-fraction(donor) = 0.037
        coord1: beta_own=+0.922 beta_donor=+0.071  -> follow-fraction(donor) = 0.071
      read-slot rho vs OWN pos = +0.771/+0.829   (clean +0.812/+0.827)
        coord0: beta_own=+0.644 beta_donor=-0.025  -> follow-fraction(donor) = 0.038
        coord1: beta_own=+0.460 beta_donor=-0.143  -> follow-fraction(donor) = 0.237
  freeze       nMSE=0.4735
      read-full rho vs OWN pos = +0.830/+0.876   (clean +0.828/+0.876)
      read-bb   rho vs OWN pos = +0.827/+0.876   (clean +0.825/+0.876)
      read-slot rho vs OWN pos = +0.812/+0.827   (clean +0.812/+0.827)
  donor-bb     nMSE=0.4741
      read-full rho vs OWN pos = +0.818/+0.874   (clean +0.828/+0.876)
        coord0: beta_own=+0.501 beta_donor=-0.014  -> follow-fraction(donor) = 0.027
        coord1: beta_own=+0.929 beta_donor=+0.076  -> follow-fraction(donor) = 0.075
      read-bb   rho vs OWN pos = +0.815/+0.874   (clean +0.825/+0.876)
        coord0: beta_own=+0.508 beta_donor=-0.012  -> follow-fraction(donor) = 0.023
        coord1: beta_own=+0.931 beta_donor=+0.076  -> follow-fraction(donor) = 0.076
      read-slot rho vs OWN pos = +0.805/+0.832   (clean +0.812/+0.827)
        coord0: beta_own=+0.659 beta_donor=-0.024  -> follow-fraction(donor) = 0.035
        coord1: beta_own=+0.455 beta_donor=-0.136  -> follow-fraction(donor) = 0.230
  donor-bbk2   nMSE=0.4558
      read-full rho vs OWN pos = +0.833/+0.883   (clean +0.828/+0.876)
        coord0: beta_own=+0.503 beta_donor=-0.014  -> follow-fraction(donor) = 0.028
        coord1: beta_own=+0.927 beta_donor=+0.116  -> follow-fraction(donor) = 0.112
      read-bb   rho vs OWN pos = +0.829/+0.883   (clean +0.825/+0.876)
        coord0: beta_own=+0.508 beta_donor=-0.012  -> follow-fraction(donor) = 0.022
        coord1: beta_own=+0.929 beta_donor=+0.117  -> follow-fraction(donor) = 0.112
      read-slot rho vs OWN pos = +0.817/+0.823   (clean +0.812/+0.827)
        coord0: beta_own=+0.667 beta_donor=-0.030  -> follow-fraction(donor) = 0.043
        coord1: beta_own=+0.449 beta_donor=-0.139  -> follow-fraction(donor) = 0.236
  donor-bbk10  nMSE=0.5056
      read-full rho vs OWN pos = +0.816/+0.879   (clean +0.828/+0.876)
        coord0: beta_own=+0.463 beta_donor=+0.015  -> follow-fraction(donor) = 0.032
        coord1: beta_own=+0.926 beta_donor=+0.097  -> follow-fraction(donor) = 0.095
      read-bb   rho vs OWN pos = +0.815/+0.879   (clean +0.825/+0.876)
        coord0: beta_own=+0.469 beta_donor=+0.018  -> follow-fraction(donor) = 0.038
        coord1: beta_own=+0.929 beta_donor=+0.098  -> follow-fraction(donor) = 0.095
      read-slot rho vs OWN pos = +0.790/+0.836   (clean +0.812/+0.827)
        coord0: beta_own=+0.634 beta_donor=+0.017  -> follow-fraction(donor) = 0.026
        coord1: beta_own=+0.445 beta_donor=-0.120  -> follow-fraction(donor) = 0.212
  donor-bbk40  nMSE=0.6360
      read-full rho vs OWN pos = +0.540/+0.849   (clean +0.828/+0.876)
        coord0: beta_own=+0.449 beta_donor=+0.028  -> follow-fraction(donor) = 0.058
        coord1: beta_own=+0.866 beta_donor=+0.025  -> follow-fraction(donor) = 0.028
      read-bb   rho vs OWN pos = +0.546/+0.849   (clean +0.825/+0.876)
        coord0: beta_own=+0.454 beta_donor=+0.021  -> follow-fraction(donor) = 0.043
        coord1: beta_own=+0.867 beta_donor=+0.025  -> follow-fraction(donor) = 0.027
      read-slot rho vs OWN pos = +0.746/+0.821   (clean +0.812/+0.827)
        coord0: beta_own=+0.616 beta_donor=+0.029  -> follow-fraction(donor) = 0.045
        coord1: beta_own=+0.446 beta_donor=-0.126  -> follow-fraction(donor) = 0.221
  donor-bbk100  nMSE=1.1808
      read-full rho vs OWN pos = -0.018/+0.630   (clean +0.828/+0.876)
        coord0: beta_own=+0.011 beta_donor=+0.189  -> follow-fraction(donor) = 0.945
        coord1: beta_own=+0.707 beta_donor=+0.264  -> follow-fraction(donor) = 0.272
      read-bb   rho vs OWN pos = -0.024/+0.631   (clean +0.825/+0.876)
        coord0: beta_own=+0.002 beta_donor=+0.175  -> follow-fraction(donor) = 0.989
        coord1: beta_own=+0.708 beta_donor=+0.263  -> follow-fraction(donor) = 0.271
      read-slot rho vs OWN pos = +0.264/+0.615   (clean +0.812/+0.827)
        coord0: beta_own=+0.244 beta_donor=+0.209  -> follow-fraction(donor) = 0.461
        coord1: beta_own=+0.385 beta_donor=+0.139  -> follow-fraction(donor) = 0.265
  donor-bbk190  nMSE=1.8221
      read-full rho vs OWN pos = +0.285/+0.559   (clean +0.828/+0.876)
        coord0: beta_own=+0.192 beta_donor=+0.337  -> follow-fraction(donor) = 0.636
        coord1: beta_own=+0.578 beta_donor=+0.420  -> follow-fraction(donor) = 0.421
      read-bb   rho vs OWN pos = +0.276/+0.560   (clean +0.825/+0.876)
        coord0: beta_own=+0.192 beta_donor=+0.341  -> follow-fraction(donor) = 0.640
        coord1: beta_own=+0.579 beta_donor=+0.419  -> follow-fraction(donor) = 0.420
      read-slot rho vs OWN pos = +0.289/+0.382   (clean +0.812/+0.827)
        coord0: beta_own=+0.259 beta_donor=+0.453  -> follow-fraction(donor) = 0.637
        coord1: beta_own=+0.222 beta_donor=+0.189  -> follow-fraction(donor) = 0.460

[done] t=316s
[W722 21:47:34.327043357 AllocatorConfig.cpp:28] Warning: PYTORCH_CUDA_ALLOC_CONF is deprecated, use PYTORCH_ALLOC_CONF instead (function operator())
