[ckpt] /data1/likun-share/junjxu/.stable_worldmodel/sc_par_reweight_s42/sc_par_reweight_s42_epoch_20_object.ckpt  tag=ctx_parabola_lewm_structpos_s42  mode=patch  clamp=ctx-only
  encoded 50 trajs, t=22s
  encoded 100 trajs, t=32s
  encoded 150 trajs, t=42s
[data] 150 trajs, emb dim=192, t=42s
[probe R2 on train]  full=0.779  slot=0.752  bb=0.714

[clean rollout] t=42s
  clean decoded rho from PRED latents (both-OOD, test): +0.546 / +0.970   n=435
  clean latent nMSE (pred vs real, test focus): 0.3746

=== COUNTERFACTUAL PATCHING of the slot ===
  zero         nMSE=0.3759
      read-full rho vs OWN pos = +0.535/+0.970   (clean +0.546/+0.970)
      read-bb   rho vs OWN pos = +0.407/+0.767   (clean +0.419/+0.779)
      read-slot rho vs OWN pos = +0.568/+0.975   (clean +0.576/+0.976)
  donor-slot   nMSE=0.3855
      read-full rho vs OWN pos = +0.533/+0.970   (clean +0.546/+0.970)
        coord0: beta_own=+0.541 beta_donor=+0.220  -> follow-fraction(donor) = 0.290
        coord1: beta_own=+0.838 beta_donor=+0.014  -> follow-fraction(donor) = 0.016
      read-bb   rho vs OWN pos = +0.407/+0.789   (clean +0.419/+0.779)
        coord0: beta_own=+0.447 beta_donor=+0.136  -> follow-fraction(donor) = 0.234
        coord1: beta_own=+0.960 beta_donor=-0.216  -> follow-fraction(donor) = 0.184
      read-slot rho vs OWN pos = +0.564/+0.977   (clean +0.576/+0.976)
        coord0: beta_own=+0.554 beta_donor=+0.251  -> follow-fraction(donor) = 0.312
        coord1: beta_own=+0.756 beta_donor=+0.090  -> follow-fraction(donor) = 0.106
  donor-rand2  nMSE=0.3903
      read-full rho vs OWN pos = +0.536/+0.970   (clean +0.546/+0.970)
        coord0: beta_own=+0.546 beta_donor=+0.209  -> follow-fraction(donor) = 0.276
        coord1: beta_own=+0.873 beta_donor=-0.037  -> follow-fraction(donor) = 0.041
      read-bb   rho vs OWN pos = +0.406/+0.744   (clean +0.419/+0.779)
        coord0: beta_own=+0.452 beta_donor=+0.100  -> follow-fraction(donor) = 0.181
        coord1: beta_own=+0.940 beta_donor=-0.256  -> follow-fraction(donor) = 0.214
      read-slot rho vs OWN pos = +0.566/+0.976   (clean +0.576/+0.976)
        coord0: beta_own=+0.560 beta_donor=+0.244  -> follow-fraction(donor) = 0.303
        coord1: beta_own=+0.762 beta_donor=+0.080  -> follow-fraction(donor) = 0.095
  freeze       nMSE=0.3746
      read-full rho vs OWN pos = +0.546/+0.970   (clean +0.546/+0.970)
      read-bb   rho vs OWN pos = +0.419/+0.779   (clean +0.419/+0.779)
      read-slot rho vs OWN pos = +0.576/+0.976   (clean +0.576/+0.976)
  donor-bb     nMSE=0.3717
      read-full rho vs OWN pos = +0.547/+0.970   (clean +0.546/+0.970)
        coord0: beta_own=+0.552 beta_donor=+0.217  -> follow-fraction(donor) = 0.282
        coord1: beta_own=+0.822 beta_donor=+0.022  -> follow-fraction(donor) = 0.027
      read-bb   rho vs OWN pos = +0.419/+0.777   (clean +0.419/+0.779)
        coord0: beta_own=+0.456 beta_donor=+0.135  -> follow-fraction(donor) = 0.229
        coord1: beta_own=+0.919 beta_donor=-0.197  -> follow-fraction(donor) = 0.176
      read-slot rho vs OWN pos = +0.578/+0.976   (clean +0.576/+0.976)
        coord0: beta_own=+0.565 beta_donor=+0.246  -> follow-fraction(donor) = 0.304
        coord1: beta_own=+0.748 beta_donor=+0.094  -> follow-fraction(donor) = 0.111
  donor-bbk2   nMSE=0.3912
      read-full rho vs OWN pos = +0.545/+0.971   (clean +0.546/+0.970)
        coord0: beta_own=+0.553 beta_donor=+0.218  -> follow-fraction(donor) = 0.282
        coord1: beta_own=+0.821 beta_donor=+0.024  -> follow-fraction(donor) = 0.029
      read-bb   rho vs OWN pos = +0.428/+0.780   (clean +0.419/+0.779)
        coord0: beta_own=+0.467 beta_donor=+0.151  -> follow-fraction(donor) = 0.244
        coord1: beta_own=+0.881 beta_donor=-0.153  -> follow-fraction(donor) = 0.148
      read-slot rho vs OWN pos = +0.571/+0.976   (clean +0.576/+0.976)
        coord0: beta_own=+0.563 beta_donor=+0.248  -> follow-fraction(donor) = 0.306
        coord1: beta_own=+0.744 beta_donor=+0.101  -> follow-fraction(donor) = 0.119
  donor-bbk10  nMSE=0.4143
      read-full rho vs OWN pos = +0.542/+0.971   (clean +0.546/+0.970)
        coord0: beta_own=+0.555 beta_donor=+0.219  -> follow-fraction(donor) = 0.283
        coord1: beta_own=+0.755 beta_donor=+0.082  -> follow-fraction(donor) = 0.098
      read-bb   rho vs OWN pos = +0.431/+0.764   (clean +0.419/+0.779)
        coord0: beta_own=+0.479 beta_donor=+0.162  -> follow-fraction(donor) = 0.253
        coord1: beta_own=+0.629 beta_donor=+0.098  -> follow-fraction(donor) = 0.134
      read-slot rho vs OWN pos = +0.564/+0.975   (clean +0.576/+0.976)
        coord0: beta_own=+0.563 beta_donor=+0.253  -> follow-fraction(donor) = 0.310
        coord1: beta_own=+0.691 beta_donor=+0.153  -> follow-fraction(donor) = 0.181
  donor-bbk40  nMSE=0.4410
      read-full rho vs OWN pos = +0.543/+0.969   (clean +0.546/+0.970)
        coord0: beta_own=+0.553 beta_donor=+0.214  -> follow-fraction(donor) = 0.279
        coord1: beta_own=+0.813 beta_donor=+0.023  -> follow-fraction(donor) = 0.027
      read-bb   rho vs OWN pos = +0.431/+0.771   (clean +0.419/+0.779)
        coord0: beta_own=+0.479 beta_donor=+0.154  -> follow-fraction(donor) = 0.243
        coord1: beta_own=+0.955 beta_donor=-0.225  -> follow-fraction(donor) = 0.190
      read-slot rho vs OWN pos = +0.563/+0.974   (clean +0.576/+0.976)
        coord0: beta_own=+0.564 beta_donor=+0.257  -> follow-fraction(donor) = 0.313
        coord1: beta_own=+0.742 beta_donor=+0.115  -> follow-fraction(donor) = 0.134
  donor-bbk100  nMSE=1.1012
      read-full rho vs OWN pos = +0.464/+0.963   (clean +0.546/+0.970)
        coord0: beta_own=+0.492 beta_donor=+0.234  -> follow-fraction(donor) = 0.322
        coord1: beta_own=+0.435 beta_donor=+0.375  -> follow-fraction(donor) = 0.463
      read-bb   rho vs OWN pos = +0.359/+0.732   (clean +0.419/+0.779)
        coord0: beta_own=+0.427 beta_donor=+0.182  -> follow-fraction(donor) = 0.299
        coord1: beta_own=+0.537 beta_donor=+0.178  -> follow-fraction(donor) = 0.249
      read-slot rho vs OWN pos = +0.462/+0.970   (clean +0.576/+0.976)
        coord0: beta_own=+0.496 beta_donor=+0.320  -> follow-fraction(donor) = 0.392
        coord1: beta_own=+0.488 beta_donor=+0.377  -> follow-fraction(donor) = 0.436
  donor-bbk190  nMSE=1.5759
      read-full rho vs OWN pos = +0.420/+0.953   (clean +0.546/+0.970)
        coord0: beta_own=+0.471 beta_donor=+0.275  -> follow-fraction(donor) = 0.369
        coord1: beta_own=+0.123 beta_donor=+0.710  -> follow-fraction(donor) = 0.852
      read-bb   rho vs OWN pos = +0.325/+0.663   (clean +0.419/+0.779)
        coord0: beta_own=+0.377 beta_donor=+0.123  -> follow-fraction(donor) = 0.246
        coord1: beta_own=-0.351 beta_donor=+0.988  -> follow-fraction(donor) = 0.738
      read-slot rho vs OWN pos = +0.400/+0.967   (clean +0.576/+0.976)
        coord0: beta_own=+0.453 beta_donor=+0.344  -> follow-fraction(donor) = 0.431
        coord1: beta_own=+0.310 beta_donor=+0.544  -> follow-fraction(donor) = 0.636

[done] t=289s
[W722 21:47:07.574775215 AllocatorConfig.cpp:28] Warning: PYTORCH_CUDA_ALLOC_CONF is deprecated, use PYTORCH_ALLOC_CONF instead (function operator())
