[ckpt] /data1/likun-share/junjxu/.stable_worldmodel/dinowm_um_fr_s1234/dinowm_um_fr_s1234_epoch_20_object.ckpt  tag=ctx_uniform_motion_dino_baseline_s1234  mode=patch  clamp=ctx-only
  encoded 50 trajs, t=32s
  encoded 100 trajs, t=48s
  encoded 150 trajs, t=65s
[data] 150 trajs, emb dim=192, t=65s
[probe R2 on train]  full=0.918  slot=0.187  bb=0.918

[clean rollout] t=65s
  clean decoded rho from PRED latents (both-OOD, test): +0.763 / +0.812   n=377
  clean latent nMSE (pred vs real, test focus): 0.4235

=== COUNTERFACTUAL PATCHING of the slot ===
  zero         nMSE=0.3824
      read-full rho vs OWN pos = +0.821/+0.816   (clean +0.763/+0.812)
      read-bb   rho vs OWN pos = +0.824/+0.817   (clean +0.767/+0.813)
      read-slot rho vs OWN pos = +0.753/+0.368   (clean +0.743/+0.432)
  donor-slot   nMSE=0.4208
      read-full rho vs OWN pos = +0.764/+0.804   (clean +0.763/+0.812)
        coord0: beta_own=+0.655 beta_donor=-0.051  -> follow-fraction(donor) = 0.072
        coord1: beta_own=+0.513 beta_donor=-0.027  -> follow-fraction(donor) = 0.050
      read-bb   rho vs OWN pos = +0.767/+0.805   (clean +0.767/+0.813)
        coord0: beta_own=+0.659 beta_donor=-0.048  -> follow-fraction(donor) = 0.068
        coord1: beta_own=+0.511 beta_donor=-0.025  -> follow-fraction(donor) = 0.047
      read-slot rho vs OWN pos = +0.727/+0.396   (clean +0.743/+0.432)
        coord0: beta_own=+0.199 beta_donor=-0.036  -> follow-fraction(donor) = 0.153
        coord1: beta_own=+0.075 beta_donor=-0.022  -> follow-fraction(donor) = 0.231
  donor-rand2  nMSE=0.4759
      read-full rho vs OWN pos = +0.732/+0.803   (clean +0.763/+0.812)
        coord0: beta_own=+0.621 beta_donor=-0.050  -> follow-fraction(donor) = 0.075
        coord1: beta_own=+0.536 beta_donor=-0.037  -> follow-fraction(donor) = 0.064
      read-bb   rho vs OWN pos = +0.736/+0.803   (clean +0.767/+0.813)
        coord0: beta_own=+0.624 beta_donor=-0.047  -> follow-fraction(donor) = 0.071
        coord1: beta_own=+0.533 beta_donor=-0.035  -> follow-fraction(donor) = 0.062
      read-slot rho vs OWN pos = +0.736/+0.425   (clean +0.743/+0.432)
        coord0: beta_own=+0.201 beta_donor=-0.043  -> follow-fraction(donor) = 0.175
        coord1: beta_own=+0.090 beta_donor=-0.016  -> follow-fraction(donor) = 0.149
  freeze       nMSE=0.4348
      read-full rho vs OWN pos = +0.747/+0.809   (clean +0.763/+0.812)
      read-bb   rho vs OWN pos = +0.751/+0.809   (clean +0.767/+0.813)
      read-slot rho vs OWN pos = +0.739/+0.429   (clean +0.743/+0.432)
  donor-bb     nMSE=0.4370
      read-full rho vs OWN pos = +0.744/+0.811   (clean +0.763/+0.812)
        coord0: beta_own=+0.634 beta_donor=-0.060  -> follow-fraction(donor) = 0.086
        coord1: beta_own=+0.518 beta_donor=-0.015  -> follow-fraction(donor) = 0.028
      read-bb   rho vs OWN pos = +0.748/+0.811   (clean +0.767/+0.813)
        coord0: beta_own=+0.637 beta_donor=-0.057  -> follow-fraction(donor) = 0.082
        coord1: beta_own=+0.515 beta_donor=-0.013  -> follow-fraction(donor) = 0.024
      read-slot rho vs OWN pos = +0.737/+0.421   (clean +0.743/+0.432)
        coord0: beta_own=+0.205 beta_donor=-0.039  -> follow-fraction(donor) = 0.160
        coord1: beta_own=+0.083 beta_donor=-0.016  -> follow-fraction(donor) = 0.160
  donor-bbk2   nMSE=0.4269
      read-full rho vs OWN pos = +0.766/+0.816   (clean +0.763/+0.812)
        coord0: beta_own=+0.640 beta_donor=-0.060  -> follow-fraction(donor) = 0.086
        coord1: beta_own=+0.521 beta_donor=-0.032  -> follow-fraction(donor) = 0.059
      read-bb   rho vs OWN pos = +0.770/+0.817   (clean +0.767/+0.813)
        coord0: beta_own=+0.643 beta_donor=-0.057  -> follow-fraction(donor) = 0.082
        coord1: beta_own=+0.519 beta_donor=-0.030  -> follow-fraction(donor) = 0.055
      read-slot rho vs OWN pos = +0.746/+0.411   (clean +0.743/+0.432)
        coord0: beta_own=+0.205 beta_donor=-0.039  -> follow-fraction(donor) = 0.158
        coord1: beta_own=+0.079 beta_donor=-0.018  -> follow-fraction(donor) = 0.181
  donor-bbk10  nMSE=0.4073
      read-full rho vs OWN pos = +0.804/+0.849   (clean +0.763/+0.812)
        coord0: beta_own=+0.594 beta_donor=-0.083  -> follow-fraction(donor) = 0.123
        coord1: beta_own=+0.582 beta_donor=+0.024  -> follow-fraction(donor) = 0.040
      read-bb   rho vs OWN pos = +0.808/+0.848   (clean +0.767/+0.813)
        coord0: beta_own=+0.597 beta_donor=-0.082  -> follow-fraction(donor) = 0.120
        coord1: beta_own=+0.579 beta_donor=+0.024  -> follow-fraction(donor) = 0.040
      read-slot rho vs OWN pos = +0.767/+0.418   (clean +0.743/+0.432)
        coord0: beta_own=+0.206 beta_donor=-0.053  -> follow-fraction(donor) = 0.205
        coord1: beta_own=+0.100 beta_donor=+0.013  -> follow-fraction(donor) = 0.112
  donor-bbk40  nMSE=0.5837
      read-full rho vs OWN pos = +0.776/+0.786   (clean +0.763/+0.812)
        coord0: beta_own=+0.674 beta_donor=-0.079  -> follow-fraction(donor) = 0.105
        coord1: beta_own=+0.505 beta_donor=+0.064  -> follow-fraction(donor) = 0.112
      read-bb   rho vs OWN pos = +0.778/+0.785   (clean +0.767/+0.813)
        coord0: beta_own=+0.673 beta_donor=-0.076  -> follow-fraction(donor) = 0.102
        coord1: beta_own=+0.503 beta_donor=+0.067  -> follow-fraction(donor) = 0.117
      read-slot rho vs OWN pos = +0.727/+0.358   (clean +0.743/+0.432)
        coord0: beta_own=+0.209 beta_donor=-0.064  -> follow-fraction(donor) = 0.235
        coord1: beta_own=+0.057 beta_donor=-0.026  -> follow-fraction(donor) = 0.316
  donor-bbk100  nMSE=1.2067
      read-full rho vs OWN pos = +0.777/+0.443   (clean +0.763/+0.812)
        coord0: beta_own=+0.651 beta_donor=-0.151  -> follow-fraction(donor) = 0.188
        coord1: beta_own=+0.589 beta_donor=+0.541  -> follow-fraction(donor) = 0.479
      read-bb   rho vs OWN pos = +0.783/+0.440   (clean +0.767/+0.813)
        coord0: beta_own=+0.652 beta_donor=-0.140  -> follow-fraction(donor) = 0.177
        coord1: beta_own=+0.590 beta_donor=+0.545  -> follow-fraction(donor) = 0.480
      read-slot rho vs OWN pos = +0.600/+0.087   (clean +0.743/+0.432)
        coord0: beta_own=+0.135 beta_donor=-0.021  -> follow-fraction(donor) = 0.132
        coord1: beta_own=+0.065 beta_donor=+0.119  -> follow-fraction(donor) = 0.646
  donor-bbk190  nMSE=1.6661
      read-full rho vs OWN pos = +0.813/-0.158   (clean +0.763/+0.812)
        coord0: beta_own=+0.672 beta_donor=-0.064  -> follow-fraction(donor) = 0.087
        coord1: beta_own=+0.152 beta_donor=+0.920  -> follow-fraction(donor) = 0.858
      read-bb   rho vs OWN pos = +0.820/-0.156   (clean +0.767/+0.813)
        coord0: beta_own=+0.677 beta_donor=-0.063  -> follow-fraction(donor) = 0.084
        coord1: beta_own=+0.155 beta_donor=+0.930  -> follow-fraction(donor) = 0.857
      read-slot rho vs OWN pos = +0.402/-0.079   (clean +0.743/+0.432)
        coord0: beta_own=+0.092 beta_donor=+0.017  -> follow-fraction(donor) = 0.155
        coord1: beta_own=+0.031 beta_donor=+0.166  -> follow-fraction(donor) = 0.841

[done] t=320s
[W722 21:47:38.514563719 AllocatorConfig.cpp:28] Warning: PYTORCH_CUDA_ALLOC_CONF is deprecated, use PYTORCH_ALLOC_CONF instead (function operator())
