[ckpt] /data1/likun-share/junjxu/.stable_worldmodel/dinowm_col_fr_s42/dinowm_col_fr_s42_epoch_20_object.ckpt  tag=ctx_collision_dino_baseline_s42  mode=patch  clamp=ctx-only
  encoded 50 trajs, t=28s
  encoded 100 trajs, t=40s
  encoded 150 trajs, t=59s
[data] 150 trajs, emb dim=192, t=59s
[probe R2 on train]  full=0.886  slot=0.095  bb=0.886

[clean rollout] t=59s
  clean decoded rho from PRED latents (both-OOD, test): +0.698 / +0.781   n=464
  clean latent nMSE (pred vs real, test focus): 0.3745

=== COUNTERFACTUAL PATCHING of the slot ===
  zero         nMSE=0.3969
      read-full rho vs OWN pos = +0.630/+0.775   (clean +0.698/+0.781)
      read-bb   rho vs OWN pos = +0.631/+0.775   (clean +0.699/+0.781)
      read-slot rho vs OWN pos = +0.633/+0.736   (clean +0.592/+0.742)
  donor-slot   nMSE=0.3753
      read-full rho vs OWN pos = +0.695/+0.778   (clean +0.698/+0.781)
        coord0: beta_own=+0.500 beta_donor=-0.074  -> follow-fraction(donor) = 0.129
        coord1: beta_own=+0.971 beta_donor=+0.086  -> follow-fraction(donor) = 0.081
      read-bb   rho vs OWN pos = +0.696/+0.778   (clean +0.699/+0.781)
        coord0: beta_own=+0.500 beta_donor=-0.073  -> follow-fraction(donor) = 0.128
        coord1: beta_own=+0.972 beta_donor=+0.086  -> follow-fraction(donor) = 0.081
      read-slot rho vs OWN pos = +0.603/+0.736   (clean +0.592/+0.742)
        coord0: beta_own=+0.206 beta_donor=-0.037  -> follow-fraction(donor) = 0.151
        coord1: beta_own=+0.223 beta_donor=-0.037  -> follow-fraction(donor) = 0.141
  donor-rand2  nMSE=0.3711
      read-full rho vs OWN pos = +0.702/+0.783   (clean +0.698/+0.781)
        coord0: beta_own=+0.505 beta_donor=-0.067  -> follow-fraction(donor) = 0.117
        coord1: beta_own=+0.985 beta_donor=+0.090  -> follow-fraction(donor) = 0.084
      read-bb   rho vs OWN pos = +0.702/+0.783   (clean +0.699/+0.781)
        coord0: beta_own=+0.505 beta_donor=-0.067  -> follow-fraction(donor) = 0.116
        coord1: beta_own=+0.986 beta_donor=+0.090  -> follow-fraction(donor) = 0.084
      read-slot rho vs OWN pos = +0.592/+0.744   (clean +0.592/+0.742)
        coord0: beta_own=+0.207 beta_donor=-0.034  -> follow-fraction(donor) = 0.142
        coord1: beta_own=+0.229 beta_donor=-0.036  -> follow-fraction(donor) = 0.136
  freeze       nMSE=0.3789
      read-full rho vs OWN pos = +0.682/+0.780   (clean +0.698/+0.781)
      read-bb   rho vs OWN pos = +0.682/+0.780   (clean +0.699/+0.781)
      read-slot rho vs OWN pos = +0.628/+0.730   (clean +0.592/+0.742)
  donor-bb     nMSE=0.3752
      read-full rho vs OWN pos = +0.698/+0.780   (clean +0.698/+0.781)
        coord0: beta_own=+0.504 beta_donor=-0.072  -> follow-fraction(donor) = 0.125
        coord1: beta_own=+0.980 beta_donor=+0.088  -> follow-fraction(donor) = 0.083
      read-bb   rho vs OWN pos = +0.698/+0.780   (clean +0.699/+0.781)
        coord0: beta_own=+0.504 beta_donor=-0.072  -> follow-fraction(donor) = 0.124
        coord1: beta_own=+0.981 beta_donor=+0.089  -> follow-fraction(donor) = 0.083
      read-slot rho vs OWN pos = +0.590/+0.743   (clean +0.592/+0.742)
        coord0: beta_own=+0.207 beta_donor=-0.035  -> follow-fraction(donor) = 0.145
        coord1: beta_own=+0.227 beta_donor=-0.037  -> follow-fraction(donor) = 0.140
  donor-bbk2   nMSE=0.3876
      read-full rho vs OWN pos = +0.661/+0.777   (clean +0.698/+0.781)
        coord0: beta_own=+0.500 beta_donor=-0.085  -> follow-fraction(donor) = 0.145
        coord1: beta_own=+0.961 beta_donor=+0.097  -> follow-fraction(donor) = 0.092
      read-bb   rho vs OWN pos = +0.662/+0.778   (clean +0.699/+0.781)
        coord0: beta_own=+0.500 beta_donor=-0.085  -> follow-fraction(donor) = 0.145
        coord1: beta_own=+0.962 beta_donor=+0.097  -> follow-fraction(donor) = 0.091
      read-slot rho vs OWN pos = +0.633/+0.734   (clean +0.592/+0.742)
        coord0: beta_own=+0.205 beta_donor=-0.038  -> follow-fraction(donor) = 0.157
        coord1: beta_own=+0.225 beta_donor=-0.034  -> follow-fraction(donor) = 0.131
  donor-bbk10  nMSE=0.3872
      read-full rho vs OWN pos = +0.703/+0.784   (clean +0.698/+0.781)
        coord0: beta_own=+0.498 beta_donor=-0.056  -> follow-fraction(donor) = 0.101
        coord1: beta_own=+0.987 beta_donor=+0.098  -> follow-fraction(donor) = 0.090
      read-bb   rho vs OWN pos = +0.704/+0.784   (clean +0.699/+0.781)
        coord0: beta_own=+0.498 beta_donor=-0.055  -> follow-fraction(donor) = 0.100
        coord1: beta_own=+0.987 beta_donor=+0.098  -> follow-fraction(donor) = 0.090
      read-slot rho vs OWN pos = +0.595/+0.757   (clean +0.592/+0.742)
        coord0: beta_own=+0.212 beta_donor=-0.036  -> follow-fraction(donor) = 0.144
        coord1: beta_own=+0.229 beta_donor=-0.033  -> follow-fraction(donor) = 0.127
  donor-bbk40  nMSE=0.4115
      read-full rho vs OWN pos = +0.686/+0.773   (clean +0.698/+0.781)
        coord0: beta_own=+0.473 beta_donor=-0.071  -> follow-fraction(donor) = 0.130
        coord1: beta_own=+0.942 beta_donor=+0.095  -> follow-fraction(donor) = 0.092
      read-bb   rho vs OWN pos = +0.687/+0.773   (clean +0.699/+0.781)
        coord0: beta_own=+0.473 beta_donor=-0.071  -> follow-fraction(donor) = 0.130
        coord1: beta_own=+0.944 beta_donor=+0.096  -> follow-fraction(donor) = 0.092
      read-slot rho vs OWN pos = +0.542/+0.789   (clean +0.592/+0.742)
        coord0: beta_own=+0.184 beta_donor=-0.035  -> follow-fraction(donor) = 0.158
        coord1: beta_own=+0.235 beta_donor=-0.028  -> follow-fraction(donor) = 0.105
  donor-bbk100  nMSE=0.8508
      read-full rho vs OWN pos = +0.326/+0.563   (clean +0.698/+0.781)
        coord0: beta_own=+0.264 beta_donor=-0.040  -> follow-fraction(donor) = 0.131
        coord1: beta_own=+0.631 beta_donor=+0.140  -> follow-fraction(donor) = 0.182
      read-bb   rho vs OWN pos = +0.329/+0.563   (clean +0.699/+0.781)
        coord0: beta_own=+0.265 beta_donor=-0.041  -> follow-fraction(donor) = 0.132
        coord1: beta_own=+0.633 beta_donor=+0.143  -> follow-fraction(donor) = 0.184
      read-slot rho vs OWN pos = +0.669/+0.677   (clean +0.592/+0.742)
        coord0: beta_own=+0.175 beta_donor=-0.020  -> follow-fraction(donor) = 0.104
        coord1: beta_own=+0.216 beta_donor=+0.028  -> follow-fraction(donor) = 0.115
  donor-bbk190  nMSE=1.8788
      read-full rho vs OWN pos = +0.076/+0.345   (clean +0.698/+0.781)
        coord0: beta_own=+0.116 beta_donor=+0.435  -> follow-fraction(donor) = 0.789
        coord1: beta_own=+0.536 beta_donor=+0.665  -> follow-fraction(donor) = 0.554
      read-bb   rho vs OWN pos = +0.081/+0.346   (clean +0.699/+0.781)
        coord0: beta_own=+0.119 beta_donor=+0.435  -> follow-fraction(donor) = 0.785
        coord1: beta_own=+0.538 beta_donor=+0.666  -> follow-fraction(donor) = 0.553
      read-slot rho vs OWN pos = -0.134/+0.056   (clean +0.592/+0.742)
        coord0: beta_own=-0.028 beta_donor=+0.028  -> follow-fraction(donor) = 0.502
        coord1: beta_own=+0.055 beta_donor=+0.146  -> follow-fraction(donor) = 0.727

[done] t=306s
[W722 21:47:24.202747102 AllocatorConfig.cpp:28] Warning: PYTORCH_CUDA_ALLOC_CONF is deprecated, use PYTORCH_ALLOC_CONF instead (function operator())
