=== bb dose ctx-only START Wed Jul 22 21:42:13 CST 2026 ===
[21:42] START ctx_uniform_motion_lewm_baseline_s3072 on GPU0
[21:42] START ctx_uniform_motion_lewm_baseline_s1234 on GPU1
[21:42] START ctx_uniform_motion_lewm_baseline_s42 on GPU2
[21:42] START ctx_uniform_motion_lewm_structpos_s3072 on GPU3
[21:42] START ctx_uniform_motion_lewm_structpos_s1234 on GPU4
[21:42] START ctx_uniform_motion_lewm_structpos_s42 on GPU5
[21:42] START ctx_parabola_lewm_baseline_s3072 on GPU6
[21:42] START ctx_parabola_lewm_baseline_s1234 on GPU7
[21:42] START ctx_parabola_lewm_baseline_s42 on GPU0
[21:42] START ctx_parabola_lewm_structpos_s3072 on GPU1
[21:42] START ctx_parabola_lewm_structpos_s1234 on GPU2
[21:42] START ctx_parabola_lewm_structpos_s42 on GPU3
[21:42] START ctx_collision_lewm_baseline_s3072 on GPU4
[21:42] START ctx_collision_lewm_baseline_s1234 on GPU5
[21:42] START ctx_collision_lewm_baseline_s42 on GPU6
[21:42] START ctx_collision_lewm_structpos_s3072 on GPU7
[21:42] START ctx_collision_lewm_structpos_s1234 on GPU0
[21:42] START ctx_collision_lewm_structpos_s42 on GPU1
[21:42] START ctx_uniform_motion_dino_baseline_s3072 on GPU2
[21:42] START ctx_uniform_motion_dino_baseline_s1234 on GPU3
[21:42] START ctx_uniform_motion_dino_baseline_s42 on GPU4
[21:42] START ctx_uniform_motion_dino_structpos_s3072 on GPU5
[21:42] START ctx_uniform_motion_dino_structpos_s1234 on GPU6
[21:42] START ctx_uniform_motion_dino_structpos_s42 on GPU7
[21:42] START ctx_parabola_dino_baseline_s3072 on GPU0
[21:42] START ctx_parabola_dino_baseline_s1234 on GPU1
[21:42] START ctx_parabola_dino_baseline_s42 on GPU2
[21:42] START ctx_parabola_dino_structpos_s3072 on GPU3
[21:42] START ctx_parabola_dino_structpos_s1234 on GPU4
[21:42] START ctx_parabola_dino_structpos_s42 on GPU5
[21:42] START ctx_collision_dino_baseline_s3072 on GPU6
[21:42] START ctx_collision_dino_baseline_s1234 on GPU7
[21:42] START ctx_collision_dino_baseline_s42 on GPU0
[21:42] START ctx_collision_dino_structpos_s3072 on GPU1
[21:42] START ctx_collision_dino_structpos_s1234 on GPU2
[21:42] START ctx_collision_dino_structpos_s42 on GPU3
[21:45] DONE  ctx_parabola_lewm_baseline_s3072 ec=0
[21:45] DONE  ctx_collision_lewm_baseline_s1234 ec=0
[21:45] DONE  ctx_uniform_motion_lewm_structpos_s1234 ec=0
[21:45] DONE  ctx_collision_lewm_baseline_s42 ec=0
[21:45] DONE  ctx_collision_lewm_baseline_s3072 ec=0
[21:45] DONE  ctx_uniform_motion_lewm_structpos_s42 ec=0
[21:45] DONE  ctx_parabola_lewm_baseline_s1234 ec=0
[21:45] DONE  ctx_collision_lewm_structpos_s3072 ec=0
[21:46] DONE  ctx_uniform_motion_dino_structpos_s1234 ec=0
[21:46] DONE  ctx_collision_dino_baseline_s1234 ec=0
[21:46] DONE  ctx_uniform_motion_dino_baseline_s42 ec=0
[21:46] DONE  ctx_parabola_dino_structpos_s1234 ec=0
[21:46] DONE  ctx_collision_dino_baseline_s3072 ec=0
[21:46] DONE  ctx_uniform_motion_dino_structpos_s3072 ec=0
[21:46] DONE  ctx_uniform_motion_dino_structpos_s42 ec=0
[21:46] DONE  ctx_parabola_dino_structpos_s42 ec=0
[21:46] DONE  ctx_uniform_motion_lewm_baseline_s3072 ec=0
[21:46] DONE  ctx_collision_lewm_structpos_s1234 ec=0
[21:46] DONE  ctx_parabola_lewm_baseline_s42 ec=0
[21:47] DONE  ctx_parabola_lewm_structpos_s3072 ec=0
[21:47] DONE  ctx_uniform_motion_lewm_baseline_s1234 ec=0
[21:47] DONE  ctx_collision_lewm_structpos_s42 ec=0
[21:47] DONE  ctx_uniform_motion_lewm_baseline_s42 ec=0
[21:47] DONE  ctx_parabola_lewm_structpos_s1234 ec=0
[21:47] DONE  ctx_parabola_lewm_structpos_s42 ec=0
[21:47] DONE  ctx_uniform_motion_lewm_structpos_s3072 ec=0
[21:47] DONE  ctx_collision_dino_baseline_s42 ec=0
[21:47] DONE  ctx_parabola_dino_baseline_s3072 ec=0
[21:47] DONE  ctx_parabola_dino_baseline_s1234 ec=0
[21:47] DONE  ctx_collision_dino_structpos_s3072 ec=0
[21:47] DONE  ctx_collision_dino_structpos_s1234 ec=0
[21:47] DONE  ctx_parabola_dino_baseline_s42 ec=0
[21:47] DONE  ctx_uniform_motion_dino_baseline_s3072 ec=0
[21:47] DONE  ctx_collision_dino_structpos_s42 ec=0
[21:47] DONE  ctx_uniform_motion_dino_baseline_s1234 ec=0
[21:47] DONE  ctx_parabola_dino_structpos_s3072 ec=0
=== bb dose ctx-only ALL DONE Wed Jul 22 21:47:40 CST 2026 ===
