[ckpt] /data1/likun-share/junjxu/.stable_worldmodel/uniform_motion_structdyn_id1k/uniform_motion_structdyn_id1k_epoch_20_object.ckpt  tag=A_uniform_motion_structdyn_pinv_d02  mode=steer  clamp=every-step
  encoded 50 trajs, t=17s
  encoded 100 trajs, t=23s
  encoded 150 trajs, t=29s
[data] 150 trajs, emb dim=192, t=29s
[probe R2 on train]  full=0.894  slot=0.863  bb=0.891

[clean rollout] t=29s
  clean decoded rho from PRED latents (both-OOD, test): +0.593 / +0.902   n=377
  clean latent nMSE (pred vs real, test focus): 0.4418

=== STEERING: causal gain d(predicted position)/d(delta) ===
    delta is applied so that the *named channel's* decoded position moves by delta; readout is the full-latent probe on the PREDICTED latent.
  delta=-0.20sd  slot                   g[full]=(+24.341,+40.556)  g[bb]=(+10.907,+8.069)  g[slot]=(+23.843,+49.297)  |v|=  0.28  nMSE=2.5149
  delta=-0.20sd  blackbox               g[full]=(+0.035,+0.095)  g[bb]=(+0.141,+0.317)  g[slot]=(-0.000,-0.000)  |v|=  0.12  nMSE=0.4536
  delta=-0.20sd  joint                  g[full]=(+24.357,+40.617)  g[bb]=(+11.064,+8.281)  g[slot]=(+23.843,+49.297)  |v|=  0.31  nMSE=2.5129
  delta=-0.20sd  rand-bb(norm-matched)  g[full]=(+0.005,-0.015)  g[bb]=(-0.082,-0.063)  g[slot]=(-0.000,-0.000)  |v|=  0.12  nMSE=0.4432
  delta=-0.10sd  slot                   g[full]=(+24.854,+33.032)  g[bb]=(+13.212,+8.987)  g[slot]=(+24.607,+39.212)  |v|=  0.14  nMSE=1.0977
  delta=-0.10sd  blackbox               g[full]=(+0.034,+0.096)  g[bb]=(+0.140,+0.319)  g[slot]=(-0.000,-0.000)  |v|=  0.06  nMSE=0.4470
  delta=-0.10sd  joint                  g[full]=(+24.862,+33.099)  g[bb]=(+13.357,+9.226)  g[slot]=(+24.607,+39.212)  |v|=  0.15  nMSE=1.0996
  delta=-0.10sd  rand-bb(norm-matched)  g[full]=(+0.026,+0.005)  g[bb]=(-0.049,-0.017)  g[slot]=(-0.000,-0.000)  |v|=  0.06  nMSE=0.4473
  delta=+0.10sd  slot                   g[full]=(+24.159,+9.537)  g[bb]=(+7.820,+3.084)  g[slot]=(+25.190,+10.775)  |v|=  0.14  nMSE=0.8246
  delta=+0.10sd  blackbox               g[full]=(+0.032,+0.095)  g[bb]=(+0.141,+0.320)  g[slot]=(+0.000,+0.000)  |v|=  0.06  nMSE=0.4381
  delta=+0.10sd  joint                  g[full]=(+24.190,+9.634)  g[bb]=(+7.931,+3.418)  g[slot]=(+25.190,+10.775)  |v|=  0.15  nMSE=0.8217
  delta=+0.10sd  rand-bb(norm-matched)  g[full]=(-0.005,-0.009)  g[bb]=(-0.014,-0.022)  g[slot]=(+0.000,+0.000)  |v|=  0.06  nMSE=0.4390
  delta=+0.20sd  slot                   g[full]=(+24.102,+7.971)  g[bb]=(+6.145,+2.326)  g[slot]=(+25.514,+9.122)  |v|=  0.28  nMSE=1.3683
  delta=+0.20sd  blackbox               g[full]=(+0.030,+0.095)  g[bb]=(+0.141,+0.320)  g[slot]=(+0.000,+0.000)  |v|=  0.12  nMSE=0.4358
  delta=+0.20sd  joint                  g[full]=(+24.138,+8.057)  g[bb]=(+6.258,+2.608)  g[slot]=(+25.514,+9.122)  |v|=  0.31  nMSE=1.3672
  delta=+0.20sd  rand-bb(norm-matched)  g[full]=(+0.020,-0.019)  g[bb]=(+0.152,-0.037)  g[slot]=(+0.000,+0.000)  |v|=  0.12  nMSE=0.4445

  --- summary (mean over |delta| and signs; per coordinate) ---
    slot                    read-full=(+24.364,+22.774)  read-bb=(+9.521,+5.616)  read-slot=(+24.788,+27.101)
    blackbox                read-full=(+0.032,+0.095)  read-bb=(+0.141,+0.319)  read-slot=(+0.000,+0.000)
    joint                   read-full=(+24.387,+22.851)  read-bb=(+9.652,+5.883)  read-slot=(+24.788,+27.101)
    rand-bb(norm-matched)   read-full=(+0.011,-0.009)  read-bb=(+0.002,-0.035)  read-slot=(+0.000,+0.000)

  --- ROUTING INDEX, per readout and per coordinate ---
      R = g_bb / (g_bb + g_slot);  1.0 = position taken entirely from the
      black box (bypass), 0.0 = entirely from the slot (load-bearing).
      read-bb is the load-bearing test: read-full and read-slot can be
      inflated by the predictor simply copying its input slot forward.
      read-full   R=(+0.001,+0.004)   additivity g_slot+g_bb=(+24.396,+22.869) vs g_joint=(+24.387,+22.851)
      read-bb     R=(+0.015,+0.054)   additivity g_slot+g_bb=(+9.662,+5.935) vs g_joint=(+9.652,+5.883)
      read-slot   R=(+0.000,+0.000)   additivity g_slot+g_bb=(+24.788,+27.101) vs g_joint=(+24.788,+27.101)

[done] t=300s
[W722 19:58:33.107218831 AllocatorConfig.cpp:28] Warning: PYTORCH_CUDA_ALLOC_CONF is deprecated, use PYTORCH_ALLOC_CONF instead (function operator())
