[ckpt] /data1/likun-share/junjxu/.stable_worldmodel/uniform_structpos_fr_pw30_s42/uniform_structpos_fr_pw30_s42_epoch_20_object.ckpt  tag=B2_uniform_structpos_s42_d005  mode=steer  clamp=every-step
  encoded 50 trajs, t=17s
  encoded 100 trajs, t=23s
  encoded 150 trajs, t=29s
[data] 150 trajs, emb dim=192, t=29s
[probe R2 on train]  full=0.895  slot=0.872  bb=0.886

[clean rollout] t=29s
  clean decoded rho from PRED latents (both-OOD, test): +0.889 / +0.785   n=377
  clean latent nMSE (pred vs real, test focus): 0.1651

=== STEERING: causal gain d(predicted position)/d(delta) ===
    delta is applied so that the *named channel's* decoded position moves by delta; readout is the full-latent probe on the PREDICTED latent.
  delta=-0.05sd  slot                   g[full]=(+2.770,+1.004)  g[bb]=(+3.318,+0.935)  g[slot]=(+2.767,+1.101)  |v|=  0.21  nMSE=0.1473
  delta=-0.05sd  blackbox               g[full]=(+0.021,+0.202)  g[bb]=(+0.225,+0.223)  g[slot]=(-0.019,+0.154)  |v|=  0.03  nMSE=0.1644
  delta=-0.05sd  joint                  g[full]=(+2.674,+1.211)  g[bb]=(+3.429,+1.159)  g[slot]=(+2.643,+1.274)  |v|=  0.21  nMSE=0.1458
  delta=-0.05sd  rand-bb(norm-matched)  g[full]=(-0.013,+0.025)  g[bb]=(+0.014,+0.026)  g[slot]=(-0.041,-0.009)  |v|=  0.03  nMSE=0.1637
  delta=-0.03sd  slot                   g[full]=(+1.511,+0.707)  g[bb]=(+1.750,+0.646)  g[slot]=(+1.717,+0.875)  |v|=  0.10  nMSE=0.1612
  delta=-0.03sd  blackbox               g[full]=(+0.021,+0.202)  g[bb]=(+0.225,+0.223)  g[slot]=(-0.019,+0.154)  |v|=  0.02  nMSE=0.1647
  delta=-0.03sd  joint                  g[full]=(+1.550,+0.911)  g[bb]=(+1.992,+0.873)  g[slot]=(+1.714,+1.029)  |v|=  0.10  nMSE=0.1608
  delta=-0.03sd  rand-bb(norm-matched)  g[full]=(-0.015,+0.043)  g[bb]=(-0.078,+0.039)  g[slot]=(-0.056,+0.030)  |v|=  0.02  nMSE=0.1658
  delta=+0.03sd  slot                   g[full]=(+1.317,+0.628)  g[bb]=(+1.584,+0.549)  g[slot]=(+1.556,+0.822)  |v|=  0.10  nMSE=0.1680
  delta=+0.03sd  blackbox               g[full]=(+0.021,+0.202)  g[bb]=(+0.223,+0.223)  g[slot]=(-0.019,+0.154)  |v|=  0.02  nMSE=0.1654
  delta=+0.03sd  joint                  g[full]=(+1.334,+0.831)  g[bb]=(+1.806,+0.773)  g[slot]=(+1.533,+0.978)  |v|=  0.10  nMSE=0.1684
  delta=+0.03sd  rand-bb(norm-matched)  g[full]=(+0.021,-0.029)  g[bb]=(+0.087,-0.037)  g[slot]=(+0.018,-0.019)  |v|=  0.02  nMSE=0.1648
  delta=+0.05sd  slot                   g[full]=(+1.315,+0.604)  g[bb]=(+1.603,+0.521)  g[slot]=(+1.552,+0.795)  |v|=  0.21  nMSE=0.1728
  delta=+0.05sd  blackbox               g[full]=(+0.021,+0.202)  g[bb]=(+0.223,+0.223)  g[slot]=(-0.019,+0.154)  |v|=  0.03  nMSE=0.1658
  delta=+0.05sd  joint                  g[full]=(+1.332,+0.810)  g[bb]=(+1.825,+0.747)  g[slot]=(+1.528,+0.951)  |v|=  0.21  nMSE=0.1735
  delta=+0.05sd  rand-bb(norm-matched)  g[full]=(-0.041,+0.002)  g[bb]=(+0.082,+0.007)  g[slot]=(-0.052,+0.049)  |v|=  0.03  nMSE=0.1653

  --- summary (mean over |delta| and signs; per coordinate) ---
    slot                    read-full=(+1.729,+0.736)  read-bb=(+2.064,+0.663)  read-slot=(+1.898,+0.898)
    blackbox                read-full=(+0.021,+0.202)  read-bb=(+0.224,+0.223)  read-slot=(-0.019,+0.154)
    joint                   read-full=(+1.723,+0.941)  read-bb=(+2.263,+0.888)  read-slot=(+1.854,+1.058)
    rand-bb(norm-matched)   read-full=(-0.012,+0.010)  read-bb=(+0.026,+0.009)  read-slot=(-0.033,+0.013)

  --- ROUTING INDEX, per readout and per coordinate ---
      R = g_bb / (g_bb + g_slot);  1.0 = position taken entirely from the
      black box (bypass), 0.0 = entirely from the slot (load-bearing).
      read-bb is the load-bearing test: read-full and read-slot can be
      inflated by the predictor simply copying its input slot forward.
      read-full   R=(+0.012,+0.215)   additivity g_slot+g_bb=(+1.749,+0.938) vs g_joint=(+1.723,+0.941)
      read-bb     R=(+0.098,+0.252)   additivity g_slot+g_bb=(+2.288,+0.886) vs g_joint=(+2.263,+0.888)
      read-slot   R=(-0.010,+0.146)   additivity g_slot+g_bb=(+1.879,+1.052) vs g_joint=(+1.854,+1.058)

[done] t=299s
[W722 19:58:32.633111911 AllocatorConfig.cpp:28] Warning: PYTORCH_CUDA_ALLOC_CONF is deprecated, use PYTORCH_ALLOC_CONF instead (function operator())
