[ckpt] /data1/likun-share/junjxu/.stable_worldmodel/sc_par_reweight_s42/sc_par_reweight_s42_epoch_20_object.ckpt  tag=B_parabola_structpos_s42_d10  mode=steer  clamp=every-step
  encoded 50 trajs, t=18s
  encoded 100 trajs, t=25s
  encoded 150 trajs, t=31s
[data] 150 trajs, emb dim=192, t=31s
[probe R2 on train]  full=0.779  slot=0.752  bb=0.714

[clean rollout] t=31s
  clean decoded rho from PRED latents (both-OOD, test): +0.546 / +0.970   n=435
  clean latent nMSE (pred vs real, test focus): 0.3746

=== STEERING: causal gain d(predicted position)/d(delta) ===
    delta is applied so that the *named channel's* decoded position moves by delta; readout is the full-latent probe on the PREDICTED latent.
  delta=-1.00sd  slot                   g[full]=(+0.412,+0.921)  g[bb]=(-1.758,+3.209)  g[slot]=(+0.369,+1.118)  |v|=  5.47  nMSE=0.9659
  delta=-1.00sd  blackbox               g[full]=(+0.053,+0.124)  g[bb]=(+0.174,-0.025)  g[slot]=(-0.036,+0.038)  |v|=  1.03  nMSE=0.3133
  delta=-1.00sd  joint                  g[full]=(+0.488,+1.077)  g[bb]=(-1.633,+3.294)  g[slot]=(+0.365,+1.172)  |v|=  5.57  nMSE=0.9370
  delta=-1.00sd  rand-bb(norm-matched)  g[full]=(-0.011,-0.058)  g[bb]=(+0.080,-0.176)  g[slot]=(-0.009,-0.014)  |v|=  1.03  nMSE=0.4210
  delta=-0.50sd  slot                   g[full]=(+0.322,+0.860)  g[bb]=(-1.647,+2.914)  g[slot]=(+0.309,+1.109)  |v|=  2.74  nMSE=0.5381
  delta=-0.50sd  blackbox               g[full]=(+0.053,+0.119)  g[bb]=(+0.174,-0.030)  g[slot]=(-0.036,+0.035)  |v|=  0.52  nMSE=0.3399
  delta=-0.50sd  joint                  g[full]=(+0.376,+1.005)  g[bb]=(-1.513,+2.955)  g[slot]=(+0.286,+1.159)  |v|=  2.78  nMSE=0.5161
  delta=-0.50sd  rand-bb(norm-matched)  g[full]=(+0.057,-0.082)  g[bb]=(-0.081,+0.080)  g[slot]=(+0.065,-0.049)  |v|=  0.52  nMSE=0.3850
  delta=+0.50sd  slot                   g[full]=(+0.338,+0.728)  g[bb]=(-1.214,+2.282)  g[slot]=(+0.288,+0.966)  |v|=  2.74  nMSE=0.5179
  delta=+0.50sd  blackbox               g[full]=(+0.055,+0.110)  g[bb]=(+0.170,-0.034)  g[slot]=(-0.035,+0.029)  |v|=  0.52  nMSE=0.4164
  delta=+0.50sd  joint                  g[full]=(+0.412,+0.814)  g[bb]=(-1.004,+2.200)  g[slot]=(+0.262,+0.977)  |v|=  2.78  nMSE=0.5521
  delta=+0.50sd  rand-bb(norm-matched)  g[full]=(+0.004,-0.002)  g[bb]=(-0.016,+0.034)  g[slot]=(+0.017,-0.026)  |v|=  0.52  nMSE=0.3802
  delta=+1.00sd  slot                   g[full]=(+0.335,+0.747)  g[bb]=(-1.170,+2.248)  g[slot]=(+0.312,+0.921)  |v|=  5.47  nMSE=0.8670
  delta=+1.00sd  blackbox               g[full]=(+0.056,+0.106)  g[bb]=(+0.167,-0.033)  g[slot]=(-0.034,+0.026)  |v|=  1.03  nMSE=0.4639
  delta=+1.00sd  joint                  g[full]=(+0.412,+0.825)  g[bb]=(-0.955,+2.162)  g[slot]=(+0.292,+0.925)  |v|=  5.57  nMSE=0.8969
  delta=+1.00sd  rand-bb(norm-matched)  g[full]=(+0.015,+0.055)  g[bb]=(-0.067,+0.148)  g[slot]=(+0.005,+0.003)  |v|=  1.03  nMSE=0.4129

  --- summary (mean over |delta| and signs; per coordinate) ---
    slot                    read-full=(+0.352,+0.814)  read-bb=(-1.447,+2.663)  read-slot=(+0.320,+1.029)
    blackbox                read-full=(+0.054,+0.115)  read-bb=(+0.171,-0.031)  read-slot=(-0.035,+0.032)
    joint                   read-full=(+0.422,+0.930)  read-bb=(-1.276,+2.653)  read-slot=(+0.301,+1.058)
    rand-bb(norm-matched)   read-full=(+0.016,-0.022)  read-bb=(-0.021,+0.021)  read-slot=(+0.020,-0.022)

  --- ROUTING INDEX, per readout and per coordinate ---
      R = g_bb / (g_bb + g_slot);  1.0 = position taken entirely from the
      black box (bypass), 0.0 = entirely from the slot (load-bearing).
      read-bb is the load-bearing test: read-full and read-slot can be
      inflated by the predictor simply copying its input slot forward.
      read-full   R=(+0.133,+0.124)   additivity g_slot+g_bb=(+0.406,+0.929) vs g_joint=(+0.422,+0.930)
      read-bb     R=(-0.134,-0.012)   additivity g_slot+g_bb=(-1.276,+2.633) vs g_joint=(-1.276,+2.653)
      read-slot   R=(-0.124,+0.030)   additivity g_slot+g_bb=(+0.284,+1.061) vs g_joint=(+0.301,+1.058)

[done] t=266s
[W722 19:57:59.128136362 AllocatorConfig.cpp:28] Warning: PYTORCH_CUDA_ALLOC_CONF is deprecated, use PYTORCH_ALLOC_CONF instead (function operator())
