[ckpt] /data1/likun-share/junjxu/.stable_worldmodel/sc_par_reweight_s42/sc_par_reweight_s42_epoch_20_object.ckpt  tag=B_parabola_structpos_s42_d005  mode=steer  clamp=every-step
  encoded 50 trajs, t=15s
  encoded 100 trajs, t=20s
  encoded 150 trajs, t=28s
[data] 150 trajs, emb dim=192, t=28s
[probe R2 on train]  full=0.779  slot=0.752  bb=0.714

[clean rollout] t=28s
  clean decoded rho from PRED latents (both-OOD, test): +0.546 / +0.970   n=435
  clean latent nMSE (pred vs real, test focus): 0.3746

=== STEERING: causal gain d(predicted position)/d(delta) ===
    delta is applied so that the *named channel's* decoded position moves by delta; readout is the full-latent probe on the PREDICTED latent.
  delta=-0.05sd  slot                   g[full]=(+0.304,+0.778)  g[bb]=(-1.511,+2.647)  g[slot]=(+0.275,+1.037)  |v|=  0.27  nMSE=0.3754
  delta=-0.05sd  blackbox               g[full]=(+0.054,+0.115)  g[bb]=(+0.173,-0.033)  g[slot]=(-0.036,+0.032)  |v|=  0.05  nMSE=0.3708
  delta=-0.05sd  joint                  g[full]=(+0.356,+0.897)  g[bb]=(-1.343,+2.622)  g[slot]=(+0.239,+1.071)  |v|=  0.28  nMSE=0.3717
  delta=-0.05sd  rand-bb(norm-matched)  g[full]=(-0.011,-0.072)  g[bb]=(+0.096,-0.207)  g[slot]=(-0.010,-0.026)  |v|=  0.05  nMSE=0.3750
  delta=-0.03sd  slot                   g[full]=(+0.303,+0.774)  g[bb]=(-1.501,+2.631)  g[slot]=(+0.273,+1.033)  |v|=  0.14  nMSE=0.3746
  delta=-0.03sd  blackbox               g[full]=(+0.054,+0.115)  g[bb]=(+0.173,-0.033)  g[slot]=(-0.036,+0.032)  |v|=  0.03  nMSE=0.3727
  delta=-0.03sd  joint                  g[full]=(+0.356,+0.891)  g[bb]=(-1.331,+2.602)  g[slot]=(+0.238,+1.067)  |v|=  0.14  nMSE=0.3727
  delta=-0.03sd  rand-bb(norm-matched)  g[full]=(+0.052,-0.090)  g[bb]=(-0.088,+0.077)  g[slot]=(+0.062,-0.057)  |v|=  0.03  nMSE=0.3744
  delta=+0.03sd  slot                   g[full]=(+0.301,+0.767)  g[bb]=(-1.480,+2.597)  g[slot]=(+0.269,+1.026)  |v|=  0.14  nMSE=0.3754
  delta=+0.03sd  blackbox               g[full]=(+0.054,+0.114)  g[bb]=(+0.173,-0.033)  g[slot]=(-0.036,+0.032)  |v|=  0.03  nMSE=0.3766
  delta=+0.03sd  joint                  g[full]=(+0.356,+0.880)  g[bb]=(-1.305,+2.560)  g[slot]=(+0.234,+1.057)  |v|=  0.14  nMSE=0.3774
  delta=+0.03sd  rand-bb(norm-matched)  g[full]=(+0.004,+0.002)  g[bb]=(-0.010,+0.030)  g[slot]=(+0.018,-0.026)  |v|=  0.03  nMSE=0.3747
  delta=+0.05sd  slot                   g[full]=(+0.300,+0.763)  g[bb]=(-1.469,+2.579)  g[slot]=(+0.267,+1.023)  |v|=  0.27  nMSE=0.3769
  delta=+0.05sd  blackbox               g[full]=(+0.054,+0.114)  g[bb]=(+0.172,-0.033)  g[slot]=(-0.035,+0.032)  |v|=  0.05  nMSE=0.3785
  delta=+0.05sd  joint                  g[full]=(+0.355,+0.874)  g[bb]=(-1.292,+2.538)  g[slot]=(+0.232,+1.053)  |v|=  0.28  nMSE=0.3809
  delta=+0.05sd  rand-bb(norm-matched)  g[full]=(+0.010,+0.062)  g[bb]=(-0.066,+0.148)  g[slot]=(+0.003,+0.006)  |v|=  0.05  nMSE=0.3762

  --- summary (mean over |delta| and signs; per coordinate) ---
    slot                    read-full=(+0.302,+0.771)  read-bb=(-1.490,+2.614)  read-slot=(+0.271,+1.030)
    blackbox                read-full=(+0.054,+0.115)  read-bb=(+0.173,-0.033)  read-slot=(-0.036,+0.032)
    joint                   read-full=(+0.356,+0.885)  read-bb=(-1.318,+2.581)  read-slot=(+0.236,+1.062)
    rand-bb(norm-matched)   read-full=(+0.014,-0.025)  read-bb=(-0.017,+0.012)  read-slot=(+0.018,-0.026)

  --- ROUTING INDEX, per readout and per coordinate ---
      R = g_bb / (g_bb + g_slot);  1.0 = position taken entirely from the
      black box (bypass), 0.0 = entirely from the slot (load-bearing).
      read-bb is the load-bearing test: read-full and read-slot can be
      inflated by the predictor simply copying its input slot forward.
      read-full   R=(+0.152,+0.130)   additivity g_slot+g_bb=(+0.356,+0.885) vs g_joint=(+0.356,+0.885)
      read-bb     R=(-0.131,-0.013)   additivity g_slot+g_bb=(-1.318,+2.581) vs g_joint=(-1.318,+2.581)
      read-slot   R=(-0.151,+0.030)   additivity g_slot+g_bb=(+0.236,+1.062) vs g_joint=(+0.236,+1.062)

[done] t=299s
[W722 19:58:32.979700106 AllocatorConfig.cpp:28] Warning: PYTORCH_CUDA_ALLOC_CONF is deprecated, use PYTORCH_ALLOC_CONF instead (function operator())
