=== causal follow-ups START Wed Jul 22 19:53:29 CST 2026 ===
[19:53] START A_uniform_motion_structdyn_direct_d02 on GPU0  (--slot-direct --deltas -0.2 -0.1 0.1 0.2)
[19:53] START A_uniform_motion_structdyn_direct_d10 on GPU1  (--slot-direct --deltas -1.0 -0.5 0.5 1.0)
[19:53] START A_uniform_motion_structdyn_pinv_d02 on GPU2  (--deltas -0.2 -0.1 0.1 0.2)
[19:53] START A_parabola_structdyn_direct_d02 on GPU3  (--slot-direct --deltas -0.2 -0.1 0.1 0.2)
[19:53] START A_parabola_structdyn_direct_d10 on GPU4  (--slot-direct --deltas -1.0 -0.5 0.5 1.0)
[19:53] START A_parabola_structdyn_pinv_d02 on GPU5  (--deltas -0.2 -0.1 0.1 0.2)
[19:53] START A_collision_structdyn_direct_d02 on GPU6  (--slot-direct --deltas -0.2 -0.1 0.1 0.2)
[19:53] START A_collision_structdyn_direct_d10 on GPU7  (--slot-direct --deltas -1.0 -0.5 0.5 1.0)
[19:53] START A_collision_structdyn_pinv_d02 on GPU0  (--deltas -0.2 -0.1 0.1 0.2)
[19:53] START B_parabola_structpos_s3072_d005 on GPU1  (--slot-direct --deltas -0.05 -0.025 0.025 0.05)
[19:53] START B_parabola_structpos_s3072_d02 on GPU2  (--slot-direct --deltas -0.2 -0.1 0.1 0.2)
[19:53] START B_parabola_structpos_s3072_d05 on GPU3  (--slot-direct --deltas -0.5 -0.25 0.25 0.5)
[19:53] START B_parabola_structpos_s3072_d10 on GPU4  (--slot-direct --deltas -1.0 -0.5 0.5 1.0)
[19:53] START B_parabola_structpos_s1234_d005 on GPU5  (--slot-direct --deltas -0.05 -0.025 0.025 0.05)
[19:53] START B_parabola_structpos_s1234_d02 on GPU6  (--slot-direct --deltas -0.2 -0.1 0.1 0.2)
[19:53] START B_parabola_structpos_s1234_d05 on GPU7  (--slot-direct --deltas -0.5 -0.25 0.25 0.5)
[19:53] START B_parabola_structpos_s1234_d10 on GPU0  (--slot-direct --deltas -1.0 -0.5 0.5 1.0)
[19:53] START B_parabola_structpos_s42_d005 on GPU1  (--slot-direct --deltas -0.05 -0.025 0.025 0.05)
[19:53] START B_parabola_structpos_s42_d02 on GPU2  (--slot-direct --deltas -0.2 -0.1 0.1 0.2)
[19:53] START B_parabola_structpos_s42_d05 on GPU3  (--slot-direct --deltas -0.5 -0.25 0.25 0.5)
[19:53] START B_parabola_structpos_s42_d10 on GPU4  (--slot-direct --deltas -1.0 -0.5 0.5 1.0)
[19:53] START B2_uniform_structpos_s3072_d005 on GPU5  (--slot-direct --deltas -0.05 -0.025 0.025 0.05)
[19:53] START B2_uniform_structpos_s3072_d10 on GPU6  (--slot-direct --deltas -1.0 -0.5 0.5 1.0)
[19:53] START B2_uniform_structpos_s1234_d005 on GPU7  (--slot-direct --deltas -0.05 -0.025 0.025 0.05)
[19:53] START B2_uniform_structpos_s1234_d10 on GPU0  (--slot-direct --deltas -1.0 -0.5 0.5 1.0)
[19:53] START B2_uniform_structpos_s42_d005 on GPU1  (--slot-direct --deltas -0.05 -0.025 0.025 0.05)
[19:53] START B2_uniform_structpos_s42_d10 on GPU2  (--slot-direct --deltas -1.0 -0.5 0.5 1.0)
[19:57] DONE  B2_uniform_structpos_s1234_d005 ec=0
[19:57] DONE  B_parabola_structpos_s1234_d05 ec=0
[19:57] DONE  B2_uniform_structpos_s3072_d10 ec=0
[19:57] DONE  B_parabola_structpos_s3072_d10 ec=0
[19:57] DONE  B_parabola_structpos_s42_d05 ec=0
[19:57] DONE  B_parabola_structpos_s3072_d05 ec=0
[19:57] DONE  B_parabola_structpos_s42_d10 ec=0
[19:58] DONE  B2_uniform_structpos_s3072_d005 ec=0
[19:58] DONE  B_parabola_structpos_s1234_d005 ec=0
[19:58] DONE  B_parabola_structpos_s1234_d02 ec=0
[19:58] DONE  A_collision_structdyn_direct_d10 ec=0
[19:58] DONE  A_parabola_structdyn_direct_d02 ec=0
[19:58] DONE  A_collision_structdyn_direct_d02 ec=0
[19:58] DONE  A_parabola_structdyn_pinv_d02 ec=0
[19:58] DONE  A_parabola_structdyn_direct_d10 ec=0
[19:58] DONE  B_parabola_structpos_s1234_d10 ec=0
[19:58] DONE  B2_uniform_structpos_s1234_d10 ec=0
[19:58] DONE  B_parabola_structpos_s42_d005 ec=0
[19:58] DONE  B_parabola_structpos_s3072_d02 ec=0
[19:58] DONE  B2_uniform_structpos_s42_d005 ec=0
[19:58] DONE  B_parabola_structpos_s42_d02 ec=0
[19:58] DONE  B_parabola_structpos_s3072_d005 ec=0
[19:58] DONE  A_uniform_motion_structdyn_pinv_d02 ec=0
[19:58] DONE  B2_uniform_structpos_s42_d10 ec=0
[19:58] DONE  A_uniform_motion_structdyn_direct_d02 ec=0
[19:58] DONE  A_collision_structdyn_pinv_d02 ec=0
[19:58] DONE  A_uniform_motion_structdyn_direct_d10 ec=0
=== causal follow-ups ALL DONE Wed Jul 22 19:58:51 CST 2026 ===
