[ckpt] /data1/likun-share/junjxu/.stable_worldmodel/dinowm_par_fr_s1234/dinowm_par_fr_s1234_epoch_20_object.ckpt  tag=bbdose_parabola_dino_baseline_s1234  mode=patch  clamp=every-step
  encoded 50 trajs, t=22s
  encoded 100 trajs, t=30s
  encoded 150 trajs, t=39s
[data] 150 trajs, emb dim=192, t=39s
[probe R2 on train]  full=0.763  slot=0.074  bb=0.760

[clean rollout] t=39s
  clean decoded rho from PRED latents (both-OOD, test): +0.493 / +0.827   n=435
  clean latent nMSE (pred vs real, test focus): 0.3893

=== COUNTERFACTUAL PATCHING of the slot ===
  zero         nMSE=0.3978
      read-full rho vs OWN pos = +0.502/+0.834   (clean +0.493/+0.827)
      read-bb   rho vs OWN pos = +0.480/+0.842   (clean +0.463/+0.834)
      read-slot rho vs OWN pos = +0.065/+0.205   (clean +0.073/+0.188)
  donor-slot   nMSE=0.4014
      read-full rho vs OWN pos = +0.491/+0.821   (clean +0.493/+0.827)
        coord0: beta_own=+0.225 beta_donor=-0.028  -> follow-fraction(donor) = 0.112
        coord1: beta_own=+0.417 beta_donor=-0.010  -> follow-fraction(donor) = 0.024
      read-bb   rho vs OWN pos = +0.468/+0.827   (clean +0.463/+0.834)
        coord0: beta_own=+0.213 beta_donor=-0.033  -> follow-fraction(donor) = 0.136
        coord1: beta_own=+0.461 beta_donor=-0.058  -> follow-fraction(donor) = 0.112
      read-slot rho vs OWN pos = +0.056/+0.208   (clean +0.073/+0.188)
        coord0: beta_own=+0.016 beta_donor=+0.051  -> follow-fraction(donor) = 0.764
        coord1: beta_own=-0.421 beta_donor=+0.488  -> follow-fraction(donor) = 0.537
  donor-rand2  nMSE=0.3942
      read-full rho vs OWN pos = +0.488/+0.805   (clean +0.493/+0.827)
        coord0: beta_own=+0.222 beta_donor=-0.042  -> follow-fraction(donor) = 0.158
        coord1: beta_own=+0.291 beta_donor=+0.100  -> follow-fraction(donor) = 0.255
      read-bb   rho vs OWN pos = +0.438/+0.809   (clean +0.463/+0.834)
        coord0: beta_own=+0.203 beta_donor=-0.052  -> follow-fraction(donor) = 0.205
        coord1: beta_own=+0.350 beta_donor=+0.037  -> follow-fraction(donor) = 0.095
      read-slot rho vs OWN pos = +0.027/+0.191   (clean +0.073/+0.188)
        coord0: beta_own=+0.008 beta_donor=+0.053  -> follow-fraction(donor) = 0.866
        coord1: beta_own=-0.540 beta_donor=+0.609  -> follow-fraction(donor) = 0.530
  freeze       nMSE=0.3729
      read-full rho vs OWN pos = +0.489/+0.830   (clean +0.493/+0.827)
      read-bb   rho vs OWN pos = +0.458/+0.839   (clean +0.463/+0.834)
      read-slot rho vs OWN pos = +0.081/+0.172   (clean +0.073/+0.188)
  donor-bb     nMSE=0.3867
      read-full rho vs OWN pos = +0.526/+0.827   (clean +0.493/+0.827)
        coord0: beta_own=+0.249 beta_donor=-0.061  -> follow-fraction(donor) = 0.197
        coord1: beta_own=+0.347 beta_donor=+0.049  -> follow-fraction(donor) = 0.123
      read-bb   rho vs OWN pos = +0.503/+0.834   (clean +0.463/+0.834)
        coord0: beta_own=+0.239 beta_donor=-0.071  -> follow-fraction(donor) = 0.230
        coord1: beta_own=+0.393 beta_donor=-0.002  -> follow-fraction(donor) = 0.006
      read-slot rho vs OWN pos = +0.085/+0.190   (clean +0.073/+0.188)
        coord0: beta_own=+0.024 beta_donor=+0.053  -> follow-fraction(donor) = 0.686
        coord1: beta_own=-0.493 beta_donor=+0.562  -> follow-fraction(donor) = 0.532
  donor-bbk2   nMSE=0.4117
      read-full rho vs OWN pos = +0.454/+0.811   (clean +0.493/+0.827)
        coord0: beta_own=+0.212 beta_donor=-0.023  -> follow-fraction(donor) = 0.099
        coord1: beta_own=+0.102 beta_donor=+0.318  -> follow-fraction(donor) = 0.757
      read-bb   rho vs OWN pos = +0.425/+0.824   (clean +0.463/+0.834)
        coord0: beta_own=+0.197 beta_donor=-0.041  -> follow-fraction(donor) = 0.173
        coord1: beta_own=+0.208 beta_donor=+0.204  -> follow-fraction(donor) = 0.494
      read-slot rho vs OWN pos = +0.060/+0.200   (clean +0.073/+0.188)
        coord0: beta_own=+0.017 beta_donor=+0.053  -> follow-fraction(donor) = 0.756
        coord1: beta_own=-0.365 beta_donor=+0.429  -> follow-fraction(donor) = 0.540
  donor-bbk10  nMSE=0.4801
      read-full rho vs OWN pos = +0.342/+0.742   (clean +0.493/+0.827)
        coord0: beta_own=+0.159 beta_donor=+0.005  -> follow-fraction(donor) = 0.028
        coord1: beta_own=+0.868 beta_donor=-0.513  -> follow-fraction(donor) = 0.371
      read-bb   rho vs OWN pos = +0.313/+0.741   (clean +0.463/+0.834)
        coord0: beta_own=+0.143 beta_donor=+0.014  -> follow-fraction(donor) = 0.089
        coord1: beta_own=+0.897 beta_donor=-0.536  -> follow-fraction(donor) = 0.374
      read-slot rho vs OWN pos = -0.037/+0.303   (clean +0.073/+0.188)
        coord0: beta_own=-0.008 beta_donor=+0.082  -> follow-fraction(donor) = 0.914
        coord1: beta_own=-0.209 beta_donor=+0.287  -> follow-fraction(donor) = 0.578
  donor-bbk40  nMSE=1.0065
      read-full rho vs OWN pos = +0.231/+0.591   (clean +0.493/+0.827)
        coord0: beta_own=+0.126 beta_donor=+0.022  -> follow-fraction(donor) = 0.152
        coord1: beta_own=+1.805 beta_donor=-1.385  -> follow-fraction(donor) = 0.434
      read-bb   rho vs OWN pos = +0.206/+0.581   (clean +0.463/+0.834)
        coord0: beta_own=+0.111 beta_donor=+0.032  -> follow-fraction(donor) = 0.223
        coord1: beta_own=+1.879 beta_donor=-1.462  -> follow-fraction(donor) = 0.438
      read-slot rho vs OWN pos = +0.003/+0.288   (clean +0.073/+0.188)
        coord0: beta_own=+0.002 beta_donor=+0.063  -> follow-fraction(donor) = 0.962
        coord1: beta_own=+0.295 beta_donor=-0.235  -> follow-fraction(donor) = 0.443
  donor-bbk100  nMSE=1.3190
      read-full rho vs OWN pos = +0.210/+0.634   (clean +0.493/+0.827)
        coord0: beta_own=+0.143 beta_donor=+0.119  -> follow-fraction(donor) = 0.454
        coord1: beta_own=+0.482 beta_donor=-0.079  -> follow-fraction(donor) = 0.142
      read-bb   rho vs OWN pos = +0.218/+0.631   (clean +0.463/+0.834)
        coord0: beta_own=+0.153 beta_donor=+0.111  -> follow-fraction(donor) = 0.421
        coord1: beta_own=+0.449 beta_donor=-0.050  -> follow-fraction(donor) = 0.100
      read-slot rho vs OWN pos = +0.037/+0.289   (clean +0.073/+0.188)
        coord0: beta_own=+0.009 beta_donor=+0.009  -> follow-fraction(donor) = 0.499
        coord1: beta_own=+0.215 beta_donor=-0.159  -> follow-fraction(donor) = 0.426
  donor-bbk190  nMSE=1.4870
      read-full rho vs OWN pos = +0.041/+0.690   (clean +0.493/+0.827)
        coord0: beta_own=+0.032 beta_donor=+0.248  -> follow-fraction(donor) = 0.884
        coord1: beta_own=+0.645 beta_donor=-0.235  -> follow-fraction(donor) = 0.267
      read-bb   rho vs OWN pos = +0.041/+0.692   (clean +0.463/+0.834)
        coord0: beta_own=+0.032 beta_donor=+0.240  -> follow-fraction(donor) = 0.883
        coord1: beta_own=+0.653 beta_donor=-0.249  -> follow-fraction(donor) = 0.276
      read-slot rho vs OWN pos = -0.035/+0.325   (clean +0.073/+0.188)
        coord0: beta_own=-0.009 beta_donor=-0.000  -> follow-fraction(donor) = 0.036
        coord1: beta_own=+0.428 beta_donor=-0.365  -> follow-fraction(donor) = 0.460

[done] t=332s
[W722 21:44:07.086809554 AllocatorConfig.cpp:28] Warning: PYTORCH_CUDA_ALLOC_CONF is deprecated, use PYTORCH_ALLOC_CONF instead (function operator())
