[ckpt] /data1/likun-share/junjxu/.stable_worldmodel/sc_par_reweight_s42/sc_par_reweight_s42_epoch_20_object.ckpt  tag=bbdose_parabola_lewm_structpos_s42  mode=patch  clamp=every-step
  encoded 50 trajs, t=16s
  encoded 100 trajs, t=26s
  encoded 150 trajs, t=36s
[data] 150 trajs, emb dim=192, t=36s
[probe R2 on train]  full=0.779  slot=0.752  bb=0.714

[clean rollout] t=36s
  clean decoded rho from PRED latents (both-OOD, test): +0.546 / +0.970   n=435
  clean latent nMSE (pred vs real, test focus): 0.3746

=== COUNTERFACTUAL PATCHING of the slot ===
  zero         nMSE=0.3403
      read-full rho vs OWN pos = +0.517/+0.969   (clean +0.546/+0.970)
      read-bb   rho vs OWN pos = +0.406/+0.611   (clean +0.419/+0.779)
      read-slot rho vs OWN pos = +0.560/+0.979   (clean +0.576/+0.976)
  donor-slot   nMSE=0.3661
      read-full rho vs OWN pos = +0.462/+0.953   (clean +0.546/+0.970)
        coord0: beta_own=+0.440 beta_donor=+0.372  -> follow-fraction(donor) = 0.458
        coord1: beta_own=+0.664 beta_donor=+0.197  -> follow-fraction(donor) = 0.229
      read-bb   rho vs OWN pos = +0.384/+0.790   (clean +0.419/+0.779)
        coord0: beta_own=+0.423 beta_donor=+0.192  -> follow-fraction(donor) = 0.312
        coord1: beta_own=+0.974 beta_donor=-0.248  -> follow-fraction(donor) = 0.203
      read-slot rho vs OWN pos = +0.495/+0.972   (clean +0.576/+0.976)
        coord0: beta_own=+0.459 beta_donor=+0.387  -> follow-fraction(donor) = 0.457
        coord1: beta_own=+0.600 beta_donor=+0.254  -> follow-fraction(donor) = 0.298
  donor-rand2  nMSE=0.7405
      read-full rho vs OWN pos = +0.484/+0.961   (clean +0.546/+0.970)
        coord0: beta_own=+0.507 beta_donor=+0.174  -> follow-fraction(donor) = 0.255
        coord1: beta_own=+0.945 beta_donor=-0.147  -> follow-fraction(donor) = 0.135
      read-bb   rho vs OWN pos = +0.354/+0.627   (clean +0.419/+0.779)
        coord0: beta_own=+0.409 beta_donor=+0.031  -> follow-fraction(donor) = 0.070
        coord1: beta_own=+0.467 beta_donor=+0.098  -> follow-fraction(donor) = 0.173
      read-slot rho vs OWN pos = +0.516/+0.968   (clean +0.576/+0.976)
        coord0: beta_own=+0.524 beta_donor=+0.229  -> follow-fraction(donor) = 0.305
        coord1: beta_own=+0.632 beta_donor=+0.191  -> follow-fraction(donor) = 0.232
  freeze       nMSE=0.3369
      read-full rho vs OWN pos = +0.624/+0.972   (clean +0.546/+0.970)
      read-bb   rho vs OWN pos = +0.472/+0.684   (clean +0.419/+0.779)
      read-slot rho vs OWN pos = +0.654/+0.976   (clean +0.576/+0.976)
  donor-bb     nMSE=0.3687
      read-full rho vs OWN pos = +0.536/+0.973   (clean +0.546/+0.970)
        coord0: beta_own=+0.530 beta_donor=+0.235  -> follow-fraction(donor) = 0.307
        coord1: beta_own=+0.808 beta_donor=+0.029  -> follow-fraction(donor) = 0.034
      read-bb   rho vs OWN pos = +0.369/+0.773   (clean +0.419/+0.779)
        coord0: beta_own=+0.392 beta_donor=+0.192  -> follow-fraction(donor) = 0.329
        coord1: beta_own=+0.840 beta_donor=-0.106  -> follow-fraction(donor) = 0.112
      read-slot rho vs OWN pos = +0.583/+0.977   (clean +0.576/+0.976)
        coord0: beta_own=+0.567 beta_donor=+0.250  -> follow-fraction(donor) = 0.306
        coord1: beta_own=+0.738 beta_donor=+0.103  -> follow-fraction(donor) = 0.122
  donor-bbk2   nMSE=0.4101
      read-full rho vs OWN pos = +0.536/+0.967   (clean +0.546/+0.970)
        coord0: beta_own=+0.542 beta_donor=+0.251  -> follow-fraction(donor) = 0.316
        coord1: beta_own=+0.794 beta_donor=+0.048  -> follow-fraction(donor) = 0.057
      read-bb   rho vs OWN pos = +0.388/+0.671   (clean +0.419/+0.779)
        coord0: beta_own=+0.495 beta_donor=+0.118  -> follow-fraction(donor) = 0.193
        coord1: beta_own=+0.769 beta_donor=-0.088  -> follow-fraction(donor) = 0.103
      read-slot rho vs OWN pos = +0.552/+0.974   (clean +0.576/+0.976)
        coord0: beta_own=+0.531 beta_donor=+0.288  -> follow-fraction(donor) = 0.352
        coord1: beta_own=+0.705 beta_donor=+0.145  -> follow-fraction(donor) = 0.170
  donor-bbk10  nMSE=0.6676
      read-full rho vs OWN pos = +0.524/+0.945   (clean +0.546/+0.970)
        coord0: beta_own=+0.536 beta_donor=+0.263  -> follow-fraction(donor) = 0.329
        coord1: beta_own=+0.271 beta_donor=+0.519  -> follow-fraction(donor) = 0.657
      read-bb   rho vs OWN pos = +0.361/+0.571   (clean +0.419/+0.779)
        coord0: beta_own=+0.563 beta_donor=+0.140  -> follow-fraction(donor) = 0.199
        coord1: beta_own=-0.356 beta_donor=+1.069  -> follow-fraction(donor) = 0.750
      read-slot rho vs OWN pos = +0.528/+0.952   (clean +0.576/+0.976)
        coord0: beta_own=+0.509 beta_donor=+0.322  -> follow-fraction(donor) = 0.388
        coord1: beta_own=+0.145 beta_donor=+0.682  -> follow-fraction(donor) = 0.825
  donor-bbk40  nMSE=1.1353
      read-full rho vs OWN pos = +0.333/+0.946   (clean +0.546/+0.970)
        coord0: beta_own=+0.325 beta_donor=+0.476  -> follow-fraction(donor) = 0.594
        coord1: beta_own=+0.439 beta_donor=+0.350  -> follow-fraction(donor) = 0.444
      read-bb   rho vs OWN pos = -0.007/+0.580   (clean +0.419/+0.779)
        coord0: beta_own=+0.001 beta_donor=+0.324  -> follow-fraction(donor) = 0.998
        coord1: beta_own=+0.672 beta_donor=-0.060  -> follow-fraction(donor) = 0.082
      read-slot rho vs OWN pos = +0.347/+0.952   (clean +0.576/+0.976)
        coord0: beta_own=+0.333 beta_donor=+0.489  -> follow-fraction(donor) = 0.595
        coord1: beta_own=+0.324 beta_donor=+0.500  -> follow-fraction(donor) = 0.607
  donor-bbk100  nMSE=1.4547
      read-full rho vs OWN pos = +0.278/+0.953   (clean +0.546/+0.970)
        coord0: beta_own=+0.269 beta_donor=+0.522  -> follow-fraction(donor) = 0.660
        coord1: beta_own=+0.345 beta_donor=+0.456  -> follow-fraction(donor) = 0.569
      read-bb   rho vs OWN pos = +0.038/+0.632   (clean +0.419/+0.779)
        coord0: beta_own=+0.056 beta_donor=+0.404  -> follow-fraction(donor) = 0.878
        coord1: beta_own=+0.306 beta_donor=+0.379  -> follow-fraction(donor) = 0.553
      read-slot rho vs OWN pos = +0.281/+0.971   (clean +0.576/+0.976)
        coord0: beta_own=+0.279 beta_donor=+0.543  -> follow-fraction(donor) = 0.661
        coord1: beta_own=+0.276 beta_donor=+0.558  -> follow-fraction(donor) = 0.669
  donor-bbk190  nMSE=1.6565
      read-full rho vs OWN pos = +0.221/+0.959   (clean +0.546/+0.970)
        coord0: beta_own=+0.221 beta_donor=+0.580  -> follow-fraction(donor) = 0.724
        coord1: beta_own=+0.235 beta_donor=+0.615  -> follow-fraction(donor) = 0.723
      read-bb   rho vs OWN pos = +0.035/+0.718   (clean +0.419/+0.779)
        coord0: beta_own=+0.042 beta_donor=+0.411  -> follow-fraction(donor) = 0.906
        coord1: beta_own=-0.253 beta_donor=+0.901  -> follow-fraction(donor) = 0.781
      read-slot rho vs OWN pos = +0.240/+0.969   (clean +0.576/+0.976)
        coord0: beta_own=+0.242 beta_donor=+0.571  -> follow-fraction(donor) = 0.703
        coord1: beta_own=+0.286 beta_donor=+0.564  -> follow-fraction(donor) = 0.664

[done] t=286s
[W722 21:43:21.573462270 AllocatorConfig.cpp:28] Warning: PYTORCH_CUDA_ALLOC_CONF is deprecated, use PYTORCH_ALLOC_CONF instead (function operator())
