=== bb dose-response START Wed Jul 22 21:38:31 CST 2026 ===
[21:38] START bbdose_uniform_motion_lewm_baseline_s3072 on GPU0
[21:38] START bbdose_uniform_motion_lewm_baseline_s1234 on GPU1
[21:38] START bbdose_uniform_motion_lewm_baseline_s42 on GPU2
[21:38] START bbdose_uniform_motion_lewm_structpos_s3072 on GPU3
[21:38] START bbdose_uniform_motion_lewm_structpos_s1234 on GPU4
[21:38] START bbdose_uniform_motion_lewm_structpos_s42 on GPU5
[21:38] START bbdose_parabola_lewm_baseline_s3072 on GPU6
[21:38] START bbdose_parabola_lewm_baseline_s1234 on GPU7
[21:38] START bbdose_parabola_lewm_baseline_s42 on GPU0
[21:38] START bbdose_parabola_lewm_structpos_s3072 on GPU1
[21:38] START bbdose_parabola_lewm_structpos_s1234 on GPU2
[21:38] START bbdose_parabola_lewm_structpos_s42 on GPU3
[21:38] START bbdose_collision_lewm_baseline_s3072 on GPU4
[21:38] START bbdose_collision_lewm_baseline_s1234 on GPU5
[21:38] START bbdose_collision_lewm_baseline_s42 on GPU6
[21:38] START bbdose_collision_lewm_structpos_s3072 on GPU7
[21:38] START bbdose_collision_lewm_structpos_s1234 on GPU0
[21:38] START bbdose_collision_lewm_structpos_s42 on GPU1
[21:38] START bbdose_uniform_motion_dino_baseline_s3072 on GPU2
[21:38] START bbdose_uniform_motion_dino_baseline_s1234 on GPU3
[21:38] START bbdose_uniform_motion_dino_baseline_s42 on GPU4
[21:38] START bbdose_uniform_motion_dino_structpos_s3072 on GPU5
[21:38] START bbdose_uniform_motion_dino_structpos_s1234 on GPU6
[21:38] START bbdose_uniform_motion_dino_structpos_s42 on GPU7
[21:38] START bbdose_parabola_dino_baseline_s3072 on GPU0
[21:38] START bbdose_parabola_dino_baseline_s1234 on GPU1
[21:38] START bbdose_parabola_dino_baseline_s42 on GPU2
[21:38] START bbdose_parabola_dino_structpos_s3072 on GPU3
[21:38] START bbdose_parabola_dino_structpos_s1234 on GPU4
[21:38] START bbdose_parabola_dino_structpos_s42 on GPU5
[21:38] START bbdose_collision_dino_baseline_s3072 on GPU6
[21:38] START bbdose_collision_dino_baseline_s1234 on GPU7
[21:38] START bbdose_collision_dino_baseline_s42 on GPU0
[21:38] START bbdose_collision_dino_structpos_s3072 on GPU1
[21:38] START bbdose_collision_dino_structpos_s1234 on GPU2
[21:38] START bbdose_collision_dino_structpos_s42 on GPU3
[21:42] DONE  bbdose_uniform_motion_lewm_structpos_s42 ec=0
[21:42] DONE  bbdose_collision_lewm_structpos_s3072 ec=0
[21:42] DONE  bbdose_parabola_lewm_baseline_s1234 ec=0
[21:42] DONE  bbdose_uniform_motion_lewm_structpos_s1234 ec=0
[21:42] DONE  bbdose_parabola_lewm_baseline_s3072 ec=0
[21:42] DONE  bbdose_collision_lewm_baseline_s1234 ec=0
[21:42] DONE  bbdose_collision_lewm_baseline_s42 ec=0
[21:42] DONE  bbdose_collision_lewm_baseline_s3072 ec=0
[21:42] DONE  bbdose_uniform_motion_dino_baseline_s42 ec=0
[21:42] DONE  bbdose_uniform_motion_dino_structpos_s3072 ec=0
[21:42] DONE  bbdose_uniform_motion_dino_structpos_s42 ec=0
[21:42] DONE  bbdose_parabola_dino_structpos_s1234 ec=0
[21:42] DONE  bbdose_uniform_motion_dino_structpos_s1234 ec=0
[21:42] DONE  bbdose_collision_dino_baseline_s1234 ec=0
[21:42] DONE  bbdose_collision_dino_baseline_s3072 ec=0
[21:42] DONE  bbdose_parabola_dino_structpos_s42 ec=0
[21:43] DONE  bbdose_uniform_motion_lewm_baseline_s42 ec=0
[21:43] DONE  bbdose_uniform_motion_lewm_structpos_s3072 ec=0
[21:43] DONE  bbdose_collision_lewm_structpos_s1234 ec=0
[21:43] DONE  bbdose_parabola_lewm_baseline_s42 ec=0
[21:43] DONE  bbdose_uniform_motion_lewm_baseline_s3072 ec=0
[21:43] DONE  bbdose_uniform_motion_lewm_baseline_s1234 ec=0
[21:43] DONE  bbdose_parabola_lewm_structpos_s42 ec=0
[21:43] DONE  bbdose_parabola_lewm_structpos_s3072 ec=0
[21:43] DONE  bbdose_parabola_lewm_structpos_s1234 ec=0
[21:43] DONE  bbdose_collision_lewm_structpos_s42 ec=0
[21:43] DONE  bbdose_collision_dino_baseline_s42 ec=0
[21:44] DONE  bbdose_uniform_motion_dino_baseline_s3072 ec=0
[21:44] DONE  bbdose_collision_dino_structpos_s3072 ec=0
[21:44] DONE  bbdose_parabola_dino_baseline_s1234 ec=0
[21:44] DONE  bbdose_collision_dino_structpos_s1234 ec=0
[21:44] DONE  bbdose_parabola_dino_baseline_s3072 ec=0
[21:44] DONE  bbdose_parabola_dino_baseline_s42 ec=0
[21:44] DONE  bbdose_uniform_motion_dino_baseline_s1234 ec=0
[21:44] DONE  bbdose_collision_dino_structpos_s42 ec=0
[21:44] DONE  bbdose_parabola_dino_structpos_s3072 ec=0
=== bb dose-response ALL DONE Wed Jul 22 21:44:25 CST 2026 ===
