[norm] action mean=[-0.01484401  0.          0.01575156  0.        ], std=[7.72976437e-02 1.00000000e-08 8.20558954e-02 1.00000000e-08]  (from phyworld_collision_id1k.h5)
[ckpt] /data1/likun-share/junjxu/.stable_worldmodel/collision_paperinit_id1k_FROZEN_ENC/collision_paperinit_id1k_FROZEN_ENC_epoch_20_object.ckpt  tag=frozen_enc
  rolled out 100 trajs, t=18s
  rolled out 200 trajs, t=32s
  rolled out 300 trajs, t=46s
  rolled out 400 trajs, t=61s
  rolled out 500 trajs, t=76s

[data] 500 trajs, 14500 (frame,pred) pairs, emb dim=192
/home/likun-share/junjxu/wm/le-wm/.venv/lib/python3.10/site-packages/sklearn/linear_model/_ridge.py:213: LinAlgWarning: Ill-conditioned matrix (rcond=3.579e-08): result may not be accurate.
  return linalg.solve(A, Xy, assume_a="pos", overwrite_a=True).T
/home/likun-share/junjxu/wm/le-wm/.venv/lib/python3.10/site-packages/sklearn/linear_model/_ridge.py:213: LinAlgWarning: Ill-conditioned matrix (rcond=3.579e-08): result may not be accurate.
  return linalg.solve(A, Xy, assume_a="pos", overwrite_a=True).T

=== collision AR ROLLOUT (LeWM ID-only FT, history_size=3) ===
--- latent fidelity (pred vs real emb), test trajs, by partition ---
  ID         n=  203  cos=-0.0564  nMSE=34.4426
  r/m-OOD    n=  754  cos=-0.0380  nMSE=22.2298
  v-OOD      n=  290  cos=-0.0590  nMSE=32.2092
  both-OOD   n= 1653  cos=-0.0434  nMSE=17.6592

--- latent fidelity vs horizon (test, aggregate) ---
  h=  1  n=  100  cos=+0.6284  nMSE=6.6662
  h=  2  n=  100  cos=+0.2766  nMSE=12.6841
  h=  4  n=  100  cos=-0.0540  nMSE=18.7052
  h=  8  n=  100  cos=-0.1131  nMSE=20.0485
  h= 16  n=  100  cos=-0.0804  nMSE=21.7673
  h= 28  n=  100  cos=-0.0785  nMSE=23.3583

--- decoded pos/vel ρ from ROLLED-OUT latents (test), by partition ---
  [baseline] probe applied to REAL embs:
  REAL ID                   pos0ρ=+0.708  pos1ρ=+0.849  vel0ρ=+0.543  vel1ρ=+0.709
  REAL r/m-OOD              pos0ρ=+0.739  pos1ρ=+0.671  vel0ρ=+0.735  vel1ρ=+0.687
  REAL v-OOD                pos0ρ=+0.753  pos1ρ=+0.856  vel0ρ=+0.652  vel1ρ=+0.704
  REAL both-OOD             pos0ρ=+0.805  pos1ρ=+0.749  vel0ρ=+0.840  vel1ρ=+0.723
  [rollout] probe applied to PREDICTED embs:
  PRED ID                   pos0ρ=-0.028  pos1ρ=+0.264  vel0ρ=+0.390  vel1ρ=+0.516
  PRED r/m-OOD              pos0ρ=+0.028  pos1ρ=+0.108  vel0ρ=+0.311  vel1ρ=+0.351
  PRED v-OOD                pos0ρ=+0.013  pos1ρ=+0.165  vel0ρ=+0.318  vel1ρ=+0.365
  PRED both-OOD             pos0ρ=+0.095  pos1ρ=+0.042  vel0ρ=+0.245  vel1ρ=+0.279

--- decoded vel ρ from PRED latents vs horizon (test, aggregate) ---
  h=  1  n=  100  vel0ρ=+0.117  vel1ρ=-0.323
  h=  2  n=  100  vel0ρ=+0.026  vel1ρ=-0.286
  h=  4  n=  100  vel0ρ=-0.050  vel1ρ=-0.262
  h=  8  n=  100  vel0ρ=-0.285  vel1ρ=+0.008
  h= 16  n=  100  vel0ρ=-0.246  vel1ρ=-0.296
  h= 28  n=  100  vel0ρ=+0.145  vel1ρ=-0.256

--- [K=4] decoded pos/vel ρ from ROLLED-OUT latents (test), by partition ---
  [K=4] probe applied to PREDICTED embs (stack 4 consecutive predicted latents):
  PRED-K4 ID          pos0ρ=+0.004  pos1ρ=+0.299  vel0ρ=+0.373  vel1ρ=-0.192
  PRED-K4 r/m-OOD     pos0ρ=+0.042  pos1ρ=+0.126  vel0ρ=+0.283  vel1ρ=-0.076
  PRED-K4 v-OOD       pos0ρ=+0.024  pos1ρ=+0.176  vel0ρ=+0.352  vel1ρ=-0.261
  PRED-K4 both-OOD    pos0ρ=+0.087  pos1ρ=+0.057  vel0ρ=+0.188  vel1ρ=-0.119

--- [K=4] decoded vel ρ from PRED latents vs horizon (test, aggregate) ---
  h=  4  n=  100  vel0ρ=-0.003  vel1ρ=-0.150
  h=  8  n=  100  vel0ρ=-0.417  vel1ρ=-0.768
  h= 16  n=  100  vel0ρ=+0.219  vel1ρ=+0.031
  h= 28  n=  100  vel0ρ=+0.381  vel1ρ=+0.169

Total 76s
