[norm] action mean=[ 0.24667731 -0.40296947], std=[0.08836433 0.229554  ]  (from phyworld_parabola_id1k.h5)
[ckpt] /data1/likun-share/junjxu/.stable_worldmodel/parabola_paperinit_id1k_FROZEN_ENC/parabola_paperinit_id1k_FROZEN_ENC_epoch_20_object.ckpt  tag=frozen_enc
  rolled out 100 trajs, t=19s
  rolled out 200 trajs, t=32s
  rolled out 300 trajs, t=46s
  rolled out 400 trajs, t=59s
  rolled out 500 trajs, t=72s

[data] 500 trajs, 14500 (frame,pred) pairs, emb dim=192
/home/likun-share/junjxu/wm/phyworld/scripts/rollout_eval_id1k.py:242: ConstantInputWarning: An input array is constant; the correlation coefficient is not defined.
  rhos = [pearsonr(vel_all[m][:, d], pv[:, d])[0] for d in range(vel_all.shape[1])]
/home/likun-share/junjxu/wm/phyworld/scripts/rollout_eval_id1k.py:242: NearConstantInputWarning: An input array is nearly constant; the computed correlation coefficient may be inaccurate.
  rhos = [pearsonr(vel_all[m][:, d], pv[:, d])[0] for d in range(vel_all.shape[1])]
/home/likun-share/junjxu/wm/phyworld/scripts/rollout_eval_id1k.py:242: NearConstantInputWarning: An input array is nearly constant; the computed correlation coefficient may be inaccurate.
  rhos = [pearsonr(vel_all[m][:, d], pv[:, d])[0] for d in range(vel_all.shape[1])]
/home/likun-share/junjxu/wm/le-wm/.venv/lib/python3.10/site-packages/sklearn/linear_model/_ridge.py:213: LinAlgWarning: Ill-conditioned matrix (rcond=2.36974e-08): result may not be accurate.
  return linalg.solve(A, Xy, assume_a="pos", overwrite_a=True).T
/home/likun-share/junjxu/wm/le-wm/.venv/lib/python3.10/site-packages/sklearn/linear_model/_ridge.py:213: LinAlgWarning: Ill-conditioned matrix (rcond=2.36974e-08): result may not be accurate.
  return linalg.solve(A, Xy, assume_a="pos", overwrite_a=True).T
/home/likun-share/junjxu/wm/phyworld/scripts/rollout_eval_id1k.py:296: ConstantInputWarning: An input array is constant; the correlation coefficient is not defined.
  rhos = [pearsonr(vel_all[m][:, d], pv[:, d])[0] for d in range(vel_all.shape[1])]
/home/likun-share/junjxu/wm/phyworld/scripts/rollout_eval_id1k.py:296: NearConstantInputWarning: An input array is nearly constant; the computed correlation coefficient may be inaccurate.
  rhos = [pearsonr(vel_all[m][:, d], pv[:, d])[0] for d in range(vel_all.shape[1])]
/home/likun-share/junjxu/wm/phyworld/scripts/rollout_eval_id1k.py:296: NearConstantInputWarning: An input array is nearly constant; the computed correlation coefficient may be inaccurate.
  rhos = [pearsonr(vel_all[m][:, d], pv[:, d])[0] for d in range(vel_all.shape[1])]

=== parabola AR ROLLOUT (LeWM ID-only FT, history_size=3) ===
--- latent fidelity (pred vs real emb), test trajs, by partition ---
  ID         n=  464  cos=+0.6343  nMSE=93.2816
  r/m-OOD    n=  319  cos=+0.5722  nMSE=16.4349
  v-OOD      n=  928  cos=+0.6354  nMSE=79.7240
  both-OOD   n= 1189  cos=+0.5958  nMSE=14.5684

--- latent fidelity vs horizon (test, aggregate) ---
  h=  1  n=  100  cos=+0.8406  nMSE=6.4259
  h=  2  n=  100  cos=+0.7099  nMSE=12.2292
  h=  4  n=  100  cos=+0.6077  nMSE=17.1931
  h=  8  n=  100  cos=+0.5739  nMSE=19.3503
  h= 16  n=  100  cos=+0.5983  nMSE=25.0337
  h= 28  n=  100  cos=+0.5829  nMSE=877452032.0000

--- decoded pos/vel ρ from ROLLED-OUT latents (test), by partition ---
  [baseline] probe applied to REAL embs:
  REAL ID                   pos0ρ=+0.888  pos1ρ=+0.921  vel0ρ=+0.253  vel1ρ=+0.930
  REAL r/m-OOD              pos0ρ=+0.853  pos1ρ=+0.894  vel0ρ=+0.504  vel1ρ=+0.910
  REAL v-OOD                pos0ρ=+0.861  pos1ρ=+0.871  vel0ρ=+0.480  vel1ρ=+0.917
  REAL both-OOD             pos0ρ=+0.768  pos1ρ=+0.820  vel0ρ=+0.522  vel1ρ=+0.870
  [rollout] probe applied to PREDICTED embs:
  PRED ID                   pos0ρ=+0.679  pos1ρ=+0.729  vel0ρ=-0.763  vel1ρ=+0.499
  PRED r/m-OOD              pos0ρ=+0.553  pos1ρ=+0.570  vel0ρ=-0.758  vel1ρ=+0.292
  PRED v-OOD                pos0ρ=+0.755  pos1ρ=+0.711  vel0ρ=-0.718  vel1ρ=+0.574
  PRED both-OOD             pos0ρ=+0.658  pos1ρ=+0.554  vel0ρ=-0.754  vel1ρ=+0.382

--- decoded vel ρ from PRED latents vs horizon (test, aggregate) ---
  h=  1  n=  100  vel0ρ=+0.688  vel1ρ=-0.461
  h=  2  n=  100  vel0ρ=+0.682  vel1ρ=+0.390
  h=  4  n=  100  vel0ρ=-0.278  vel1ρ=+0.188
  h=  8  n=  100  vel0ρ=-0.827  vel1ρ=+nan
  h= 16  n=  100  vel0ρ=-0.873  vel1ρ=+0.005
  h= 28  n=  100  vel0ρ=-0.918  vel1ρ=+0.056

--- [K=4] decoded pos/vel ρ from ROLLED-OUT latents (test), by partition ---
  [K=4] probe applied to PREDICTED embs (stack 4 consecutive predicted latents):
  PRED-K4 ID          pos0ρ=+0.720  pos1ρ=+0.829  vel0ρ=-0.789  vel1ρ=+0.733
  PRED-K4 r/m-OOD     pos0ρ=+0.502  pos1ρ=+0.670  vel0ρ=-0.789  vel1ρ=+0.499
  PRED-K4 v-OOD       pos0ρ=+0.744  pos1ρ=+0.719  vel0ρ=-0.806  vel1ρ=+0.629
  PRED-K4 both-OOD    pos0ρ=+0.567  pos1ρ=+0.585  vel0ρ=-0.824  vel1ρ=+0.460

--- [K=4] decoded vel ρ from PRED latents vs horizon (test, aggregate) ---
  h=  4  n=  100  vel0ρ=+0.861  vel1ρ=+0.277
  h=  8  n=  100  vel0ρ=-0.770  vel1ρ=+nan
  h= 16  n=  100  vel0ρ=-0.906  vel1ρ=+0.041
  h= 28  n=  100  vel0ρ=-0.946  vel1ρ=+0.049

Total 73s
