[norm] action mean=[-0.01484401  0.          0.01575156  0.        ], std=[7.72976437e-02 1.00000000e-08 8.20558954e-02 1.00000000e-08]  (from phyworld_collision_id1k.h5)
[ckpt] /data1/likun-share/junjxu/.stable_worldmodel/collision_sw_w0p1_f4_id1k_FROZEN_ENC/collision_sw_w0p1_f4_id1k_FROZEN_ENC_epoch_20_object.ckpt  tag=frozen_enc
  rolled out 100 trajs, t=18s
  rolled out 200 trajs, t=32s
  rolled out 300 trajs, t=46s
  rolled out 400 trajs, t=60s
  rolled out 500 trajs, t=75s

[data] 500 trajs, 14500 (frame,pred) pairs, emb dim=192
/home/likun-share/junjxu/wm/le-wm/.venv/lib/python3.10/site-packages/sklearn/linear_model/_ridge.py:213: LinAlgWarning: Ill-conditioned matrix (rcond=2.85658e-08): result may not be accurate.
  return linalg.solve(A, Xy, assume_a="pos", overwrite_a=True).T
/home/likun-share/junjxu/wm/le-wm/.venv/lib/python3.10/site-packages/sklearn/linear_model/_ridge.py:213: LinAlgWarning: Ill-conditioned matrix (rcond=2.85658e-08): result may not be accurate.
  return linalg.solve(A, Xy, assume_a="pos", overwrite_a=True).T

=== collision AR ROLLOUT (LeWM ID-only FT, history_size=3) ===
--- latent fidelity (pred vs real emb), test trajs, by partition ---
  ID         n=  203  cos=-0.0004  nMSE=111.8789
  r/m-OOD    n=  754  cos=-0.0004  nMSE=52.3356
  v-OOD      n=  290  cos=-0.0003  nMSE=91.0513
  both-OOD   n= 1653  cos=-0.0019  nMSE=39.8277

--- latent fidelity vs horizon (test, aggregate) ---
  h=  1  n=  100  cos=+0.4868  nMSE=18.6370
  h=  2  n=  100  cos=+0.1629  nMSE=33.0299
  h=  4  n=  100  cos=+0.0172  nMSE=43.9393
  h=  8  n=  100  cos=-0.0227  nMSE=48.7116
  h= 16  n=  100  cos=-0.0336  nMSE=52.3629
  h= 28  n=  100  cos=-0.0355  nMSE=49.6925

--- decoded pos/vel ρ from ROLLED-OUT latents (test), by partition ---
  [baseline] probe applied to REAL embs:
  REAL ID                   pos0ρ=+0.771  pos1ρ=+0.901  vel0ρ=+0.626  vel1ρ=+0.760
  REAL r/m-OOD              pos0ρ=+0.743  pos1ρ=+0.683  vel0ρ=+0.749  vel1ρ=+0.695
  REAL v-OOD                pos0ρ=+0.719  pos1ρ=+0.901  vel0ρ=+0.713  vel1ρ=+0.715
  REAL both-OOD             pos0ρ=+0.833  pos1ρ=+0.769  vel0ρ=+0.856  vel1ρ=+0.721
  [rollout] probe applied to PREDICTED embs:
  PRED ID                   pos0ρ=+0.101  pos1ρ=+0.107  vel0ρ=+0.453  vel1ρ=+0.572
  PRED r/m-OOD              pos0ρ=+0.151  pos1ρ=+0.010  vel0ρ=+0.386  vel1ρ=+0.331
  PRED v-OOD                pos0ρ=+0.097  pos1ρ=+0.040  vel0ρ=+0.340  vel1ρ=+0.423
  PRED both-OOD             pos0ρ=+0.231  pos1ρ=-0.049  vel0ρ=+0.275  vel1ρ=+0.324

--- decoded vel ρ from PRED latents vs horizon (test, aggregate) ---
  h=  1  n=  100  vel0ρ=+0.129  vel1ρ=+0.093
  h=  2  n=  100  vel0ρ=+0.103  vel1ρ=+0.082
  h=  4  n=  100  vel0ρ=+0.071  vel1ρ=+0.111
  h=  8  n=  100  vel0ρ=-0.244  vel1ρ=-0.567
  h= 16  n=  100  vel0ρ=+0.085  vel1ρ=+0.170
  h= 28  n=  100  vel0ρ=+0.085  vel1ρ=+0.245

--- [K=4] decoded pos/vel ρ from ROLLED-OUT latents (test), by partition ---
  [K=4] probe applied to PREDICTED embs (stack 4 consecutive predicted latents):
  PRED-K4 ID          pos0ρ=+0.145  pos1ρ=+0.233  vel0ρ=+0.281  vel1ρ=-0.186
  PRED-K4 r/m-OOD     pos0ρ=+0.177  pos1ρ=+0.074  vel0ρ=+0.270  vel1ρ=-0.153
  PRED-K4 v-OOD       pos0ρ=+0.108  pos1ρ=+0.083  vel0ρ=+0.245  vel1ρ=-0.216
  PRED-K4 both-OOD    pos0ρ=+0.232  pos1ρ=+0.089  vel0ρ=+0.220  vel1ρ=-0.149

--- [K=4] decoded vel ρ from PRED latents vs horizon (test, aggregate) ---
  h=  4  n=  100  vel0ρ=+0.151  vel1ρ=+0.502
  h=  8  n=  100  vel0ρ=+0.352  vel1ρ=+0.223
  h= 16  n=  100  vel0ρ=+0.200  vel1ρ=+0.240
  h= 28  n=  100  vel0ρ=+0.104  vel1ρ=+0.221

Total 75s
