[norm] action mean=[ 0.24667731 -0.40296947], std=[0.08836433 0.229554  ]  (from phyworld_parabola_id1k.h5)
[ckpt] /data1/likun-share/junjxu/.stable_worldmodel/parabola_sw_w0p1_f2_id1k_FROZEN_ENC/parabola_sw_w0p1_f2_id1k_FROZEN_ENC_epoch_20_object.ckpt  tag=frozen_enc
  rolled out 100 trajs, t=20s
  rolled out 200 trajs, t=33s
  rolled out 300 trajs, t=46s
  rolled out 400 trajs, t=60s
  rolled out 500 trajs, t=73s

[data] 500 trajs, 14500 (frame,pred) pairs, emb dim=192
/home/likun-share/junjxu/wm/phyworld/scripts/rollout_eval_id1k.py:242: ConstantInputWarning: An input array is constant; the correlation coefficient is not defined.
  rhos = [pearsonr(vel_all[m][:, d], pv[:, d])[0] for d in range(vel_all.shape[1])]
/home/likun-share/junjxu/wm/phyworld/scripts/rollout_eval_id1k.py:242: NearConstantInputWarning: An input array is nearly constant; the computed correlation coefficient may be inaccurate.
  rhos = [pearsonr(vel_all[m][:, d], pv[:, d])[0] for d in range(vel_all.shape[1])]
/home/likun-share/junjxu/wm/phyworld/scripts/rollout_eval_id1k.py:242: NearConstantInputWarning: An input array is nearly constant; the computed correlation coefficient may be inaccurate.
  rhos = [pearsonr(vel_all[m][:, d], pv[:, d])[0] for d in range(vel_all.shape[1])]
/home/likun-share/junjxu/wm/le-wm/.venv/lib/python3.10/site-packages/sklearn/linear_model/_ridge.py:213: LinAlgWarning: Ill-conditioned matrix (rcond=2.5095e-08): result may not be accurate.
  return linalg.solve(A, Xy, assume_a="pos", overwrite_a=True).T
/home/likun-share/junjxu/wm/le-wm/.venv/lib/python3.10/site-packages/sklearn/linear_model/_ridge.py:213: LinAlgWarning: Ill-conditioned matrix (rcond=2.5095e-08): result may not be accurate.
  return linalg.solve(A, Xy, assume_a="pos", overwrite_a=True).T
/home/likun-share/junjxu/wm/phyworld/scripts/rollout_eval_id1k.py:296: ConstantInputWarning: An input array is constant; the correlation coefficient is not defined.
  rhos = [pearsonr(vel_all[m][:, d], pv[:, d])[0] for d in range(vel_all.shape[1])]
/home/likun-share/junjxu/wm/phyworld/scripts/rollout_eval_id1k.py:296: NearConstantInputWarning: An input array is nearly constant; the computed correlation coefficient may be inaccurate.
  rhos = [pearsonr(vel_all[m][:, d], pv[:, d])[0] for d in range(vel_all.shape[1])]
/home/likun-share/junjxu/wm/phyworld/scripts/rollout_eval_id1k.py:296: NearConstantInputWarning: An input array is nearly constant; the computed correlation coefficient may be inaccurate.
  rhos = [pearsonr(vel_all[m][:, d], pv[:, d])[0] for d in range(vel_all.shape[1])]

=== parabola AR ROLLOUT (LeWM ID-only FT, history_size=3) ===
--- latent fidelity (pred vs real emb), test trajs, by partition ---
  ID         n=  464  cos=+0.2522  nMSE=229.3862
  r/m-OOD    n=  319  cos=+0.1715  nMSE=42.1680
  v-OOD      n=  928  cos=+0.2833  nMSE=200.6321
  both-OOD   n= 1189  cos=+0.2468  nMSE=35.6447

--- latent fidelity vs horizon (test, aggregate) ---
  h=  1  n=  100  cos=+0.7177  nMSE=13.5309
  h=  2  n=  100  cos=+0.4802  nMSE=30.7655
  h=  4  n=  100  cos=+0.2535  nMSE=54.8133
  h=  8  n=  100  cos=+0.1958  nMSE=55.3496
  h= 16  n=  100  cos=+0.2621  nMSE=60.2803
  h= 28  n=  100  cos=+0.2018  nMSE=2106911744.0000

--- decoded pos/vel ρ from ROLLED-OUT latents (test), by partition ---
  [baseline] probe applied to REAL embs:
  REAL ID                   pos0ρ=+0.889  pos1ρ=+0.938  vel0ρ=+0.229  vel1ρ=+0.941
  REAL r/m-OOD              pos0ρ=+0.854  pos1ρ=+0.909  vel0ρ=+0.500  vel1ρ=+0.916
  REAL v-OOD                pos0ρ=+0.860  pos1ρ=+0.872  vel0ρ=+0.470  vel1ρ=+0.917
  REAL both-OOD             pos0ρ=+0.772  pos1ρ=+0.825  vel0ρ=+0.512  vel1ρ=+0.870
  [rollout] probe applied to PREDICTED embs:
  PRED ID                   pos0ρ=+0.724  pos1ρ=+0.411  vel0ρ=+0.623  vel1ρ=+0.496
  PRED r/m-OOD              pos0ρ=+0.691  pos1ρ=+0.434  vel0ρ=+0.559  vel1ρ=+0.511
  PRED v-OOD                pos0ρ=+0.457  pos1ρ=-0.010  vel0ρ=+0.794  vel1ρ=+0.223
  PRED both-OOD             pos0ρ=+0.480  pos1ρ=+0.148  vel0ρ=+0.808  vel1ρ=+0.338

--- decoded vel ρ from PRED latents vs horizon (test, aggregate) ---
  h=  1  n=  100  vel0ρ=+0.186  vel1ρ=+0.296
  h=  2  n=  100  vel0ρ=+0.735  vel1ρ=-0.056
  h=  4  n=  100  vel0ρ=+0.959  vel1ρ=-0.066
  h=  8  n=  100  vel0ρ=+0.948  vel1ρ=+nan
  h= 16  n=  100  vel0ρ=+0.985  vel1ρ=+0.267
  h= 28  n=  100  vel0ρ=-0.103  vel1ρ=-0.071

--- [K=4] decoded pos/vel ρ from ROLLED-OUT latents (test), by partition ---
  [K=4] probe applied to PREDICTED embs (stack 4 consecutive predicted latents):
  PRED-K4 ID          pos0ρ=+0.810  pos1ρ=+0.720  vel0ρ=+0.396  vel1ρ=+0.746
  PRED-K4 r/m-OOD     pos0ρ=+0.741  pos1ρ=+0.715  vel0ρ=+0.393  vel1ρ=+0.740
  PRED-K4 v-OOD       pos0ρ=+0.599  pos1ρ=+0.409  vel0ρ=+0.609  vel1ρ=+0.595
  PRED-K4 both-OOD    pos0ρ=+0.567  pos1ρ=+0.513  vel0ρ=+0.636  vel1ρ=+0.647

--- [K=4] decoded vel ρ from PRED latents vs horizon (test, aggregate) ---
  h=  4  n=  100  vel0ρ=+0.944  vel1ρ=-0.010
  h=  8  n=  100  vel0ρ=+0.984  vel1ρ=+nan
  h= 16  n=  100  vel0ρ=+0.923  vel1ρ=+0.149
  h= 28  n=  100  vel0ρ=-0.690  vel1ρ=-0.069

Total 74s
