[norm] action mean=[-0.01484401  0.          0.01575156  0.        ], std=[7.72976437e-02 1.00000000e-08 8.20558954e-02 1.00000000e-08]  (from phyworld_collision_id1k.h5)
[ckpt] /data1/likun-share/junjxu/.stable_worldmodel/collision_sw_w0p1_f2_id1k/collision_sw_w0p1_f2_id1k_epoch_20_object.ckpt  tag=w0.1f2
  rolled out 100 trajs, t=24s
  rolled out 200 trajs, t=44s
  rolled out 300 trajs, t=59s
  rolled out 400 trajs, t=74s
  rolled out 500 trajs, t=89s

[data] 500 trajs, 14500 (frame,pred) pairs, emb dim=192

=== collision AR ROLLOUT (LeWM ID-only FT, history_size=3) ===
--- latent fidelity (pred vs real emb), test trajs, by partition ---
  ID         n=  203  cos=+0.6309  nMSE=0.7786
  r/m-OOD    n=  754  cos=+0.5129  nMSE=0.9842
  v-OOD      n=  290  cos=+0.3694  nMSE=1.2802
  both-OOD   n= 1653  cos=+0.4744  nMSE=1.1315

--- latent fidelity vs horizon (test, aggregate) ---
  h=  1  n=  100  cos=+0.9915  nMSE=0.0182
  h=  2  n=  100  cos=+0.9699  nMSE=0.0639
  h=  4  n=  100  cos=+0.8712  nMSE=0.2719
  h=  8  n=  100  cos=+0.6457  nMSE=0.7476
  h= 16  n=  100  cos=+0.3688  nMSE=1.2984
  h= 28  n=  100  cos=+0.2457  nMSE=1.6133

--- decoded pos/vel ρ from ROLLED-OUT latents (test), by partition ---
  [baseline] probe applied to REAL embs:
  REAL ID                   pos0ρ=+0.577  pos1ρ=+0.891  vel0ρ=+0.566  vel1ρ=+0.678
  REAL r/m-OOD              pos0ρ=+0.790  pos1ρ=+0.784  vel0ρ=+0.765  vel1ρ=+0.747
  REAL v-OOD                pos0ρ=+0.850  pos1ρ=+0.862  vel0ρ=+0.725  vel1ρ=+0.724
  REAL both-OOD             pos0ρ=+0.886  pos1ρ=+0.848  vel0ρ=+0.890  vel1ρ=+0.762
  [rollout] probe applied to PREDICTED embs:
  PRED ID                   pos0ρ=+0.578  pos1ρ=+0.521  vel0ρ=+0.291  vel1ρ=+0.545
  PRED r/m-OOD              pos0ρ=+0.127  pos1ρ=+0.190  vel0ρ=+0.344  vel1ρ=+0.438
  PRED v-OOD                pos0ρ=+0.629  pos1ρ=+0.210  vel0ρ=+0.599  vel1ρ=+0.360
  PRED both-OOD             pos0ρ=+0.046  pos1ρ=+0.212  vel0ρ=+0.276  vel1ρ=+0.599

--- decoded vel ρ from PRED latents vs horizon (test, aggregate) ---
  h=  1  n=  100  vel0ρ=+0.276  vel1ρ=+0.110
  h=  2  n=  100  vel0ρ=+0.297  vel1ρ=+0.121
  h=  4  n=  100  vel0ρ=+0.299  vel1ρ=+0.136
  h=  8  n=  100  vel0ρ=+0.289  vel1ρ=+0.576
  h= 16  n=  100  vel0ρ=+0.289  vel1ρ=+0.629
  h= 28  n=  100  vel0ρ=+0.078  vel1ρ=+0.434

--- [K=4] decoded pos/vel ρ from ROLLED-OUT latents (test), by partition ---
  [K=4] probe applied to PREDICTED embs (stack 4 consecutive predicted latents):
  PRED-K4 ID          pos0ρ=+0.461  pos1ρ=+0.348  vel0ρ=+0.735  vel1ρ=+0.443
  PRED-K4 r/m-OOD     pos0ρ=+0.161  pos1ρ=+0.208  vel0ρ=+0.471  vel1ρ=+0.461
  PRED-K4 v-OOD       pos0ρ=+0.582  pos1ρ=+0.325  vel0ρ=+0.354  vel1ρ=+0.446
  PRED-K4 both-OOD    pos0ρ=+0.169  pos1ρ=+0.238  vel0ρ=+0.485  vel1ρ=+0.398

--- [K=4] decoded vel ρ from PRED latents vs horizon (test, aggregate) ---
  h=  4  n=  100  vel0ρ=+0.347  vel1ρ=+0.209
  h=  8  n=  100  vel0ρ=+0.446  vel1ρ=+0.742
  h= 16  n=  100  vel0ρ=+0.546  vel1ρ=+0.443
  h= 28  n=  100  vel0ρ=+0.308  vel1ρ=+0.161

Total 90s
