[norm] action mean=[0.24667731 0.        ], std=[8.83643282e-02 1.00000000e-08]  (from phyworld_uniform_motion_id1k.h5)
[ckpt] /data1/likun-share/junjxu/.stable_worldmodel/uniform_sw_w0p1_f1_id1k/uniform_sw_w0p1_f1_id1k_epoch_20_object.ckpt  tag=w0.1f1
  rolled out 100 trajs, t=21s
  rolled out 200 trajs, t=38s
  rolled out 300 trajs, t=55s
  rolled out 400 trajs, t=70s
  rolled out 500 trajs, t=83s

[data] 500 trajs, 14500 (frame,pred) pairs, emb dim=192
/home/likun-share/junjxu/wm/phyworld/scripts/rollout_eval_id1k.py:197: ConstantInputWarning: An input array is constant; the correlation coefficient is not defined.
  rho = pearsonr(vel_all[mask][:, d], pv[:, d])[0]
/home/likun-share/junjxu/wm/phyworld/scripts/rollout_eval_id1k.py:197: ConstantInputWarning: An input array is constant; the correlation coefficient is not defined.
  rho = pearsonr(vel_all[mask][:, d], pv[:, d])[0]
/home/likun-share/junjxu/wm/phyworld/scripts/rollout_eval_id1k.py:197: ConstantInputWarning: An input array is constant; the correlation coefficient is not defined.
  rho = pearsonr(vel_all[mask][:, d], pv[:, d])[0]
/home/likun-share/junjxu/wm/phyworld/scripts/rollout_eval_id1k.py:197: ConstantInputWarning: An input array is constant; the correlation coefficient is not defined.
  rho = pearsonr(vel_all[mask][:, d], pv[:, d])[0]
/home/likun-share/junjxu/wm/phyworld/scripts/rollout_eval_id1k.py:197: ConstantInputWarning: An input array is constant; the correlation coefficient is not defined.
  rho = pearsonr(vel_all[mask][:, d], pv[:, d])[0]
/home/likun-share/junjxu/wm/phyworld/scripts/rollout_eval_id1k.py:197: ConstantInputWarning: An input array is constant; the correlation coefficient is not defined.
  rho = pearsonr(vel_all[mask][:, d], pv[:, d])[0]
/home/likun-share/junjxu/wm/phyworld/scripts/rollout_eval_id1k.py:197: ConstantInputWarning: An input array is constant; the correlation coefficient is not defined.
  rho = pearsonr(vel_all[mask][:, d], pv[:, d])[0]
/home/likun-share/junjxu/wm/phyworld/scripts/rollout_eval_id1k.py:197: ConstantInputWarning: An input array is constant; the correlation coefficient is not defined.
  rho = pearsonr(vel_all[mask][:, d], pv[:, d])[0]
/home/likun-share/junjxu/wm/phyworld/scripts/rollout_eval_id1k.py:242: ConstantInputWarning: An input array is constant; the correlation coefficient is not defined.
  rhos = [pearsonr(vel_all[m][:, d], pv[:, d])[0] for d in range(vel_all.shape[1])]
/home/likun-share/junjxu/wm/phyworld/scripts/rollout_eval_id1k.py:242: ConstantInputWarning: An input array is constant; the correlation coefficient is not defined.
  rhos = [pearsonr(vel_all[m][:, d], pv[:, d])[0] for d in range(vel_all.shape[1])]
/home/likun-share/junjxu/wm/phyworld/scripts/rollout_eval_id1k.py:242: ConstantInputWarning: An input array is constant; the correlation coefficient is not defined.
  rhos = [pearsonr(vel_all[m][:, d], pv[:, d])[0] for d in range(vel_all.shape[1])]
/home/likun-share/junjxu/wm/phyworld/scripts/rollout_eval_id1k.py:242: ConstantInputWarning: An input array is constant; the correlation coefficient is not defined.
  rhos = [pearsonr(vel_all[m][:, d], pv[:, d])[0] for d in range(vel_all.shape[1])]
/home/likun-share/junjxu/wm/phyworld/scripts/rollout_eval_id1k.py:242: ConstantInputWarning: An input array is constant; the correlation coefficient is not defined.
  rhos = [pearsonr(vel_all[m][:, d], pv[:, d])[0] for d in range(vel_all.shape[1])]
/home/likun-share/junjxu/wm/phyworld/scripts/rollout_eval_id1k.py:242: ConstantInputWarning: An input array is constant; the correlation coefficient is not defined.
  rhos = [pearsonr(vel_all[m][:, d], pv[:, d])[0] for d in range(vel_all.shape[1])]
/home/likun-share/junjxu/wm/phyworld/scripts/rollout_eval_id1k.py:288: ConstantInputWarning: An input array is constant; the correlation coefficient is not defined.
  line += f"  vel{d}ρ={pearsonr(vel_all[m][:, d], pv[:, d])[0]:+.3f}"
/home/likun-share/junjxu/wm/phyworld/scripts/rollout_eval_id1k.py:288: ConstantInputWarning: An input array is constant; the correlation coefficient is not defined.
  line += f"  vel{d}ρ={pearsonr(vel_all[m][:, d], pv[:, d])[0]:+.3f}"
/home/likun-share/junjxu/wm/phyworld/scripts/rollout_eval_id1k.py:288: ConstantInputWarning: An input array is constant; the correlation coefficient is not defined.
  line += f"  vel{d}ρ={pearsonr(vel_all[m][:, d], pv[:, d])[0]:+.3f}"
/home/likun-share/junjxu/wm/phyworld/scripts/rollout_eval_id1k.py:288: ConstantInputWarning: An input array is constant; the correlation coefficient is not defined.
  line += f"  vel{d}ρ={pearsonr(vel_all[m][:, d], pv[:, d])[0]:+.3f}"
/home/likun-share/junjxu/wm/phyworld/scripts/rollout_eval_id1k.py:296: ConstantInputWarning: An input array is constant; the correlation coefficient is not defined.
  rhos = [pearsonr(vel_all[m][:, d], pv[:, d])[0] for d in range(vel_all.shape[1])]
/home/likun-share/junjxu/wm/phyworld/scripts/rollout_eval_id1k.py:296: ConstantInputWarning: An input array is constant; the correlation coefficient is not defined.
  rhos = [pearsonr(vel_all[m][:, d], pv[:, d])[0] for d in range(vel_all.shape[1])]
/home/likun-share/junjxu/wm/phyworld/scripts/rollout_eval_id1k.py:296: ConstantInputWarning: An input array is constant; the correlation coefficient is not defined.
  rhos = [pearsonr(vel_all[m][:, d], pv[:, d])[0] for d in range(vel_all.shape[1])]
/home/likun-share/junjxu/wm/phyworld/scripts/rollout_eval_id1k.py:296: ConstantInputWarning: An input array is constant; the correlation coefficient is not defined.
  rhos = [pearsonr(vel_all[m][:, d], pv[:, d])[0] for d in range(vel_all.shape[1])]

=== uniform_motion AR ROLLOUT (LeWM ID-only FT, history_size=3) ===
--- latent fidelity (pred vs real emb), test trajs, by partition ---
  ID         n=  406  cos=+0.9555  nMSE=0.0878
  r/m-OOD    n=  464  cos=+0.7939  nMSE=0.3685
  v-OOD      n=  841  cos=+0.9222  nMSE=0.1867
  both-OOD   n= 1189  cos=+0.8193  nMSE=0.3762

--- latent fidelity vs horizon (test, aggregate) ---
  h=  1  n=  100  cos=+0.9908  nMSE=0.0154
  h=  2  n=  100  cos=+0.9803  nMSE=0.0325
  h=  4  n=  100  cos=+0.9522  nMSE=0.0825
  h=  8  n=  100  cos=+0.8673  nMSE=0.2024
  h= 16  n=  100  cos=+0.8131  nMSE=0.3262
  h= 28  n=  100  cos=+0.8461  nMSE=0.4839

--- decoded pos/vel ρ from ROLLED-OUT latents (test), by partition ---
  [baseline] probe applied to REAL embs:
  REAL ID                   pos0ρ=+0.983  pos1ρ=+0.989  vel0ρ=+0.334  vel1ρ=+nan
  REAL r/m-OOD              pos0ρ=+0.962  pos1ρ=+0.933  vel0ρ=+0.399  vel1ρ=+nan
  REAL v-OOD                pos0ρ=+0.958  pos1ρ=+0.832  vel0ρ=+0.449  vel1ρ=+nan
  REAL both-OOD             pos0ρ=+0.959  pos1ρ=+0.868  vel0ρ=+0.659  vel1ρ=+nan
  [rollout] probe applied to PREDICTED embs:
  PRED ID                   pos0ρ=+0.973  pos1ρ=+0.984  vel0ρ=+0.320  vel1ρ=+nan
  PRED r/m-OOD              pos0ρ=+0.820  pos1ρ=+0.852  vel0ρ=+0.405  vel1ρ=+nan
  PRED v-OOD                pos0ρ=+0.957  pos1ρ=+0.808  vel0ρ=+0.454  vel1ρ=+nan
  PRED both-OOD             pos0ρ=+0.860  pos1ρ=+0.750  vel0ρ=+0.709  vel1ρ=+nan

--- decoded vel ρ from PRED latents vs horizon (test, aggregate) ---
  h=  1  n=  100  vel0ρ=+0.092  vel1ρ=+nan
  h=  2  n=  100  vel0ρ=+0.260  vel1ρ=+nan
  h=  4  n=  100  vel0ρ=+0.373  vel1ρ=+nan
  h=  8  n=  100  vel0ρ=+0.404  vel1ρ=+nan
  h= 16  n=  100  vel0ρ=+0.723  vel1ρ=+nan
  h= 28  n=  100  vel0ρ=+0.736  vel1ρ=+nan

--- [K=4] decoded pos/vel ρ from ROLLED-OUT latents (test), by partition ---
  [K=4] probe applied to PREDICTED embs (stack 4 consecutive predicted latents):
  PRED-K4 ID          pos0ρ=+0.972  pos1ρ=+0.985  vel0ρ=+0.649  vel1ρ=+nan
  PRED-K4 r/m-OOD     pos0ρ=+0.776  pos1ρ=+0.888  vel0ρ=+0.676  vel1ρ=+nan
  PRED-K4 v-OOD       pos0ρ=+0.964  pos1ρ=+0.836  vel0ρ=+0.932  vel1ρ=+nan
  PRED-K4 both-OOD    pos0ρ=+0.870  pos1ρ=+0.764  vel0ρ=+0.862  vel1ρ=+nan

--- [K=4] decoded vel ρ from PRED latents vs horizon (test, aggregate) ---
  h=  4  n=  100  vel0ρ=+0.840  vel1ρ=+nan
  h=  8  n=  100  vel0ρ=+0.764  vel1ρ=+nan
  h= 16  n=  100  vel0ρ=+0.878  vel1ρ=+nan
  h= 28  n=  100  vel0ρ=+0.958  vel1ρ=+nan

Total 84s
