[norm] action mean=[-0.01484401  0.          0.01575156  0.        ], std=[7.72976437e-02 1.00000000e-08 8.20558954e-02 1.00000000e-08]  (from phyworld_collision_id1k.h5)
[ckpt] /data1/likun-share/junjxu/.stable_worldmodel/collision_sw_w30p0_f2_id1k/collision_sw_w30p0_f2_id1k_epoch_20_object.ckpt  tag=w30.0f2
  rolled out 100 trajs, t=19s
  rolled out 200 trajs, t=35s
  rolled out 300 trajs, t=50s
  rolled out 400 trajs, t=66s
  rolled out 500 trajs, t=79s

[data] 500 trajs, 14500 (frame,pred) pairs, emb dim=192

=== collision AR ROLLOUT (LeWM ID-only FT, history_size=3) ===
--- latent fidelity (pred vs real emb), test trajs, by partition ---
  ID         n=  203  cos=+0.8231  nMSE=0.4516
  r/m-OOD    n=  754  cos=+0.6507  nMSE=0.6269
  v-OOD      n=  290  cos=+0.5097  nMSE=1.3111
  both-OOD   n= 1653  cos=+0.5167  nMSE=0.7885

--- latent fidelity vs horizon (test, aggregate) ---
  h=  1  n=  100  cos=+0.9876  nMSE=0.0308
  h=  2  n=  100  cos=+0.9656  nMSE=0.0775
  h=  4  n=  100  cos=+0.8945  nMSE=0.2149
  h=  8  n=  100  cos=+0.7429  nMSE=0.5176
  h= 16  n=  100  cos=+0.4749  nMSE=0.9470
  h= 28  n=  100  cos=+0.3288  nMSE=1.3842

--- decoded pos/vel ρ from ROLLED-OUT latents (test), by partition ---
  [baseline] probe applied to REAL embs:
  REAL ID                   pos0ρ=+0.961  pos1ρ=+0.961  vel0ρ=+0.772  vel1ρ=+0.755
  REAL r/m-OOD              pos0ρ=+0.840  pos1ρ=+0.795  vel0ρ=+0.792  vel1ρ=+0.752
  REAL v-OOD                pos0ρ=+0.957  pos1ρ=+0.966  vel0ρ=+0.715  vel1ρ=+0.771
  REAL both-OOD             pos0ρ=+0.905  pos1ρ=+0.865  vel0ρ=+0.898  vel1ρ=+0.792
  [rollout] probe applied to PREDICTED embs:
  PRED ID                   pos0ρ=+0.611  pos1ρ=+0.740  vel0ρ=+0.561  vel1ρ=+0.608
  PRED r/m-OOD              pos0ρ=+0.434  pos1ρ=+0.505  vel0ρ=+0.634  vel1ρ=+0.621
  PRED v-OOD                pos0ρ=+0.607  pos1ρ=+0.585  vel0ρ=+0.304  vel1ρ=+0.415
  PRED both-OOD             pos0ρ=+0.461  pos1ρ=+0.600  vel0ρ=+0.609  vel1ρ=+0.693

--- decoded vel ρ from PRED latents vs horizon (test, aggregate) ---
  h=  1  n=  100  vel0ρ=+0.263  vel1ρ=+0.346
  h=  2  n=  100  vel0ρ=+0.284  vel1ρ=+0.433
  h=  4  n=  100  vel0ρ=+0.276  vel1ρ=+0.470
  h=  8  n=  100  vel0ρ=+0.522  vel1ρ=+0.542
  h= 16  n=  100  vel0ρ=+0.703  vel1ρ=+0.715
  h= 28  n=  100  vel0ρ=+0.473  vel1ρ=+0.640

--- [K=4] decoded pos/vel ρ from ROLLED-OUT latents (test), by partition ---
  [K=4] probe applied to PREDICTED embs (stack 4 consecutive predicted latents):
  PRED-K4 ID          pos0ρ=+0.837  pos1ρ=+0.929  vel0ρ=+0.846  vel1ρ=+0.887
  PRED-K4 r/m-OOD     pos0ρ=+0.506  pos1ρ=+0.563  vel0ρ=+0.705  vel1ρ=+0.705
  PRED-K4 v-OOD       pos0ρ=+0.539  pos1ρ=+0.619  vel0ρ=+0.394  vel1ρ=+0.538
  PRED-K4 both-OOD    pos0ρ=+0.497  pos1ρ=+0.623  vel0ρ=+0.692  vel1ρ=+0.778

--- [K=4] decoded vel ρ from PRED latents vs horizon (test, aggregate) ---
  h=  4  n=  100  vel0ρ=+0.386  vel1ρ=+0.612
  h=  8  n=  100  vel0ρ=+0.691  vel1ρ=+0.731
  h= 16  n=  100  vel0ρ=+0.728  vel1ρ=+0.777
  h= 28  n=  100  vel0ρ=+0.520  vel1ρ=+0.656

Total 80s
