[norm] action mean=[-0.01484401  0.          0.01575156  0.        ], std=[7.72976437e-02 1.00000000e-08 8.20558954e-02 1.00000000e-08]  (from phyworld_collision_id1k.h5)
[ckpt] /data1/likun-share/junjxu/.stable_worldmodel/collision_sw_w0p1_f1_id1k/collision_sw_w0p1_f1_id1k_epoch_20_object.ckpt  tag=w0.1f1
  rolled out 100 trajs, t=21s
  rolled out 200 trajs, t=38s
  rolled out 300 trajs, t=55s
  rolled out 400 trajs, t=71s
  rolled out 500 trajs, t=86s

[data] 500 trajs, 14500 (frame,pred) pairs, emb dim=192

=== collision AR ROLLOUT (LeWM ID-only FT, history_size=3) ===
--- latent fidelity (pred vs real emb), test trajs, by partition ---
  ID         n=  203  cos=+0.5017  nMSE=0.9915
  r/m-OOD    n=  754  cos=+0.5340  nMSE=0.9166
  v-OOD      n=  290  cos=+0.3612  nMSE=1.3192
  both-OOD   n= 1653  cos=+0.5202  nMSE=1.0589

--- latent fidelity vs horizon (test, aggregate) ---
  h=  1  n=  100  cos=+0.9896  nMSE=0.0219
  h=  2  n=  100  cos=+0.9630  nMSE=0.0777
  h=  4  n=  100  cos=+0.8562  nMSE=0.3026
  h=  8  n=  100  cos=+0.6262  nMSE=0.7580
  h= 16  n=  100  cos=+0.3974  nMSE=1.2168
  h= 28  n=  100  cos=+0.2879  nMSE=1.5574

--- decoded pos/vel ρ from ROLLED-OUT latents (test), by partition ---
  [baseline] probe applied to REAL embs:
  REAL ID                   pos0ρ=+0.650  pos1ρ=+0.790  vel0ρ=+0.778  vel1ρ=+0.715
  REAL r/m-OOD              pos0ρ=+0.785  pos1ρ=+0.755  vel0ρ=+0.770  vel1ρ=+0.750
  REAL v-OOD                pos0ρ=+0.525  pos1ρ=+0.763  vel0ρ=+0.501  vel1ρ=+0.554
  REAL both-OOD             pos0ρ=+0.868  pos1ρ=+0.835  vel0ρ=+0.886  vel1ρ=+0.754
  [rollout] probe applied to PREDICTED embs:
  PRED ID                   pos0ρ=+0.212  pos1ρ=+0.440  vel0ρ=+0.273  vel1ρ=+0.387
  PRED r/m-OOD              pos0ρ=+0.261  pos1ρ=+0.388  vel0ρ=+0.494  vel1ρ=+0.400
  PRED v-OOD                pos0ρ=+0.555  pos1ρ=-0.052  vel0ρ=+0.421  vel1ρ=+0.140
  PRED both-OOD             pos0ρ=+0.158  pos1ρ=+0.268  vel0ρ=+0.239  vel1ρ=+0.489

--- decoded vel ρ from PRED latents vs horizon (test, aggregate) ---
  h=  1  n=  100  vel0ρ=+0.282  vel1ρ=+0.118
  h=  2  n=  100  vel0ρ=+0.265  vel1ρ=+0.127
  h=  4  n=  100  vel0ρ=+0.199  vel1ρ=+0.150
  h=  8  n=  100  vel0ρ=+0.190  vel1ρ=+0.435
  h= 16  n=  100  vel0ρ=+0.275  vel1ρ=+0.465
  h= 28  n=  100  vel0ρ=+0.132  vel1ρ=+0.409

--- [K=4] decoded pos/vel ρ from ROLLED-OUT latents (test), by partition ---
  [K=4] probe applied to PREDICTED embs (stack 4 consecutive predicted latents):
  PRED-K4 ID          pos0ρ=+0.198  pos1ρ=+0.533  vel0ρ=+0.550  vel1ρ=+0.486
  PRED-K4 r/m-OOD     pos0ρ=+0.285  pos1ρ=+0.409  vel0ρ=+0.507  vel1ρ=+0.489
  PRED-K4 v-OOD       pos0ρ=+0.513  pos1ρ=+0.085  vel0ρ=+0.313  vel1ρ=+0.153
  PRED-K4 both-OOD    pos0ρ=+0.138  pos1ρ=+0.298  vel0ρ=+0.401  vel1ρ=+0.470

--- [K=4] decoded vel ρ from PRED latents vs horizon (test, aggregate) ---
  h=  4  n=  100  vel0ρ=+0.305  vel1ρ=+0.405
  h=  8  n=  100  vel0ρ=+0.362  vel1ρ=+0.536
  h= 16  n=  100  vel0ρ=+0.422  vel1ρ=+0.500
  h= 28  n=  100  vel0ρ=+0.369  vel1ρ=+0.349

Total 86s
