[norm] action mean=[0.24667731 0.        ], std=[8.83643282e-02 1.00000000e-08]  (from phyworld_uniform_motion_id1k.h5)
[ckpt] /data1/likun-share/junjxu/.stable_worldmodel/uniform_sw_w1p0_f2_id1k/uniform_sw_w1p0_f2_id1k_epoch_20_object.ckpt  tag=w1.0f2
  rolled out 100 trajs, t=19s
  rolled out 200 trajs, t=34s
  rolled out 300 trajs, t=47s
  rolled out 400 trajs, t=60s
  rolled out 500 trajs, t=72s

[data] 500 trajs, 14500 (frame,pred) pairs, emb dim=192
/home/likun-share/junjxu/wm/phyworld/scripts/rollout_eval_id1k.py:197: ConstantInputWarning: An input array is constant; the correlation coefficient is not defined.
  rho = pearsonr(vel_all[mask][:, d], pv[:, d])[0]
/home/likun-share/junjxu/wm/phyworld/scripts/rollout_eval_id1k.py:197: ConstantInputWarning: An input array is constant; the correlation coefficient is not defined.
  rho = pearsonr(vel_all[mask][:, d], pv[:, d])[0]
/home/likun-share/junjxu/wm/phyworld/scripts/rollout_eval_id1k.py:197: ConstantInputWarning: An input array is constant; the correlation coefficient is not defined.
  rho = pearsonr(vel_all[mask][:, d], pv[:, d])[0]
/home/likun-share/junjxu/wm/phyworld/scripts/rollout_eval_id1k.py:197: ConstantInputWarning: An input array is constant; the correlation coefficient is not defined.
  rho = pearsonr(vel_all[mask][:, d], pv[:, d])[0]
/home/likun-share/junjxu/wm/phyworld/scripts/rollout_eval_id1k.py:197: ConstantInputWarning: An input array is constant; the correlation coefficient is not defined.
  rho = pearsonr(vel_all[mask][:, d], pv[:, d])[0]
/home/likun-share/junjxu/wm/phyworld/scripts/rollout_eval_id1k.py:197: ConstantInputWarning: An input array is constant; the correlation coefficient is not defined.
  rho = pearsonr(vel_all[mask][:, d], pv[:, d])[0]
/home/likun-share/junjxu/wm/phyworld/scripts/rollout_eval_id1k.py:197: ConstantInputWarning: An input array is constant; the correlation coefficient is not defined.
  rho = pearsonr(vel_all[mask][:, d], pv[:, d])[0]
/home/likun-share/junjxu/wm/phyworld/scripts/rollout_eval_id1k.py:197: ConstantInputWarning: An input array is constant; the correlation coefficient is not defined.
  rho = pearsonr(vel_all[mask][:, d], pv[:, d])[0]
/home/likun-share/junjxu/wm/phyworld/scripts/rollout_eval_id1k.py:242: ConstantInputWarning: An input array is constant; the correlation coefficient is not defined.
  rhos = [pearsonr(vel_all[m][:, d], pv[:, d])[0] for d in range(vel_all.shape[1])]
/home/likun-share/junjxu/wm/phyworld/scripts/rollout_eval_id1k.py:242: ConstantInputWarning: An input array is constant; the correlation coefficient is not defined.
  rhos = [pearsonr(vel_all[m][:, d], pv[:, d])[0] for d in range(vel_all.shape[1])]
/home/likun-share/junjxu/wm/phyworld/scripts/rollout_eval_id1k.py:242: ConstantInputWarning: An input array is constant; the correlation coefficient is not defined.
  rhos = [pearsonr(vel_all[m][:, d], pv[:, d])[0] for d in range(vel_all.shape[1])]
/home/likun-share/junjxu/wm/phyworld/scripts/rollout_eval_id1k.py:242: ConstantInputWarning: An input array is constant; the correlation coefficient is not defined.
  rhos = [pearsonr(vel_all[m][:, d], pv[:, d])[0] for d in range(vel_all.shape[1])]
/home/likun-share/junjxu/wm/phyworld/scripts/rollout_eval_id1k.py:242: ConstantInputWarning: An input array is constant; the correlation coefficient is not defined.
  rhos = [pearsonr(vel_all[m][:, d], pv[:, d])[0] for d in range(vel_all.shape[1])]
/home/likun-share/junjxu/wm/phyworld/scripts/rollout_eval_id1k.py:242: ConstantInputWarning: An input array is constant; the correlation coefficient is not defined.
  rhos = [pearsonr(vel_all[m][:, d], pv[:, d])[0] for d in range(vel_all.shape[1])]
/home/likun-share/junjxu/wm/phyworld/scripts/rollout_eval_id1k.py:288: ConstantInputWarning: An input array is constant; the correlation coefficient is not defined.
  line += f"  vel{d}ρ={pearsonr(vel_all[m][:, d], pv[:, d])[0]:+.3f}"
/home/likun-share/junjxu/wm/phyworld/scripts/rollout_eval_id1k.py:288: ConstantInputWarning: An input array is constant; the correlation coefficient is not defined.
  line += f"  vel{d}ρ={pearsonr(vel_all[m][:, d], pv[:, d])[0]:+.3f}"
/home/likun-share/junjxu/wm/phyworld/scripts/rollout_eval_id1k.py:288: ConstantInputWarning: An input array is constant; the correlation coefficient is not defined.
  line += f"  vel{d}ρ={pearsonr(vel_all[m][:, d], pv[:, d])[0]:+.3f}"
/home/likun-share/junjxu/wm/phyworld/scripts/rollout_eval_id1k.py:288: ConstantInputWarning: An input array is constant; the correlation coefficient is not defined.
  line += f"  vel{d}ρ={pearsonr(vel_all[m][:, d], pv[:, d])[0]:+.3f}"
/home/likun-share/junjxu/wm/phyworld/scripts/rollout_eval_id1k.py:296: ConstantInputWarning: An input array is constant; the correlation coefficient is not defined.
  rhos = [pearsonr(vel_all[m][:, d], pv[:, d])[0] for d in range(vel_all.shape[1])]
/home/likun-share/junjxu/wm/phyworld/scripts/rollout_eval_id1k.py:296: ConstantInputWarning: An input array is constant; the correlation coefficient is not defined.
  rhos = [pearsonr(vel_all[m][:, d], pv[:, d])[0] for d in range(vel_all.shape[1])]
/home/likun-share/junjxu/wm/phyworld/scripts/rollout_eval_id1k.py:296: ConstantInputWarning: An input array is constant; the correlation coefficient is not defined.
  rhos = [pearsonr(vel_all[m][:, d], pv[:, d])[0] for d in range(vel_all.shape[1])]
/home/likun-share/junjxu/wm/phyworld/scripts/rollout_eval_id1k.py:296: ConstantInputWarning: An input array is constant; the correlation coefficient is not defined.
  rhos = [pearsonr(vel_all[m][:, d], pv[:, d])[0] for d in range(vel_all.shape[1])]

=== uniform_motion AR ROLLOUT (LeWM ID-only FT, history_size=3) ===
--- latent fidelity (pred vs real emb), test trajs, by partition ---
  ID         n=  406  cos=+0.8714  nMSE=0.2561
  r/m-OOD    n=  464  cos=+0.7611  nMSE=0.5004
  v-OOD      n=  841  cos=+0.8756  nMSE=0.2949
  both-OOD   n= 1189  cos=+0.7835  nMSE=0.4949

--- latent fidelity vs horizon (test, aggregate) ---
  h=  1  n=  100  cos=+0.9844  nMSE=0.0274
  h=  2  n=  100  cos=+0.9647  nMSE=0.0625
  h=  4  n=  100  cos=+0.9236  nMSE=0.1430
  h=  8  n=  100  cos=+0.8268  nMSE=0.3239
  h= 16  n=  100  cos=+0.7480  nMSE=0.4956
  h= 28  n=  100  cos=+0.8037  nMSE=0.6296

--- decoded pos/vel ρ from ROLLED-OUT latents (test), by partition ---
  [baseline] probe applied to REAL embs:
  REAL ID                   pos0ρ=+0.979  pos1ρ=+0.985  vel0ρ=+0.252  vel1ρ=+nan
  REAL r/m-OOD              pos0ρ=+0.954  pos1ρ=+0.931  vel0ρ=+0.283  vel1ρ=+nan
  REAL v-OOD                pos0ρ=+0.955  pos1ρ=+0.829  vel0ρ=+0.433  vel1ρ=+nan
  REAL both-OOD             pos0ρ=+0.952  pos1ρ=+0.865  vel0ρ=+0.575  vel1ρ=+nan
  [rollout] probe applied to PREDICTED embs:
  PRED ID                   pos0ρ=+0.939  pos1ρ=+0.957  vel0ρ=+0.150  vel1ρ=+nan
  PRED r/m-OOD              pos0ρ=+0.935  pos1ρ=+0.825  vel0ρ=+0.391  vel1ρ=+nan
  PRED v-OOD                pos0ρ=+0.953  pos1ρ=+0.782  vel0ρ=+0.399  vel1ρ=+nan
  PRED both-OOD             pos0ρ=+0.877  pos1ρ=+0.738  vel0ρ=+0.602  vel1ρ=+nan

--- decoded vel ρ from PRED latents vs horizon (test, aggregate) ---
  h=  1  n=  100  vel0ρ=-0.011  vel1ρ=+nan
  h=  2  n=  100  vel0ρ=+0.093  vel1ρ=+nan
  h=  4  n=  100  vel0ρ=+0.114  vel1ρ=+nan
  h=  8  n=  100  vel0ρ=+0.115  vel1ρ=+nan
  h= 16  n=  100  vel0ρ=+0.702  vel1ρ=+nan
  h= 28  n=  100  vel0ρ=+0.826  vel1ρ=+nan

--- [K=4] decoded pos/vel ρ from ROLLED-OUT latents (test), by partition ---
  [K=4] probe applied to PREDICTED embs (stack 4 consecutive predicted latents):
  PRED-K4 ID          pos0ρ=+0.933  pos1ρ=+0.959  vel0ρ=+0.724  vel1ρ=+nan
  PRED-K4 r/m-OOD     pos0ρ=+0.929  pos1ρ=+0.869  vel0ρ=+0.833  vel1ρ=+nan
  PRED-K4 v-OOD       pos0ρ=+0.961  pos1ρ=+0.807  vel0ρ=+0.918  vel1ρ=+nan
  PRED-K4 both-OOD    pos0ρ=+0.888  pos1ρ=+0.748  vel0ρ=+0.923  vel1ρ=+nan

--- [K=4] decoded vel ρ from PRED latents vs horizon (test, aggregate) ---
  h=  4  n=  100  vel0ρ=+0.836  vel1ρ=+nan
  h=  8  n=  100  vel0ρ=+0.894  vel1ρ=+nan
  h= 16  n=  100  vel0ρ=+0.903  vel1ρ=+nan
  h= 28  n=  100  vel0ρ=+0.959  vel1ρ=+nan

Total 73s
