[norm] action mean=[ 0.24667731 -0.40296947], std=[0.08836433 0.229554  ]  (from phyworld_parabola_id1k.h5)
[ckpt] /data1/likun-share/junjxu/.stable_worldmodel/parabola_sw_w0p1_f2_id1k/parabola_sw_w0p1_f2_id1k_epoch_20_object.ckpt  tag=w0.1f2
  rolled out 100 trajs, t=21s
  rolled out 200 trajs, t=37s
  rolled out 300 trajs, t=52s
  rolled out 400 trajs, t=65s
  rolled out 500 trajs, t=78s

[data] 500 trajs, 14500 (frame,pred) pairs, emb dim=192
/home/likun-share/junjxu/wm/phyworld/scripts/rollout_eval_id1k.py:242: ConstantInputWarning: An input array is constant; the correlation coefficient is not defined.
  rhos = [pearsonr(vel_all[m][:, d], pv[:, d])[0] for d in range(vel_all.shape[1])]
/home/likun-share/junjxu/wm/phyworld/scripts/rollout_eval_id1k.py:242: NearConstantInputWarning: An input array is nearly constant; the computed correlation coefficient may be inaccurate.
  rhos = [pearsonr(vel_all[m][:, d], pv[:, d])[0] for d in range(vel_all.shape[1])]
/home/likun-share/junjxu/wm/phyworld/scripts/rollout_eval_id1k.py:242: NearConstantInputWarning: An input array is nearly constant; the computed correlation coefficient may be inaccurate.
  rhos = [pearsonr(vel_all[m][:, d], pv[:, d])[0] for d in range(vel_all.shape[1])]
/home/likun-share/junjxu/wm/phyworld/scripts/rollout_eval_id1k.py:296: ConstantInputWarning: An input array is constant; the correlation coefficient is not defined.
  rhos = [pearsonr(vel_all[m][:, d], pv[:, d])[0] for d in range(vel_all.shape[1])]
/home/likun-share/junjxu/wm/phyworld/scripts/rollout_eval_id1k.py:296: NearConstantInputWarning: An input array is nearly constant; the computed correlation coefficient may be inaccurate.
  rhos = [pearsonr(vel_all[m][:, d], pv[:, d])[0] for d in range(vel_all.shape[1])]
/home/likun-share/junjxu/wm/phyworld/scripts/rollout_eval_id1k.py:296: NearConstantInputWarning: An input array is nearly constant; the computed correlation coefficient may be inaccurate.
  rhos = [pearsonr(vel_all[m][:, d], pv[:, d])[0] for d in range(vel_all.shape[1])]

=== parabola AR ROLLOUT (LeWM ID-only FT, history_size=3) ===
--- latent fidelity (pred vs real emb), test trajs, by partition ---
  ID         n=  464  cos=+0.9711  nMSE=0.0516
  r/m-OOD    n=  319  cos=+0.8604  nMSE=0.3384
  v-OOD      n=  928  cos=+0.6919  nMSE=0.4649
  both-OOD   n= 1189  cos=+0.6336  nMSE=0.7789

--- latent fidelity vs horizon (test, aggregate) ---
  h=  1  n=  100  cos=+0.9827  nMSE=0.0333
  h=  2  n=  100  cos=+0.9443  nMSE=0.1004
  h=  4  n=  100  cos=+0.8614  nMSE=0.2608
  h=  8  n=  100  cos=+0.8360  nMSE=0.3270
  h= 16  n=  100  cos=+0.6113  nMSE=0.8566
  h= 28  n=  100  cos=+0.8460  nMSE=3260055.0000

--- decoded pos/vel ρ from ROLLED-OUT latents (test), by partition ---
  [baseline] probe applied to REAL embs:
  REAL ID                   pos0ρ=+0.940  pos1ρ=+0.975  vel0ρ=+0.274  vel1ρ=+0.979
  REAL r/m-OOD              pos0ρ=+0.911  pos1ρ=+0.973  vel0ρ=+0.471  vel1ρ=+0.980
  REAL v-OOD                pos0ρ=+0.887  pos1ρ=+0.898  vel0ρ=+0.573  vel1ρ=+0.948
  REAL both-OOD             pos0ρ=+0.849  pos1ρ=+0.910  vel0ρ=+0.657  vel1ρ=+0.956
  [rollout] probe applied to PREDICTED embs:
  PRED ID                   pos0ρ=+0.935  pos1ρ=+0.970  vel0ρ=+0.296  vel1ρ=+0.977
  PRED r/m-OOD              pos0ρ=+0.890  pos1ρ=+0.950  vel0ρ=+0.435  vel1ρ=+0.959
  PRED v-OOD                pos0ρ=+0.882  pos1ρ=+0.914  vel0ρ=+0.726  vel1ρ=+0.949
  PRED both-OOD             pos0ρ=+0.842  pos1ρ=+0.923  vel0ρ=+0.719  vel1ρ=+0.944

--- decoded vel ρ from PRED latents vs horizon (test, aggregate) ---
  h=  1  n=  100  vel0ρ=+0.410  vel1ρ=+0.050
  h=  2  n=  100  vel0ρ=+0.424  vel1ρ=-0.164
  h=  4  n=  100  vel0ρ=+0.381  vel1ρ=-0.064
  h=  8  n=  100  vel0ρ=+0.508  vel1ρ=+nan
  h= 16  n=  100  vel0ρ=+0.927  vel1ρ=+0.014
  h= 28  n=  100  vel0ρ=+0.663  vel1ρ=+0.013

--- [K=4] decoded pos/vel ρ from ROLLED-OUT latents (test), by partition ---
  [K=4] probe applied to PREDICTED embs (stack 4 consecutive predicted latents):
  PRED-K4 ID          pos0ρ=+0.913  pos1ρ=+0.969  vel0ρ=+0.557  vel1ρ=+0.978
  PRED-K4 r/m-OOD     pos0ρ=+0.887  pos1ρ=+0.961  vel0ρ=+0.619  vel1ρ=+0.975
  PRED-K4 v-OOD       pos0ρ=+0.919  pos1ρ=+0.939  vel0ρ=+0.822  vel1ρ=+0.950
  PRED-K4 both-OOD    pos0ρ=+0.896  pos1ρ=+0.943  vel0ρ=+0.871  vel1ρ=+0.951

--- [K=4] decoded vel ρ from PRED latents vs horizon (test, aggregate) ---
  h=  4  n=  100  vel0ρ=+0.848  vel1ρ=-0.027
  h=  8  n=  100  vel0ρ=+0.830  vel1ρ=+nan
  h= 16  n=  100  vel0ρ=+0.918  vel1ρ=+0.011
  h= 28  n=  100  vel0ρ=+0.407  vel1ρ=-0.018

Total 78s
