[norm] action mean=[ 0.24667731 -0.40296947], std=[0.08836433 0.229554  ]  (from phyworld_parabola_id1k.h5)
[ckpt] /data1/likun-share/junjxu/.stable_worldmodel/parabola_sw_w50p0_f4_id1k/parabola_sw_w50p0_f4_id1k_epoch_20_object.ckpt  tag=w50.0f4
  rolled out 100 trajs, t=24s
  rolled out 200 trajs, t=42s
  rolled out 300 trajs, t=58s
  rolled out 400 trajs, t=75s
  rolled out 500 trajs, t=91s

[data] 500 trajs, 14500 (frame,pred) pairs, emb dim=192
/home/likun-share/junjxu/wm/phyworld/scripts/rollout_eval_id1k.py:242: ConstantInputWarning: An input array is constant; the correlation coefficient is not defined.
  rhos = [pearsonr(vel_all[m][:, d], pv[:, d])[0] for d in range(vel_all.shape[1])]
/home/likun-share/junjxu/wm/phyworld/scripts/rollout_eval_id1k.py:242: NearConstantInputWarning: An input array is nearly constant; the computed correlation coefficient may be inaccurate.
  rhos = [pearsonr(vel_all[m][:, d], pv[:, d])[0] for d in range(vel_all.shape[1])]
/home/likun-share/junjxu/wm/phyworld/scripts/rollout_eval_id1k.py:242: NearConstantInputWarning: An input array is nearly constant; the computed correlation coefficient may be inaccurate.
  rhos = [pearsonr(vel_all[m][:, d], pv[:, d])[0] for d in range(vel_all.shape[1])]
/home/likun-share/junjxu/wm/le-wm/.venv/lib/python3.10/site-packages/sklearn/linear_model/_ridge.py:213: LinAlgWarning: Ill-conditioned matrix (rcond=4.2466e-08): result may not be accurate.
  return linalg.solve(A, Xy, assume_a="pos", overwrite_a=True).T
/home/likun-share/junjxu/wm/le-wm/.venv/lib/python3.10/site-packages/sklearn/linear_model/_ridge.py:213: LinAlgWarning: Ill-conditioned matrix (rcond=4.2466e-08): result may not be accurate.
  return linalg.solve(A, Xy, assume_a="pos", overwrite_a=True).T
/home/likun-share/junjxu/wm/phyworld/scripts/rollout_eval_id1k.py:296: ConstantInputWarning: An input array is constant; the correlation coefficient is not defined.
  rhos = [pearsonr(vel_all[m][:, d], pv[:, d])[0] for d in range(vel_all.shape[1])]
/home/likun-share/junjxu/wm/phyworld/scripts/rollout_eval_id1k.py:296: NearConstantInputWarning: An input array is nearly constant; the computed correlation coefficient may be inaccurate.
  rhos = [pearsonr(vel_all[m][:, d], pv[:, d])[0] for d in range(vel_all.shape[1])]
/home/likun-share/junjxu/wm/phyworld/scripts/rollout_eval_id1k.py:296: NearConstantInputWarning: An input array is nearly constant; the computed correlation coefficient may be inaccurate.
  rhos = [pearsonr(vel_all[m][:, d], pv[:, d])[0] for d in range(vel_all.shape[1])]

=== parabola AR ROLLOUT (LeWM ID-only FT, history_size=3) ===
--- latent fidelity (pred vs real emb), test trajs, by partition ---
  ID         n=  464  cos=+0.9906  nMSE=0.0168
  r/m-OOD    n=  319  cos=+0.9624  nMSE=0.0562
  v-OOD      n=  928  cos=+0.8781  nMSE=0.2537
  both-OOD   n= 1189  cos=+0.8872  nMSE=0.2776

--- latent fidelity vs horizon (test, aggregate) ---
  h=  1  n=  100  cos=+0.9932  nMSE=0.0193
  h=  2  n=  100  cos=+0.9884  nMSE=0.0305
  h=  4  n=  100  cos=+0.9786  nMSE=0.0601
  h=  8  n=  100  cos=+0.9777  nMSE=0.1093
  h= 16  n=  100  cos=+0.7495  nMSE=0.7691
  h= 28  n=  100  cos=+0.9803  nMSE=995503.9375

--- decoded pos/vel ρ from ROLLED-OUT latents (test), by partition ---
  [baseline] probe applied to REAL embs:
  REAL ID                   pos0ρ=+0.951  pos1ρ=+0.985  vel0ρ=+0.219  vel1ρ=+0.989
  REAL r/m-OOD              pos0ρ=+0.917  pos1ρ=+0.980  vel0ρ=+0.429  vel1ρ=+0.984
  REAL v-OOD                pos0ρ=+0.888  pos1ρ=+0.904  vel0ρ=+0.609  vel1ρ=+0.953
  REAL both-OOD             pos0ρ=+0.855  pos1ρ=+0.916  vel0ρ=+0.651  vel1ρ=+0.960
  [rollout] probe applied to PREDICTED embs:
  PRED ID                   pos0ρ=+0.951  pos1ρ=+0.984  vel0ρ=+0.252  vel1ρ=+0.990
  PRED r/m-OOD              pos0ρ=+0.910  pos1ρ=+0.977  vel0ρ=+0.484  vel1ρ=+0.987
  PRED v-OOD                pos0ρ=+0.921  pos1ρ=+0.961  vel0ρ=+0.722  vel1ρ=+0.985
  PRED both-OOD             pos0ρ=+0.883  pos1ρ=+0.960  vel0ρ=+0.661  vel1ρ=+0.980

--- decoded vel ρ from PRED latents vs horizon (test, aggregate) ---
  h=  1  n=  100  vel0ρ=+0.396  vel1ρ=+0.021
  h=  2  n=  100  vel0ρ=+0.512  vel1ρ=+0.032
  h=  4  n=  100  vel0ρ=+0.575  vel1ρ=+0.139
  h=  8  n=  100  vel0ρ=+0.504  vel1ρ=+nan
  h= 16  n=  100  vel0ρ=+0.902  vel1ρ=-0.195
  h= 28  n=  100  vel0ρ=+0.602  vel1ρ=+0.119

--- [K=4] decoded pos/vel ρ from ROLLED-OUT latents (test), by partition ---
  [K=4] probe applied to PREDICTED embs (stack 4 consecutive predicted latents):
  PRED-K4 ID          pos0ρ=+0.946  pos1ρ=+0.988  vel0ρ=+0.805  vel1ρ=+0.994
  PRED-K4 r/m-OOD     pos0ρ=+0.931  pos1ρ=+0.980  vel0ρ=+0.811  vel1ρ=+0.992
  PRED-K4 v-OOD       pos0ρ=+0.949  pos1ρ=+0.969  vel0ρ=+0.879  vel1ρ=+0.977
  PRED-K4 both-OOD    pos0ρ=+0.936  pos1ρ=+0.966  vel0ρ=+0.881  vel1ρ=+0.970

--- [K=4] decoded vel ρ from PRED latents vs horizon (test, aggregate) ---
  h=  4  n=  100  vel0ρ=+0.843  vel1ρ=+0.245
  h=  8  n=  100  vel0ρ=+0.970  vel1ρ=+nan
  h= 16  n=  100  vel0ρ=+0.956  vel1ρ=+0.084
  h= 28  n=  100  vel0ρ=+0.698  vel1ρ=-0.089

Total 92s
