[norm] action mean=[0.24667731 0.        ], std=[8.83643282e-02 1.00000000e-08]  (from phyworld_uniform_motion_id1k.h5)
[ckpt] /data1/likun-share/junjxu/.stable_worldmodel/uniform_sw_w30p0_f1_id1k/uniform_sw_w30p0_f1_id1k_epoch_20_object.ckpt  tag=w30.0f1
  rolled out 100 trajs, t=26s
  rolled out 200 trajs, t=45s
  rolled out 300 trajs, t=64s
  rolled out 400 trajs, t=83s
  rolled out 500 trajs, t=99s

[data] 500 trajs, 14500 (frame,pred) pairs, emb dim=192
/home/likun-share/junjxu/wm/phyworld/scripts/rollout_eval_id1k.py:197: ConstantInputWarning: An input array is constant; the correlation coefficient is not defined.
  rho = pearsonr(vel_all[mask][:, d], pv[:, d])[0]
/home/likun-share/junjxu/wm/phyworld/scripts/rollout_eval_id1k.py:197: ConstantInputWarning: An input array is constant; the correlation coefficient is not defined.
  rho = pearsonr(vel_all[mask][:, d], pv[:, d])[0]
/home/likun-share/junjxu/wm/phyworld/scripts/rollout_eval_id1k.py:197: ConstantInputWarning: An input array is constant; the correlation coefficient is not defined.
  rho = pearsonr(vel_all[mask][:, d], pv[:, d])[0]
/home/likun-share/junjxu/wm/phyworld/scripts/rollout_eval_id1k.py:197: ConstantInputWarning: An input array is constant; the correlation coefficient is not defined.
  rho = pearsonr(vel_all[mask][:, d], pv[:, d])[0]
/home/likun-share/junjxu/wm/phyworld/scripts/rollout_eval_id1k.py:197: ConstantInputWarning: An input array is constant; the correlation coefficient is not defined.
  rho = pearsonr(vel_all[mask][:, d], pv[:, d])[0]
/home/likun-share/junjxu/wm/phyworld/scripts/rollout_eval_id1k.py:197: ConstantInputWarning: An input array is constant; the correlation coefficient is not defined.
  rho = pearsonr(vel_all[mask][:, d], pv[:, d])[0]
/home/likun-share/junjxu/wm/phyworld/scripts/rollout_eval_id1k.py:197: ConstantInputWarning: An input array is constant; the correlation coefficient is not defined.
  rho = pearsonr(vel_all[mask][:, d], pv[:, d])[0]
/home/likun-share/junjxu/wm/phyworld/scripts/rollout_eval_id1k.py:197: ConstantInputWarning: An input array is constant; the correlation coefficient is not defined.
  rho = pearsonr(vel_all[mask][:, d], pv[:, d])[0]
/home/likun-share/junjxu/wm/phyworld/scripts/rollout_eval_id1k.py:242: ConstantInputWarning: An input array is constant; the correlation coefficient is not defined.
  rhos = [pearsonr(vel_all[m][:, d], pv[:, d])[0] for d in range(vel_all.shape[1])]
/home/likun-share/junjxu/wm/phyworld/scripts/rollout_eval_id1k.py:242: ConstantInputWarning: An input array is constant; the correlation coefficient is not defined.
  rhos = [pearsonr(vel_all[m][:, d], pv[:, d])[0] for d in range(vel_all.shape[1])]
/home/likun-share/junjxu/wm/phyworld/scripts/rollout_eval_id1k.py:242: ConstantInputWarning: An input array is constant; the correlation coefficient is not defined.
  rhos = [pearsonr(vel_all[m][:, d], pv[:, d])[0] for d in range(vel_all.shape[1])]
/home/likun-share/junjxu/wm/phyworld/scripts/rollout_eval_id1k.py:242: ConstantInputWarning: An input array is constant; the correlation coefficient is not defined.
  rhos = [pearsonr(vel_all[m][:, d], pv[:, d])[0] for d in range(vel_all.shape[1])]
/home/likun-share/junjxu/wm/phyworld/scripts/rollout_eval_id1k.py:242: ConstantInputWarning: An input array is constant; the correlation coefficient is not defined.
  rhos = [pearsonr(vel_all[m][:, d], pv[:, d])[0] for d in range(vel_all.shape[1])]
/home/likun-share/junjxu/wm/phyworld/scripts/rollout_eval_id1k.py:242: ConstantInputWarning: An input array is constant; the correlation coefficient is not defined.
  rhos = [pearsonr(vel_all[m][:, d], pv[:, d])[0] for d in range(vel_all.shape[1])]
/home/likun-share/junjxu/wm/phyworld/scripts/rollout_eval_id1k.py:288: ConstantInputWarning: An input array is constant; the correlation coefficient is not defined.
  line += f"  vel{d}ρ={pearsonr(vel_all[m][:, d], pv[:, d])[0]:+.3f}"
/home/likun-share/junjxu/wm/phyworld/scripts/rollout_eval_id1k.py:288: ConstantInputWarning: An input array is constant; the correlation coefficient is not defined.
  line += f"  vel{d}ρ={pearsonr(vel_all[m][:, d], pv[:, d])[0]:+.3f}"
/home/likun-share/junjxu/wm/phyworld/scripts/rollout_eval_id1k.py:288: ConstantInputWarning: An input array is constant; the correlation coefficient is not defined.
  line += f"  vel{d}ρ={pearsonr(vel_all[m][:, d], pv[:, d])[0]:+.3f}"
/home/likun-share/junjxu/wm/phyworld/scripts/rollout_eval_id1k.py:288: ConstantInputWarning: An input array is constant; the correlation coefficient is not defined.
  line += f"  vel{d}ρ={pearsonr(vel_all[m][:, d], pv[:, d])[0]:+.3f}"
/home/likun-share/junjxu/wm/phyworld/scripts/rollout_eval_id1k.py:296: ConstantInputWarning: An input array is constant; the correlation coefficient is not defined.
  rhos = [pearsonr(vel_all[m][:, d], pv[:, d])[0] for d in range(vel_all.shape[1])]
/home/likun-share/junjxu/wm/phyworld/scripts/rollout_eval_id1k.py:296: ConstantInputWarning: An input array is constant; the correlation coefficient is not defined.
  rhos = [pearsonr(vel_all[m][:, d], pv[:, d])[0] for d in range(vel_all.shape[1])]
/home/likun-share/junjxu/wm/phyworld/scripts/rollout_eval_id1k.py:296: ConstantInputWarning: An input array is constant; the correlation coefficient is not defined.
  rhos = [pearsonr(vel_all[m][:, d], pv[:, d])[0] for d in range(vel_all.shape[1])]
/home/likun-share/junjxu/wm/phyworld/scripts/rollout_eval_id1k.py:296: ConstantInputWarning: An input array is constant; the correlation coefficient is not defined.
  rhos = [pearsonr(vel_all[m][:, d], pv[:, d])[0] for d in range(vel_all.shape[1])]

=== uniform_motion AR ROLLOUT (LeWM ID-only FT, history_size=3) ===
--- latent fidelity (pred vs real emb), test trajs, by partition ---
  ID         n=  406  cos=+0.8243  nMSE=0.3567
  r/m-OOD    n=  464  cos=+0.7374  nMSE=0.5507
  v-OOD      n=  841  cos=+0.7680  nMSE=0.5057
  both-OOD   n= 1189  cos=+0.7280  nMSE=0.5804

--- latent fidelity vs horizon (test, aggregate) ---
  h=  1  n=  100  cos=+0.9621  nMSE=0.0791
  h=  2  n=  100  cos=+0.9355  nMSE=0.1310
  h=  4  n=  100  cos=+0.8767  nMSE=0.2364
  h=  8  n=  100  cos=+0.7776  nMSE=0.4244
  h= 16  n=  100  cos=+0.6502  nMSE=0.7203
  h= 28  n=  100  cos=+0.7504  nMSE=0.7019

--- decoded pos/vel ρ from ROLLED-OUT latents (test), by partition ---
  [baseline] probe applied to REAL embs:
  REAL ID                   pos0ρ=+0.983  pos1ρ=+0.984  vel0ρ=+0.400  vel1ρ=+nan
  REAL r/m-OOD              pos0ρ=+0.976  pos1ρ=+0.930  vel0ρ=+0.532  vel1ρ=+nan
  REAL v-OOD                pos0ρ=+0.960  pos1ρ=+0.831  vel0ρ=+0.595  vel1ρ=+nan
  REAL both-OOD             pos0ρ=+0.960  pos1ρ=+0.864  vel0ρ=+0.635  vel1ρ=+nan
  [rollout] probe applied to PREDICTED embs:
  PRED ID                   pos0ρ=+0.965  pos1ρ=+0.891  vel0ρ=+0.415  vel1ρ=+nan
  PRED r/m-OOD              pos0ρ=+0.899  pos1ρ=+0.798  vel0ρ=+0.485  vel1ρ=+nan
  PRED v-OOD                pos0ρ=+0.936  pos1ρ=+0.759  vel0ρ=+0.465  vel1ρ=+nan
  PRED both-OOD             pos0ρ=+0.907  pos1ρ=+0.713  vel0ρ=+0.616  vel1ρ=+nan

--- decoded vel ρ from PRED latents vs horizon (test, aggregate) ---
  h=  1  n=  100  vel0ρ=+0.058  vel1ρ=+nan
  h=  2  n=  100  vel0ρ=+0.129  vel1ρ=+nan
  h=  4  n=  100  vel0ρ=+0.178  vel1ρ=+nan
  h=  8  n=  100  vel0ρ=+0.284  vel1ρ=+nan
  h= 16  n=  100  vel0ρ=+0.756  vel1ρ=+nan
  h= 28  n=  100  vel0ρ=+0.745  vel1ρ=+nan

--- [K=4] decoded pos/vel ρ from ROLLED-OUT latents (test), by partition ---
  [K=4] probe applied to PREDICTED embs (stack 4 consecutive predicted latents):
  PRED-K4 ID          pos0ρ=+0.965  pos1ρ=+0.897  vel0ρ=+0.818  vel1ρ=+nan
  PRED-K4 r/m-OOD     pos0ρ=+0.893  pos1ρ=+0.820  vel0ρ=+0.746  vel1ρ=+nan
  PRED-K4 v-OOD       pos0ρ=+0.949  pos1ρ=+0.782  vel0ρ=+0.923  vel1ρ=+nan
  PRED-K4 both-OOD    pos0ρ=+0.916  pos1ρ=+0.726  vel0ρ=+0.912  vel1ρ=+nan

--- [K=4] decoded vel ρ from PRED latents vs horizon (test, aggregate) ---
  h=  4  n=  100  vel0ρ=+0.834  vel1ρ=+nan
  h=  8  n=  100  vel0ρ=+0.853  vel1ρ=+nan
  h= 16  n=  100  vel0ρ=+0.906  vel1ρ=+nan
  h= 28  n=  100  vel0ρ=+0.922  vel1ρ=+nan

Total 100s
