[norm] action mean=[ 0.24667731 -0.40296947], std=[0.08836433 0.229554  ]  (from phyworld_parabola_id1k.h5)
[ckpt] /data1/likun-share/junjxu/.stable_worldmodel/parabola_sw_w30p0_f4_id1k/parabola_sw_w30p0_f4_id1k_epoch_20_object.ckpt  tag=w30.0f4
  rolled out 100 trajs, t=20s
  rolled out 200 trajs, t=38s
  rolled out 300 trajs, t=52s
  rolled out 400 trajs, t=65s
  rolled out 500 trajs, t=78s

[data] 500 trajs, 14500 (frame,pred) pairs, emb dim=192
/home/likun-share/junjxu/wm/phyworld/scripts/rollout_eval_id1k.py:242: ConstantInputWarning: An input array is constant; the correlation coefficient is not defined.
  rhos = [pearsonr(vel_all[m][:, d], pv[:, d])[0] for d in range(vel_all.shape[1])]
/home/likun-share/junjxu/wm/phyworld/scripts/rollout_eval_id1k.py:242: NearConstantInputWarning: An input array is nearly constant; the computed correlation coefficient may be inaccurate.
  rhos = [pearsonr(vel_all[m][:, d], pv[:, d])[0] for d in range(vel_all.shape[1])]
/home/likun-share/junjxu/wm/phyworld/scripts/rollout_eval_id1k.py:242: NearConstantInputWarning: An input array is nearly constant; the computed correlation coefficient may be inaccurate.
  rhos = [pearsonr(vel_all[m][:, d], pv[:, d])[0] for d in range(vel_all.shape[1])]
/home/likun-share/junjxu/wm/le-wm/.venv/lib/python3.10/site-packages/sklearn/linear_model/_ridge.py:213: LinAlgWarning: Ill-conditioned matrix (rcond=5.14367e-08): result may not be accurate.
  return linalg.solve(A, Xy, assume_a="pos", overwrite_a=True).T
/home/likun-share/junjxu/wm/le-wm/.venv/lib/python3.10/site-packages/sklearn/linear_model/_ridge.py:213: LinAlgWarning: Ill-conditioned matrix (rcond=5.14367e-08): result may not be accurate.
  return linalg.solve(A, Xy, assume_a="pos", overwrite_a=True).T
/home/likun-share/junjxu/wm/phyworld/scripts/rollout_eval_id1k.py:296: ConstantInputWarning: An input array is constant; the correlation coefficient is not defined.
  rhos = [pearsonr(vel_all[m][:, d], pv[:, d])[0] for d in range(vel_all.shape[1])]
/home/likun-share/junjxu/wm/phyworld/scripts/rollout_eval_id1k.py:296: NearConstantInputWarning: An input array is nearly constant; the computed correlation coefficient may be inaccurate.
  rhos = [pearsonr(vel_all[m][:, d], pv[:, d])[0] for d in range(vel_all.shape[1])]
/home/likun-share/junjxu/wm/phyworld/scripts/rollout_eval_id1k.py:296: NearConstantInputWarning: An input array is nearly constant; the computed correlation coefficient may be inaccurate.
  rhos = [pearsonr(vel_all[m][:, d], pv[:, d])[0] for d in range(vel_all.shape[1])]

=== parabola AR ROLLOUT (LeWM ID-only FT, history_size=3) ===
--- latent fidelity (pred vs real emb), test trajs, by partition ---
  ID         n=  464  cos=+0.9875  nMSE=0.0227
  r/m-OOD    n=  319  cos=+0.9624  nMSE=0.0593
  v-OOD      n=  928  cos=+0.8742  nMSE=0.2282
  both-OOD   n= 1189  cos=+0.8893  nMSE=0.2327

--- latent fidelity vs horizon (test, aggregate) ---
  h=  1  n=  100  cos=+0.9926  nMSE=0.0232
  h=  2  n=  100  cos=+0.9890  nMSE=0.0326
  h=  4  n=  100  cos=+0.9820  nMSE=0.0534
  h=  8  n=  100  cos=+0.9796  nMSE=0.0963
  h= 16  n=  100  cos=+0.7613  nMSE=0.6285
  h= 28  n=  100  cos=+0.9508  nMSE=2362065.7500

--- decoded pos/vel ρ from ROLLED-OUT latents (test), by partition ---
  [baseline] probe applied to REAL embs:
  REAL ID                   pos0ρ=+0.952  pos1ρ=+0.984  vel0ρ=+0.185  vel1ρ=+0.989
  REAL r/m-OOD              pos0ρ=+0.916  pos1ρ=+0.980  vel0ρ=+0.458  vel1ρ=+0.985
  REAL v-OOD                pos0ρ=+0.888  pos1ρ=+0.904  vel0ρ=+0.598  vel1ρ=+0.953
  REAL both-OOD             pos0ρ=+0.855  pos1ρ=+0.916  vel0ρ=+0.656  vel1ρ=+0.960
  [rollout] probe applied to PREDICTED embs:
  PRED ID                   pos0ρ=+0.951  pos1ρ=+0.984  vel0ρ=+0.186  vel1ρ=+0.989
  PRED r/m-OOD              pos0ρ=+0.915  pos1ρ=+0.982  vel0ρ=+0.582  vel1ρ=+0.989
  PRED v-OOD                pos0ρ=+0.899  pos1ρ=+0.960  vel0ρ=+0.615  vel1ρ=+0.979
  PRED both-OOD             pos0ρ=+0.878  pos1ρ=+0.961  vel0ρ=+0.557  vel1ρ=+0.977

--- decoded vel ρ from PRED latents vs horizon (test, aggregate) ---
  h=  1  n=  100  vel0ρ=+0.334  vel1ρ=-0.322
  h=  2  n=  100  vel0ρ=+0.445  vel1ρ=+0.299
  h=  4  n=  100  vel0ρ=+0.472  vel1ρ=+0.235
  h=  8  n=  100  vel0ρ=+0.369  vel1ρ=+nan
  h= 16  n=  100  vel0ρ=+0.869  vel1ρ=-0.160
  h= 28  n=  100  vel0ρ=-0.665  vel1ρ=+0.111

--- [K=4] decoded pos/vel ρ from ROLLED-OUT latents (test), by partition ---
  [K=4] probe applied to PREDICTED embs (stack 4 consecutive predicted latents):
  PRED-K4 ID          pos0ρ=+0.948  pos1ρ=+0.989  vel0ρ=+0.801  vel1ρ=+0.993
  PRED-K4 r/m-OOD     pos0ρ=+0.949  pos1ρ=+0.987  vel0ρ=+0.834  vel1ρ=+0.993
  PRED-K4 v-OOD       pos0ρ=+0.937  pos1ρ=+0.961  vel0ρ=+0.878  vel1ρ=+0.981
  PRED-K4 both-OOD    pos0ρ=+0.947  pos1ρ=+0.965  vel0ρ=+0.901  vel1ρ=+0.981

--- [K=4] decoded vel ρ from PRED latents vs horizon (test, aggregate) ---
  h=  4  n=  100  vel0ρ=+0.947  vel1ρ=+0.143
  h=  8  n=  100  vel0ρ=+0.953  vel1ρ=+nan
  h= 16  n=  100  vel0ρ=+0.962  vel1ρ=-0.043
  h= 28  n=  100  vel0ρ=+0.905  vel1ρ=-0.030

Total 78s
