[norm] action mean=[-0.01484401  0.          0.01575156  0.        ], std=[7.72976437e-02 1.00000000e-08 8.20558954e-02 1.00000000e-08]  (from phyworld_collision_id1k.h5)
[ckpt] /data1/likun-share/junjxu/.stable_worldmodel/collision_sw_w1p0_f2_id1k/collision_sw_w1p0_f2_id1k_epoch_20_object.ckpt  tag=w1.0f2
  rolled out 100 trajs, t=21s
  rolled out 200 trajs, t=37s
  rolled out 300 trajs, t=54s
  rolled out 400 trajs, t=71s
  rolled out 500 trajs, t=86s

[data] 500 trajs, 14500 (frame,pred) pairs, emb dim=192

=== collision AR ROLLOUT (LeWM ID-only FT, history_size=3) ===
--- latent fidelity (pred vs real emb), test trajs, by partition ---
  ID         n=  203  cos=+0.5855  nMSE=0.8619
  r/m-OOD    n=  754  cos=+0.5564  nMSE=0.8894
  v-OOD      n=  290  cos=+0.4429  nMSE=1.2098
  both-OOD   n= 1653  cos=+0.4781  nMSE=1.1069

--- latent fidelity vs horizon (test, aggregate) ---
  h=  1  n=  100  cos=+0.9903  nMSE=0.0222
  h=  2  n=  100  cos=+0.9702  nMSE=0.0652
  h=  4  n=  100  cos=+0.8813  nMSE=0.2511
  h=  8  n=  100  cos=+0.6500  nMSE=0.7248
  h= 16  n=  100  cos=+0.3877  nMSE=1.2333
  h= 28  n=  100  cos=+0.2659  nMSE=1.5737

--- decoded pos/vel ρ from ROLLED-OUT latents (test), by partition ---
  [baseline] probe applied to REAL embs:
  REAL ID                   pos0ρ=+0.846  pos1ρ=+0.929  vel0ρ=+0.751  vel1ρ=+0.747
  REAL r/m-OOD              pos0ρ=+0.840  pos1ρ=+0.799  vel0ρ=+0.782  vel1ρ=+0.763
  REAL v-OOD                pos0ρ=+0.861  pos1ρ=+0.896  vel0ρ=+0.620  vel1ρ=+0.653
  REAL both-OOD             pos0ρ=+0.905  pos1ρ=+0.862  vel0ρ=+0.894  vel1ρ=+0.781
  [rollout] probe applied to PREDICTED embs:
  PRED ID                   pos0ρ=+0.414  pos1ρ=+0.621  vel0ρ=+0.408  vel1ρ=+0.598
  PRED r/m-OOD              pos0ρ=+0.324  pos1ρ=+0.469  vel0ρ=+0.512  vel1ρ=+0.555
  PRED v-OOD                pos0ρ=+0.611  pos1ρ=+0.505  vel0ρ=+0.344  vel1ρ=+0.392
  PRED both-OOD             pos0ρ=+0.275  pos1ρ=+0.367  vel0ρ=+0.464  vel1ρ=+0.590

--- decoded vel ρ from PRED latents vs horizon (test, aggregate) ---
  h=  1  n=  100  vel0ρ=+0.312  vel1ρ=-0.105
  h=  2  n=  100  vel0ρ=+0.342  vel1ρ=-0.097
  h=  4  n=  100  vel0ρ=+0.305  vel1ρ=-0.093
  h=  8  n=  100  vel0ρ=+0.335  vel1ρ=+0.523
  h= 16  n=  100  vel0ρ=+0.470  vel1ρ=+0.619
  h= 28  n=  100  vel0ρ=+0.377  vel1ρ=+0.624

--- [K=4] decoded pos/vel ρ from ROLLED-OUT latents (test), by partition ---
  [K=4] probe applied to PREDICTED embs (stack 4 consecutive predicted latents):
  PRED-K4 ID          pos0ρ=+0.545  pos1ρ=+0.774  vel0ρ=+0.482  vel1ρ=+0.757
  PRED-K4 r/m-OOD     pos0ρ=+0.374  pos1ρ=+0.515  vel0ρ=+0.610  vel1ρ=+0.565
  PRED-K4 v-OOD       pos0ρ=+0.519  pos1ρ=+0.563  vel0ρ=+0.288  vel1ρ=+0.543
  PRED-K4 both-OOD    pos0ρ=+0.331  pos1ρ=+0.425  vel0ρ=+0.552  vel1ρ=+0.608

--- [K=4] decoded vel ρ from PRED latents vs horizon (test, aggregate) ---
  h=  4  n=  100  vel0ρ=+0.402  vel1ρ=+0.391
  h=  8  n=  100  vel0ρ=+0.573  vel1ρ=+0.720
  h= 16  n=  100  vel0ρ=+0.518  vel1ρ=+0.621
  h= 28  n=  100  vel0ρ=+0.453  vel1ρ=+0.528

Total 87s
