[norm] action mean=[-0.01484401  0.          0.01575156  0.        ], std=[7.72976437e-02 1.00000000e-08 8.20558954e-02 1.00000000e-08]  (from phyworld_collision_id1k.h5)
[ckpt] /data1/likun-share/junjxu/.stable_worldmodel/collision_sw_w50p0_f2_id1k/collision_sw_w50p0_f2_id1k_epoch_20_object.ckpt  tag=w50.0f2
  rolled out 100 trajs, t=19s
  rolled out 200 trajs, t=34s
  rolled out 300 trajs, t=48s
  rolled out 400 trajs, t=62s
  rolled out 500 trajs, t=74s

[data] 500 trajs, 14500 (frame,pred) pairs, emb dim=192

=== collision AR ROLLOUT (LeWM ID-only FT, history_size=3) ===
--- latent fidelity (pred vs real emb), test trajs, by partition ---
  ID         n=  203  cos=+0.7968  nMSE=0.4485
  r/m-OOD    n=  754  cos=+0.6757  nMSE=0.6780
  v-OOD      n=  290  cos=+0.5373  nMSE=1.1614
  both-OOD   n= 1653  cos=+0.5990  nMSE=0.7712

--- latent fidelity vs horizon (test, aggregate) ---
  h=  1  n=  100  cos=+0.9867  nMSE=0.0263
  h=  2  n=  100  cos=+0.9619  nMSE=0.0676
  h=  4  n=  100  cos=+0.9018  nMSE=0.1905
  h=  8  n=  100  cos=+0.7657  nMSE=0.4628
  h= 16  n=  100  cos=+0.5690  nMSE=0.8068
  h= 28  n=  100  cos=+0.4018  nMSE=1.4396

--- decoded pos/vel ρ from ROLLED-OUT latents (test), by partition ---
  [baseline] probe applied to REAL embs:
  REAL ID                   pos0ρ=+0.968  pos1ρ=+0.940  vel0ρ=+0.764  vel1ρ=+0.790
  REAL r/m-OOD              pos0ρ=+0.847  pos1ρ=+0.796  vel0ρ=+0.780  vel1ρ=+0.748
  REAL v-OOD                pos0ρ=+0.978  pos1ρ=+0.964  vel0ρ=+0.772  vel1ρ=+0.779
  REAL both-OOD             pos0ρ=+0.909  pos1ρ=+0.870  vel0ρ=+0.910  vel1ρ=+0.796
  [rollout] probe applied to PREDICTED embs:
  PRED ID                   pos0ρ=+0.886  pos1ρ=+0.854  vel0ρ=+0.715  vel1ρ=+0.678
  PRED r/m-OOD              pos0ρ=+0.454  pos1ρ=+0.568  vel0ρ=+0.651  vel1ρ=+0.620
  PRED v-OOD                pos0ρ=+0.739  pos1ρ=+0.529  vel0ρ=+0.469  vel1ρ=+0.444
  PRED both-OOD             pos0ρ=+0.633  pos1ρ=+0.736  vel0ρ=+0.778  vel1ρ=+0.686

--- decoded vel ρ from PRED latents vs horizon (test, aggregate) ---
  h=  1  n=  100  vel0ρ=+0.269  vel1ρ=+0.012
  h=  2  n=  100  vel0ρ=+0.319  vel1ρ=-0.011
  h=  4  n=  100  vel0ρ=+0.335  vel1ρ=-0.085
  h=  8  n=  100  vel0ρ=+0.610  vel1ρ=+0.543
  h= 16  n=  100  vel0ρ=+0.776  vel1ρ=+0.772
  h= 28  n=  100  vel0ρ=+0.745  vel1ρ=+0.706

--- [K=4] decoded pos/vel ρ from ROLLED-OUT latents (test), by partition ---
  [K=4] probe applied to PREDICTED embs (stack 4 consecutive predicted latents):
  PRED-K4 ID          pos0ρ=+0.893  pos1ρ=+0.894  vel0ρ=+0.835  vel1ρ=+0.889
  PRED-K4 r/m-OOD     pos0ρ=+0.519  pos1ρ=+0.594  vel0ρ=+0.714  vel1ρ=+0.691
  PRED-K4 v-OOD       pos0ρ=+0.644  pos1ρ=+0.610  vel0ρ=+0.431  vel1ρ=+0.571
  PRED-K4 both-OOD    pos0ρ=+0.698  pos1ρ=+0.745  vel0ρ=+0.833  vel1ρ=+0.784

--- [K=4] decoded vel ρ from PRED latents vs horizon (test, aggregate) ---
  h=  4  n=  100  vel0ρ=+0.428  vel1ρ=+0.639
  h=  8  n=  100  vel0ρ=+0.773  vel1ρ=+0.750
  h= 16  n=  100  vel0ρ=+0.801  vel1ρ=+0.842
  h= 28  n=  100  vel0ρ=+0.727  vel1ρ=+0.649

Total 75s
