[norm] action mean=[ 0.24667731 -0.40296947], std=[0.08836433 0.229554  ]  (from phyworld_parabola_id1k.h5)
[ckpt] /data1/likun-share/junjxu/.stable_worldmodel/parabola_sw_w1p0_f4_id1k/parabola_sw_w1p0_f4_id1k_epoch_20_object.ckpt  tag=w1.0f4
  rolled out 100 trajs, t=20s
  rolled out 200 trajs, t=38s
  rolled out 300 trajs, t=53s
  rolled out 400 trajs, t=67s
  rolled out 500 trajs, t=81s

[data] 500 trajs, 14500 (frame,pred) pairs, emb dim=192
/home/likun-share/junjxu/wm/phyworld/scripts/rollout_eval_id1k.py:242: ConstantInputWarning: An input array is constant; the correlation coefficient is not defined.
  rhos = [pearsonr(vel_all[m][:, d], pv[:, d])[0] for d in range(vel_all.shape[1])]
/home/likun-share/junjxu/wm/phyworld/scripts/rollout_eval_id1k.py:242: NearConstantInputWarning: An input array is nearly constant; the computed correlation coefficient may be inaccurate.
  rhos = [pearsonr(vel_all[m][:, d], pv[:, d])[0] for d in range(vel_all.shape[1])]
/home/likun-share/junjxu/wm/phyworld/scripts/rollout_eval_id1k.py:242: NearConstantInputWarning: An input array is nearly constant; the computed correlation coefficient may be inaccurate.
  rhos = [pearsonr(vel_all[m][:, d], pv[:, d])[0] for d in range(vel_all.shape[1])]
/home/likun-share/junjxu/wm/phyworld/scripts/rollout_eval_id1k.py:296: ConstantInputWarning: An input array is constant; the correlation coefficient is not defined.
  rhos = [pearsonr(vel_all[m][:, d], pv[:, d])[0] for d in range(vel_all.shape[1])]
/home/likun-share/junjxu/wm/phyworld/scripts/rollout_eval_id1k.py:296: NearConstantInputWarning: An input array is nearly constant; the computed correlation coefficient may be inaccurate.
  rhos = [pearsonr(vel_all[m][:, d], pv[:, d])[0] for d in range(vel_all.shape[1])]
/home/likun-share/junjxu/wm/phyworld/scripts/rollout_eval_id1k.py:296: NearConstantInputWarning: An input array is nearly constant; the computed correlation coefficient may be inaccurate.
  rhos = [pearsonr(vel_all[m][:, d], pv[:, d])[0] for d in range(vel_all.shape[1])]

=== parabola AR ROLLOUT (LeWM ID-only FT, history_size=3) ===
--- latent fidelity (pred vs real emb), test trajs, by partition ---
  ID         n=  464  cos=+0.9759  nMSE=0.0483
  r/m-OOD    n=  319  cos=+0.8750  nMSE=0.2932
  v-OOD      n=  928  cos=+0.7449  nMSE=0.4314
  both-OOD   n= 1189  cos=+0.6980  nMSE=0.6244

--- latent fidelity vs horizon (test, aggregate) ---
  h=  1  n=  100  cos=+0.9811  nMSE=0.0367
  h=  2  n=  100  cos=+0.9464  nMSE=0.1007
  h=  4  n=  100  cos=+0.8866  nMSE=0.2310
  h=  8  n=  100  cos=+0.8362  nMSE=0.3615
  h= 16  n=  100  cos=+0.6365  nMSE=0.7898
  h= 28  n=  100  cos=+0.8198  nMSE=8504676.0000

--- decoded pos/vel ρ from ROLLED-OUT latents (test), by partition ---
  [baseline] probe applied to REAL embs:
  REAL ID                   pos0ρ=+0.949  pos1ρ=+0.980  vel0ρ=+0.248  vel1ρ=+0.986
  REAL r/m-OOD              pos0ρ=+0.916  pos1ρ=+0.977  vel0ρ=+0.465  vel1ρ=+0.984
  REAL v-OOD                pos0ρ=+0.887  pos1ρ=+0.902  vel0ρ=+0.605  vel1ρ=+0.950
  REAL both-OOD             pos0ρ=+0.853  pos1ρ=+0.914  vel0ρ=+0.660  vel1ρ=+0.958
  [rollout] probe applied to PREDICTED embs:
  PRED ID                   pos0ρ=+0.947  pos1ρ=+0.978  vel0ρ=+0.260  vel1ρ=+0.984
  PRED r/m-OOD              pos0ρ=+0.904  pos1ρ=+0.971  vel0ρ=+0.406  vel1ρ=+0.982
  PRED v-OOD                pos0ρ=+0.842  pos1ρ=+0.934  vel0ρ=+0.604  vel1ρ=+0.960
  PRED both-OOD             pos0ρ=+0.788  pos1ρ=+0.922  vel0ρ=+0.635  vel1ρ=+0.960

--- decoded vel ρ from PRED latents vs horizon (test, aggregate) ---
  h=  1  n=  100  vel0ρ=+0.326  vel1ρ=+0.066
  h=  2  n=  100  vel0ρ=+0.337  vel1ρ=-0.218
  h=  4  n=  100  vel0ρ=+0.286  vel1ρ=-0.219
  h=  8  n=  100  vel0ρ=+0.539  vel1ρ=+nan
  h= 16  n=  100  vel0ρ=+0.883  vel1ρ=+0.029
  h= 28  n=  100  vel0ρ=+0.130  vel1ρ=-0.024

--- [K=4] decoded pos/vel ρ from ROLLED-OUT latents (test), by partition ---
  [K=4] probe applied to PREDICTED embs (stack 4 consecutive predicted latents):
  PRED-K4 ID          pos0ρ=+0.943  pos1ρ=+0.980  vel0ρ=+0.712  vel1ρ=+0.983
  PRED-K4 r/m-OOD     pos0ρ=+0.925  pos1ρ=+0.976  vel0ρ=+0.657  vel1ρ=+0.985
  PRED-K4 v-OOD       pos0ρ=+0.844  pos1ρ=+0.932  vel0ρ=+0.605  vel1ρ=+0.936
  PRED-K4 both-OOD    pos0ρ=+0.829  pos1ρ=+0.916  vel0ρ=+0.706  vel1ρ=+0.937

--- [K=4] decoded vel ρ from PRED latents vs horizon (test, aggregate) ---
  h=  4  n=  100  vel0ρ=+0.896  vel1ρ=-0.501
  h=  8  n=  100  vel0ρ=+0.897  vel1ρ=+nan
  h= 16  n=  100  vel0ρ=+0.452  vel1ρ=+0.120
  h= 28  n=  100  vel0ρ=+0.327  vel1ρ=+0.011

Total 81s
