[norm] action mean=[ 0.24667731 -0.40296947], std=[0.08836433 0.229554  ]  (from phyworld_parabola_id1k.h5)
[ckpt] /data1/likun-share/junjxu/.stable_worldmodel/parabola_sw_w0p1_f4_id1k/parabola_sw_w0p1_f4_id1k_epoch_20_object.ckpt  tag=w0.1f4
  rolled out 100 trajs, t=25s
  rolled out 200 trajs, t=46s
  rolled out 300 trajs, t=65s
  rolled out 400 trajs, t=81s
  rolled out 500 trajs, t=98s

[data] 500 trajs, 14500 (frame,pred) pairs, emb dim=192
/home/likun-share/junjxu/wm/phyworld/scripts/rollout_eval_id1k.py:242: ConstantInputWarning: An input array is constant; the correlation coefficient is not defined.
  rhos = [pearsonr(vel_all[m][:, d], pv[:, d])[0] for d in range(vel_all.shape[1])]
/home/likun-share/junjxu/wm/phyworld/scripts/rollout_eval_id1k.py:242: NearConstantInputWarning: An input array is nearly constant; the computed correlation coefficient may be inaccurate.
  rhos = [pearsonr(vel_all[m][:, d], pv[:, d])[0] for d in range(vel_all.shape[1])]
/home/likun-share/junjxu/wm/phyworld/scripts/rollout_eval_id1k.py:242: NearConstantInputWarning: An input array is nearly constant; the computed correlation coefficient may be inaccurate.
  rhos = [pearsonr(vel_all[m][:, d], pv[:, d])[0] for d in range(vel_all.shape[1])]
/home/likun-share/junjxu/wm/phyworld/scripts/rollout_eval_id1k.py:296: ConstantInputWarning: An input array is constant; the correlation coefficient is not defined.
  rhos = [pearsonr(vel_all[m][:, d], pv[:, d])[0] for d in range(vel_all.shape[1])]
/home/likun-share/junjxu/wm/phyworld/scripts/rollout_eval_id1k.py:296: NearConstantInputWarning: An input array is nearly constant; the computed correlation coefficient may be inaccurate.
  rhos = [pearsonr(vel_all[m][:, d], pv[:, d])[0] for d in range(vel_all.shape[1])]
/home/likun-share/junjxu/wm/phyworld/scripts/rollout_eval_id1k.py:296: NearConstantInputWarning: An input array is nearly constant; the computed correlation coefficient may be inaccurate.
  rhos = [pearsonr(vel_all[m][:, d], pv[:, d])[0] for d in range(vel_all.shape[1])]

=== parabola AR ROLLOUT (LeWM ID-only FT, history_size=3) ===
--- latent fidelity (pred vs real emb), test trajs, by partition ---
  ID         n=  464  cos=+0.9644  nMSE=0.0578
  r/m-OOD    n=  319  cos=+0.8418  nMSE=0.3516
  v-OOD      n=  928  cos=+0.6993  nMSE=0.4219
  both-OOD   n= 1189  cos=+0.6537  nMSE=0.7481

--- latent fidelity vs horizon (test, aggregate) ---
  h=  1  n=  100  cos=+0.9797  nMSE=0.0349
  h=  2  n=  100  cos=+0.9504  nMSE=0.0945
  h=  4  n=  100  cos=+0.9019  nMSE=0.2047
  h=  8  n=  100  cos=+0.8548  nMSE=0.3029
  h= 16  n=  100  cos=+0.6057  nMSE=0.8109
  h= 28  n=  100  cos=+0.8351  nMSE=2155120.7500

--- decoded pos/vel ρ from ROLLED-OUT latents (test), by partition ---
  [baseline] probe applied to REAL embs:
  REAL ID                   pos0ρ=+0.941  pos1ρ=+0.967  vel0ρ=+0.274  vel1ρ=+0.977
  REAL r/m-OOD              pos0ρ=+0.913  pos1ρ=+0.974  vel0ρ=+0.458  vel1ρ=+0.981
  REAL v-OOD                pos0ρ=+0.886  pos1ρ=+0.899  vel0ρ=+0.559  vel1ρ=+0.948
  REAL both-OOD             pos0ρ=+0.849  pos1ρ=+0.911  vel0ρ=+0.654  vel1ρ=+0.957
  [rollout] probe applied to PREDICTED embs:
  PRED ID                   pos0ρ=+0.939  pos1ρ=+0.964  vel0ρ=+0.313  vel1ρ=+0.974
  PRED r/m-OOD              pos0ρ=+0.885  pos1ρ=+0.936  vel0ρ=+0.450  vel1ρ=+0.951
  PRED v-OOD                pos0ρ=+0.846  pos1ρ=+0.934  vel0ρ=+0.547  vel1ρ=+0.963
  PRED both-OOD             pos0ρ=+0.805  pos1ρ=+0.927  vel0ρ=+0.679  vel1ρ=+0.965

--- decoded vel ρ from PRED latents vs horizon (test, aggregate) ---
  h=  1  n=  100  vel0ρ=+0.309  vel1ρ=-0.064
  h=  2  n=  100  vel0ρ=+0.394  vel1ρ=-0.101
  h=  4  n=  100  vel0ρ=+0.558  vel1ρ=-0.148
  h=  8  n=  100  vel0ρ=+0.471  vel1ρ=+nan
  h= 16  n=  100  vel0ρ=+0.875  vel1ρ=+0.059
  h= 28  n=  100  vel0ρ=-0.009  vel1ρ=-0.022

--- [K=4] decoded pos/vel ρ from ROLLED-OUT latents (test), by partition ---
  [K=4] probe applied to PREDICTED embs (stack 4 consecutive predicted latents):
  PRED-K4 ID          pos0ρ=+0.937  pos1ρ=+0.972  vel0ρ=+0.564  vel1ρ=+0.981
  PRED-K4 r/m-OOD     pos0ρ=+0.872  pos1ρ=+0.934  vel0ρ=+0.645  vel1ρ=+0.959
  PRED-K4 v-OOD       pos0ρ=+0.888  pos1ρ=+0.925  vel0ρ=+0.750  vel1ρ=+0.948
  PRED-K4 both-OOD    pos0ρ=+0.872  pos1ρ=+0.926  vel0ρ=+0.802  vel1ρ=+0.965

--- [K=4] decoded vel ρ from PRED latents vs horizon (test, aggregate) ---
  h=  4  n=  100  vel0ρ=+0.751  vel1ρ=-0.326
  h=  8  n=  100  vel0ρ=+0.768  vel1ρ=+nan
  h= 16  n=  100  vel0ρ=+0.826  vel1ρ=+0.070
  h= 28  n=  100  vel0ρ=+0.416  vel1ρ=-0.142

Total 99s
