[norm] action mean=[-0.01484401  0.          0.01575156  0.        ], std=[7.72976437e-02 1.00000000e-08 8.20558954e-02 1.00000000e-08]  (from phyworld_collision_id1k.h5)
[ckpt] /data1/likun-share/junjxu/.stable_worldmodel/collision_sw_w30p0_f4_id1k/collision_sw_w30p0_f4_id1k_epoch_20_object.ckpt  tag=w30.0f4
  rolled out 100 trajs, t=21s
  rolled out 200 trajs, t=37s
  rolled out 300 trajs, t=52s
  rolled out 400 trajs, t=67s
  rolled out 500 trajs, t=82s

[data] 500 trajs, 14500 (frame,pred) pairs, emb dim=192

=== collision AR ROLLOUT (LeWM ID-only FT, history_size=3) ===
--- latent fidelity (pred vs real emb), test trajs, by partition ---
  ID         n=  203  cos=+0.7219  nMSE=0.5730
  r/m-OOD    n=  754  cos=+0.6676  nMSE=0.6480
  v-OOD      n=  290  cos=+0.4494  nMSE=1.2366
  both-OOD   n= 1653  cos=+0.5814  nMSE=0.8643

--- latent fidelity vs horizon (test, aggregate) ---
  h=  1  n=  100  cos=+0.9878  nMSE=0.0274
  h=  2  n=  100  cos=+0.9655  nMSE=0.0740
  h=  4  n=  100  cos=+0.8800  nMSE=0.2383
  h=  8  n=  100  cos=+0.7287  nMSE=0.5624
  h= 16  n=  100  cos=+0.5154  nMSE=0.8656
  h= 28  n=  100  cos=+0.3993  nMSE=1.4511

--- decoded pos/vel ρ from ROLLED-OUT latents (test), by partition ---
  [baseline] probe applied to REAL embs:
  REAL ID                   pos0ρ=+0.962  pos1ρ=+0.953  vel0ρ=+0.751  vel1ρ=+0.764
  REAL r/m-OOD              pos0ρ=+0.849  pos1ρ=+0.799  vel0ρ=+0.786  vel1ρ=+0.747
  REAL v-OOD                pos0ρ=+0.949  pos1ρ=+0.944  vel0ρ=+0.783  vel1ρ=+0.756
  REAL both-OOD             pos0ρ=+0.906  pos1ρ=+0.873  vel0ρ=+0.894  vel1ρ=+0.793
  [rollout] probe applied to PREDICTED embs:
  PRED ID                   pos0ρ=+0.851  pos1ρ=+0.808  vel0ρ=+0.587  vel1ρ=+0.546
  PRED r/m-OOD              pos0ρ=+0.657  pos1ρ=+0.750  vel0ρ=+0.730  vel1ρ=+0.713
  PRED v-OOD                pos0ρ=+0.593  pos1ρ=+0.653  vel0ρ=+0.343  vel1ρ=+0.498
  PRED both-OOD             pos0ρ=+0.666  pos1ρ=+0.759  vel0ρ=+0.765  vel1ρ=+0.737

--- decoded vel ρ from PRED latents vs horizon (test, aggregate) ---
  h=  1  n=  100  vel0ρ=+0.280  vel1ρ=+0.135
  h=  2  n=  100  vel0ρ=+0.331  vel1ρ=+0.246
  h=  4  n=  100  vel0ρ=+0.334  vel1ρ=+0.388
  h=  8  n=  100  vel0ρ=+0.607  vel1ρ=+0.545
  h= 16  n=  100  vel0ρ=+0.823  vel1ρ=+0.770
  h= 28  n=  100  vel0ρ=+0.731  vel1ρ=+0.785

--- [K=4] decoded pos/vel ρ from ROLLED-OUT latents (test), by partition ---
  [K=4] probe applied to PREDICTED embs (stack 4 consecutive predicted latents):
  PRED-K4 ID          pos0ρ=+0.837  pos1ρ=+0.840  vel0ρ=+0.785  vel1ρ=+0.796
  PRED-K4 r/m-OOD     pos0ρ=+0.686  pos1ρ=+0.773  vel0ρ=+0.757  vel1ρ=+0.791
  PRED-K4 v-OOD       pos0ρ=+0.512  pos1ρ=+0.702  vel0ρ=+0.509  vel1ρ=+0.597
  PRED-K4 both-OOD    pos0ρ=+0.698  pos1ρ=+0.762  vel0ρ=+0.779  vel1ρ=+0.810

--- [K=4] decoded vel ρ from PRED latents vs horizon (test, aggregate) ---
  h=  4  n=  100  vel0ρ=+0.509  vel1ρ=+0.666
  h=  8  n=  100  vel0ρ=+0.706  vel1ρ=+0.717
  h= 16  n=  100  vel0ρ=+0.759  vel1ρ=+0.826
  h= 28  n=  100  vel0ρ=+0.745  vel1ρ=+0.788

Total 82s
