[norm] action mean=[-0.01484401  0.          0.01575156  0.        ], std=[7.72976437e-02 1.00000000e-08 8.20558954e-02 1.00000000e-08]  (from phyworld_collision_id1k.h5)
[ckpt] /data1/likun-share/junjxu/.stable_worldmodel/collision_sw_w10p0_f1_id1k/collision_sw_w10p0_f1_id1k_epoch_20_object.ckpt  tag=w10.0f1
  rolled out 100 trajs, t=20s
  rolled out 200 trajs, t=35s
  rolled out 300 trajs, t=51s
  rolled out 400 trajs, t=65s
  rolled out 500 trajs, t=78s

[data] 500 trajs, 14500 (frame,pred) pairs, emb dim=192

=== collision AR ROLLOUT (LeWM ID-only FT, history_size=3) ===
--- latent fidelity (pred vs real emb), test trajs, by partition ---
  ID         n=  203  cos=+0.6910  nMSE=0.6131
  r/m-OOD    n=  754  cos=+0.5799  nMSE=0.8060
  v-OOD      n=  290  cos=+0.4225  nMSE=1.2900
  both-OOD   n= 1653  cos=+0.4906  nMSE=1.0769

--- latent fidelity vs horizon (test, aggregate) ---
  h=  1  n=  100  cos=+0.9709  nMSE=0.0625
  h=  2  n=  100  cos=+0.9294  nMSE=0.1492
  h=  4  n=  100  cos=+0.8147  nMSE=0.3950
  h=  8  n=  100  cos=+0.6573  nMSE=0.7254
  h= 16  n=  100  cos=+0.4465  nMSE=1.0706
  h= 28  n=  100  cos=+0.2981  nMSE=1.6189

--- decoded pos/vel ρ from ROLLED-OUT latents (test), by partition ---
  [baseline] probe applied to REAL embs:
  REAL ID                   pos0ρ=+0.949  pos1ρ=+0.919  vel0ρ=+0.735  vel1ρ=+0.796
  REAL r/m-OOD              pos0ρ=+0.839  pos1ρ=+0.796  vel0ρ=+0.785  vel1ρ=+0.707
  REAL v-OOD                pos0ρ=+0.948  pos1ρ=+0.923  vel0ρ=+0.742  vel1ρ=+0.708
  REAL both-OOD             pos0ρ=+0.902  pos1ρ=+0.863  vel0ρ=+0.895  vel1ρ=+0.776
  [rollout] probe applied to PREDICTED embs:
  PRED ID                   pos0ρ=+0.873  pos1ρ=+0.921  vel0ρ=+0.629  vel1ρ=+0.697
  PRED r/m-OOD              pos0ρ=+0.548  pos1ρ=+0.596  vel0ρ=+0.678  vel1ρ=+0.589
  PRED v-OOD                pos0ρ=+0.704  pos1ρ=+0.436  vel0ρ=+0.478  vel1ρ=+0.287
  PRED both-OOD             pos0ρ=+0.628  pos1ρ=+0.747  vel0ρ=+0.747  vel1ρ=+0.747

--- decoded vel ρ from PRED latents vs horizon (test, aggregate) ---
  h=  1  n=  100  vel0ρ=+0.110  vel1ρ=+0.099
  h=  2  n=  100  vel0ρ=+0.140  vel1ρ=+0.076
  h=  4  n=  100  vel0ρ=+0.130  vel1ρ=+0.062
  h=  8  n=  100  vel0ρ=+0.436  vel1ρ=+0.684
  h= 16  n=  100  vel0ρ=+0.772  vel1ρ=+0.754
  h= 28  n=  100  vel0ρ=+0.748  vel1ρ=+0.765

--- [K=4] decoded pos/vel ρ from ROLLED-OUT latents (test), by partition ---
  [K=4] probe applied to PREDICTED embs (stack 4 consecutive predicted latents):
  PRED-K4 ID          pos0ρ=+0.824  pos1ρ=+0.890  vel0ρ=+0.756  vel1ρ=+0.816
  PRED-K4 r/m-OOD     pos0ρ=+0.596  pos1ρ=+0.621  vel0ρ=+0.765  vel1ρ=+0.647
  PRED-K4 v-OOD       pos0ρ=+0.693  pos1ρ=+0.409  vel0ρ=+0.486  vel1ρ=+0.331
  PRED-K4 both-OOD    pos0ρ=+0.673  pos1ρ=+0.765  vel0ρ=+0.752  vel1ρ=+0.781

--- [K=4] decoded vel ρ from PRED latents vs horizon (test, aggregate) ---
  h=  4  n=  100  vel0ρ=+0.416  vel1ρ=+0.231
  h=  8  n=  100  vel0ρ=+0.631  vel1ρ=+0.699
  h= 16  n=  100  vel0ρ=+0.763  vel1ρ=+0.770
  h= 28  n=  100  vel0ρ=+0.716  vel1ρ=+0.765

Total 78s
