[norm] action mean=[ 0.24667731 -0.40296947], std=[0.08836433 0.229554  ]  (from phyworld_parabola_id1k.h5)
[ckpt] /data1/likun-share/junjxu/.stable_worldmodel/parabola_sw_w1p0_f1_id1k/parabola_sw_w1p0_f1_id1k_epoch_20_object.ckpt  tag=w1.0f1
  rolled out 100 trajs, t=23s
  rolled out 200 trajs, t=39s
  rolled out 300 trajs, t=56s
  rolled out 400 trajs, t=72s
  rolled out 500 trajs, t=88s

[data] 500 trajs, 14500 (frame,pred) pairs, emb dim=192
/home/likun-share/junjxu/wm/phyworld/scripts/rollout_eval_id1k.py:242: ConstantInputWarning: An input array is constant; the correlation coefficient is not defined.
  rhos = [pearsonr(vel_all[m][:, d], pv[:, d])[0] for d in range(vel_all.shape[1])]
/home/likun-share/junjxu/wm/phyworld/scripts/rollout_eval_id1k.py:242: NearConstantInputWarning: An input array is nearly constant; the computed correlation coefficient may be inaccurate.
  rhos = [pearsonr(vel_all[m][:, d], pv[:, d])[0] for d in range(vel_all.shape[1])]
/home/likun-share/junjxu/wm/phyworld/scripts/rollout_eval_id1k.py:242: NearConstantInputWarning: An input array is nearly constant; the computed correlation coefficient may be inaccurate.
  rhos = [pearsonr(vel_all[m][:, d], pv[:, d])[0] for d in range(vel_all.shape[1])]
/home/likun-share/junjxu/wm/phyworld/scripts/rollout_eval_id1k.py:296: ConstantInputWarning: An input array is constant; the correlation coefficient is not defined.
  rhos = [pearsonr(vel_all[m][:, d], pv[:, d])[0] for d in range(vel_all.shape[1])]
/home/likun-share/junjxu/wm/phyworld/scripts/rollout_eval_id1k.py:296: NearConstantInputWarning: An input array is nearly constant; the computed correlation coefficient may be inaccurate.
  rhos = [pearsonr(vel_all[m][:, d], pv[:, d])[0] for d in range(vel_all.shape[1])]
/home/likun-share/junjxu/wm/phyworld/scripts/rollout_eval_id1k.py:296: NearConstantInputWarning: An input array is nearly constant; the computed correlation coefficient may be inaccurate.
  rhos = [pearsonr(vel_all[m][:, d], pv[:, d])[0] for d in range(vel_all.shape[1])]

=== parabola AR ROLLOUT (LeWM ID-only FT, history_size=3) ===
--- latent fidelity (pred vs real emb), test trajs, by partition ---
  ID         n=  464  cos=+0.9738  nMSE=0.0539
  r/m-OOD    n=  319  cos=+0.8759  nMSE=0.3033
  v-OOD      n=  928  cos=+0.6049  nMSE=0.9754
  both-OOD   n= 1189  cos=+0.5822  nMSE=1.0299

--- latent fidelity vs horizon (test, aggregate) ---
  h=  1  n=  100  cos=+0.9827  nMSE=0.0464
  h=  2  n=  100  cos=+0.9521  nMSE=0.1099
  h=  4  n=  100  cos=+0.8940  nMSE=0.2100
  h=  8  n=  100  cos=+0.8337  nMSE=0.3273
  h= 16  n=  100  cos=+0.5402  nMSE=1.1377
  h= 28  n=  100  cos=+0.6555  nMSE=25565382.0000

--- decoded pos/vel ρ from ROLLED-OUT latents (test), by partition ---
  [baseline] probe applied to REAL embs:
  REAL ID                   pos0ρ=+0.949  pos1ρ=+0.979  vel0ρ=+0.224  vel1ρ=+0.984
  REAL r/m-OOD              pos0ρ=+0.915  pos1ρ=+0.978  vel0ρ=+0.473  vel1ρ=+0.984
  REAL v-OOD                pos0ρ=+0.886  pos1ρ=+0.903  vel0ρ=+0.597  vel1ρ=+0.952
  REAL both-OOD             pos0ρ=+0.853  pos1ρ=+0.914  vel0ρ=+0.651  vel1ρ=+0.957
  [rollout] probe applied to PREDICTED embs:
  PRED ID                   pos0ρ=+0.943  pos1ρ=+0.977  vel0ρ=+0.212  vel1ρ=+0.983
  PRED r/m-OOD              pos0ρ=+0.847  pos1ρ=+0.910  vel0ρ=+0.460  vel1ρ=+0.927
  PRED v-OOD                pos0ρ=+0.783  pos1ρ=+0.829  vel0ρ=+0.640  vel1ρ=+0.879
  PRED both-OOD             pos0ρ=+0.693  pos1ρ=+0.725  vel0ρ=+0.664  vel1ρ=+0.781

--- decoded vel ρ from PRED latents vs horizon (test, aggregate) ---
  h=  1  n=  100  vel0ρ=+0.200  vel1ρ=+0.295
  h=  2  n=  100  vel0ρ=+0.287  vel1ρ=-0.496
  h=  4  n=  100  vel0ρ=+0.327  vel1ρ=-0.581
  h=  8  n=  100  vel0ρ=+0.607  vel1ρ=+nan
  h= 16  n=  100  vel0ρ=+0.822  vel1ρ=-0.029
  h= 28  n=  100  vel0ρ=+0.592  vel1ρ=-0.026

--- [K=4] decoded pos/vel ρ from ROLLED-OUT latents (test), by partition ---
  [K=4] probe applied to PREDICTED embs (stack 4 consecutive predicted latents):
  PRED-K4 ID          pos0ρ=+0.934  pos1ρ=+0.981  vel0ρ=+0.612  vel1ρ=+0.986
  PRED-K4 r/m-OOD     pos0ρ=+0.836  pos1ρ=+0.911  vel0ρ=+0.696  vel1ρ=+0.940
  PRED-K4 v-OOD       pos0ρ=+0.736  pos1ρ=+0.852  vel0ρ=+0.601  vel1ρ=+0.851
  PRED-K4 both-OOD    pos0ρ=+0.698  pos1ρ=+0.733  vel0ρ=+0.635  vel1ρ=+0.775

--- [K=4] decoded vel ρ from PRED latents vs horizon (test, aggregate) ---
  h=  4  n=  100  vel0ρ=+0.783  vel1ρ=-0.565
  h=  8  n=  100  vel0ρ=+0.648  vel1ρ=+nan
  h= 16  n=  100  vel0ρ=+0.611  vel1ρ=-0.069
  h= 28  n=  100  vel0ρ=+0.212  vel1ρ=-0.042

Total 89s
