[norm] action mean=[0.24667731 0.        ], std=[8.83643282e-02 1.00000000e-08]  (from phyworld_uniform_motion_id1k.h5)
[ckpt] /data1/likun-share/junjxu/.stable_worldmodel/uniform_sw_w0p1_f4_id1k/uniform_sw_w0p1_f4_id1k_epoch_20_object.ckpt  tag=w0.1f4
  rolled out 100 trajs, t=24s
  rolled out 200 trajs, t=40s
  rolled out 300 trajs, t=58s
  rolled out 400 trajs, t=75s
  rolled out 500 trajs, t=90s

[data] 500 trajs, 14500 (frame,pred) pairs, emb dim=192
/home/likun-share/junjxu/wm/phyworld/scripts/rollout_eval_id1k.py:197: ConstantInputWarning: An input array is constant; the correlation coefficient is not defined.
  rho = pearsonr(vel_all[mask][:, d], pv[:, d])[0]
/home/likun-share/junjxu/wm/phyworld/scripts/rollout_eval_id1k.py:197: ConstantInputWarning: An input array is constant; the correlation coefficient is not defined.
  rho = pearsonr(vel_all[mask][:, d], pv[:, d])[0]
/home/likun-share/junjxu/wm/phyworld/scripts/rollout_eval_id1k.py:197: ConstantInputWarning: An input array is constant; the correlation coefficient is not defined.
  rho = pearsonr(vel_all[mask][:, d], pv[:, d])[0]
/home/likun-share/junjxu/wm/phyworld/scripts/rollout_eval_id1k.py:197: ConstantInputWarning: An input array is constant; the correlation coefficient is not defined.
  rho = pearsonr(vel_all[mask][:, d], pv[:, d])[0]
/home/likun-share/junjxu/wm/phyworld/scripts/rollout_eval_id1k.py:197: ConstantInputWarning: An input array is constant; the correlation coefficient is not defined.
  rho = pearsonr(vel_all[mask][:, d], pv[:, d])[0]
/home/likun-share/junjxu/wm/phyworld/scripts/rollout_eval_id1k.py:197: ConstantInputWarning: An input array is constant; the correlation coefficient is not defined.
  rho = pearsonr(vel_all[mask][:, d], pv[:, d])[0]
/home/likun-share/junjxu/wm/phyworld/scripts/rollout_eval_id1k.py:197: ConstantInputWarning: An input array is constant; the correlation coefficient is not defined.
  rho = pearsonr(vel_all[mask][:, d], pv[:, d])[0]
/home/likun-share/junjxu/wm/phyworld/scripts/rollout_eval_id1k.py:197: ConstantInputWarning: An input array is constant; the correlation coefficient is not defined.
  rho = pearsonr(vel_all[mask][:, d], pv[:, d])[0]
/home/likun-share/junjxu/wm/phyworld/scripts/rollout_eval_id1k.py:242: ConstantInputWarning: An input array is constant; the correlation coefficient is not defined.
  rhos = [pearsonr(vel_all[m][:, d], pv[:, d])[0] for d in range(vel_all.shape[1])]
/home/likun-share/junjxu/wm/phyworld/scripts/rollout_eval_id1k.py:242: ConstantInputWarning: An input array is constant; the correlation coefficient is not defined.
  rhos = [pearsonr(vel_all[m][:, d], pv[:, d])[0] for d in range(vel_all.shape[1])]
/home/likun-share/junjxu/wm/phyworld/scripts/rollout_eval_id1k.py:242: ConstantInputWarning: An input array is constant; the correlation coefficient is not defined.
  rhos = [pearsonr(vel_all[m][:, d], pv[:, d])[0] for d in range(vel_all.shape[1])]
/home/likun-share/junjxu/wm/phyworld/scripts/rollout_eval_id1k.py:242: ConstantInputWarning: An input array is constant; the correlation coefficient is not defined.
  rhos = [pearsonr(vel_all[m][:, d], pv[:, d])[0] for d in range(vel_all.shape[1])]
/home/likun-share/junjxu/wm/phyworld/scripts/rollout_eval_id1k.py:242: ConstantInputWarning: An input array is constant; the correlation coefficient is not defined.
  rhos = [pearsonr(vel_all[m][:, d], pv[:, d])[0] for d in range(vel_all.shape[1])]
/home/likun-share/junjxu/wm/phyworld/scripts/rollout_eval_id1k.py:242: ConstantInputWarning: An input array is constant; the correlation coefficient is not defined.
  rhos = [pearsonr(vel_all[m][:, d], pv[:, d])[0] for d in range(vel_all.shape[1])]
/home/likun-share/junjxu/wm/phyworld/scripts/rollout_eval_id1k.py:288: ConstantInputWarning: An input array is constant; the correlation coefficient is not defined.
  line += f"  vel{d}ρ={pearsonr(vel_all[m][:, d], pv[:, d])[0]:+.3f}"
/home/likun-share/junjxu/wm/phyworld/scripts/rollout_eval_id1k.py:288: ConstantInputWarning: An input array is constant; the correlation coefficient is not defined.
  line += f"  vel{d}ρ={pearsonr(vel_all[m][:, d], pv[:, d])[0]:+.3f}"
/home/likun-share/junjxu/wm/phyworld/scripts/rollout_eval_id1k.py:288: ConstantInputWarning: An input array is constant; the correlation coefficient is not defined.
  line += f"  vel{d}ρ={pearsonr(vel_all[m][:, d], pv[:, d])[0]:+.3f}"
/home/likun-share/junjxu/wm/phyworld/scripts/rollout_eval_id1k.py:288: ConstantInputWarning: An input array is constant; the correlation coefficient is not defined.
  line += f"  vel{d}ρ={pearsonr(vel_all[m][:, d], pv[:, d])[0]:+.3f}"
/home/likun-share/junjxu/wm/phyworld/scripts/rollout_eval_id1k.py:296: ConstantInputWarning: An input array is constant; the correlation coefficient is not defined.
  rhos = [pearsonr(vel_all[m][:, d], pv[:, d])[0] for d in range(vel_all.shape[1])]
/home/likun-share/junjxu/wm/phyworld/scripts/rollout_eval_id1k.py:296: ConstantInputWarning: An input array is constant; the correlation coefficient is not defined.
  rhos = [pearsonr(vel_all[m][:, d], pv[:, d])[0] for d in range(vel_all.shape[1])]
/home/likun-share/junjxu/wm/phyworld/scripts/rollout_eval_id1k.py:296: ConstantInputWarning: An input array is constant; the correlation coefficient is not defined.
  rhos = [pearsonr(vel_all[m][:, d], pv[:, d])[0] for d in range(vel_all.shape[1])]
/home/likun-share/junjxu/wm/phyworld/scripts/rollout_eval_id1k.py:296: ConstantInputWarning: An input array is constant; the correlation coefficient is not defined.
  rhos = [pearsonr(vel_all[m][:, d], pv[:, d])[0] for d in range(vel_all.shape[1])]

=== uniform_motion AR ROLLOUT (LeWM ID-only FT, history_size=3) ===
--- latent fidelity (pred vs real emb), test trajs, by partition ---
  ID         n=  406  cos=+0.9695  nMSE=0.0662
  r/m-OOD    n=  464  cos=+0.7690  nMSE=0.4094
  v-OOD      n=  841  cos=+0.9199  nMSE=0.1888
  both-OOD   n= 1189  cos=+0.8457  nMSE=0.3264

--- latent fidelity vs horizon (test, aggregate) ---
  h=  1  n=  100  cos=+0.9910  nMSE=0.0157
  h=  2  n=  100  cos=+0.9805  nMSE=0.0344
  h=  4  n=  100  cos=+0.9498  nMSE=0.0834
  h=  8  n=  100  cos=+0.8843  nMSE=0.1871
  h= 16  n=  100  cos=+0.8404  nMSE=0.2968
  h= 28  n=  100  cos=+0.8718  nMSE=0.4224

--- decoded pos/vel ρ from ROLLED-OUT latents (test), by partition ---
  [baseline] probe applied to REAL embs:
  REAL ID                   pos0ρ=+0.969  pos1ρ=+0.983  vel0ρ=+0.298  vel1ρ=+nan
  REAL r/m-OOD              pos0ρ=+0.956  pos1ρ=+0.934  vel0ρ=+0.436  vel1ρ=+nan
  REAL v-OOD                pos0ρ=+0.958  pos1ρ=+0.828  vel0ρ=+0.472  vel1ρ=+nan
  REAL both-OOD             pos0ρ=+0.958  pos1ρ=+0.866  vel0ρ=+0.619  vel1ρ=+nan
  [rollout] probe applied to PREDICTED embs:
  PRED ID                   pos0ρ=+0.955  pos1ρ=+0.977  vel0ρ=+0.298  vel1ρ=+nan
  PRED r/m-OOD              pos0ρ=+0.811  pos1ρ=+0.827  vel0ρ=+0.533  vel1ρ=+nan
  PRED v-OOD                pos0ρ=+0.957  pos1ρ=+0.827  vel0ρ=+0.493  vel1ρ=+nan
  PRED both-OOD             pos0ρ=+0.910  pos1ρ=+0.793  vel0ρ=+0.764  vel1ρ=+nan

--- decoded vel ρ from PRED latents vs horizon (test, aggregate) ---
  h=  1  n=  100  vel0ρ=+0.069  vel1ρ=+nan
  h=  2  n=  100  vel0ρ=+0.219  vel1ρ=+nan
  h=  4  n=  100  vel0ρ=+0.370  vel1ρ=+nan
  h=  8  n=  100  vel0ρ=+0.404  vel1ρ=+nan
  h= 16  n=  100  vel0ρ=+0.784  vel1ρ=+nan
  h= 28  n=  100  vel0ρ=+0.881  vel1ρ=+nan

--- [K=4] decoded pos/vel ρ from ROLLED-OUT latents (test), by partition ---
  [K=4] probe applied to PREDICTED embs (stack 4 consecutive predicted latents):
  PRED-K4 ID          pos0ρ=+0.952  pos1ρ=+0.977  vel0ρ=+0.740  vel1ρ=+nan
  PRED-K4 r/m-OOD     pos0ρ=+0.773  pos1ρ=+0.850  vel0ρ=+0.762  vel1ρ=+nan
  PRED-K4 v-OOD       pos0ρ=+0.964  pos1ρ=+0.854  vel0ρ=+0.911  vel1ρ=+nan
  PRED-K4 both-OOD    pos0ρ=+0.923  pos1ρ=+0.808  vel0ρ=+0.918  vel1ρ=+nan

--- [K=4] decoded vel ρ from PRED latents vs horizon (test, aggregate) ---
  h=  4  n=  100  vel0ρ=+0.880  vel1ρ=+nan
  h=  8  n=  100  vel0ρ=+0.854  vel1ρ=+nan
  h= 16  n=  100  vel0ρ=+0.880  vel1ρ=+nan
  h= 28  n=  100  vel0ρ=+0.951  vel1ρ=+nan

Total 91s
