[norm] action mean=[0.24667731 0.        ], std=[8.83643282e-02 1.00000000e-08]  (from phyworld_uniform_motion_id1k.h5)
[ckpt] /data1/likun-share/junjxu/.stable_worldmodel/uniform_sw_w0p1_f2_id1k/uniform_sw_w0p1_f2_id1k_epoch_20_object.ckpt  tag=w0.1f2
  rolled out 100 trajs, t=26s
  rolled out 200 trajs, t=43s
  rolled out 300 trajs, t=59s
  rolled out 400 trajs, t=75s
  rolled out 500 trajs, t=91s

[data] 500 trajs, 14500 (frame,pred) pairs, emb dim=192
/home/likun-share/junjxu/wm/phyworld/scripts/rollout_eval_id1k.py:197: ConstantInputWarning: An input array is constant; the correlation coefficient is not defined.
  rho = pearsonr(vel_all[mask][:, d], pv[:, d])[0]
/home/likun-share/junjxu/wm/phyworld/scripts/rollout_eval_id1k.py:197: ConstantInputWarning: An input array is constant; the correlation coefficient is not defined.
  rho = pearsonr(vel_all[mask][:, d], pv[:, d])[0]
/home/likun-share/junjxu/wm/phyworld/scripts/rollout_eval_id1k.py:197: ConstantInputWarning: An input array is constant; the correlation coefficient is not defined.
  rho = pearsonr(vel_all[mask][:, d], pv[:, d])[0]
/home/likun-share/junjxu/wm/phyworld/scripts/rollout_eval_id1k.py:197: ConstantInputWarning: An input array is constant; the correlation coefficient is not defined.
  rho = pearsonr(vel_all[mask][:, d], pv[:, d])[0]
/home/likun-share/junjxu/wm/phyworld/scripts/rollout_eval_id1k.py:197: ConstantInputWarning: An input array is constant; the correlation coefficient is not defined.
  rho = pearsonr(vel_all[mask][:, d], pv[:, d])[0]
/home/likun-share/junjxu/wm/phyworld/scripts/rollout_eval_id1k.py:197: ConstantInputWarning: An input array is constant; the correlation coefficient is not defined.
  rho = pearsonr(vel_all[mask][:, d], pv[:, d])[0]
/home/likun-share/junjxu/wm/phyworld/scripts/rollout_eval_id1k.py:197: ConstantInputWarning: An input array is constant; the correlation coefficient is not defined.
  rho = pearsonr(vel_all[mask][:, d], pv[:, d])[0]
/home/likun-share/junjxu/wm/phyworld/scripts/rollout_eval_id1k.py:197: ConstantInputWarning: An input array is constant; the correlation coefficient is not defined.
  rho = pearsonr(vel_all[mask][:, d], pv[:, d])[0]
/home/likun-share/junjxu/wm/phyworld/scripts/rollout_eval_id1k.py:242: ConstantInputWarning: An input array is constant; the correlation coefficient is not defined.
  rhos = [pearsonr(vel_all[m][:, d], pv[:, d])[0] for d in range(vel_all.shape[1])]
/home/likun-share/junjxu/wm/phyworld/scripts/rollout_eval_id1k.py:242: ConstantInputWarning: An input array is constant; the correlation coefficient is not defined.
  rhos = [pearsonr(vel_all[m][:, d], pv[:, d])[0] for d in range(vel_all.shape[1])]
/home/likun-share/junjxu/wm/phyworld/scripts/rollout_eval_id1k.py:242: ConstantInputWarning: An input array is constant; the correlation coefficient is not defined.
  rhos = [pearsonr(vel_all[m][:, d], pv[:, d])[0] for d in range(vel_all.shape[1])]
/home/likun-share/junjxu/wm/phyworld/scripts/rollout_eval_id1k.py:242: ConstantInputWarning: An input array is constant; the correlation coefficient is not defined.
  rhos = [pearsonr(vel_all[m][:, d], pv[:, d])[0] for d in range(vel_all.shape[1])]
/home/likun-share/junjxu/wm/phyworld/scripts/rollout_eval_id1k.py:242: ConstantInputWarning: An input array is constant; the correlation coefficient is not defined.
  rhos = [pearsonr(vel_all[m][:, d], pv[:, d])[0] for d in range(vel_all.shape[1])]
/home/likun-share/junjxu/wm/phyworld/scripts/rollout_eval_id1k.py:242: ConstantInputWarning: An input array is constant; the correlation coefficient is not defined.
  rhos = [pearsonr(vel_all[m][:, d], pv[:, d])[0] for d in range(vel_all.shape[1])]
/home/likun-share/junjxu/wm/phyworld/scripts/rollout_eval_id1k.py:288: ConstantInputWarning: An input array is constant; the correlation coefficient is not defined.
  line += f"  vel{d}ρ={pearsonr(vel_all[m][:, d], pv[:, d])[0]:+.3f}"
/home/likun-share/junjxu/wm/phyworld/scripts/rollout_eval_id1k.py:288: ConstantInputWarning: An input array is constant; the correlation coefficient is not defined.
  line += f"  vel{d}ρ={pearsonr(vel_all[m][:, d], pv[:, d])[0]:+.3f}"
/home/likun-share/junjxu/wm/phyworld/scripts/rollout_eval_id1k.py:288: ConstantInputWarning: An input array is constant; the correlation coefficient is not defined.
  line += f"  vel{d}ρ={pearsonr(vel_all[m][:, d], pv[:, d])[0]:+.3f}"
/home/likun-share/junjxu/wm/phyworld/scripts/rollout_eval_id1k.py:288: ConstantInputWarning: An input array is constant; the correlation coefficient is not defined.
  line += f"  vel{d}ρ={pearsonr(vel_all[m][:, d], pv[:, d])[0]:+.3f}"
/home/likun-share/junjxu/wm/phyworld/scripts/rollout_eval_id1k.py:296: ConstantInputWarning: An input array is constant; the correlation coefficient is not defined.
  rhos = [pearsonr(vel_all[m][:, d], pv[:, d])[0] for d in range(vel_all.shape[1])]
/home/likun-share/junjxu/wm/phyworld/scripts/rollout_eval_id1k.py:296: ConstantInputWarning: An input array is constant; the correlation coefficient is not defined.
  rhos = [pearsonr(vel_all[m][:, d], pv[:, d])[0] for d in range(vel_all.shape[1])]
/home/likun-share/junjxu/wm/phyworld/scripts/rollout_eval_id1k.py:296: ConstantInputWarning: An input array is constant; the correlation coefficient is not defined.
  rhos = [pearsonr(vel_all[m][:, d], pv[:, d])[0] for d in range(vel_all.shape[1])]
/home/likun-share/junjxu/wm/phyworld/scripts/rollout_eval_id1k.py:296: ConstantInputWarning: An input array is constant; the correlation coefficient is not defined.
  rhos = [pearsonr(vel_all[m][:, d], pv[:, d])[0] for d in range(vel_all.shape[1])]

=== uniform_motion AR ROLLOUT (LeWM ID-only FT, history_size=3) ===
--- latent fidelity (pred vs real emb), test trajs, by partition ---
  ID         n=  406  cos=+0.9689  nMSE=0.0632
  r/m-OOD    n=  464  cos=+0.7919  nMSE=0.3844
  v-OOD      n=  841  cos=+0.9324  nMSE=0.1627
  both-OOD   n= 1189  cos=+0.8485  nMSE=0.3193

--- latent fidelity vs horizon (test, aggregate) ---
  h=  1  n=  100  cos=+0.9901  nMSE=0.0169
  h=  2  n=  100  cos=+0.9789  nMSE=0.0360
  h=  4  n=  100  cos=+0.9498  nMSE=0.0837
  h=  8  n=  100  cos=+0.8809  nMSE=0.1902
  h= 16  n=  100  cos=+0.8371  nMSE=0.2853
  h= 28  n=  100  cos=+0.8776  nMSE=0.4016

--- decoded pos/vel ρ from ROLLED-OUT latents (test), by partition ---
  [baseline] probe applied to REAL embs:
  REAL ID                   pos0ρ=+0.972  pos1ρ=+0.986  vel0ρ=+0.293  vel1ρ=+nan
  REAL r/m-OOD              pos0ρ=+0.956  pos1ρ=+0.931  vel0ρ=+0.391  vel1ρ=+nan
  REAL v-OOD                pos0ρ=+0.955  pos1ρ=+0.831  vel0ρ=+0.509  vel1ρ=+nan
  REAL both-OOD             pos0ρ=+0.957  pos1ρ=+0.866  vel0ρ=+0.665  vel1ρ=+nan
  [rollout] probe applied to PREDICTED embs:
  PRED ID                   pos0ρ=+0.953  pos1ρ=+0.979  vel0ρ=+0.315  vel1ρ=+nan
  PRED r/m-OOD              pos0ρ=+0.828  pos1ρ=+0.853  vel0ρ=+0.461  vel1ρ=+nan
  PRED v-OOD                pos0ρ=+0.952  pos1ρ=+0.807  vel0ρ=+0.497  vel1ρ=+nan
  PRED both-OOD             pos0ρ=+0.888  pos1ρ=+0.782  vel0ρ=+0.664  vel1ρ=+nan

--- decoded vel ρ from PRED latents vs horizon (test, aggregate) ---
  h=  1  n=  100  vel0ρ=+0.028  vel1ρ=+nan
  h=  2  n=  100  vel0ρ=+0.138  vel1ρ=+nan
  h=  4  n=  100  vel0ρ=+0.218  vel1ρ=+nan
  h=  8  n=  100  vel0ρ=+0.306  vel1ρ=+nan
  h= 16  n=  100  vel0ρ=+0.734  vel1ρ=+nan
  h= 28  n=  100  vel0ρ=+0.848  vel1ρ=+nan

--- [K=4] decoded pos/vel ρ from ROLLED-OUT latents (test), by partition ---
  [K=4] probe applied to PREDICTED embs (stack 4 consecutive predicted latents):
  PRED-K4 ID          pos0ρ=+0.943  pos1ρ=+0.982  vel0ρ=+0.707  vel1ρ=+nan
  PRED-K4 r/m-OOD     pos0ρ=+0.795  pos1ρ=+0.887  vel0ρ=+0.736  vel1ρ=+nan
  PRED-K4 v-OOD       pos0ρ=+0.955  pos1ρ=+0.832  vel0ρ=+0.931  vel1ρ=+nan
  PRED-K4 both-OOD    pos0ρ=+0.897  pos1ρ=+0.794  vel0ρ=+0.922  vel1ρ=+nan

--- [K=4] decoded vel ρ from PRED latents vs horizon (test, aggregate) ---
  h=  4  n=  100  vel0ρ=+0.854  vel1ρ=+nan
  h=  8  n=  100  vel0ρ=+0.855  vel1ρ=+nan
  h= 16  n=  100  vel0ρ=+0.889  vel1ρ=+nan
  h= 28  n=  100  vel0ρ=+0.967  vel1ρ=+nan

Total 91s
