[norm] action mean=[ 0.24667731 -0.40296947], std=[0.08836433 0.229554  ]  (from phyworld_parabola_id1k.h5)
[ckpt] /data1/likun-share/junjxu/.stable_worldmodel/parabola_sw_w10p0_f2_id1k/parabola_sw_w10p0_f2_id1k_epoch_20_object.ckpt  tag=w10.0f2
  rolled out 100 trajs, t=23s
  rolled out 200 trajs, t=41s
  rolled out 300 trajs, t=58s
  rolled out 400 trajs, t=75s
  rolled out 500 trajs, t=92s

[data] 500 trajs, 14500 (frame,pred) pairs, emb dim=192
/home/likun-share/junjxu/wm/phyworld/scripts/rollout_eval_id1k.py:242: ConstantInputWarning: An input array is constant; the correlation coefficient is not defined.
  rhos = [pearsonr(vel_all[m][:, d], pv[:, d])[0] for d in range(vel_all.shape[1])]
/home/likun-share/junjxu/wm/phyworld/scripts/rollout_eval_id1k.py:242: NearConstantInputWarning: An input array is nearly constant; the computed correlation coefficient may be inaccurate.
  rhos = [pearsonr(vel_all[m][:, d], pv[:, d])[0] for d in range(vel_all.shape[1])]
/home/likun-share/junjxu/wm/phyworld/scripts/rollout_eval_id1k.py:242: NearConstantInputWarning: An input array is nearly constant; the computed correlation coefficient may be inaccurate.
  rhos = [pearsonr(vel_all[m][:, d], pv[:, d])[0] for d in range(vel_all.shape[1])]
/home/likun-share/junjxu/wm/le-wm/.venv/lib/python3.10/site-packages/sklearn/linear_model/_ridge.py:213: LinAlgWarning: Ill-conditioned matrix (rcond=4.31629e-08): result may not be accurate.
  return linalg.solve(A, Xy, assume_a="pos", overwrite_a=True).T
/home/likun-share/junjxu/wm/le-wm/.venv/lib/python3.10/site-packages/sklearn/linear_model/_ridge.py:213: LinAlgWarning: Ill-conditioned matrix (rcond=4.31629e-08): result may not be accurate.
  return linalg.solve(A, Xy, assume_a="pos", overwrite_a=True).T
/home/likun-share/junjxu/wm/phyworld/scripts/rollout_eval_id1k.py:296: ConstantInputWarning: An input array is constant; the correlation coefficient is not defined.
  rhos = [pearsonr(vel_all[m][:, d], pv[:, d])[0] for d in range(vel_all.shape[1])]
/home/likun-share/junjxu/wm/phyworld/scripts/rollout_eval_id1k.py:296: NearConstantInputWarning: An input array is nearly constant; the computed correlation coefficient may be inaccurate.
  rhos = [pearsonr(vel_all[m][:, d], pv[:, d])[0] for d in range(vel_all.shape[1])]
/home/likun-share/junjxu/wm/phyworld/scripts/rollout_eval_id1k.py:296: NearConstantInputWarning: An input array is nearly constant; the computed correlation coefficient may be inaccurate.
  rhos = [pearsonr(vel_all[m][:, d], pv[:, d])[0] for d in range(vel_all.shape[1])]

=== parabola AR ROLLOUT (LeWM ID-only FT, history_size=3) ===
--- latent fidelity (pred vs real emb), test trajs, by partition ---
  ID         n=  464  cos=+0.9889  nMSE=0.0171
  r/m-OOD    n=  319  cos=+0.9487  nMSE=0.0805
  v-OOD      n=  928  cos=+0.8182  nMSE=0.1981
  both-OOD   n= 1189  cos=+0.8099  nMSE=0.2638

--- latent fidelity vs horizon (test, aggregate) ---
  h=  1  n=  100  cos=+0.9925  nMSE=0.0159
  h=  2  n=  100  cos=+0.9826  nMSE=0.0350
  h=  4  n=  100  cos=+0.9673  nMSE=0.0685
  h=  8  n=  100  cos=+0.9662  nMSE=0.1055
  h= 16  n=  100  cos=+0.7667  nMSE=0.4595
  h= 28  n=  100  cos=+0.8619  nMSE=23935056.0000

--- decoded pos/vel ρ from ROLLED-OUT latents (test), by partition ---
  [baseline] probe applied to REAL embs:
  REAL ID                   pos0ρ=+0.951  pos1ρ=+0.984  vel0ρ=+0.211  vel1ρ=+0.989
  REAL r/m-OOD              pos0ρ=+0.917  pos1ρ=+0.980  vel0ρ=+0.455  vel1ρ=+0.985
  REAL v-OOD                pos0ρ=+0.888  pos1ρ=+0.903  vel0ρ=+0.619  vel1ρ=+0.952
  REAL both-OOD             pos0ρ=+0.854  pos1ρ=+0.915  vel0ρ=+0.670  vel1ρ=+0.960
  [rollout] probe applied to PREDICTED embs:
  PRED ID                   pos0ρ=+0.954  pos1ρ=+0.982  vel0ρ=+0.189  vel1ρ=+0.988
  PRED r/m-OOD              pos0ρ=+0.913  pos1ρ=+0.974  vel0ρ=+0.402  vel1ρ=+0.984
  PRED v-OOD                pos0ρ=+0.893  pos1ρ=+0.944  vel0ρ=+0.451  vel1ρ=+0.970
  PRED both-OOD             pos0ρ=+0.801  pos1ρ=+0.930  vel0ρ=+0.362  vel1ρ=+0.958

--- decoded vel ρ from PRED latents vs horizon (test, aggregate) ---
  h=  1  n=  100  vel0ρ=+0.383  vel1ρ=-0.389
  h=  2  n=  100  vel0ρ=+0.450  vel1ρ=+0.349
  h=  4  n=  100  vel0ρ=+0.424  vel1ρ=+0.318
  h=  8  n=  100  vel0ρ=+0.458  vel1ρ=+nan
  h= 16  n=  100  vel0ρ=+0.398  vel1ρ=+0.103
  h= 28  n=  100  vel0ρ=-0.186  vel1ρ=-0.067

--- [K=4] decoded pos/vel ρ from ROLLED-OUT latents (test), by partition ---
  [K=4] probe applied to PREDICTED embs (stack 4 consecutive predicted latents):
  PRED-K4 ID          pos0ρ=+0.947  pos1ρ=+0.987  vel0ρ=+0.756  vel1ρ=+0.990
  PRED-K4 r/m-OOD     pos0ρ=+0.922  pos1ρ=+0.976  vel0ρ=+0.764  vel1ρ=+0.986
  PRED-K4 v-OOD       pos0ρ=+0.908  pos1ρ=+0.935  vel0ρ=+0.790  vel1ρ=+0.950
  PRED-K4 both-OOD    pos0ρ=+0.824  pos1ρ=+0.933  vel0ρ=+0.728  vel1ρ=+0.949

--- [K=4] decoded vel ρ from PRED latents vs horizon (test, aggregate) ---
  h=  4  n=  100  vel0ρ=+0.937  vel1ρ=+0.433
  h=  8  n=  100  vel0ρ=+0.922  vel1ρ=+nan
  h= 16  n=  100  vel0ρ=+0.858  vel1ρ=+0.202
  h= 28  n=  100  vel0ρ=+0.043  vel1ρ=-0.033

Total 93s
