[norm] action mean=[0.24667731 0.        ], std=[8.83643282e-02 1.00000000e-08]  (from phyworld_uniform_motion_id1k.h5)
[ckpt] /data1/likun-share/junjxu/.stable_worldmodel/uniform_sw_w10p0_f1_id1k/uniform_sw_w10p0_f1_id1k_epoch_20_object.ckpt  tag=w10.0f1
  rolled out 100 trajs, t=22s
  rolled out 200 trajs, t=40s
  rolled out 300 trajs, t=56s
  rolled out 400 trajs, t=74s
  rolled out 500 trajs, t=90s

[data] 500 trajs, 14500 (frame,pred) pairs, emb dim=192
/home/likun-share/junjxu/wm/phyworld/scripts/rollout_eval_id1k.py:197: ConstantInputWarning: An input array is constant; the correlation coefficient is not defined.
  rho = pearsonr(vel_all[mask][:, d], pv[:, d])[0]
/home/likun-share/junjxu/wm/phyworld/scripts/rollout_eval_id1k.py:197: ConstantInputWarning: An input array is constant; the correlation coefficient is not defined.
  rho = pearsonr(vel_all[mask][:, d], pv[:, d])[0]
/home/likun-share/junjxu/wm/phyworld/scripts/rollout_eval_id1k.py:197: ConstantInputWarning: An input array is constant; the correlation coefficient is not defined.
  rho = pearsonr(vel_all[mask][:, d], pv[:, d])[0]
/home/likun-share/junjxu/wm/phyworld/scripts/rollout_eval_id1k.py:197: ConstantInputWarning: An input array is constant; the correlation coefficient is not defined.
  rho = pearsonr(vel_all[mask][:, d], pv[:, d])[0]
/home/likun-share/junjxu/wm/phyworld/scripts/rollout_eval_id1k.py:197: ConstantInputWarning: An input array is constant; the correlation coefficient is not defined.
  rho = pearsonr(vel_all[mask][:, d], pv[:, d])[0]
/home/likun-share/junjxu/wm/phyworld/scripts/rollout_eval_id1k.py:197: ConstantInputWarning: An input array is constant; the correlation coefficient is not defined.
  rho = pearsonr(vel_all[mask][:, d], pv[:, d])[0]
/home/likun-share/junjxu/wm/phyworld/scripts/rollout_eval_id1k.py:197: ConstantInputWarning: An input array is constant; the correlation coefficient is not defined.
  rho = pearsonr(vel_all[mask][:, d], pv[:, d])[0]
/home/likun-share/junjxu/wm/phyworld/scripts/rollout_eval_id1k.py:197: ConstantInputWarning: An input array is constant; the correlation coefficient is not defined.
  rho = pearsonr(vel_all[mask][:, d], pv[:, d])[0]
/home/likun-share/junjxu/wm/phyworld/scripts/rollout_eval_id1k.py:242: ConstantInputWarning: An input array is constant; the correlation coefficient is not defined.
  rhos = [pearsonr(vel_all[m][:, d], pv[:, d])[0] for d in range(vel_all.shape[1])]
/home/likun-share/junjxu/wm/phyworld/scripts/rollout_eval_id1k.py:242: ConstantInputWarning: An input array is constant; the correlation coefficient is not defined.
  rhos = [pearsonr(vel_all[m][:, d], pv[:, d])[0] for d in range(vel_all.shape[1])]
/home/likun-share/junjxu/wm/phyworld/scripts/rollout_eval_id1k.py:242: ConstantInputWarning: An input array is constant; the correlation coefficient is not defined.
  rhos = [pearsonr(vel_all[m][:, d], pv[:, d])[0] for d in range(vel_all.shape[1])]
/home/likun-share/junjxu/wm/phyworld/scripts/rollout_eval_id1k.py:242: ConstantInputWarning: An input array is constant; the correlation coefficient is not defined.
  rhos = [pearsonr(vel_all[m][:, d], pv[:, d])[0] for d in range(vel_all.shape[1])]
/home/likun-share/junjxu/wm/phyworld/scripts/rollout_eval_id1k.py:242: ConstantInputWarning: An input array is constant; the correlation coefficient is not defined.
  rhos = [pearsonr(vel_all[m][:, d], pv[:, d])[0] for d in range(vel_all.shape[1])]
/home/likun-share/junjxu/wm/phyworld/scripts/rollout_eval_id1k.py:242: ConstantInputWarning: An input array is constant; the correlation coefficient is not defined.
  rhos = [pearsonr(vel_all[m][:, d], pv[:, d])[0] for d in range(vel_all.shape[1])]
/home/likun-share/junjxu/wm/phyworld/scripts/rollout_eval_id1k.py:288: ConstantInputWarning: An input array is constant; the correlation coefficient is not defined.
  line += f"  vel{d}ρ={pearsonr(vel_all[m][:, d], pv[:, d])[0]:+.3f}"
/home/likun-share/junjxu/wm/phyworld/scripts/rollout_eval_id1k.py:288: ConstantInputWarning: An input array is constant; the correlation coefficient is not defined.
  line += f"  vel{d}ρ={pearsonr(vel_all[m][:, d], pv[:, d])[0]:+.3f}"
/home/likun-share/junjxu/wm/phyworld/scripts/rollout_eval_id1k.py:288: ConstantInputWarning: An input array is constant; the correlation coefficient is not defined.
  line += f"  vel{d}ρ={pearsonr(vel_all[m][:, d], pv[:, d])[0]:+.3f}"
/home/likun-share/junjxu/wm/phyworld/scripts/rollout_eval_id1k.py:288: ConstantInputWarning: An input array is constant; the correlation coefficient is not defined.
  line += f"  vel{d}ρ={pearsonr(vel_all[m][:, d], pv[:, d])[0]:+.3f}"
/home/likun-share/junjxu/wm/phyworld/scripts/rollout_eval_id1k.py:296: ConstantInputWarning: An input array is constant; the correlation coefficient is not defined.
  rhos = [pearsonr(vel_all[m][:, d], pv[:, d])[0] for d in range(vel_all.shape[1])]
/home/likun-share/junjxu/wm/phyworld/scripts/rollout_eval_id1k.py:296: ConstantInputWarning: An input array is constant; the correlation coefficient is not defined.
  rhos = [pearsonr(vel_all[m][:, d], pv[:, d])[0] for d in range(vel_all.shape[1])]
/home/likun-share/junjxu/wm/phyworld/scripts/rollout_eval_id1k.py:296: ConstantInputWarning: An input array is constant; the correlation coefficient is not defined.
  rhos = [pearsonr(vel_all[m][:, d], pv[:, d])[0] for d in range(vel_all.shape[1])]
/home/likun-share/junjxu/wm/phyworld/scripts/rollout_eval_id1k.py:296: ConstantInputWarning: An input array is constant; the correlation coefficient is not defined.
  rhos = [pearsonr(vel_all[m][:, d], pv[:, d])[0] for d in range(vel_all.shape[1])]

=== uniform_motion AR ROLLOUT (LeWM ID-only FT, history_size=3) ===
--- latent fidelity (pred vs real emb), test trajs, by partition ---
  ID         n=  406  cos=+0.8382  nMSE=0.3368
  r/m-OOD    n=  464  cos=+0.7270  nMSE=0.5212
  v-OOD      n=  841  cos=+0.7859  nMSE=0.4735
  both-OOD   n= 1189  cos=+0.7421  nMSE=0.5673

--- latent fidelity vs horizon (test, aggregate) ---
  h=  1  n=  100  cos=+0.9668  nMSE=0.0683
  h=  2  n=  100  cos=+0.9389  nMSE=0.1238
  h=  4  n=  100  cos=+0.8817  nMSE=0.2264
  h=  8  n=  100  cos=+0.7373  nMSE=0.4826
  h= 16  n=  100  cos=+0.6743  nMSE=0.6554
  h= 28  n=  100  cos=+0.7906  nMSE=0.6130

--- decoded pos/vel ρ from ROLLED-OUT latents (test), by partition ---
  [baseline] probe applied to REAL embs:
  REAL ID                   pos0ρ=+0.979  pos1ρ=+0.983  vel0ρ=+0.290  vel1ρ=+nan
  REAL r/m-OOD              pos0ρ=+0.969  pos1ρ=+0.929  vel0ρ=+0.467  vel1ρ=+nan
  REAL v-OOD                pos0ρ=+0.960  pos1ρ=+0.832  vel0ρ=+0.490  vel1ρ=+nan
  REAL both-OOD             pos0ρ=+0.959  pos1ρ=+0.868  vel0ρ=+0.610  vel1ρ=+nan
  [rollout] probe applied to PREDICTED embs:
  PRED ID                   pos0ρ=+0.938  pos1ρ=+0.898  vel0ρ=+0.341  vel1ρ=+nan
  PRED r/m-OOD              pos0ρ=+0.895  pos1ρ=+0.848  vel0ρ=+0.349  vel1ρ=+nan
  PRED v-OOD                pos0ρ=+0.905  pos1ρ=+0.755  vel0ρ=+0.615  vel1ρ=+nan
  PRED both-OOD             pos0ρ=+0.888  pos1ρ=+0.714  vel0ρ=+0.699  vel1ρ=+nan

--- decoded vel ρ from PRED latents vs horizon (test, aggregate) ---
  h=  1  n=  100  vel0ρ=+0.054  vel1ρ=+nan
  h=  2  n=  100  vel0ρ=+0.145  vel1ρ=+nan
  h=  4  n=  100  vel0ρ=+0.283  vel1ρ=+nan
  h=  8  n=  100  vel0ρ=+0.432  vel1ρ=+nan
  h= 16  n=  100  vel0ρ=+0.769  vel1ρ=+nan
  h= 28  n=  100  vel0ρ=+0.871  vel1ρ=+nan

--- [K=4] decoded pos/vel ρ from ROLLED-OUT latents (test), by partition ---
  [K=4] probe applied to PREDICTED embs (stack 4 consecutive predicted latents):
  PRED-K4 ID          pos0ρ=+0.930  pos1ρ=+0.908  vel0ρ=+0.671  vel1ρ=+nan
  PRED-K4 r/m-OOD     pos0ρ=+0.883  pos1ρ=+0.872  vel0ρ=+0.748  vel1ρ=+nan
  PRED-K4 v-OOD       pos0ρ=+0.916  pos1ρ=+0.775  vel0ρ=+0.912  vel1ρ=+nan
  PRED-K4 both-OOD    pos0ρ=+0.902  pos1ρ=+0.727  vel0ρ=+0.917  vel1ρ=+nan

--- [K=4] decoded vel ρ from PRED latents vs horizon (test, aggregate) ---
  h=  4  n=  100  vel0ρ=+0.824  vel1ρ=+nan
  h=  8  n=  100  vel0ρ=+0.867  vel1ρ=+nan
  h= 16  n=  100  vel0ρ=+0.915  vel1ρ=+nan
  h= 28  n=  100  vel0ρ=+0.956  vel1ρ=+nan

Total 91s
