[norm] action mean=[ 0.24667731 -0.40296947], std=[0.08836433 0.229554  ]  (from phyworld_parabola_id1k.h5)
[ckpt] /data1/likun-share/junjxu/.stable_worldmodel/parabola_sw_w10p0_f1_id1k/parabola_sw_w10p0_f1_id1k_epoch_20_object.ckpt  tag=w10.0f1
  rolled out 100 trajs, t=21s
  rolled out 200 trajs, t=36s
  rolled out 300 trajs, t=51s
  rolled out 400 trajs, t=64s
  rolled out 500 trajs, t=76s

[data] 500 trajs, 14500 (frame,pred) pairs, emb dim=192
/home/likun-share/junjxu/wm/phyworld/scripts/rollout_eval_id1k.py:242: ConstantInputWarning: An input array is constant; the correlation coefficient is not defined.
  rhos = [pearsonr(vel_all[m][:, d], pv[:, d])[0] for d in range(vel_all.shape[1])]
/home/likun-share/junjxu/wm/phyworld/scripts/rollout_eval_id1k.py:242: NearConstantInputWarning: An input array is nearly constant; the computed correlation coefficient may be inaccurate.
  rhos = [pearsonr(vel_all[m][:, d], pv[:, d])[0] for d in range(vel_all.shape[1])]
/home/likun-share/junjxu/wm/phyworld/scripts/rollout_eval_id1k.py:242: NearConstantInputWarning: An input array is nearly constant; the computed correlation coefficient may be inaccurate.
  rhos = [pearsonr(vel_all[m][:, d], pv[:, d])[0] for d in range(vel_all.shape[1])]
/home/likun-share/junjxu/wm/phyworld/scripts/rollout_eval_id1k.py:296: ConstantInputWarning: An input array is constant; the correlation coefficient is not defined.
  rhos = [pearsonr(vel_all[m][:, d], pv[:, d])[0] for d in range(vel_all.shape[1])]
/home/likun-share/junjxu/wm/phyworld/scripts/rollout_eval_id1k.py:296: NearConstantInputWarning: An input array is nearly constant; the computed correlation coefficient may be inaccurate.
  rhos = [pearsonr(vel_all[m][:, d], pv[:, d])[0] for d in range(vel_all.shape[1])]
/home/likun-share/junjxu/wm/phyworld/scripts/rollout_eval_id1k.py:296: NearConstantInputWarning: An input array is nearly constant; the computed correlation coefficient may be inaccurate.
  rhos = [pearsonr(vel_all[m][:, d], pv[:, d])[0] for d in range(vel_all.shape[1])]

=== parabola AR ROLLOUT (LeWM ID-only FT, history_size=3) ===
--- latent fidelity (pred vs real emb), test trajs, by partition ---
  ID         n=  464  cos=+0.9766  nMSE=0.0470
  r/m-OOD    n=  319  cos=+0.9212  nMSE=0.1833
  v-OOD      n=  928  cos=+0.7597  nMSE=0.4478
  both-OOD   n= 1189  cos=+0.7556  nMSE=0.4612

--- latent fidelity vs horizon (test, aggregate) ---
  h=  1  n=  100  cos=+0.9831  nMSE=0.0465
  h=  2  n=  100  cos=+0.9731  nMSE=0.0747
  h=  4  n=  100  cos=+0.9551  nMSE=0.1142
  h=  8  n=  100  cos=+0.9142  nMSE=0.2245
  h= 16  n=  100  cos=+0.7243  nMSE=0.5438
  h= 28  n=  100  cos=+0.8230  nMSE=3663998.7500

--- decoded pos/vel ρ from ROLLED-OUT latents (test), by partition ---
  [baseline] probe applied to REAL embs:
  REAL ID                   pos0ρ=+0.950  pos1ρ=+0.984  vel0ρ=+0.190  vel1ρ=+0.988
  REAL r/m-OOD              pos0ρ=+0.915  pos1ρ=+0.980  vel0ρ=+0.449  vel1ρ=+0.984
  REAL v-OOD                pos0ρ=+0.888  pos1ρ=+0.903  vel0ρ=+0.624  vel1ρ=+0.951
  REAL both-OOD             pos0ρ=+0.854  pos1ρ=+0.915  vel0ρ=+0.638  vel1ρ=+0.959
  [rollout] probe applied to PREDICTED embs:
  PRED ID                   pos0ρ=+0.952  pos1ρ=+0.984  vel0ρ=+0.172  vel1ρ=+0.988
  PRED r/m-OOD              pos0ρ=+0.911  pos1ρ=+0.970  vel0ρ=+0.520  vel1ρ=+0.982
  PRED v-OOD                pos0ρ=+0.871  pos1ρ=+0.925  vel0ρ=+0.717  vel1ρ=+0.969
  PRED both-OOD             pos0ρ=+0.812  pos1ρ=+0.918  vel0ρ=+0.743  vel1ρ=+0.964

--- decoded vel ρ from PRED latents vs horizon (test, aggregate) ---
  h=  1  n=  100  vel0ρ=+0.205  vel1ρ=-0.074
  h=  2  n=  100  vel0ρ=+0.323  vel1ρ=-0.049
  h=  4  n=  100  vel0ρ=+0.550  vel1ρ=-0.106
  h=  8  n=  100  vel0ρ=+0.769  vel1ρ=+nan
  h= 16  n=  100  vel0ρ=+0.871  vel1ρ=-0.208
  h= 28  n=  100  vel0ρ=+0.057  vel1ρ=+0.133

--- [K=4] decoded pos/vel ρ from ROLLED-OUT latents (test), by partition ---
  [K=4] probe applied to PREDICTED embs (stack 4 consecutive predicted latents):
  PRED-K4 ID          pos0ρ=+0.947  pos1ρ=+0.987  vel0ρ=+0.713  vel1ρ=+0.990
  PRED-K4 r/m-OOD     pos0ρ=+0.946  pos1ρ=+0.977  vel0ρ=+0.704  vel1ρ=+0.982
  PRED-K4 v-OOD       pos0ρ=+0.905  pos1ρ=+0.936  vel0ρ=+0.769  vel1ρ=+0.961
  PRED-K4 both-OOD    pos0ρ=+0.869  pos1ρ=+0.923  vel0ρ=+0.797  vel1ρ=+0.950

--- [K=4] decoded vel ρ from PRED latents vs horizon (test, aggregate) ---
  h=  4  n=  100  vel0ρ=+0.897  vel1ρ=-0.158
  h=  8  n=  100  vel0ρ=+0.901  vel1ρ=+nan
  h= 16  n=  100  vel0ρ=+0.900  vel1ρ=+0.080
  h= 28  n=  100  vel0ρ=+0.585  vel1ρ=+0.030

Total 77s
