[norm] action mean=[-0.01484401  0.          0.01575156  0.        ], std=[7.72976437e-02 1.00000000e-08 8.20558954e-02 1.00000000e-08]  (from phyworld_collision_id1k.h5)
[ckpt] /data1/likun-share/junjxu/.stable_worldmodel/collision_sw_w10p0_f2_id1k/collision_sw_w10p0_f2_id1k_epoch_20_object.ckpt  tag=w10.0f2
  rolled out 100 trajs, t=21s
  rolled out 200 trajs, t=36s
  rolled out 300 trajs, t=50s
  rolled out 400 trajs, t=65s
  rolled out 500 trajs, t=80s

[data] 500 trajs, 14500 (frame,pred) pairs, emb dim=192

=== collision AR ROLLOUT (LeWM ID-only FT, history_size=3) ===
--- latent fidelity (pred vs real emb), test trajs, by partition ---
  ID         n=  203  cos=+0.7013  nMSE=0.6856
  r/m-OOD    n=  754  cos=+0.6832  nMSE=0.5756
  v-OOD      n=  290  cos=+0.4333  nMSE=1.3700
  both-OOD   n= 1653  cos=+0.5514  nMSE=0.7756

--- latent fidelity vs horizon (test, aggregate) ---
  h=  1  n=  100  cos=+0.9884  nMSE=0.0276
  h=  2  n=  100  cos=+0.9663  nMSE=0.0732
  h=  4  n=  100  cos=+0.8892  nMSE=0.2184
  h=  8  n=  100  cos=+0.7576  nMSE=0.4540
  h= 16  n=  100  cos=+0.5296  nMSE=0.8481
  h= 28  n=  100  cos=+0.3116  nMSE=1.4272

--- decoded pos/vel ρ from ROLLED-OUT latents (test), by partition ---
  [baseline] probe applied to REAL embs:
  REAL ID                   pos0ρ=+0.947  pos1ρ=+0.948  vel0ρ=+0.783  vel1ρ=+0.773
  REAL r/m-OOD              pos0ρ=+0.839  pos1ρ=+0.797  vel0ρ=+0.798  vel1ρ=+0.745
  REAL v-OOD                pos0ρ=+0.951  pos1ρ=+0.963  vel0ρ=+0.732  vel1ρ=+0.730
  REAL both-OOD             pos0ρ=+0.910  pos1ρ=+0.868  vel0ρ=+0.903  vel1ρ=+0.790
  [rollout] probe applied to PREDICTED embs:
  PRED ID                   pos0ρ=+0.649  pos1ρ=+0.782  vel0ρ=+0.574  vel1ρ=+0.645
  PRED r/m-OOD              pos0ρ=+0.582  pos1ρ=+0.654  vel0ρ=+0.730  vel1ρ=+0.656
  PRED v-OOD                pos0ρ=+0.757  pos1ρ=+0.445  vel0ρ=+0.571  vel1ρ=+0.437
  PRED both-OOD             pos0ρ=+0.629  pos1ρ=+0.646  vel0ρ=+0.773  vel1ρ=+0.670

--- decoded vel ρ from PRED latents vs horizon (test, aggregate) ---
  h=  1  n=  100  vel0ρ=+0.235  vel1ρ=+0.109
  h=  2  n=  100  vel0ρ=+0.252  vel1ρ=+0.144
  h=  4  n=  100  vel0ρ=+0.222  vel1ρ=+0.235
  h=  8  n=  100  vel0ρ=+0.627  vel1ρ=+0.513
  h= 16  n=  100  vel0ρ=+0.804  vel1ρ=+0.712
  h= 28  n=  100  vel0ρ=+0.733  vel1ρ=+0.739

--- [K=4] decoded pos/vel ρ from ROLLED-OUT latents (test), by partition ---
  [K=4] probe applied to PREDICTED embs (stack 4 consecutive predicted latents):
  PRED-K4 ID          pos0ρ=+0.722  pos1ρ=+0.875  vel0ρ=+0.742  vel1ρ=+0.837
  PRED-K4 r/m-OOD     pos0ρ=+0.648  pos1ρ=+0.699  vel0ρ=+0.823  vel1ρ=+0.775
  PRED-K4 v-OOD       pos0ρ=+0.722  pos1ρ=+0.523  vel0ρ=+0.563  vel1ρ=+0.600
  PRED-K4 both-OOD    pos0ρ=+0.671  pos1ρ=+0.626  vel0ρ=+0.810  vel1ρ=+0.703

--- [K=4] decoded vel ρ from PRED latents vs horizon (test, aggregate) ---
  h=  4  n=  100  vel0ρ=+0.318  vel1ρ=+0.635
  h=  8  n=  100  vel0ρ=+0.815  vel1ρ=+0.762
  h= 16  n=  100  vel0ρ=+0.806  vel1ρ=+0.766
  h= 28  n=  100  vel0ρ=+0.722  vel1ρ=+0.690

Total 81s
