[norm] action mean=[-0.01484401  0.          0.01575156  0.        ], std=[7.72976437e-02 1.00000000e-08 8.20558954e-02 1.00000000e-08]  (from phyworld_collision_id1k.h5)
[ckpt] /data1/likun-share/junjxu/.stable_worldmodel/collision_sw_w30p0_f1_id1k/collision_sw_w30p0_f1_id1k_epoch_20_object.ckpt  tag=w30.0f1
  rolled out 100 trajs, t=18s
  rolled out 200 trajs, t=32s
  rolled out 300 trajs, t=47s
  rolled out 400 trajs, t=61s
  rolled out 500 trajs, t=75s

[data] 500 trajs, 14500 (frame,pred) pairs, emb dim=192

=== collision AR ROLLOUT (LeWM ID-only FT, history_size=3) ===
--- latent fidelity (pred vs real emb), test trajs, by partition ---
  ID         n=  203  cos=+0.5541  nMSE=0.9969
  r/m-OOD    n=  754  cos=+0.6175  nMSE=0.7006
  v-OOD      n=  290  cos=+0.3989  nMSE=1.3778
  both-OOD   n= 1653  cos=+0.4400  nMSE=1.1390

--- latent fidelity vs horizon (test, aggregate) ---
  h=  1  n=  100  cos=+0.9542  nMSE=0.0969
  h=  2  n=  100  cos=+0.9032  nMSE=0.2018
  h=  4  n=  100  cos=+0.7624  nMSE=0.5040
  h=  8  n=  100  cos=+0.6140  nMSE=0.7754
  h= 16  n=  100  cos=+0.4371  nMSE=1.0042
  h= 28  n=  100  cos=+0.2716  nMSE=1.7295

--- decoded pos/vel ρ from ROLLED-OUT latents (test), by partition ---
  [baseline] probe applied to REAL embs:
  REAL ID                   pos0ρ=+0.935  pos1ρ=+0.936  vel0ρ=+0.767  vel1ρ=+0.762
  REAL r/m-OOD              pos0ρ=+0.827  pos1ρ=+0.770  vel0ρ=+0.786  vel1ρ=+0.748
  REAL v-OOD                pos0ρ=+0.937  pos1ρ=+0.930  vel0ρ=+0.693  vel1ρ=+0.706
  REAL both-OOD             pos0ρ=+0.903  pos1ρ=+0.862  vel0ρ=+0.888  vel1ρ=+0.780
  [rollout] probe applied to PREDICTED embs:
  PRED ID                   pos0ρ=+0.602  pos1ρ=+0.783  vel0ρ=+0.492  vel1ρ=+0.623
  PRED r/m-OOD              pos0ρ=+0.583  pos1ρ=+0.637  vel0ρ=+0.680  vel1ρ=+0.665
  PRED v-OOD                pos0ρ=+0.423  pos1ρ=+0.053  vel0ρ=+0.402  vel1ρ=+0.269
  PRED both-OOD             pos0ρ=+0.497  pos1ρ=+0.725  vel0ρ=+0.687  vel1ρ=+0.722

--- decoded vel ρ from PRED latents vs horizon (test, aggregate) ---
  h=  1  n=  100  vel0ρ=+0.192  vel1ρ=-0.042
  h=  2  n=  100  vel0ρ=+0.190  vel1ρ=-0.020
  h=  4  n=  100  vel0ρ=+0.179  vel1ρ=+0.053
  h=  8  n=  100  vel0ρ=+0.549  vel1ρ=+0.621
  h= 16  n=  100  vel0ρ=+0.729  vel1ρ=+0.790
  h= 28  n=  100  vel0ρ=+0.695  vel1ρ=+0.756

--- [K=4] decoded pos/vel ρ from ROLLED-OUT latents (test), by partition ---
  [K=4] probe applied to PREDICTED embs (stack 4 consecutive predicted latents):
  PRED-K4 ID          pos0ρ=+0.602  pos1ρ=+0.806  vel0ρ=+0.536  vel1ρ=+0.810
  PRED-K4 r/m-OOD     pos0ρ=+0.623  pos1ρ=+0.646  vel0ρ=+0.752  vel1ρ=+0.700
  PRED-K4 v-OOD       pos0ρ=+0.366  pos1ρ=+0.123  vel0ρ=+0.248  vel1ρ=+0.293
  PRED-K4 both-OOD    pos0ρ=+0.547  pos1ρ=+0.736  vel0ρ=+0.729  vel1ρ=+0.759

--- [K=4] decoded vel ρ from PRED latents vs horizon (test, aggregate) ---
  h=  4  n=  100  vel0ρ=+0.199  vel1ρ=+0.182
  h=  8  n=  100  vel0ρ=+0.578  vel1ρ=+0.634
  h= 16  n=  100  vel0ρ=+0.759  vel1ρ=+0.798
  h= 28  n=  100  vel0ρ=+0.679  vel1ρ=+0.756

Total 76s
