[norm] action mean=[ 0.24667731 -0.40296947], std=[0.08836433 0.229554  ]  (from phyworld_parabola_id1k.h5)
[ckpt] /data1/likun-share/junjxu/.stable_worldmodel/parabola_sw_w0p1_f1_id1k/parabola_sw_w0p1_f1_id1k_epoch_20_object.ckpt  tag=w0.1f1
  rolled out 100 trajs, t=17s
  rolled out 200 trajs, t=31s
  rolled out 300 trajs, t=44s
  rolled out 400 trajs, t=57s
  rolled out 500 trajs, t=69s

[data] 500 trajs, 14500 (frame,pred) pairs, emb dim=192
/home/likun-share/junjxu/wm/phyworld/scripts/rollout_eval_id1k.py:242: ConstantInputWarning: An input array is constant; the correlation coefficient is not defined.
  rhos = [pearsonr(vel_all[m][:, d], pv[:, d])[0] for d in range(vel_all.shape[1])]
/home/likun-share/junjxu/wm/phyworld/scripts/rollout_eval_id1k.py:242: NearConstantInputWarning: An input array is nearly constant; the computed correlation coefficient may be inaccurate.
  rhos = [pearsonr(vel_all[m][:, d], pv[:, d])[0] for d in range(vel_all.shape[1])]
/home/likun-share/junjxu/wm/phyworld/scripts/rollout_eval_id1k.py:242: NearConstantInputWarning: An input array is nearly constant; the computed correlation coefficient may be inaccurate.
  rhos = [pearsonr(vel_all[m][:, d], pv[:, d])[0] for d in range(vel_all.shape[1])]
/home/likun-share/junjxu/wm/phyworld/scripts/rollout_eval_id1k.py:296: ConstantInputWarning: An input array is constant; the correlation coefficient is not defined.
  rhos = [pearsonr(vel_all[m][:, d], pv[:, d])[0] for d in range(vel_all.shape[1])]
/home/likun-share/junjxu/wm/phyworld/scripts/rollout_eval_id1k.py:296: NearConstantInputWarning: An input array is nearly constant; the computed correlation coefficient may be inaccurate.
  rhos = [pearsonr(vel_all[m][:, d], pv[:, d])[0] for d in range(vel_all.shape[1])]
/home/likun-share/junjxu/wm/phyworld/scripts/rollout_eval_id1k.py:296: NearConstantInputWarning: An input array is nearly constant; the computed correlation coefficient may be inaccurate.
  rhos = [pearsonr(vel_all[m][:, d], pv[:, d])[0] for d in range(vel_all.shape[1])]

=== parabola AR ROLLOUT (LeWM ID-only FT, history_size=3) ===
--- latent fidelity (pred vs real emb), test trajs, by partition ---
  ID         n=  464  cos=+0.9759  nMSE=0.0435
  r/m-OOD    n=  319  cos=+0.8096  nMSE=0.4457
  v-OOD      n=  928  cos=+0.6222  nMSE=0.6181
  both-OOD   n= 1189  cos=+0.5275  nMSE=1.0636

--- latent fidelity vs horizon (test, aggregate) ---
  h=  1  n=  100  cos=+0.9715  nMSE=0.0472
  h=  2  n=  100  cos=+0.9224  nMSE=0.1260
  h=  4  n=  100  cos=+0.8468  nMSE=0.2756
  h=  8  n=  100  cos=+0.8092  nMSE=0.3679
  h= 16  n=  100  cos=+0.5185  nMSE=0.9433
  h= 28  n=  100  cos=+0.7234  nMSE=10363386.0000

--- decoded pos/vel ρ from ROLLED-OUT latents (test), by partition ---
  [baseline] probe applied to REAL embs:
  REAL ID                   pos0ρ=+0.940  pos1ρ=+0.968  vel0ρ=+0.327  vel1ρ=+0.972
  REAL r/m-OOD              pos0ρ=+0.912  pos1ρ=+0.975  vel0ρ=+0.486  vel1ρ=+0.981
  REAL v-OOD                pos0ρ=+0.888  pos1ρ=+0.900  vel0ρ=+0.580  vel1ρ=+0.951
  REAL both-OOD             pos0ρ=+0.851  pos1ρ=+0.912  vel0ρ=+0.649  vel1ρ=+0.957
  [rollout] probe applied to PREDICTED embs:
  PRED ID                   pos0ρ=+0.936  pos1ρ=+0.965  vel0ρ=+0.314  vel1ρ=+0.967
  PRED r/m-OOD              pos0ρ=+0.873  pos1ρ=+0.953  vel0ρ=+0.387  vel1ρ=+0.956
  PRED v-OOD                pos0ρ=+0.850  pos1ρ=+0.915  vel0ρ=+0.672  vel1ρ=+0.921
  PRED both-OOD             pos0ρ=+0.747  pos1ρ=+0.878  vel0ρ=+0.684  vel1ρ=+0.888

--- decoded vel ρ from PRED latents vs horizon (test, aggregate) ---
  h=  1  n=  100  vel0ρ=+0.312  vel1ρ=+0.068
  h=  2  n=  100  vel0ρ=+0.369  vel1ρ=+0.105
  h=  4  n=  100  vel0ρ=+0.405  vel1ρ=+0.308
  h=  8  n=  100  vel0ρ=+0.534  vel1ρ=+nan
  h= 16  n=  100  vel0ρ=+0.914  vel1ρ=-0.183
  h= 28  n=  100  vel0ρ=+0.371  vel1ρ=-0.053

--- [K=4] decoded pos/vel ρ from ROLLED-OUT latents (test), by partition ---
  [K=4] probe applied to PREDICTED embs (stack 4 consecutive predicted latents):
  PRED-K4 ID          pos0ρ=+0.931  pos1ρ=+0.973  vel0ρ=+0.558  vel1ρ=+0.975
  PRED-K4 r/m-OOD     pos0ρ=+0.877  pos1ρ=+0.958  vel0ρ=+0.600  vel1ρ=+0.970
  PRED-K4 v-OOD       pos0ρ=+0.836  pos1ρ=+0.851  vel0ρ=+0.613  vel1ρ=+0.866
  PRED-K4 both-OOD    pos0ρ=+0.743  pos1ρ=+0.815  vel0ρ=+0.646  vel1ρ=+0.857

--- [K=4] decoded vel ρ from PRED latents vs horizon (test, aggregate) ---
  h=  4  n=  100  vel0ρ=+0.698  vel1ρ=-0.039
  h=  8  n=  100  vel0ρ=+0.735  vel1ρ=+nan
  h= 16  n=  100  vel0ρ=+0.748  vel1ρ=-0.205
  h= 28  n=  100  vel0ρ=+0.383  vel1ρ=-0.068

Total 70s
