[norm] action mean=[-0.01484401  0.          0.01575156  0.        ], std=[7.72976437e-02 1.00000000e-08 8.20558954e-02 1.00000000e-08]  (from phyworld_collision_id1k.h5)
[ckpt] /data1/likun-share/junjxu/.stable_worldmodel/collision_sw_w10p0_f4_id1k/collision_sw_w10p0_f4_id1k_epoch_20_object.ckpt  tag=w10.0f4
  rolled out 100 trajs, t=17s
  rolled out 200 trajs, t=30s
  rolled out 300 trajs, t=44s
  rolled out 400 trajs, t=57s
  rolled out 500 trajs, t=70s

[data] 500 trajs, 14500 (frame,pred) pairs, emb dim=192

=== collision AR ROLLOUT (LeWM ID-only FT, history_size=3) ===
--- latent fidelity (pred vs real emb), test trajs, by partition ---
  ID         n=  203  cos=+0.6934  nMSE=0.6490
  r/m-OOD    n=  754  cos=+0.6461  nMSE=0.7289
  v-OOD      n=  290  cos=+0.5032  nMSE=1.0835
  both-OOD   n= 1653  cos=+0.4798  nMSE=1.0868

--- latent fidelity vs horizon (test, aggregate) ---
  h=  1  n=  100  cos=+0.9898  nMSE=0.0241
  h=  2  n=  100  cos=+0.9707  nMSE=0.0657
  h=  4  n=  100  cos=+0.8989  nMSE=0.2155
  h=  8  n=  100  cos=+0.7107  nMSE=0.5951
  h= 16  n=  100  cos=+0.4314  nMSE=1.1060
  h= 28  n=  100  cos=+0.2960  nMSE=1.6716

--- decoded pos/vel ρ from ROLLED-OUT latents (test), by partition ---
  [baseline] probe applied to REAL embs:
  REAL ID                   pos0ρ=+0.930  pos1ρ=+0.941  vel0ρ=+0.749  vel1ρ=+0.790
  REAL r/m-OOD              pos0ρ=+0.843  pos1ρ=+0.789  vel0ρ=+0.797  vel1ρ=+0.733
  REAL v-OOD                pos0ρ=+0.946  pos1ρ=+0.943  vel0ρ=+0.754  vel1ρ=+0.773
  REAL both-OOD             pos0ρ=+0.912  pos1ρ=+0.865  vel0ρ=+0.905  vel1ρ=+0.782
  [rollout] probe applied to PREDICTED embs:
  PRED ID                   pos0ρ=+0.282  pos1ρ=+0.638  vel0ρ=+0.340  vel1ρ=+0.638
  PRED r/m-OOD              pos0ρ=+0.490  pos1ρ=+0.513  vel0ρ=+0.590  vel1ρ=+0.632
  PRED v-OOD                pos0ρ=+0.771  pos1ρ=+0.465  vel0ρ=+0.489  vel1ρ=+0.290
  PRED both-OOD             pos0ρ=+0.434  pos1ρ=+0.709  vel0ρ=+0.559  vel1ρ=+0.742

--- decoded vel ρ from PRED latents vs horizon (test, aggregate) ---
  h=  1  n=  100  vel0ρ=+0.193  vel1ρ=+0.179
  h=  2  n=  100  vel0ρ=+0.241  vel1ρ=+0.196
  h=  4  n=  100  vel0ρ=+0.221  vel1ρ=+0.195
  h=  8  n=  100  vel0ρ=+0.439  vel1ρ=+0.604
  h= 16  n=  100  vel0ρ=+0.610  vel1ρ=+0.721
  h= 28  n=  100  vel0ρ=+0.512  vel1ρ=+0.680

--- [K=4] decoded pos/vel ρ from ROLLED-OUT latents (test), by partition ---
  [K=4] probe applied to PREDICTED embs (stack 4 consecutive predicted latents):
  PRED-K4 ID          pos0ρ=+0.402  pos1ρ=+0.856  vel0ρ=+0.455  vel1ρ=+0.890
  PRED-K4 r/m-OOD     pos0ρ=+0.555  pos1ρ=+0.577  vel0ρ=+0.696  vel1ρ=+0.652
  PRED-K4 v-OOD       pos0ρ=+0.711  pos1ρ=+0.522  vel0ρ=+0.501  vel1ρ=+0.493
  PRED-K4 both-OOD    pos0ρ=+0.477  pos1ρ=+0.714  vel0ρ=+0.622  vel1ρ=+0.770

--- [K=4] decoded vel ρ from PRED latents vs horizon (test, aggregate) ---
  h=  4  n=  100  vel0ρ=+0.292  vel1ρ=+0.461
  h=  8  n=  100  vel0ρ=+0.702  vel1ρ=+0.724
  h= 16  n=  100  vel0ρ=+0.614  vel1ρ=+0.749
  h= 28  n=  100  vel0ρ=+0.543  vel1ρ=+0.659

Total 70s
