[norm] action mean=[-0.01484401  0.          0.01575156  0.        ], std=[7.72976437e-02 1.00000000e-08 8.20558954e-02 1.00000000e-08]  (from phyworld_collision_id1k.h5)
[ckpt] /data1/likun-share/junjxu/.stable_worldmodel/collision_sw_w50p0_f1_id1k/collision_sw_w50p0_f1_id1k_epoch_20_object.ckpt  tag=w50.0f1
  rolled out 100 trajs, t=18s
  rolled out 200 trajs, t=31s
  rolled out 300 trajs, t=45s
  rolled out 400 trajs, t=57s
  rolled out 500 trajs, t=69s

[data] 500 trajs, 14500 (frame,pred) pairs, emb dim=192

=== collision AR ROLLOUT (LeWM ID-only FT, history_size=3) ===
--- latent fidelity (pred vs real emb), test trajs, by partition ---
  ID         n=  203  cos=+0.5384  nMSE=0.9107
  r/m-OOD    n=  754  cos=+0.5613  nMSE=0.7709
  v-OOD      n=  290  cos=+0.3678  nMSE=1.3835
  both-OOD   n= 1653  cos=+0.4474  nMSE=1.1159

--- latent fidelity vs horizon (test, aggregate) ---
  h=  1  n=  100  cos=+0.9331  nMSE=0.1337
  h=  2  n=  100  cos=+0.8854  nMSE=0.2290
  h=  4  n=  100  cos=+0.7794  nMSE=0.4297
  h=  8  n=  100  cos=+0.6554  nMSE=0.6351
  h= 16  n=  100  cos=+0.3982  nMSE=1.0861
  h= 28  n=  100  cos=+0.2534  nMSE=1.7863

--- decoded pos/vel ρ from ROLLED-OUT latents (test), by partition ---
  [baseline] probe applied to REAL embs:
  REAL ID                   pos0ρ=+0.937  pos1ρ=+0.951  vel0ρ=+0.782  vel1ρ=+0.780
  REAL r/m-OOD              pos0ρ=+0.834  pos1ρ=+0.795  vel0ρ=+0.783  vel1ρ=+0.753
  REAL v-OOD                pos0ρ=+0.948  pos1ρ=+0.934  vel0ρ=+0.722  vel1ρ=+0.673
  REAL both-OOD             pos0ρ=+0.901  pos1ρ=+0.860  vel0ρ=+0.893  vel1ρ=+0.787
  [rollout] probe applied to PREDICTED embs:
  PRED ID                   pos0ρ=+0.759  pos1ρ=+0.753  vel0ρ=+0.539  vel1ρ=+0.555
  PRED r/m-OOD              pos0ρ=+0.496  pos1ρ=+0.626  vel0ρ=+0.632  vel1ρ=+0.656
  PRED v-OOD                pos0ρ=+0.566  pos1ρ=+0.501  vel0ρ=+0.323  vel1ρ=+0.312
  PRED both-OOD             pos0ρ=+0.530  pos1ρ=+0.728  vel0ρ=+0.736  vel1ρ=+0.697

--- decoded vel ρ from PRED latents vs horizon (test, aggregate) ---
  h=  1  n=  100  vel0ρ=+0.212  vel1ρ=+0.022
  h=  2  n=  100  vel0ρ=+0.213  vel1ρ=+0.021
  h=  4  n=  100  vel0ρ=+0.182  vel1ρ=+0.011
  h=  8  n=  100  vel0ρ=+0.517  vel1ρ=+0.560
  h= 16  n=  100  vel0ρ=+0.762  vel1ρ=+0.758
  h= 28  n=  100  vel0ρ=+0.715  vel1ρ=+0.739

--- [K=4] decoded pos/vel ρ from ROLLED-OUT latents (test), by partition ---
  [K=4] probe applied to PREDICTED embs (stack 4 consecutive predicted latents):
  PRED-K4 ID          pos0ρ=+0.756  pos1ρ=+0.785  vel0ρ=+0.727  vel1ρ=+0.746
  PRED-K4 r/m-OOD     pos0ρ=+0.539  pos1ρ=+0.642  vel0ρ=+0.685  vel1ρ=+0.682
  PRED-K4 v-OOD       pos0ρ=+0.474  pos1ρ=+0.502  vel0ρ=+0.300  vel1ρ=+0.308
  PRED-K4 both-OOD    pos0ρ=+0.591  pos1ρ=+0.747  vel0ρ=+0.728  vel1ρ=+0.757

--- [K=4] decoded vel ρ from PRED latents vs horizon (test, aggregate) ---
  h=  4  n=  100  vel0ρ=+0.320  vel1ρ=+0.114
  h=  8  n=  100  vel0ρ=+0.486  vel1ρ=+0.615
  h= 16  n=  100  vel0ρ=+0.762  vel1ρ=+0.773
  h= 28  n=  100  vel0ρ=+0.693  vel1ρ=+0.758

Total 70s
