[norm] action mean=[-0.01484401  0.          0.01575156  0.        ], std=[7.72976437e-02 1.00000000e-08 8.20558954e-02 1.00000000e-08]  (from phyworld_collision_id1k.h5)
[ckpt] /data1/likun-share/junjxu/.stable_worldmodel/collision_sw_w1p0_f4_id1k/collision_sw_w1p0_f4_id1k_epoch_20_object.ckpt  tag=w1.0f4
  rolled out 100 trajs, t=20s
  rolled out 200 trajs, t=34s
  rolled out 300 trajs, t=48s
  rolled out 400 trajs, t=62s
  rolled out 500 trajs, t=77s

[data] 500 trajs, 14500 (frame,pred) pairs, emb dim=192

=== collision AR ROLLOUT (LeWM ID-only FT, history_size=3) ===
--- latent fidelity (pred vs real emb), test trajs, by partition ---
  ID         n=  203  cos=+0.5945  nMSE=0.8965
  r/m-OOD    n=  754  cos=+0.5777  nMSE=0.8486
  v-OOD      n=  290  cos=+0.5206  nMSE=1.0724
  both-OOD   n= 1653  cos=+0.4082  nMSE=1.2602

--- latent fidelity vs horizon (test, aggregate) ---
  h=  1  n=  100  cos=+0.9892  nMSE=0.0234
  h=  2  n=  100  cos=+0.9644  nMSE=0.0767
  h=  4  n=  100  cos=+0.8584  nMSE=0.3004
  h=  8  n=  100  cos=+0.6404  nMSE=0.7587
  h= 16  n=  100  cos=+0.3874  nMSE=1.2737
  h= 28  n=  100  cos=+0.2035  nMSE=1.7274

--- decoded pos/vel ρ from ROLLED-OUT latents (test), by partition ---
  [baseline] probe applied to REAL embs:
  REAL ID                   pos0ρ=+0.824  pos1ρ=+0.933  vel0ρ=+0.729  vel1ρ=+0.750
  REAL r/m-OOD              pos0ρ=+0.816  pos1ρ=+0.795  vel0ρ=+0.782  vel1ρ=+0.757
  REAL v-OOD                pos0ρ=+0.872  pos1ρ=+0.946  vel0ρ=+0.745  vel1ρ=+0.665
  REAL both-OOD             pos0ρ=+0.898  pos1ρ=+0.853  vel0ρ=+0.891  vel1ρ=+0.764
  [rollout] probe applied to PREDICTED embs:
  PRED ID                   pos0ρ=+0.109  pos1ρ=+0.762  vel0ρ=+0.269  vel1ρ=+0.603
  PRED r/m-OOD              pos0ρ=+0.406  pos1ρ=+0.516  vel0ρ=+0.583  vel1ρ=+0.485
  PRED v-OOD                pos0ρ=+0.780  pos1ρ=+0.456  vel0ρ=+0.517  vel1ρ=+0.378
  PRED both-OOD             pos0ρ=+0.235  pos1ρ=+0.253  vel0ρ=+0.308  vel1ρ=+0.416

--- decoded vel ρ from PRED latents vs horizon (test, aggregate) ---
  h=  1  n=  100  vel0ρ=+0.376  vel1ρ=+0.266
  h=  2  n=  100  vel0ρ=+0.387  vel1ρ=+0.280
  h=  4  n=  100  vel0ρ=+0.308  vel1ρ=+0.262
  h=  8  n=  100  vel0ρ=+0.274  vel1ρ=+0.336
  h= 16  n=  100  vel0ρ=+0.406  vel1ρ=+0.486
  h= 28  n=  100  vel0ρ=+0.260  vel1ρ=+0.431

--- [K=4] decoded pos/vel ρ from ROLLED-OUT latents (test), by partition ---
  [K=4] probe applied to PREDICTED embs (stack 4 consecutive predicted latents):
  PRED-K4 ID          pos0ρ=+0.114  pos1ρ=+0.871  vel0ρ=+0.056  vel1ρ=+0.794
  PRED-K4 r/m-OOD     pos0ρ=+0.431  pos1ρ=+0.516  vel0ρ=+0.647  vel1ρ=+0.538
  PRED-K4 v-OOD       pos0ρ=+0.704  pos1ρ=+0.553  vel0ρ=+0.472  vel1ρ=+0.608
  PRED-K4 both-OOD    pos0ρ=+0.232  pos1ρ=+0.304  vel0ρ=+0.483  vel1ρ=+0.432

--- [K=4] decoded vel ρ from PRED latents vs horizon (test, aggregate) ---
  h=  4  n=  100  vel0ρ=+0.441  vel1ρ=+0.387
  h=  8  n=  100  vel0ρ=+0.577  vel1ρ=+0.511
  h= 16  n=  100  vel0ρ=+0.505  vel1ρ=+0.483
  h= 28  n=  100  vel0ρ=+0.422  vel1ρ=+0.413

Total 78s
