[norm] action mean=[-0.01484401  0.          0.01575156  0.        ], std=[7.72976437e-02 1.00000000e-08 8.20558954e-02 1.00000000e-08]  (from phyworld_collision_id1k.h5)
[ckpt] /data1/likun-share/junjxu/.stable_worldmodel/collision_sw_w0p1_f4_id1k/collision_sw_w0p1_f4_id1k_epoch_20_object.ckpt  tag=w0.1f4
  rolled out 100 trajs, t=19s
  rolled out 200 trajs, t=34s
  rolled out 300 trajs, t=46s
  rolled out 400 trajs, t=58s
  rolled out 500 trajs, t=70s

[data] 500 trajs, 14500 (frame,pred) pairs, emb dim=192

=== collision AR ROLLOUT (LeWM ID-only FT, history_size=3) ===
--- latent fidelity (pred vs real emb), test trajs, by partition ---
  ID         n=  203  cos=+0.5575  nMSE=0.9799
  r/m-OOD    n=  754  cos=+0.5399  nMSE=0.9240
  v-OOD      n=  290  cos=+0.4050  nMSE=1.2600
  both-OOD   n= 1653  cos=+0.4429  nMSE=1.2003

--- latent fidelity vs horizon (test, aggregate) ---
  h=  1  n=  100  cos=+0.9897  nMSE=0.0219
  h=  2  n=  100  cos=+0.9643  nMSE=0.0740
  h=  4  n=  100  cos=+0.8655  nMSE=0.2770
  h=  8  n=  100  cos=+0.6427  nMSE=0.7277
  h= 16  n=  100  cos=+0.3436  nMSE=1.3466
  h= 28  n=  100  cos=+0.2280  nMSE=1.6876

--- decoded pos/vel ρ from ROLLED-OUT latents (test), by partition ---
  [baseline] probe applied to REAL embs:
  REAL ID                   pos0ρ=+0.799  pos1ρ=+0.859  vel0ρ=+0.552  vel1ρ=+0.730
  REAL r/m-OOD              pos0ρ=+0.779  pos1ρ=+0.779  vel0ρ=+0.772  vel1ρ=+0.674
  REAL v-OOD                pos0ρ=+0.771  pos1ρ=+0.761  vel0ρ=+0.712  vel1ρ=+0.709
  REAL both-OOD             pos0ρ=+0.877  pos1ρ=+0.834  vel0ρ=+0.891  vel1ρ=+0.752
  [rollout] probe applied to PREDICTED embs:
  PRED ID                   pos0ρ=+0.326  pos1ρ=+0.613  vel0ρ=+0.044  vel1ρ=+0.577
  PRED r/m-OOD              pos0ρ=+0.127  pos1ρ=+0.408  vel0ρ=+0.362  vel1ρ=+0.425
  PRED v-OOD                pos0ρ=+0.497  pos1ρ=+0.243  vel0ρ=+0.413  vel1ρ=+0.333
  PRED both-OOD             pos0ρ=+0.066  pos1ρ=+0.413  vel0ρ=+0.204  vel1ρ=+0.654

--- decoded vel ρ from PRED latents vs horizon (test, aggregate) ---
  h=  1  n=  100  vel0ρ=+0.363  vel1ρ=-0.011
  h=  2  n=  100  vel0ρ=+0.346  vel1ρ=-0.008
  h=  4  n=  100  vel0ρ=+0.266  vel1ρ=+0.006
  h=  8  n=  100  vel0ρ=+0.171  vel1ρ=+0.562
  h= 16  n=  100  vel0ρ=+0.171  vel1ρ=+0.613
  h= 28  n=  100  vel0ρ=+0.111  vel1ρ=+0.548

--- [K=4] decoded pos/vel ρ from ROLLED-OUT latents (test), by partition ---
  [K=4] probe applied to PREDICTED embs (stack 4 consecutive predicted latents):
  PRED-K4 ID          pos0ρ=+0.280  pos1ρ=+0.527  vel0ρ=+0.169  vel1ρ=+0.594
  PRED-K4 r/m-OOD     pos0ρ=+0.163  pos1ρ=+0.394  vel0ρ=+0.498  vel1ρ=+0.446
  PRED-K4 v-OOD       pos0ρ=+0.430  pos1ρ=+0.376  vel0ρ=+0.286  vel1ρ=+0.491
  PRED-K4 both-OOD    pos0ρ=+0.099  pos1ρ=+0.440  vel0ρ=+0.459  vel1ρ=+0.614

--- [K=4] decoded vel ρ from PRED latents vs horizon (test, aggregate) ---
  h=  4  n=  100  vel0ρ=+0.285  vel1ρ=+0.386
  h=  8  n=  100  vel0ρ=+0.492  vel1ρ=+0.625
  h= 16  n=  100  vel0ρ=+0.436  vel1ρ=+0.572
  h= 28  n=  100  vel0ρ=+0.322  vel1ρ=+0.434

Total 70s
