[norm] action mean=[ 0.24667731 -0.40296947], std=[0.08836433 0.229554  ]  (from phyworld_parabola_id1k.h5)
[ckpt] /data1/likun-share/junjxu/.stable_worldmodel/parabola_sw_w30p0_f1_id1k/parabola_sw_w30p0_f1_id1k_epoch_20_object.ckpt  tag=w30.0f1
  rolled out 100 trajs, t=24s
  rolled out 200 trajs, t=40s
  rolled out 300 trajs, t=58s
  rolled out 400 trajs, t=73s
  rolled out 500 trajs, t=88s

[data] 500 trajs, 14500 (frame,pred) pairs, emb dim=192
/home/likun-share/junjxu/wm/phyworld/scripts/rollout_eval_id1k.py:242: ConstantInputWarning: An input array is constant; the correlation coefficient is not defined.
  rhos = [pearsonr(vel_all[m][:, d], pv[:, d])[0] for d in range(vel_all.shape[1])]
/home/likun-share/junjxu/wm/phyworld/scripts/rollout_eval_id1k.py:242: NearConstantInputWarning: An input array is nearly constant; the computed correlation coefficient may be inaccurate.
  rhos = [pearsonr(vel_all[m][:, d], pv[:, d])[0] for d in range(vel_all.shape[1])]
/home/likun-share/junjxu/wm/phyworld/scripts/rollout_eval_id1k.py:242: NearConstantInputWarning: An input array is nearly constant; the computed correlation coefficient may be inaccurate.
  rhos = [pearsonr(vel_all[m][:, d], pv[:, d])[0] for d in range(vel_all.shape[1])]
/home/likun-share/junjxu/wm/phyworld/scripts/rollout_eval_id1k.py:296: ConstantInputWarning: An input array is constant; the correlation coefficient is not defined.
  rhos = [pearsonr(vel_all[m][:, d], pv[:, d])[0] for d in range(vel_all.shape[1])]
/home/likun-share/junjxu/wm/phyworld/scripts/rollout_eval_id1k.py:296: NearConstantInputWarning: An input array is nearly constant; the computed correlation coefficient may be inaccurate.
  rhos = [pearsonr(vel_all[m][:, d], pv[:, d])[0] for d in range(vel_all.shape[1])]
/home/likun-share/junjxu/wm/phyworld/scripts/rollout_eval_id1k.py:296: NearConstantInputWarning: An input array is nearly constant; the computed correlation coefficient may be inaccurate.
  rhos = [pearsonr(vel_all[m][:, d], pv[:, d])[0] for d in range(vel_all.shape[1])]

=== parabola AR ROLLOUT (LeWM ID-only FT, history_size=3) ===
--- latent fidelity (pred vs real emb), test trajs, by partition ---
  ID         n=  464  cos=+0.9708  nMSE=0.0633
  r/m-OOD    n=  319  cos=+0.9312  nMSE=0.1615
  v-OOD      n=  928  cos=+0.7253  nMSE=0.6655
  both-OOD   n= 1189  cos=+0.7534  nMSE=0.5181

--- latent fidelity vs horizon (test, aggregate) ---
  h=  1  n=  100  cos=+0.9681  nMSE=0.0779
  h=  2  n=  100  cos=+0.9520  nMSE=0.1143
  h=  4  n=  100  cos=+0.9308  nMSE=0.1633
  h=  8  n=  100  cos=+0.9176  nMSE=0.2179
  h= 16  n=  100  cos=+0.6959  nMSE=0.7137
  h= 28  n=  100  cos=+0.7469  nMSE=14385588.0000

--- decoded pos/vel ρ from ROLLED-OUT latents (test), by partition ---
  [baseline] probe applied to REAL embs:
  REAL ID                   pos0ρ=+0.951  pos1ρ=+0.983  vel0ρ=+0.199  vel1ρ=+0.988
  REAL r/m-OOD              pos0ρ=+0.915  pos1ρ=+0.980  vel0ρ=+0.425  vel1ρ=+0.984
  REAL v-OOD                pos0ρ=+0.887  pos1ρ=+0.903  vel0ρ=+0.603  vel1ρ=+0.951
  REAL both-OOD             pos0ρ=+0.855  pos1ρ=+0.914  vel0ρ=+0.641  vel1ρ=+0.959
  [rollout] probe applied to PREDICTED embs:
  PRED ID                   pos0ρ=+0.955  pos1ρ=+0.982  vel0ρ=+0.209  vel1ρ=+0.988
  PRED r/m-OOD              pos0ρ=+0.914  pos1ρ=+0.975  vel0ρ=+0.451  vel1ρ=+0.984
  PRED v-OOD                pos0ρ=+0.932  pos1ρ=+0.964  vel0ρ=+0.672  vel1ρ=+0.986
  PRED both-OOD             pos0ρ=+0.900  pos1ρ=+0.966  vel0ρ=+0.671  vel1ρ=+0.981

--- decoded vel ρ from PRED latents vs horizon (test, aggregate) ---
  h=  1  n=  100  vel0ρ=+0.305  vel1ρ=+0.054
  h=  2  n=  100  vel0ρ=+0.326  vel1ρ=-0.134
  h=  4  n=  100  vel0ρ=+0.368  vel1ρ=-0.014
  h=  8  n=  100  vel0ρ=+0.604  vel1ρ=+nan
  h= 16  n=  100  vel0ρ=+0.821  vel1ρ=-0.049
  h= 28  n=  100  vel0ρ=+0.782  vel1ρ=+0.023

--- [K=4] decoded pos/vel ρ from ROLLED-OUT latents (test), by partition ---
  [K=4] probe applied to PREDICTED embs (stack 4 consecutive predicted latents):
  PRED-K4 ID          pos0ρ=+0.948  pos1ρ=+0.986  vel0ρ=+0.746  vel1ρ=+0.991
  PRED-K4 r/m-OOD     pos0ρ=+0.930  pos1ρ=+0.976  vel0ρ=+0.757  vel1ρ=+0.985
  PRED-K4 v-OOD       pos0ρ=+0.966  pos1ρ=+0.978  vel0ρ=+0.858  vel1ρ=+0.989
  PRED-K4 both-OOD    pos0ρ=+0.946  pos1ρ=+0.974  vel0ρ=+0.851  vel1ρ=+0.982

--- [K=4] decoded vel ρ from PRED latents vs horizon (test, aggregate) ---
  h=  4  n=  100  vel0ρ=+0.815  vel1ρ=-0.201
  h=  8  n=  100  vel0ρ=+0.926  vel1ρ=+nan
  h= 16  n=  100  vel0ρ=+0.923  vel1ρ=+0.257
  h= 28  n=  100  vel0ρ=+0.829  vel1ρ=-0.233

Total 89s
