[norm] action mean=[ 0.24667731 -0.40296947], std=[0.08836433 0.229554  ]  (from phyworld_parabola_id1k.h5)
[ckpt] /data1/likun-share/junjxu/.stable_worldmodel/parabola_sw_w10p0_f4_id1k/parabola_sw_w10p0_f4_id1k_epoch_20_object.ckpt  tag=w10.0f4
  rolled out 100 trajs, t=18s
  rolled out 200 trajs, t=31s
  rolled out 300 trajs, t=44s
  rolled out 400 trajs, t=57s
  rolled out 500 trajs, t=69s

[data] 500 trajs, 14500 (frame,pred) pairs, emb dim=192
/home/likun-share/junjxu/wm/phyworld/scripts/rollout_eval_id1k.py:242: ConstantInputWarning: An input array is constant; the correlation coefficient is not defined.
  rhos = [pearsonr(vel_all[m][:, d], pv[:, d])[0] for d in range(vel_all.shape[1])]
/home/likun-share/junjxu/wm/phyworld/scripts/rollout_eval_id1k.py:242: NearConstantInputWarning: An input array is nearly constant; the computed correlation coefficient may be inaccurate.
  rhos = [pearsonr(vel_all[m][:, d], pv[:, d])[0] for d in range(vel_all.shape[1])]
/home/likun-share/junjxu/wm/phyworld/scripts/rollout_eval_id1k.py:242: NearConstantInputWarning: An input array is nearly constant; the computed correlation coefficient may be inaccurate.
  rhos = [pearsonr(vel_all[m][:, d], pv[:, d])[0] for d in range(vel_all.shape[1])]
/home/likun-share/junjxu/wm/phyworld/scripts/rollout_eval_id1k.py:296: ConstantInputWarning: An input array is constant; the correlation coefficient is not defined.
  rhos = [pearsonr(vel_all[m][:, d], pv[:, d])[0] for d in range(vel_all.shape[1])]
/home/likun-share/junjxu/wm/phyworld/scripts/rollout_eval_id1k.py:296: NearConstantInputWarning: An input array is nearly constant; the computed correlation coefficient may be inaccurate.
  rhos = [pearsonr(vel_all[m][:, d], pv[:, d])[0] for d in range(vel_all.shape[1])]
/home/likun-share/junjxu/wm/phyworld/scripts/rollout_eval_id1k.py:296: NearConstantInputWarning: An input array is nearly constant; the computed correlation coefficient may be inaccurate.
  rhos = [pearsonr(vel_all[m][:, d], pv[:, d])[0] for d in range(vel_all.shape[1])]

=== parabola AR ROLLOUT (LeWM ID-only FT, history_size=3) ===
--- latent fidelity (pred vs real emb), test trajs, by partition ---
  ID         n=  464  cos=+0.9880  nMSE=0.0247
  r/m-OOD    n=  319  cos=+0.9633  nMSE=0.0856
  v-OOD      n=  928  cos=+0.8822  nMSE=0.2327
  both-OOD   n= 1189  cos=+0.8925  nMSE=0.2067

--- latent fidelity vs horizon (test, aggregate) ---
  h=  1  n=  100  cos=+0.9936  nMSE=0.0204
  h=  2  n=  100  cos=+0.9897  nMSE=0.0325
  h=  4  n=  100  cos=+0.9828  nMSE=0.0568
  h=  8  n=  100  cos=+0.9755  nMSE=0.0926
  h= 16  n=  100  cos=+0.7639  nMSE=0.5337
  h= 28  n=  100  cos=+0.9670  nMSE=1398020.0000

--- decoded pos/vel ρ from ROLLED-OUT latents (test), by partition ---
  [baseline] probe applied to REAL embs:
  REAL ID                   pos0ρ=+0.951  pos1ρ=+0.985  vel0ρ=+0.167  vel1ρ=+0.989
  REAL r/m-OOD              pos0ρ=+0.917  pos1ρ=+0.979  vel0ρ=+0.453  vel1ρ=+0.984
  REAL v-OOD                pos0ρ=+0.888  pos1ρ=+0.904  vel0ρ=+0.612  vel1ρ=+0.953
  REAL both-OOD             pos0ρ=+0.855  pos1ρ=+0.915  vel0ρ=+0.653  vel1ρ=+0.960
  [rollout] probe applied to PREDICTED embs:
  PRED ID                   pos0ρ=+0.952  pos1ρ=+0.984  vel0ρ=+0.161  vel1ρ=+0.988
  PRED r/m-OOD              pos0ρ=+0.909  pos1ρ=+0.978  vel0ρ=+0.441  vel1ρ=+0.984
  PRED v-OOD                pos0ρ=+0.896  pos1ρ=+0.950  vel0ρ=+0.659  vel1ρ=+0.970
  PRED both-OOD             pos0ρ=+0.841  pos1ρ=+0.948  vel0ρ=+0.580  vel1ρ=+0.954

--- decoded vel ρ from PRED latents vs horizon (test, aggregate) ---
  h=  1  n=  100  vel0ρ=+0.370  vel1ρ=-0.342
  h=  2  n=  100  vel0ρ=+0.424  vel1ρ=+0.379
  h=  4  n=  100  vel0ρ=+0.380  vel1ρ=+0.354
  h=  8  n=  100  vel0ρ=+0.496  vel1ρ=+nan
  h= 16  n=  100  vel0ρ=+0.926  vel1ρ=-0.251
  h= 28  n=  100  vel0ρ=-0.615  vel1ρ=-0.098

--- [K=4] decoded pos/vel ρ from ROLLED-OUT latents (test), by partition ---
  [K=4] probe applied to PREDICTED embs (stack 4 consecutive predicted latents):
  PRED-K4 ID          pos0ρ=+0.948  pos1ρ=+0.987  vel0ρ=+0.769  vel1ρ=+0.991
  PRED-K4 r/m-OOD     pos0ρ=+0.922  pos1ρ=+0.977  vel0ρ=+0.778  vel1ρ=+0.983
  PRED-K4 v-OOD       pos0ρ=+0.934  pos1ρ=+0.961  vel0ρ=+0.915  vel1ρ=+0.974
  PRED-K4 both-OOD    pos0ρ=+0.895  pos1ρ=+0.954  vel0ρ=+0.891  vel1ρ=+0.951

--- [K=4] decoded vel ρ from PRED latents vs horizon (test, aggregate) ---
  h=  4  n=  100  vel0ρ=+0.968  vel1ρ=-0.016
  h=  8  n=  100  vel0ρ=+0.933  vel1ρ=+nan
  h= 16  n=  100  vel0ρ=+0.966  vel1ρ=-0.140
  h= 28  n=  100  vel0ρ=+0.555  vel1ρ=-0.095

Total 70s
