[norm] action mean=[ 0.24667731 -0.40296947], std=[0.08836433 0.229554  ]  (from phyworld_parabola_id1k.h5)
[ckpt] /data1/likun-share/junjxu/.stable_worldmodel/parabola_sw_w50p0_f1_id1k/parabola_sw_w50p0_f1_id1k_epoch_20_object.ckpt  tag=w50.0f1
  rolled out 100 trajs, t=24s
  rolled out 200 trajs, t=38s
  rolled out 300 trajs, t=52s
  rolled out 400 trajs, t=66s
  rolled out 500 trajs, t=80s

[data] 500 trajs, 14500 (frame,pred) pairs, emb dim=192
/home/likun-share/junjxu/wm/phyworld/scripts/rollout_eval_id1k.py:242: ConstantInputWarning: An input array is constant; the correlation coefficient is not defined.
  rhos = [pearsonr(vel_all[m][:, d], pv[:, d])[0] for d in range(vel_all.shape[1])]
/home/likun-share/junjxu/wm/phyworld/scripts/rollout_eval_id1k.py:242: NearConstantInputWarning: An input array is nearly constant; the computed correlation coefficient may be inaccurate.
  rhos = [pearsonr(vel_all[m][:, d], pv[:, d])[0] for d in range(vel_all.shape[1])]
/home/likun-share/junjxu/wm/phyworld/scripts/rollout_eval_id1k.py:242: NearConstantInputWarning: An input array is nearly constant; the computed correlation coefficient may be inaccurate.
  rhos = [pearsonr(vel_all[m][:, d], pv[:, d])[0] for d in range(vel_all.shape[1])]
/home/likun-share/junjxu/wm/phyworld/scripts/rollout_eval_id1k.py:296: ConstantInputWarning: An input array is constant; the correlation coefficient is not defined.
  rhos = [pearsonr(vel_all[m][:, d], pv[:, d])[0] for d in range(vel_all.shape[1])]
/home/likun-share/junjxu/wm/phyworld/scripts/rollout_eval_id1k.py:296: NearConstantInputWarning: An input array is nearly constant; the computed correlation coefficient may be inaccurate.
  rhos = [pearsonr(vel_all[m][:, d], pv[:, d])[0] for d in range(vel_all.shape[1])]
/home/likun-share/junjxu/wm/phyworld/scripts/rollout_eval_id1k.py:296: NearConstantInputWarning: An input array is nearly constant; the computed correlation coefficient may be inaccurate.
  rhos = [pearsonr(vel_all[m][:, d], pv[:, d])[0] for d in range(vel_all.shape[1])]

=== parabola AR ROLLOUT (LeWM ID-only FT, history_size=3) ===
--- latent fidelity (pred vs real emb), test trajs, by partition ---
  ID         n=  464  cos=+0.9549  nMSE=0.1003
  r/m-OOD    n=  319  cos=+0.9302  nMSE=0.1529
  v-OOD      n=  928  cos=+0.7425  nMSE=0.7138
  both-OOD   n= 1189  cos=+0.7825  nMSE=0.5178

--- latent fidelity vs horizon (test, aggregate) ---
  h=  1  n=  100  cos=+0.9467  nMSE=0.1207
  h=  2  n=  100  cos=+0.9361  nMSE=0.1504
  h=  4  n=  100  cos=+0.9205  nMSE=0.1833
  h=  8  n=  100  cos=+0.8984  nMSE=0.2824
  h= 16  n=  100  cos=+0.7212  nMSE=0.7084
  h= 28  n=  100  cos=+0.9139  nMSE=4345789.0000

--- decoded pos/vel ρ from ROLLED-OUT latents (test), by partition ---
  [baseline] probe applied to REAL embs:
  REAL ID                   pos0ρ=+0.951  pos1ρ=+0.982  vel0ρ=+0.235  vel1ρ=+0.987
  REAL r/m-OOD              pos0ρ=+0.916  pos1ρ=+0.980  vel0ρ=+0.433  vel1ρ=+0.983
  REAL v-OOD                pos0ρ=+0.887  pos1ρ=+0.902  vel0ρ=+0.599  vel1ρ=+0.951
  REAL both-OOD             pos0ρ=+0.854  pos1ρ=+0.913  vel0ρ=+0.641  vel1ρ=+0.958
  [rollout] probe applied to PREDICTED embs:
  PRED ID                   pos0ρ=+0.953  pos1ρ=+0.983  vel0ρ=+0.269  vel1ρ=+0.988
  PRED r/m-OOD              pos0ρ=+0.910  pos1ρ=+0.978  vel0ρ=+0.499  vel1ρ=+0.983
  PRED v-OOD                pos0ρ=+0.910  pos1ρ=+0.963  vel0ρ=+0.692  vel1ρ=+0.977
  PRED both-OOD             pos0ρ=+0.866  pos1ρ=+0.963  vel0ρ=+0.700  vel1ρ=+0.964

--- decoded vel ρ from PRED latents vs horizon (test, aggregate) ---
  h=  1  n=  100  vel0ρ=+0.173  vel1ρ=-0.315
  h=  2  n=  100  vel0ρ=+0.341  vel1ρ=+0.296
  h=  4  n=  100  vel0ρ=+0.515  vel1ρ=+0.346
  h=  8  n=  100  vel0ρ=+0.604  vel1ρ=+nan
  h= 16  n=  100  vel0ρ=+0.889  vel1ρ=-0.170
  h= 28  n=  100  vel0ρ=+0.842  vel1ρ=-0.083

--- [K=4] decoded pos/vel ρ from ROLLED-OUT latents (test), by partition ---
  [K=4] probe applied to PREDICTED embs (stack 4 consecutive predicted latents):
  PRED-K4 ID          pos0ρ=+0.946  pos1ρ=+0.987  vel0ρ=+0.760  vel1ρ=+0.990
  PRED-K4 r/m-OOD     pos0ρ=+0.925  pos1ρ=+0.979  vel0ρ=+0.783  vel1ρ=+0.984
  PRED-K4 v-OOD       pos0ρ=+0.927  pos1ρ=+0.965  vel0ρ=+0.842  vel1ρ=+0.978
  PRED-K4 both-OOD    pos0ρ=+0.915  pos1ρ=+0.956  vel0ρ=+0.848  vel1ρ=+0.953

--- [K=4] decoded vel ρ from PRED latents vs horizon (test, aggregate) ---
  h=  4  n=  100  vel0ρ=+0.756  vel1ρ=+0.185
  h=  8  n=  100  vel0ρ=+0.882  vel1ρ=+nan
  h= 16  n=  100  vel0ρ=+0.870  vel1ρ=-0.051
  h= 28  n=  100  vel0ρ=+0.582  vel1ρ=-0.088

Total 80s
