[norm] action mean=[ 0.24667731 -0.40296947], std=[0.08836433 0.229554  ]  (from phyworld_parabola_id1k.h5)
[ckpt] /data1/likun-share/junjxu/.stable_worldmodel/parabola_sw_w1p0_f2_id1k/parabola_sw_w1p0_f2_id1k_epoch_20_object.ckpt  tag=w1.0f2
  rolled out 100 trajs, t=28s
  rolled out 200 trajs, t=49s
  rolled out 300 trajs, t=69s
  rolled out 400 trajs, t=87s
  rolled out 500 trajs, t=106s

[data] 500 trajs, 14500 (frame,pred) pairs, emb dim=192
/home/likun-share/junjxu/wm/phyworld/scripts/rollout_eval_id1k.py:242: ConstantInputWarning: An input array is constant; the correlation coefficient is not defined.
  rhos = [pearsonr(vel_all[m][:, d], pv[:, d])[0] for d in range(vel_all.shape[1])]
/home/likun-share/junjxu/wm/phyworld/scripts/rollout_eval_id1k.py:242: NearConstantInputWarning: An input array is nearly constant; the computed correlation coefficient may be inaccurate.
  rhos = [pearsonr(vel_all[m][:, d], pv[:, d])[0] for d in range(vel_all.shape[1])]
/home/likun-share/junjxu/wm/phyworld/scripts/rollout_eval_id1k.py:242: NearConstantInputWarning: An input array is nearly constant; the computed correlation coefficient may be inaccurate.
  rhos = [pearsonr(vel_all[m][:, d], pv[:, d])[0] for d in range(vel_all.shape[1])]
/home/likun-share/junjxu/wm/phyworld/scripts/rollout_eval_id1k.py:296: ConstantInputWarning: An input array is constant; the correlation coefficient is not defined.
  rhos = [pearsonr(vel_all[m][:, d], pv[:, d])[0] for d in range(vel_all.shape[1])]
/home/likun-share/junjxu/wm/phyworld/scripts/rollout_eval_id1k.py:296: NearConstantInputWarning: An input array is nearly constant; the computed correlation coefficient may be inaccurate.
  rhos = [pearsonr(vel_all[m][:, d], pv[:, d])[0] for d in range(vel_all.shape[1])]
/home/likun-share/junjxu/wm/phyworld/scripts/rollout_eval_id1k.py:296: NearConstantInputWarning: An input array is nearly constant; the computed correlation coefficient may be inaccurate.
  rhos = [pearsonr(vel_all[m][:, d], pv[:, d])[0] for d in range(vel_all.shape[1])]

=== parabola AR ROLLOUT (LeWM ID-only FT, history_size=3) ===
--- latent fidelity (pred vs real emb), test trajs, by partition ---
  ID         n=  464  cos=+0.9759  nMSE=0.0466
  r/m-OOD    n=  319  cos=+0.8828  nMSE=0.2430
  v-OOD      n=  928  cos=+0.7473  nMSE=0.4676
  both-OOD   n= 1189  cos=+0.6718  nMSE=0.7791

--- latent fidelity vs horizon (test, aggregate) ---
  h=  1  n=  100  cos=+0.9781  nMSE=0.0408
  h=  2  n=  100  cos=+0.9360  nMSE=0.1030
  h=  4  n=  100  cos=+0.8773  nMSE=0.2105
  h=  8  n=  100  cos=+0.8474  nMSE=0.3525
  h= 16  n=  100  cos=+0.6972  nMSE=0.6382
  h= 28  n=  100  cos=+0.7983  nMSE=29395620.0000

--- decoded pos/vel ρ from ROLLED-OUT latents (test), by partition ---
  [baseline] probe applied to REAL embs:
  REAL ID                   pos0ρ=+0.950  pos1ρ=+0.980  vel0ρ=+0.249  vel1ρ=+0.984
  REAL r/m-OOD              pos0ρ=+0.916  pos1ρ=+0.976  vel0ρ=+0.487  vel1ρ=+0.982
  REAL v-OOD                pos0ρ=+0.886  pos1ρ=+0.901  vel0ρ=+0.608  vel1ρ=+0.951
  REAL both-OOD             pos0ρ=+0.852  pos1ρ=+0.913  vel0ρ=+0.657  vel1ρ=+0.957
  [rollout] probe applied to PREDICTED embs:
  PRED ID                   pos0ρ=+0.946  pos1ρ=+0.978  vel0ρ=+0.214  vel1ρ=+0.981
  PRED r/m-OOD              pos0ρ=+0.889  pos1ρ=+0.954  vel0ρ=+0.444  vel1ρ=+0.974
  PRED v-OOD                pos0ρ=+0.915  pos1ρ=+0.919  vel0ρ=+0.524  vel1ρ=+0.950
  PRED both-OOD             pos0ρ=+0.855  pos1ρ=+0.921  vel0ρ=+0.593  vel1ρ=+0.950

--- decoded vel ρ from PRED latents vs horizon (test, aggregate) ---
  h=  1  n=  100  vel0ρ=+0.298  vel1ρ=-0.008
  h=  2  n=  100  vel0ρ=+0.315  vel1ρ=-0.086
  h=  4  n=  100  vel0ρ=+0.227  vel1ρ=-0.105
  h=  8  n=  100  vel0ρ=+0.393  vel1ρ=+nan
  h= 16  n=  100  vel0ρ=+0.818  vel1ρ=-0.143
  h= 28  n=  100  vel0ρ=+0.605  vel1ρ=-0.007

--- [K=4] decoded pos/vel ρ from ROLLED-OUT latents (test), by partition ---
  [K=4] probe applied to PREDICTED embs (stack 4 consecutive predicted latents):
  PRED-K4 ID          pos0ρ=+0.933  pos1ρ=+0.980  vel0ρ=+0.652  vel1ρ=+0.982
  PRED-K4 r/m-OOD     pos0ρ=+0.895  pos1ρ=+0.949  vel0ρ=+0.602  vel1ρ=+0.955
  PRED-K4 v-OOD       pos0ρ=+0.888  pos1ρ=+0.922  vel0ρ=+0.596  vel1ρ=+0.934
  PRED-K4 both-OOD    pos0ρ=+0.860  pos1ρ=+0.928  vel0ρ=+0.660  vel1ρ=+0.928

--- [K=4] decoded vel ρ from PRED latents vs horizon (test, aggregate) ---
  h=  4  n=  100  vel0ρ=+0.770  vel1ρ=-0.204
  h=  8  n=  100  vel0ρ=+0.773  vel1ρ=+nan
  h= 16  n=  100  vel0ρ=+0.575  vel1ρ=-0.187
  h= 28  n=  100  vel0ρ=+0.493  vel1ρ=+0.029

Total 106s
