[norm] action mean=[ 0.24667731 -0.40296947], std=[0.08836433 0.229554  ]  (from phyworld_parabola_id1k.h5)
[ckpt] /data1/likun-share/junjxu/.stable_worldmodel/parabola_sw_w50p0_f2_id1k/parabola_sw_w50p0_f2_id1k_epoch_20_object.ckpt  tag=w50.0f2
  rolled out 100 trajs, t=26s
  rolled out 200 trajs, t=47s
  rolled out 300 trajs, t=65s
  rolled out 400 trajs, t=81s
  rolled out 500 trajs, t=98s

[data] 500 trajs, 14500 (frame,pred) pairs, emb dim=192
/home/likun-share/junjxu/wm/phyworld/scripts/rollout_eval_id1k.py:242: ConstantInputWarning: An input array is constant; the correlation coefficient is not defined.
  rhos = [pearsonr(vel_all[m][:, d], pv[:, d])[0] for d in range(vel_all.shape[1])]
/home/likun-share/junjxu/wm/phyworld/scripts/rollout_eval_id1k.py:242: NearConstantInputWarning: An input array is nearly constant; the computed correlation coefficient may be inaccurate.
  rhos = [pearsonr(vel_all[m][:, d], pv[:, d])[0] for d in range(vel_all.shape[1])]
/home/likun-share/junjxu/wm/phyworld/scripts/rollout_eval_id1k.py:242: NearConstantInputWarning: An input array is nearly constant; the computed correlation coefficient may be inaccurate.
  rhos = [pearsonr(vel_all[m][:, d], pv[:, d])[0] for d in range(vel_all.shape[1])]
/home/likun-share/junjxu/wm/le-wm/.venv/lib/python3.10/site-packages/sklearn/linear_model/_ridge.py:213: LinAlgWarning: Ill-conditioned matrix (rcond=3.29922e-08): result may not be accurate.
  return linalg.solve(A, Xy, assume_a="pos", overwrite_a=True).T
/home/likun-share/junjxu/wm/le-wm/.venv/lib/python3.10/site-packages/sklearn/linear_model/_ridge.py:213: LinAlgWarning: Ill-conditioned matrix (rcond=3.29922e-08): result may not be accurate.
  return linalg.solve(A, Xy, assume_a="pos", overwrite_a=True).T
/home/likun-share/junjxu/wm/phyworld/scripts/rollout_eval_id1k.py:296: ConstantInputWarning: An input array is constant; the correlation coefficient is not defined.
  rhos = [pearsonr(vel_all[m][:, d], pv[:, d])[0] for d in range(vel_all.shape[1])]
/home/likun-share/junjxu/wm/phyworld/scripts/rollout_eval_id1k.py:296: NearConstantInputWarning: An input array is nearly constant; the computed correlation coefficient may be inaccurate.
  rhos = [pearsonr(vel_all[m][:, d], pv[:, d])[0] for d in range(vel_all.shape[1])]
/home/likun-share/junjxu/wm/phyworld/scripts/rollout_eval_id1k.py:296: NearConstantInputWarning: An input array is nearly constant; the computed correlation coefficient may be inaccurate.
  rhos = [pearsonr(vel_all[m][:, d], pv[:, d])[0] for d in range(vel_all.shape[1])]

=== parabola AR ROLLOUT (LeWM ID-only FT, history_size=3) ===
--- latent fidelity (pred vs real emb), test trajs, by partition ---
  ID         n=  464  cos=+0.9871  nMSE=0.0106
  r/m-OOD    n=  319  cos=+0.9572  nMSE=0.0306
  v-OOD      n=  928  cos=+0.8723  nMSE=0.1601
  both-OOD   n= 1189  cos=+0.8684  nMSE=0.2655

--- latent fidelity vs horizon (test, aggregate) ---
  h=  1  n=  100  cos=+0.9945  nMSE=0.0083
  h=  2  n=  100  cos=+0.9843  nMSE=0.0177
  h=  4  n=  100  cos=+0.9690  nMSE=0.0431
  h=  8  n=  100  cos=+0.9813  nMSE=0.1072
  h= 16  n=  100  cos=+0.7386  nMSE=0.9952
  h= 28  n=  100  cos=+0.9622  nMSE=856763.7500

--- decoded pos/vel ρ from ROLLED-OUT latents (test), by partition ---
  [baseline] probe applied to REAL embs:
  REAL ID                   pos0ρ=+0.952  pos1ρ=+0.984  vel0ρ=+0.212  vel1ρ=+0.990
  REAL r/m-OOD              pos0ρ=+0.916  pos1ρ=+0.980  vel0ρ=+0.434  vel1ρ=+0.985
  REAL v-OOD                pos0ρ=+0.888  pos1ρ=+0.904  vel0ρ=+0.597  vel1ρ=+0.953
  REAL both-OOD             pos0ρ=+0.853  pos1ρ=+0.915  vel0ρ=+0.657  vel1ρ=+0.960
  [rollout] probe applied to PREDICTED embs:
  PRED ID                   pos0ρ=+0.955  pos1ρ=+0.984  vel0ρ=+0.236  vel1ρ=+0.989
  PRED r/m-OOD              pos0ρ=+0.906  pos1ρ=+0.974  vel0ρ=+0.465  vel1ρ=+0.983
  PRED v-OOD                pos0ρ=+0.897  pos1ρ=+0.944  vel0ρ=+0.776  vel1ρ=+0.976
  PRED both-OOD             pos0ρ=+0.860  pos1ρ=+0.948  vel0ρ=+0.643  vel1ρ=+0.975

--- decoded vel ρ from PRED latents vs horizon (test, aggregate) ---
  h=  1  n=  100  vel0ρ=+0.291  vel1ρ=+0.044
  h=  2  n=  100  vel0ρ=+0.469  vel1ρ=+0.179
  h=  4  n=  100  vel0ρ=+0.596  vel1ρ=+0.306
  h=  8  n=  100  vel0ρ=+0.660  vel1ρ=+nan
  h= 16  n=  100  vel0ρ=+0.862  vel1ρ=-0.264
  h= 28  n=  100  vel0ρ=+0.503  vel1ρ=-0.026

--- [K=4] decoded pos/vel ρ from ROLLED-OUT latents (test), by partition ---
  [K=4] probe applied to PREDICTED embs (stack 4 consecutive predicted latents):
  PRED-K4 ID          pos0ρ=+0.948  pos1ρ=+0.987  vel0ρ=+0.788  vel1ρ=+0.993
  PRED-K4 r/m-OOD     pos0ρ=+0.915  pos1ρ=+0.977  vel0ρ=+0.810  vel1ρ=+0.988
  PRED-K4 v-OOD       pos0ρ=+0.947  pos1ρ=+0.944  vel0ρ=+0.941  vel1ρ=+0.966
  PRED-K4 both-OOD    pos0ρ=+0.932  pos1ρ=+0.950  vel0ρ=+0.919  vel1ρ=+0.962

--- [K=4] decoded vel ρ from PRED latents vs horizon (test, aggregate) ---
  h=  4  n=  100  vel0ρ=+0.933  vel1ρ=+0.409
  h=  8  n=  100  vel0ρ=+0.972  vel1ρ=+nan
  h= 16  n=  100  vel0ρ=+0.979  vel1ρ=-0.067
  h= 28  n=  100  vel0ρ=+0.809  vel1ρ=-0.124

Total 99s
