[norm] action mean=[-0.01484401  0.          0.01575156  0.        ], std=[7.72976437e-02 1.00000000e-08 8.20558954e-02 1.00000000e-08]  (from phyworld_collision_id1k.h5)
[ckpt] /data1/likun-share/junjxu/.stable_worldmodel/collision_sw_w1p0_f1_id1k/collision_sw_w1p0_f1_id1k_epoch_20_object.ckpt  tag=w1.0f1
  rolled out 100 trajs, t=18s
  rolled out 200 trajs, t=33s
  rolled out 300 trajs, t=48s
  rolled out 400 trajs, t=61s
  rolled out 500 trajs, t=73s

[data] 500 trajs, 14500 (frame,pred) pairs, emb dim=192

=== collision AR ROLLOUT (LeWM ID-only FT, history_size=3) ===
--- latent fidelity (pred vs real emb), test trajs, by partition ---
  ID         n=  203  cos=+0.6394  nMSE=0.8061
  r/m-OOD    n=  754  cos=+0.5382  nMSE=0.9354
  v-OOD      n=  290  cos=+0.3976  nMSE=1.2176
  both-OOD   n= 1653  cos=+0.4575  nMSE=1.1962

--- latent fidelity vs horizon (test, aggregate) ---
  h=  1  n=  100  cos=+0.9898  nMSE=0.0231
  h=  2  n=  100  cos=+0.9674  nMSE=0.0722
  h=  4  n=  100  cos=+0.8606  nMSE=0.2991
  h=  8  n=  100  cos=+0.6416  nMSE=0.7507
  h= 16  n=  100  cos=+0.3782  nMSE=1.2805
  h= 28  n=  100  cos=+0.2341  nMSE=1.7191

--- decoded pos/vel ρ from ROLLED-OUT latents (test), by partition ---
  [baseline] probe applied to REAL embs:
  REAL ID                   pos0ρ=+0.888  pos1ρ=+0.890  vel0ρ=+0.725  vel1ρ=+0.716
  REAL r/m-OOD              pos0ρ=+0.830  pos1ρ=+0.787  vel0ρ=+0.783  vel1ρ=+0.736
  REAL v-OOD                pos0ρ=+0.895  pos1ρ=+0.812  vel0ρ=+0.442  vel1ρ=+0.669
  REAL both-OOD             pos0ρ=+0.900  pos1ρ=+0.852  vel0ρ=+0.888  vel1ρ=+0.767
  [rollout] probe applied to PREDICTED embs:
  PRED ID                   pos0ρ=+0.796  pos1ρ=+0.657  vel0ρ=+0.457  vel1ρ=+0.648
  PRED r/m-OOD              pos0ρ=+0.249  pos1ρ=+0.434  vel0ρ=+0.473  vel1ρ=+0.519
  PRED v-OOD                pos0ρ=+0.596  pos1ρ=-0.022  vel0ρ=+0.389  vel1ρ=+0.029
  PRED both-OOD             pos0ρ=+0.230  pos1ρ=+0.283  vel0ρ=+0.426  vel1ρ=+0.448

--- decoded vel ρ from PRED latents vs horizon (test, aggregate) ---
  h=  1  n=  100  vel0ρ=+0.315  vel1ρ=+0.190
  h=  2  n=  100  vel0ρ=+0.310  vel1ρ=+0.227
  h=  4  n=  100  vel0ρ=+0.233  vel1ρ=+0.258
  h=  8  n=  100  vel0ρ=+0.319  vel1ρ=+0.446
  h= 16  n=  100  vel0ρ=+0.435  vel1ρ=+0.414
  h= 28  n=  100  vel0ρ=+0.301  vel1ρ=+0.427

--- [K=4] decoded pos/vel ρ from ROLLED-OUT latents (test), by partition ---
  [K=4] probe applied to PREDICTED embs (stack 4 consecutive predicted latents):
  PRED-K4 ID          pos0ρ=+0.734  pos1ρ=+0.719  vel0ρ=+0.467  vel1ρ=+0.645
  PRED-K4 r/m-OOD     pos0ρ=+0.274  pos1ρ=+0.447  vel0ρ=+0.523  vel1ρ=+0.545
  PRED-K4 v-OOD       pos0ρ=+0.586  pos1ρ=+0.046  vel0ρ=+0.420  vel1ρ=+0.101
  PRED-K4 both-OOD    pos0ρ=+0.237  pos1ρ=+0.330  vel0ρ=+0.516  vel1ρ=+0.552

--- [K=4] decoded vel ρ from PRED latents vs horizon (test, aggregate) ---
  h=  4  n=  100  vel0ρ=+0.383  vel1ρ=+0.413
  h=  8  n=  100  vel0ρ=+0.455  vel1ρ=+0.491
  h= 16  n=  100  vel0ρ=+0.501  vel1ρ=+0.458
  h= 28  n=  100  vel0ρ=+0.387  vel1ρ=+0.488

Total 74s
