[norm] action mean=[-0.01484401  0.          0.01575156  0.        ], std=[7.72976437e-02 1.00000000e-08 8.20558954e-02 1.00000000e-08]  (from phyworld_collision_id1k.h5)
[ckpt] /data1/likun-share/junjxu/.stable_worldmodel/collision_sw_w50p0_f4_id1k/collision_sw_w50p0_f4_id1k_epoch_20_object.ckpt  tag=w50.0f4
  rolled out 100 trajs, t=19s
  rolled out 200 trajs, t=35s
  rolled out 300 trajs, t=51s
  rolled out 400 trajs, t=65s
  rolled out 500 trajs, t=81s

[data] 500 trajs, 14500 (frame,pred) pairs, emb dim=192

=== collision AR ROLLOUT (LeWM ID-only FT, history_size=3) ===
--- latent fidelity (pred vs real emb), test trajs, by partition ---
  ID         n=  203  cos=+0.7851  nMSE=0.4647
  r/m-OOD    n=  754  cos=+0.7145  nMSE=0.5980
  v-OOD      n=  290  cos=+0.5412  nMSE=0.9674
  both-OOD   n= 1653  cos=+0.5686  nMSE=1.0181

--- latent fidelity vs horizon (test, aggregate) ---
  h=  1  n=  100  cos=+0.9848  nMSE=0.0329
  h=  2  n=  100  cos=+0.9611  nMSE=0.0816
  h=  4  n=  100  cos=+0.8891  nMSE=0.2370
  h=  8  n=  100  cos=+0.7637  nMSE=0.5136
  h= 16  n=  100  cos=+0.5660  nMSE=0.7603
  h= 28  n=  100  cos=+0.3804  nMSE=1.8950

--- decoded pos/vel ρ from ROLLED-OUT latents (test), by partition ---
  [baseline] probe applied to REAL embs:
  REAL ID                   pos0ρ=+0.963  pos1ρ=+0.971  vel0ρ=+0.726  vel1ρ=+0.784
  REAL r/m-OOD              pos0ρ=+0.851  pos1ρ=+0.817  vel0ρ=+0.779  vel1ρ=+0.763
  REAL v-OOD                pos0ρ=+0.960  pos1ρ=+0.973  vel0ρ=+0.785  vel1ρ=+0.773
  REAL both-OOD             pos0ρ=+0.911  pos1ρ=+0.873  vel0ρ=+0.900  vel1ρ=+0.796
  [rollout] probe applied to PREDICTED embs:
  PRED ID                   pos0ρ=+0.733  pos1ρ=+0.720  vel0ρ=+0.587  vel1ρ=+0.672
  PRED r/m-OOD              pos0ρ=+0.574  pos1ρ=+0.686  vel0ρ=+0.667  vel1ρ=+0.687
  PRED v-OOD                pos0ρ=+0.654  pos1ρ=+0.736  vel0ρ=+0.406  vel1ρ=+0.517
  PRED both-OOD             pos0ρ=+0.624  pos1ρ=+0.794  vel0ρ=+0.767  vel1ρ=+0.788

--- decoded vel ρ from PRED latents vs horizon (test, aggregate) ---
  h=  1  n=  100  vel0ρ=+0.135  vel1ρ=+0.126
  h=  2  n=  100  vel0ρ=+0.193  vel1ρ=+0.200
  h=  4  n=  100  vel0ρ=+0.230  vel1ρ=+0.338
  h=  8  n=  100  vel0ρ=+0.530  vel1ρ=+0.672
  h= 16  n=  100  vel0ρ=+0.798  vel1ρ=+0.848
  h= 28  n=  100  vel0ρ=+0.768  vel1ρ=+0.816

--- [K=4] decoded pos/vel ρ from ROLLED-OUT latents (test), by partition ---
  [K=4] probe applied to PREDICTED embs (stack 4 consecutive predicted latents):
  PRED-K4 ID          pos0ρ=+0.857  pos1ρ=+0.828  vel0ρ=+0.815  vel1ρ=+0.855
  PRED-K4 r/m-OOD     pos0ρ=+0.647  pos1ρ=+0.721  vel0ρ=+0.740  vel1ρ=+0.759
  PRED-K4 v-OOD       pos0ρ=+0.598  pos1ρ=+0.780  vel0ρ=+0.461  vel1ρ=+0.658
  PRED-K4 both-OOD    pos0ρ=+0.679  pos1ρ=+0.805  vel0ρ=+0.807  vel1ρ=+0.843

--- [K=4] decoded vel ρ from PRED latents vs horizon (test, aggregate) ---
  h=  4  n=  100  vel0ρ=+0.415  vel1ρ=+0.730
  h=  8  n=  100  vel0ρ=+0.711  vel1ρ=+0.795
  h= 16  n=  100  vel0ρ=+0.817  vel1ρ=+0.842
  h= 28  n=  100  vel0ρ=+0.752  vel1ρ=+0.820

Total 82s
