=== SWEEP45 START Mon Jun  8 01:12:21 CST 2026 on GPUs 4 5 6 7 (MAXPER=4, wave=16) ===
  Total configs: 45
--- WAVE 1 : configs 0..15 ---
[train 01:12:21] parabola_sw_w0p1_f2_id1k on GPU5
[train 01:12:21] parabola_sw_w0p1_f1_id1k on GPU4
[train 01:12:21] parabola_sw_w0p1_f4_id1k on GPU6
[train 01:12:21] parabola_sw_w1p0_f1_id1k on GPU7
[train 01:12:21] parabola_sw_w1p0_f2_id1k on GPU4
[train 01:12:21] parabola_sw_w1p0_f4_id1k on GPU5
[train 01:12:21] parabola_sw_w10p0_f2_id1k on GPU7
[train 01:12:21] parabola_sw_w10p0_f1_id1k on GPU6
[train 01:12:21] parabola_sw_w10p0_f4_id1k on GPU4
[train 01:12:21] parabola_sw_w30p0_f4_id1k on GPU7
[train 01:12:21] parabola_sw_w30p0_f2_id1k on GPU6
[train 01:12:21] parabola_sw_w30p0_f1_id1k on GPU5
[train 01:12:21] parabola_sw_w50p0_f1_id1k on GPU4
[train 01:12:21] parabola_sw_w50p0_f4_id1k on GPU6
[train 01:12:21] parabola_sw_w50p0_f2_id1k on GPU5
[train 01:12:21] uniform_sw_w0p1_f1_id1k on GPU7
[train done 01:55:05] parabola_sw_w0p1_f4_id1k (exit 0)
[train done 01:55:06] parabola_sw_w50p0_f2_id1k (exit 0)
[train done 01:55:26] parabola_sw_w1p0_f2_id1k (exit 0)
[train done 01:55:32] parabola_sw_w50p0_f4_id1k (exit 0)
[train done 01:55:48] parabola_sw_w30p0_f1_id1k (exit 0)
[train done 01:55:49] parabola_sw_w10p0_f2_id1k (exit 0)
[train done 01:55:59] parabola_sw_w1p0_f1_id1k (exit 0)
[train done 01:56:04] parabola_sw_w30p0_f2_id1k (exit 0)
[train done 01:56:10] parabola_sw_w1p0_f4_id1k (exit 0)
[train done 01:56:20] uniform_sw_w0p1_f1_id1k (exit 0)
[train done 01:56:24] parabola_sw_w10p0_f1_id1k (exit 0)
[train done 01:56:25] parabola_sw_w0p1_f2_id1k (exit 0)
[train done 01:56:41] parabola_sw_w30p0_f4_id1k (exit 0)
[train done 01:56:45] parabola_sw_w50p0_f1_id1k (exit 0)
[eval done 01:56:48] parabola_sw_w0p1_f4_id1k
[eval done 01:56:49] parabola_sw_w50p0_f2_id1k
[eval done 01:57:08] parabola_sw_w50p0_f4_id1k
[eval done 01:57:16] parabola_sw_w1p0_f2_id1k
[eval done 01:57:20] parabola_sw_w30p0_f1_id1k
[train done 01:57:25] parabola_sw_w0p1_f1_id1k (exit 0)
[eval done 01:57:26] parabola_sw_w10p0_f2_id1k
[train done 01:57:27] parabola_sw_w10p0_f4_id1k (exit 0)
[eval done 01:57:31] parabola_sw_w1p0_f1_id1k
[eval done 01:57:32] parabola_sw_w30p0_f2_id1k
[eval done 01:57:36] parabola_sw_w1p0_f4_id1k
[eval done 01:57:45] parabola_sw_w10p0_f1_id1k
[eval done 01:57:47] parabola_sw_w0p1_f2_id1k
[eval done 01:57:48] uniform_sw_w0p1_f1_id1k
[eval done 01:58:03] parabola_sw_w30p0_f4_id1k
[eval done 01:58:09] parabola_sw_w50p0_f1_id1k
[eval done 01:58:38] parabola_sw_w0p1_f1_id1k
[eval done 01:58:40] parabola_sw_w10p0_f4_id1k
--- WAVE 2 : configs 16..31 ---
[train 01:58:40] uniform_sw_w0p1_f2_id1k on GPU4
[train 01:58:40] uniform_sw_w0p1_f4_id1k on GPU5
[train 01:58:40] uniform_sw_w1p0_f1_id1k on GPU6
[train 01:58:40] uniform_sw_w1p0_f2_id1k on GPU7
[train 01:58:40] uniform_sw_w1p0_f4_id1k on GPU4
[train 01:58:40] uniform_sw_w10p0_f1_id1k on GPU5
[train 01:58:40] uniform_sw_w10p0_f4_id1k on GPU7
[train 01:58:40] uniform_sw_w10p0_f2_id1k on GPU6
[train 01:58:40] uniform_sw_w30p0_f1_id1k on GPU4
[train 01:58:40] uniform_sw_w50p0_f2_id1k on GPU4
[train 01:58:40] uniform_sw_w30p0_f4_id1k on GPU6
[train 01:58:40] uniform_sw_w50p0_f1_id1k on GPU7
[train 01:58:40] uniform_sw_w30p0_f2_id1k on GPU5
[train 01:58:40] uniform_sw_w50p0_f4_id1k on GPU5
[train 01:58:40] collision_sw_w0p1_f1_id1k on GPU6
[train 01:58:40] collision_sw_w0p1_f2_id1k on GPU7
[train done 02:41:10] uniform_sw_w30p0_f1_id1k (exit 0)
[train done 02:41:26] uniform_sw_w10p0_f4_id1k (exit 0)
[train done 02:41:30] uniform_sw_w1p0_f1_id1k (exit 0)
[train done 02:41:46] uniform_sw_w10p0_f1_id1k (exit 0)
[train done 02:41:52] uniform_sw_w0p1_f2_id1k (exit 0)
[train done 02:41:55] uniform_sw_w0p1_f4_id1k (exit 0)
[train done 02:42:01] collision_sw_w0p1_f2_id1k (exit 0)
[train done 02:42:02] uniform_sw_w50p0_f4_id1k (exit 0)
[train done 02:42:12] collision_sw_w0p1_f1_id1k (exit 0)
[train done 02:42:18] uniform_sw_w10p0_f2_id1k (exit 0)
[train done 02:42:24] uniform_sw_w30p0_f4_id1k (exit 0)
[train done 02:42:28] uniform_sw_w50p0_f2_id1k (exit 0)
[train done 02:42:32] uniform_sw_w30p0_f2_id1k (exit 0)
[train done 02:42:49] uniform_sw_w1p0_f4_id1k (exit 0)
[eval done 02:42:54] uniform_sw_w30p0_f1_id1k
[train done 02:42:56] uniform_sw_w50p0_f1_id1k (exit 0)
[train done 02:42:59] uniform_sw_w1p0_f2_id1k (exit 0)
[eval done 02:43:08] uniform_sw_w1p0_f1_id1k
[eval done 02:43:09] uniform_sw_w10p0_f4_id1k
[eval done 02:43:21] uniform_sw_w10p0_f1_id1k
[eval done 02:43:28] uniform_sw_w0p1_f2_id1k
[eval done 02:43:30] uniform_sw_w0p1_f4_id1k
[eval done 02:43:34] collision_sw_w0p1_f2_id1k
[eval done 02:43:35] uniform_sw_w50p0_f4_id1k
[eval done 02:43:42] collision_sw_w0p1_f1_id1k
[eval done 02:43:48] uniform_sw_w10p0_f2_id1k
[eval done 02:43:52] uniform_sw_w30p0_f4_id1k
[eval done 02:43:54] uniform_sw_w50p0_f2_id1k
[eval done 02:43:56] uniform_sw_w30p0_f2_id1k
[eval done 02:44:08] uniform_sw_w1p0_f4_id1k
[eval done 02:44:12] uniform_sw_w50p0_f1_id1k
[eval done 02:44:16] uniform_sw_w1p0_f2_id1k
--- WAVE 3 : configs 32..44 ---
[train 02:44:16] collision_sw_w1p0_f1_id1k on GPU5
[train 02:44:16] collision_sw_w0p1_f4_id1k on GPU4
[train 02:44:16] collision_sw_w1p0_f2_id1k on GPU6
[train 02:44:16] collision_sw_w1p0_f4_id1k on GPU7
[train 02:44:16] collision_sw_w10p0_f1_id1k on GPU4
[train 02:44:16] collision_sw_w10p0_f2_id1k on GPU5
[train 02:44:16] collision_sw_w10p0_f4_id1k on GPU6
[train 02:44:16] collision_sw_w30p0_f1_id1k on GPU7
[train 02:44:16] collision_sw_w30p0_f2_id1k on GPU4
[train 02:44:16] collision_sw_w30p0_f4_id1k on GPU5
[train 02:44:16] collision_sw_w50p0_f1_id1k on GPU6
[train 02:44:16] collision_sw_w50p0_f2_id1k on GPU7
[train 02:44:16] collision_sw_w50p0_f4_id1k on GPU4
[train done 03:17:15] collision_sw_w1p0_f2_id1k (exit 0)
[train done 03:17:49] collision_sw_w1p0_f4_id1k (exit 0)
[train done 03:18:05] collision_sw_w30p0_f4_id1k (exit 0)
[train done 03:18:09] collision_sw_w10p0_f2_id1k (exit 0)
[train done 03:18:14] collision_sw_w30p0_f1_id1k (exit 0)
[train done 03:18:34] collision_sw_w50p0_f2_id1k (exit 0)
[train done 03:18:40] collision_sw_w10p0_f4_id1k (exit 0)
[train done 03:18:41] collision_sw_w1p0_f1_id1k (exit 0)
[eval done 03:18:46] collision_sw_w1p0_f2_id1k
[train done 03:18:53] collision_sw_w50p0_f1_id1k (exit 0)
[eval done 03:19:11] collision_sw_w1p0_f4_id1k
[eval done 03:19:32] collision_sw_w30p0_f4_id1k
[eval done 03:19:33] collision_sw_w30p0_f1_id1k
[eval done 03:19:34] collision_sw_w10p0_f2_id1k
[eval done 03:19:53] collision_sw_w50p0_f2_id1k
[eval done 03:19:54] collision_sw_w10p0_f4_id1k
[eval done 03:19:59] collision_sw_w1p0_f1_id1k
[eval done 03:20:06] collision_sw_w50p0_f1_id1k
[train done 03:27:58] collision_sw_w50p0_f4_id1k (exit 0)
[train done 03:28:12] collision_sw_w30p0_f2_id1k (exit 0)
[train done 03:28:23] collision_sw_w10p0_f1_id1k (exit 0)
[train done 03:28:54] collision_sw_w0p1_f4_id1k (exit 0)
[eval done 03:29:23] collision_sw_w50p0_f4_id1k
[eval done 03:29:34] collision_sw_w30p0_f2_id1k
[eval done 03:29:44] collision_sw_w10p0_f1_id1k
[eval done 03:30:07] collision_sw_w0p1_f4_id1k
=== SWEEP45 ALL DONE Mon Jun  8 03:30:07 CST 2026 ===
