=== rerun-diag START Fri Jun 26 00:02:49 CST 2026 on GPUs 3 4 5 6 7 ===
  Total jobs: 9
[train 00:02:49] GPU3 parabola_rerun_w1p0_f2_id1k (λ=1.0, target=[proprio,action])
[train 00:02:49] GPU4 parabola_rerun_w5p0_f2_id1k (λ=5.0, target=[proprio,action])
[train 00:02:49] GPU6 uniform_motion_rerun_w1p0_f2_id1k (λ=1.0, target=[proprio,action])
[train 00:02:49] GPU7 uniform_motion_rerun_w5p0_f2_id1k (λ=5.0, target=[proprio,action])
[train 00:02:49] GPU5 parabola_rerun_w10p0_f2_id1k (λ=10.0, target=[proprio,action])
[train done 00:28:22] parabola_rerun_w5p0_f2_id1k (exit 0)
[train done 00:28:27] parabola_rerun_w1p0_f2_id1k (exit 0)
[train done 00:28:30] parabola_rerun_w10p0_f2_id1k (exit 0)
[train done 00:28:44] uniform_motion_rerun_w1p0_f2_id1k (exit 0)
[eval done 00:29:32] parabola_w5p0
[train 00:29:32] GPU4 collision_rerun_w1p0_f2_id1k (λ=1.0, target=[proprio,state])
[eval done 00:29:35] parabola_w1p0
[train 00:29:35] GPU3 uniform_motion_rerun_w10p0_f2_id1k (λ=10.0, target=[proprio,action])
[eval done 00:29:39] parabola_w10p0
[train 00:29:39] GPU5 collision_rerun_w5p0_f2_id1k (λ=5.0, target=[proprio,state])
[eval done 00:29:55] uniform_motion_w1p0
[train 00:29:55] GPU6 collision_rerun_w10p0_f2_id1k (λ=10.0, target=[proprio,state])
[train done 00:30:19] uniform_motion_rerun_w5p0_f2_id1k (exit 0)
[eval done 00:31:34] uniform_motion_w5p0
[train done 00:53:21] uniform_motion_rerun_w10p0_f2_id1k (exit 0)
[train done 00:53:55] collision_rerun_w10p0_f2_id1k (exit 0)
[train done 00:54:17] collision_rerun_w1p0_f2_id1k (exit 0)
[eval done 00:54:31] uniform_motion_w10p0
[eval done 00:55:03] collision_w10p0
[train done 00:55:07] collision_rerun_w5p0_f2_id1k (exit 0)
[eval done 00:55:25] collision_w1p0
[eval done 00:56:12] collision_w5p0
=== rerun-diag ALL DONE Fri Jun 26 00:56:12 CST 2026 ===
