[norm] action mean=[ 0.24667731 -0.40296947], std=[0.08836433 0.229554  ]  (from phyworld_parabola_id1k.h5)
[ckpt] /data1/likun-share/junjxu/.stable_worldmodel/parabola_rerun_w1p0_f2_id1k/parabola_rerun_w1p0_f2_id1k_epoch_20_object.ckpt  tag=rerun_w1p0
  rolled out 100 trajs, t=15s
  rolled out 200 trajs, t=28s
  rolled out 300 trajs, t=40s
  rolled out 400 trajs, t=52s
  rolled out 500 trajs, t=64s

[data] 500 trajs, 14500 (frame,pred) pairs, emb dim=192
/home/likun-share/junjxu/wm/phyworld/scripts/rollout_eval_id1k.py:242: ConstantInputWarning: An input array is constant; the correlation coefficient is not defined.
  rhos = [pearsonr(vel_all[m][:, d], pv[:, d])[0] for d in range(vel_all.shape[1])]
/home/likun-share/junjxu/wm/phyworld/scripts/rollout_eval_id1k.py:242: NearConstantInputWarning: An input array is nearly constant; the computed correlation coefficient may be inaccurate.
  rhos = [pearsonr(vel_all[m][:, d], pv[:, d])[0] for d in range(vel_all.shape[1])]
/home/likun-share/junjxu/wm/phyworld/scripts/rollout_eval_id1k.py:242: NearConstantInputWarning: An input array is nearly constant; the computed correlation coefficient may be inaccurate.
  rhos = [pearsonr(vel_all[m][:, d], pv[:, d])[0] for d in range(vel_all.shape[1])]
/home/likun-share/junjxu/wm/phyworld/scripts/rollout_eval_id1k.py:296: ConstantInputWarning: An input array is constant; the correlation coefficient is not defined.
  rhos = [pearsonr(vel_all[m][:, d], pv[:, d])[0] for d in range(vel_all.shape[1])]
/home/likun-share/junjxu/wm/phyworld/scripts/rollout_eval_id1k.py:296: NearConstantInputWarning: An input array is nearly constant; the computed correlation coefficient may be inaccurate.
  rhos = [pearsonr(vel_all[m][:, d], pv[:, d])[0] for d in range(vel_all.shape[1])]
/home/likun-share/junjxu/wm/phyworld/scripts/rollout_eval_id1k.py:296: NearConstantInputWarning: An input array is nearly constant; the computed correlation coefficient may be inaccurate.
  rhos = [pearsonr(vel_all[m][:, d], pv[:, d])[0] for d in range(vel_all.shape[1])]

=== parabola AR ROLLOUT (LeWM ID-only FT, history_size=3) ===
--- latent fidelity (pred vs real emb), test trajs, by partition ---
  ID         n=  464  cos=+0.9718  nMSE=0.0531
  r/m-OOD    n=  319  cos=+0.8897  nMSE=0.2528
  v-OOD      n=  928  cos=+0.7174  nMSE=0.5171
  both-OOD   n= 1189  cos=+0.6835  nMSE=0.6999

--- latent fidelity vs horizon (test, aggregate) ---
  h=  1  n=  100  cos=+0.9793  nMSE=0.0343
  h=  2  n=  100  cos=+0.9446  nMSE=0.0909
  h=  4  n=  100  cos=+0.8977  nMSE=0.1998
  h=  8  n=  100  cos=+0.8337  nMSE=0.3678
  h= 16  n=  100  cos=+0.6770  nMSE=0.6668
  h= 28  n=  100  cos=+0.8221  nMSE=18189970.0000

--- decoded pos/vel ρ from ROLLED-OUT latents (test), by partition ---
  [baseline] probe applied to REAL embs:
  REAL ID                   pos0ρ=+0.946  pos1ρ=+0.978  vel0ρ=+0.293  vel1ρ=+0.981
  REAL r/m-OOD              pos0ρ=+0.915  pos1ρ=+0.977  vel0ρ=+0.478  vel1ρ=+0.983
  REAL v-OOD                pos0ρ=+0.888  pos1ρ=+0.902  vel0ρ=+0.569  vel1ρ=+0.951
  REAL both-OOD             pos0ρ=+0.852  pos1ρ=+0.913  vel0ρ=+0.664  vel1ρ=+0.957
  [rollout] probe applied to PREDICTED embs:
  PRED ID                   pos0ρ=+0.940  pos1ρ=+0.978  vel0ρ=+0.282  vel1ρ=+0.982
  PRED r/m-OOD              pos0ρ=+0.884  pos1ρ=+0.957  vel0ρ=+0.403  vel1ρ=+0.976
  PRED v-OOD                pos0ρ=+0.907  pos1ρ=+0.922  vel0ρ=+0.618  vel1ρ=+0.950
  PRED both-OOD             pos0ρ=+0.841  pos1ρ=+0.900  vel0ρ=+0.653  vel1ρ=+0.943

--- decoded vel ρ from PRED latents vs horizon (test, aggregate) ---
  h=  1  n=  100  vel0ρ=+0.364  vel1ρ=+0.241
  h=  2  n=  100  vel0ρ=+0.409  vel1ρ=-0.414
  h=  4  n=  100  vel0ρ=+0.417  vel1ρ=-0.404
  h=  8  n=  100  vel0ρ=+0.449  vel1ρ=+nan
  h= 16  n=  100  vel0ρ=+0.723  vel1ρ=+0.284
  h= 28  n=  100  vel0ρ=+0.617  vel1ρ=+0.077

--- [K=4] decoded pos/vel ρ from ROLLED-OUT latents (test), by partition ---
  [K=4] probe applied to PREDICTED embs (stack 4 consecutive predicted latents):
  PRED-K4 ID          pos0ρ=+0.928  pos1ρ=+0.981  vel0ρ=+0.624  vel1ρ=+0.984
  PRED-K4 r/m-OOD     pos0ρ=+0.881  pos1ρ=+0.960  vel0ρ=+0.644  vel1ρ=+0.970
  PRED-K4 v-OOD       pos0ρ=+0.911  pos1ρ=+0.926  vel0ρ=+0.665  vel1ρ=+0.937
  PRED-K4 both-OOD    pos0ρ=+0.852  pos1ρ=+0.902  vel0ρ=+0.667  vel1ρ=+0.934

--- [K=4] decoded vel ρ from PRED latents vs horizon (test, aggregate) ---
  h=  4  n=  100  vel0ρ=+0.875  vel1ρ=-0.368
  h=  8  n=  100  vel0ρ=+0.803  vel1ρ=+nan
  h= 16  n=  100  vel0ρ=+0.675  vel1ρ=+0.247
  h= 28  n=  100  vel0ρ=+0.489  vel1ρ=+0.066

Total 65s
