[norm] action mean=[-0.01484401  0.          0.01575156  0.        ], std=[7.72976437e-02 1.00000000e-08 8.20558954e-02 1.00000000e-08]  (from phyworld_collision_id1k.h5)
[ckpt] /data1/likun-share/junjxu/.stable_worldmodel/collision_rerun_w10p0_f2_id1k/collision_rerun_w10p0_f2_id1k_epoch_20_object.ckpt  tag=rerun_w10p0
  rolled out 100 trajs, t=16s
  rolled out 200 trajs, t=28s
  rolled out 300 trajs, t=40s
  rolled out 400 trajs, t=52s
  rolled out 500 trajs, t=64s

[data] 500 trajs, 14500 (frame,pred) pairs, emb dim=192

=== collision AR ROLLOUT (LeWM ID-only FT, history_size=3) ===
--- latent fidelity (pred vs real emb), test trajs, by partition ---
  ID         n=  203  cos=+0.6574  nMSE=0.7752
  r/m-OOD    n=  754  cos=+0.6437  nMSE=0.6908
  v-OOD      n=  290  cos=+0.4257  nMSE=1.3421
  both-OOD   n= 1653  cos=+0.5776  nMSE=0.7855

--- latent fidelity vs horizon (test, aggregate) ---
  h=  1  n=  100  cos=+0.9891  nMSE=0.0247
  h=  2  n=  100  cos=+0.9691  nMSE=0.0644
  h=  4  n=  100  cos=+0.8951  nMSE=0.2049
  h=  8  n=  100  cos=+0.7757  nMSE=0.4355
  h= 16  n=  100  cos=+0.5028  nMSE=0.9397
  h= 28  n=  100  cos=+0.3451  nMSE=1.4087

--- decoded pos/vel ρ from ROLLED-OUT latents (test), by partition ---
  [baseline] probe applied to REAL embs:
  REAL ID                   pos0ρ=+0.963  pos1ρ=+0.970  vel0ρ=+0.754  vel1ρ=+0.746
  REAL r/m-OOD              pos0ρ=+0.845  pos1ρ=+0.812  vel0ρ=+0.776  vel1ρ=+0.747
  REAL v-OOD                pos0ρ=+0.957  pos1ρ=+0.941  vel0ρ=+0.772  vel1ρ=+0.749
  REAL both-OOD             pos0ρ=+0.909  pos1ρ=+0.871  vel0ρ=+0.899  vel1ρ=+0.792
  [rollout] probe applied to PREDICTED embs:
  PRED ID                   pos0ρ=+0.532  pos1ρ=+0.711  vel0ρ=+0.511  vel1ρ=+0.627
  PRED r/m-OOD              pos0ρ=+0.581  pos1ρ=+0.631  vel0ρ=+0.664  vel1ρ=+0.651
  PRED v-OOD                pos0ρ=+0.749  pos1ρ=+0.449  vel0ρ=+0.484  vel1ρ=+0.345
  PRED both-OOD             pos0ρ=+0.709  pos1ρ=+0.717  vel0ρ=+0.729  vel1ρ=+0.759

--- decoded vel ρ from PRED latents vs horizon (test, aggregate) ---
  h=  1  n=  100  vel0ρ=+0.270  vel1ρ=+0.216
  h=  2  n=  100  vel0ρ=+0.307  vel1ρ=+0.252
  h=  4  n=  100  vel0ρ=+0.277  vel1ρ=+0.266
  h=  8  n=  100  vel0ρ=+0.673  vel1ρ=+0.584
  h= 16  n=  100  vel0ρ=+0.808  vel1ρ=+0.787
  h= 28  n=  100  vel0ρ=+0.629  vel1ρ=+0.747

--- [K=4] decoded pos/vel ρ from ROLLED-OUT latents (test), by partition ---
  [K=4] probe applied to PREDICTED embs (stack 4 consecutive predicted latents):
  PRED-K4 ID          pos0ρ=+0.604  pos1ρ=+0.846  vel0ρ=+0.726  vel1ρ=+0.848
  PRED-K4 r/m-OOD     pos0ρ=+0.625  pos1ρ=+0.677  vel0ρ=+0.763  vel1ρ=+0.730
  PRED-K4 v-OOD       pos0ρ=+0.693  pos1ρ=+0.448  vel0ρ=+0.464  vel1ρ=+0.410
  PRED-K4 both-OOD    pos0ρ=+0.744  pos1ρ=+0.754  vel0ρ=+0.780  vel1ρ=+0.802

--- [K=4] decoded vel ρ from PRED latents vs horizon (test, aggregate) ---
  h=  4  n=  100  vel0ρ=+0.445  vel1ρ=+0.543
  h=  8  n=  100  vel0ρ=+0.824  vel1ρ=+0.674
  h= 16  n=  100  vel0ρ=+0.785  vel1ρ=+0.807
  h= 28  n=  100  vel0ρ=+0.675  vel1ρ=+0.723

Total 64s
