[norm] action mean=[0.24667731 0.        ], std=[8.83643282e-02 1.00000000e-08]  (from phyworld_uniform_motion_id1k.h5)
[ckpt] /data1/likun-share/junjxu/.stable_worldmodel/uniform_motion_rerun_w5p0_f2_id1k/uniform_motion_rerun_w5p0_f2_id1k_epoch_20_object.ckpt  tag=rerun_w5p0
  rolled out 100 trajs, t=17s
  rolled out 200 trajs, t=31s
  rolled out 300 trajs, t=43s
  rolled out 400 trajs, t=57s
  rolled out 500 trajs, t=70s

[data] 500 trajs, 14500 (frame,pred) pairs, emb dim=192
/home/likun-share/junjxu/wm/phyworld/scripts/rollout_eval_id1k.py:197: ConstantInputWarning: An input array is constant; the correlation coefficient is not defined.
  rho = pearsonr(vel_all[mask][:, d], pv[:, d])[0]
/home/likun-share/junjxu/wm/phyworld/scripts/rollout_eval_id1k.py:197: ConstantInputWarning: An input array is constant; the correlation coefficient is not defined.
  rho = pearsonr(vel_all[mask][:, d], pv[:, d])[0]
/home/likun-share/junjxu/wm/phyworld/scripts/rollout_eval_id1k.py:197: ConstantInputWarning: An input array is constant; the correlation coefficient is not defined.
  rho = pearsonr(vel_all[mask][:, d], pv[:, d])[0]
/home/likun-share/junjxu/wm/phyworld/scripts/rollout_eval_id1k.py:197: ConstantInputWarning: An input array is constant; the correlation coefficient is not defined.
  rho = pearsonr(vel_all[mask][:, d], pv[:, d])[0]
/home/likun-share/junjxu/wm/phyworld/scripts/rollout_eval_id1k.py:197: ConstantInputWarning: An input array is constant; the correlation coefficient is not defined.
  rho = pearsonr(vel_all[mask][:, d], pv[:, d])[0]
/home/likun-share/junjxu/wm/phyworld/scripts/rollout_eval_id1k.py:197: ConstantInputWarning: An input array is constant; the correlation coefficient is not defined.
  rho = pearsonr(vel_all[mask][:, d], pv[:, d])[0]
/home/likun-share/junjxu/wm/phyworld/scripts/rollout_eval_id1k.py:197: ConstantInputWarning: An input array is constant; the correlation coefficient is not defined.
  rho = pearsonr(vel_all[mask][:, d], pv[:, d])[0]
/home/likun-share/junjxu/wm/phyworld/scripts/rollout_eval_id1k.py:197: ConstantInputWarning: An input array is constant; the correlation coefficient is not defined.
  rho = pearsonr(vel_all[mask][:, d], pv[:, d])[0]
/home/likun-share/junjxu/wm/phyworld/scripts/rollout_eval_id1k.py:242: ConstantInputWarning: An input array is constant; the correlation coefficient is not defined.
  rhos = [pearsonr(vel_all[m][:, d], pv[:, d])[0] for d in range(vel_all.shape[1])]
/home/likun-share/junjxu/wm/phyworld/scripts/rollout_eval_id1k.py:242: ConstantInputWarning: An input array is constant; the correlation coefficient is not defined.
  rhos = [pearsonr(vel_all[m][:, d], pv[:, d])[0] for d in range(vel_all.shape[1])]
/home/likun-share/junjxu/wm/phyworld/scripts/rollout_eval_id1k.py:242: ConstantInputWarning: An input array is constant; the correlation coefficient is not defined.
  rhos = [pearsonr(vel_all[m][:, d], pv[:, d])[0] for d in range(vel_all.shape[1])]
/home/likun-share/junjxu/wm/phyworld/scripts/rollout_eval_id1k.py:242: ConstantInputWarning: An input array is constant; the correlation coefficient is not defined.
  rhos = [pearsonr(vel_all[m][:, d], pv[:, d])[0] for d in range(vel_all.shape[1])]
/home/likun-share/junjxu/wm/phyworld/scripts/rollout_eval_id1k.py:242: ConstantInputWarning: An input array is constant; the correlation coefficient is not defined.
  rhos = [pearsonr(vel_all[m][:, d], pv[:, d])[0] for d in range(vel_all.shape[1])]
/home/likun-share/junjxu/wm/phyworld/scripts/rollout_eval_id1k.py:242: ConstantInputWarning: An input array is constant; the correlation coefficient is not defined.
  rhos = [pearsonr(vel_all[m][:, d], pv[:, d])[0] for d in range(vel_all.shape[1])]
/home/likun-share/junjxu/wm/phyworld/scripts/rollout_eval_id1k.py:288: ConstantInputWarning: An input array is constant; the correlation coefficient is not defined.
  line += f"  vel{d}ρ={pearsonr(vel_all[m][:, d], pv[:, d])[0]:+.3f}"
/home/likun-share/junjxu/wm/phyworld/scripts/rollout_eval_id1k.py:288: ConstantInputWarning: An input array is constant; the correlation coefficient is not defined.
  line += f"  vel{d}ρ={pearsonr(vel_all[m][:, d], pv[:, d])[0]:+.3f}"
/home/likun-share/junjxu/wm/phyworld/scripts/rollout_eval_id1k.py:288: ConstantInputWarning: An input array is constant; the correlation coefficient is not defined.
  line += f"  vel{d}ρ={pearsonr(vel_all[m][:, d], pv[:, d])[0]:+.3f}"
/home/likun-share/junjxu/wm/phyworld/scripts/rollout_eval_id1k.py:288: ConstantInputWarning: An input array is constant; the correlation coefficient is not defined.
  line += f"  vel{d}ρ={pearsonr(vel_all[m][:, d], pv[:, d])[0]:+.3f}"
/home/likun-share/junjxu/wm/phyworld/scripts/rollout_eval_id1k.py:296: ConstantInputWarning: An input array is constant; the correlation coefficient is not defined.
  rhos = [pearsonr(vel_all[m][:, d], pv[:, d])[0] for d in range(vel_all.shape[1])]
/home/likun-share/junjxu/wm/phyworld/scripts/rollout_eval_id1k.py:296: ConstantInputWarning: An input array is constant; the correlation coefficient is not defined.
  rhos = [pearsonr(vel_all[m][:, d], pv[:, d])[0] for d in range(vel_all.shape[1])]
/home/likun-share/junjxu/wm/phyworld/scripts/rollout_eval_id1k.py:296: ConstantInputWarning: An input array is constant; the correlation coefficient is not defined.
  rhos = [pearsonr(vel_all[m][:, d], pv[:, d])[0] for d in range(vel_all.shape[1])]
/home/likun-share/junjxu/wm/phyworld/scripts/rollout_eval_id1k.py:296: ConstantInputWarning: An input array is constant; the correlation coefficient is not defined.
  rhos = [pearsonr(vel_all[m][:, d], pv[:, d])[0] for d in range(vel_all.shape[1])]

=== uniform_motion AR ROLLOUT (LeWM ID-only FT, history_size=3) ===
--- latent fidelity (pred vs real emb), test trajs, by partition ---
  ID         n=  406  cos=+0.8533  nMSE=0.2715
  r/m-OOD    n=  464  cos=+0.8051  nMSE=0.4238
  v-OOD      n=  841  cos=+0.8530  nMSE=0.3559
  both-OOD   n= 1189  cos=+0.7869  nMSE=0.4967

--- latent fidelity vs horizon (test, aggregate) ---
  h=  1  n=  100  cos=+0.9844  nMSE=0.0321
  h=  2  n=  100  cos=+0.9620  nMSE=0.0719
  h=  4  n=  100  cos=+0.9150  nMSE=0.1582
  h=  8  n=  100  cos=+0.8401  nMSE=0.3134
  h= 16  n=  100  cos=+0.7737  nMSE=0.4626
  h= 28  n=  100  cos=+0.7881  nMSE=0.7250

--- decoded pos/vel ρ from ROLLED-OUT latents (test), by partition ---
  [baseline] probe applied to REAL embs:
  REAL ID                   pos0ρ=+0.980  pos1ρ=+0.984  vel0ρ=+0.400  vel1ρ=+nan
  REAL r/m-OOD              pos0ρ=+0.968  pos1ρ=+0.933  vel0ρ=+0.432  vel1ρ=+nan
  REAL v-OOD                pos0ρ=+0.960  pos1ρ=+0.832  vel0ρ=+0.454  vel1ρ=+nan
  REAL both-OOD             pos0ρ=+0.958  pos1ρ=+0.867  vel0ρ=+0.608  vel1ρ=+nan
  [rollout] probe applied to PREDICTED embs:
  PRED ID                   pos0ρ=+0.964  pos1ρ=+0.938  vel0ρ=+0.488  vel1ρ=+nan
  PRED r/m-OOD              pos0ρ=+0.934  pos1ρ=+0.830  vel0ρ=+0.407  vel1ρ=+nan
  PRED v-OOD                pos0ρ=+0.947  pos1ρ=+0.778  vel0ρ=+0.518  vel1ρ=+nan
  PRED both-OOD             pos0ρ=+0.923  pos1ρ=+0.764  vel0ρ=+0.636  vel1ρ=+nan

--- decoded vel ρ from PRED latents vs horizon (test, aggregate) ---
  h=  1  n=  100  vel0ρ=+0.037  vel1ρ=+nan
  h=  2  n=  100  vel0ρ=+0.136  vel1ρ=+nan
  h=  4  n=  100  vel0ρ=+0.171  vel1ρ=+nan
  h=  8  n=  100  vel0ρ=+0.329  vel1ρ=+nan
  h= 16  n=  100  vel0ρ=+0.737  vel1ρ=+nan
  h= 28  n=  100  vel0ρ=+0.803  vel1ρ=+nan

--- [K=4] decoded pos/vel ρ from ROLLED-OUT latents (test), by partition ---
  [K=4] probe applied to PREDICTED embs (stack 4 consecutive predicted latents):
  PRED-K4 ID          pos0ρ=+0.951  pos1ρ=+0.944  vel0ρ=+0.774  vel1ρ=+nan
  PRED-K4 r/m-OOD     pos0ρ=+0.924  pos1ρ=+0.854  vel0ρ=+0.871  vel1ρ=+nan
  PRED-K4 v-OOD       pos0ρ=+0.955  pos1ρ=+0.802  vel0ρ=+0.929  vel1ρ=+nan
  PRED-K4 both-OOD    pos0ρ=+0.932  pos1ρ=+0.778  vel0ρ=+0.938  vel1ρ=+nan

--- [K=4] decoded vel ρ from PRED latents vs horizon (test, aggregate) ---
  h=  4  n=  100  vel0ρ=+0.941  vel1ρ=+nan
  h=  8  n=  100  vel0ρ=+0.933  vel1ρ=+nan
  h= 16  n=  100  vel0ρ=+0.911  vel1ρ=+nan
  h= 28  n=  100  vel0ρ=+0.924  vel1ρ=+nan

Total 71s
