[norm] action mean=[0.24667731 0.        ], std=[8.83643282e-02 1.00000000e-08]  (from phyworld_uniform_motion_id1k.h5)
[ckpt] /data1/likun-share/junjxu/.stable_worldmodel/uniform_motion_rerun_w10p0_f2_id1k/uniform_motion_rerun_w10p0_f2_id1k_epoch_20_object.ckpt  tag=rerun_w10p0
  rolled out 100 trajs, t=16s
  rolled out 200 trajs, t=28s
  rolled out 300 trajs, t=41s
  rolled out 400 trajs, t=53s
  rolled out 500 trajs, t=66s

[data] 500 trajs, 14500 (frame,pred) pairs, emb dim=192
/home/likun-share/junjxu/wm/phyworld/scripts/rollout_eval_id1k.py:197: ConstantInputWarning: An input array is constant; the correlation coefficient is not defined.
  rho = pearsonr(vel_all[mask][:, d], pv[:, d])[0]
/home/likun-share/junjxu/wm/phyworld/scripts/rollout_eval_id1k.py:197: ConstantInputWarning: An input array is constant; the correlation coefficient is not defined.
  rho = pearsonr(vel_all[mask][:, d], pv[:, d])[0]
/home/likun-share/junjxu/wm/phyworld/scripts/rollout_eval_id1k.py:197: ConstantInputWarning: An input array is constant; the correlation coefficient is not defined.
  rho = pearsonr(vel_all[mask][:, d], pv[:, d])[0]
/home/likun-share/junjxu/wm/phyworld/scripts/rollout_eval_id1k.py:197: ConstantInputWarning: An input array is constant; the correlation coefficient is not defined.
  rho = pearsonr(vel_all[mask][:, d], pv[:, d])[0]
/home/likun-share/junjxu/wm/phyworld/scripts/rollout_eval_id1k.py:197: ConstantInputWarning: An input array is constant; the correlation coefficient is not defined.
  rho = pearsonr(vel_all[mask][:, d], pv[:, d])[0]
/home/likun-share/junjxu/wm/phyworld/scripts/rollout_eval_id1k.py:197: ConstantInputWarning: An input array is constant; the correlation coefficient is not defined.
  rho = pearsonr(vel_all[mask][:, d], pv[:, d])[0]
/home/likun-share/junjxu/wm/phyworld/scripts/rollout_eval_id1k.py:197: ConstantInputWarning: An input array is constant; the correlation coefficient is not defined.
  rho = pearsonr(vel_all[mask][:, d], pv[:, d])[0]
/home/likun-share/junjxu/wm/phyworld/scripts/rollout_eval_id1k.py:197: ConstantInputWarning: An input array is constant; the correlation coefficient is not defined.
  rho = pearsonr(vel_all[mask][:, d], pv[:, d])[0]
/home/likun-share/junjxu/wm/phyworld/scripts/rollout_eval_id1k.py:242: ConstantInputWarning: An input array is constant; the correlation coefficient is not defined.
  rhos = [pearsonr(vel_all[m][:, d], pv[:, d])[0] for d in range(vel_all.shape[1])]
/home/likun-share/junjxu/wm/phyworld/scripts/rollout_eval_id1k.py:242: ConstantInputWarning: An input array is constant; the correlation coefficient is not defined.
  rhos = [pearsonr(vel_all[m][:, d], pv[:, d])[0] for d in range(vel_all.shape[1])]
/home/likun-share/junjxu/wm/phyworld/scripts/rollout_eval_id1k.py:242: ConstantInputWarning: An input array is constant; the correlation coefficient is not defined.
  rhos = [pearsonr(vel_all[m][:, d], pv[:, d])[0] for d in range(vel_all.shape[1])]
/home/likun-share/junjxu/wm/phyworld/scripts/rollout_eval_id1k.py:242: ConstantInputWarning: An input array is constant; the correlation coefficient is not defined.
  rhos = [pearsonr(vel_all[m][:, d], pv[:, d])[0] for d in range(vel_all.shape[1])]
/home/likun-share/junjxu/wm/phyworld/scripts/rollout_eval_id1k.py:242: ConstantInputWarning: An input array is constant; the correlation coefficient is not defined.
  rhos = [pearsonr(vel_all[m][:, d], pv[:, d])[0] for d in range(vel_all.shape[1])]
/home/likun-share/junjxu/wm/phyworld/scripts/rollout_eval_id1k.py:242: ConstantInputWarning: An input array is constant; the correlation coefficient is not defined.
  rhos = [pearsonr(vel_all[m][:, d], pv[:, d])[0] for d in range(vel_all.shape[1])]
/home/likun-share/junjxu/wm/phyworld/scripts/rollout_eval_id1k.py:288: ConstantInputWarning: An input array is constant; the correlation coefficient is not defined.
  line += f"  vel{d}ρ={pearsonr(vel_all[m][:, d], pv[:, d])[0]:+.3f}"
/home/likun-share/junjxu/wm/phyworld/scripts/rollout_eval_id1k.py:288: ConstantInputWarning: An input array is constant; the correlation coefficient is not defined.
  line += f"  vel{d}ρ={pearsonr(vel_all[m][:, d], pv[:, d])[0]:+.3f}"
/home/likun-share/junjxu/wm/phyworld/scripts/rollout_eval_id1k.py:288: ConstantInputWarning: An input array is constant; the correlation coefficient is not defined.
  line += f"  vel{d}ρ={pearsonr(vel_all[m][:, d], pv[:, d])[0]:+.3f}"
/home/likun-share/junjxu/wm/phyworld/scripts/rollout_eval_id1k.py:288: ConstantInputWarning: An input array is constant; the correlation coefficient is not defined.
  line += f"  vel{d}ρ={pearsonr(vel_all[m][:, d], pv[:, d])[0]:+.3f}"
/home/likun-share/junjxu/wm/phyworld/scripts/rollout_eval_id1k.py:296: ConstantInputWarning: An input array is constant; the correlation coefficient is not defined.
  rhos = [pearsonr(vel_all[m][:, d], pv[:, d])[0] for d in range(vel_all.shape[1])]
/home/likun-share/junjxu/wm/phyworld/scripts/rollout_eval_id1k.py:296: ConstantInputWarning: An input array is constant; the correlation coefficient is not defined.
  rhos = [pearsonr(vel_all[m][:, d], pv[:, d])[0] for d in range(vel_all.shape[1])]
/home/likun-share/junjxu/wm/phyworld/scripts/rollout_eval_id1k.py:296: ConstantInputWarning: An input array is constant; the correlation coefficient is not defined.
  rhos = [pearsonr(vel_all[m][:, d], pv[:, d])[0] for d in range(vel_all.shape[1])]
/home/likun-share/junjxu/wm/phyworld/scripts/rollout_eval_id1k.py:296: ConstantInputWarning: An input array is constant; the correlation coefficient is not defined.
  rhos = [pearsonr(vel_all[m][:, d], pv[:, d])[0] for d in range(vel_all.shape[1])]

=== uniform_motion AR ROLLOUT (LeWM ID-only FT, history_size=3) ===
--- latent fidelity (pred vs real emb), test trajs, by partition ---
  ID         n=  406  cos=+0.9172  nMSE=0.1225
  r/m-OOD    n=  464  cos=+0.8202  nMSE=0.2782
  v-OOD      n=  841  cos=+0.8765  nMSE=0.2280
  both-OOD   n= 1189  cos=+0.8312  nMSE=0.3504

--- latent fidelity vs horizon (test, aggregate) ---
  h=  1  n=  100  cos=+0.9894  nMSE=0.0172
  h=  2  n=  100  cos=+0.9724  nMSE=0.0410
  h=  4  n=  100  cos=+0.9258  nMSE=0.1049
  h=  8  n=  100  cos=+0.8531  nMSE=0.2496
  h= 16  n=  100  cos=+0.8256  nMSE=0.3444
  h= 28  n=  100  cos=+0.8395  nMSE=0.4945

--- decoded pos/vel ρ from ROLLED-OUT latents (test), by partition ---
  [baseline] probe applied to REAL embs:
  REAL ID                   pos0ρ=+0.984  pos1ρ=+0.986  vel0ρ=+0.243  vel1ρ=+nan
  REAL r/m-OOD              pos0ρ=+0.967  pos1ρ=+0.934  vel0ρ=+0.354  vel1ρ=+nan
  REAL v-OOD                pos0ρ=+0.960  pos1ρ=+0.833  vel0ρ=+0.461  vel1ρ=+nan
  REAL both-OOD             pos0ρ=+0.954  pos1ρ=+0.867  vel0ρ=+0.542  vel1ρ=+nan
  [rollout] probe applied to PREDICTED embs:
  PRED ID                   pos0ρ=+0.971  pos1ρ=+0.971  vel0ρ=+0.206  vel1ρ=+nan
  PRED r/m-OOD              pos0ρ=+0.961  pos1ρ=+0.843  vel0ρ=+0.313  vel1ρ=+nan
  PRED v-OOD                pos0ρ=+0.939  pos1ρ=+0.798  vel0ρ=+0.400  vel1ρ=+nan
  PRED both-OOD             pos0ρ=+0.927  pos1ρ=+0.795  vel0ρ=+0.512  vel1ρ=+nan

--- decoded vel ρ from PRED latents vs horizon (test, aggregate) ---
  h=  1  n=  100  vel0ρ=-0.102  vel1ρ=+nan
  h=  2  n=  100  vel0ρ=-0.077  vel1ρ=+nan
  h=  4  n=  100  vel0ρ=-0.056  vel1ρ=+nan
  h=  8  n=  100  vel0ρ=+0.070  vel1ρ=+nan
  h= 16  n=  100  vel0ρ=+0.689  vel1ρ=+nan
  h= 28  n=  100  vel0ρ=+0.761  vel1ρ=+nan

--- [K=4] decoded pos/vel ρ from ROLLED-OUT latents (test), by partition ---
  [K=4] probe applied to PREDICTED embs (stack 4 consecutive predicted latents):
  PRED-K4 ID          pos0ρ=+0.967  pos1ρ=+0.975  vel0ρ=+0.755  vel1ρ=+nan
  PRED-K4 r/m-OOD     pos0ρ=+0.960  pos1ρ=+0.871  vel0ρ=+0.817  vel1ρ=+nan
  PRED-K4 v-OOD       pos0ρ=+0.951  pos1ρ=+0.822  vel0ρ=+0.941  vel1ρ=+nan
  PRED-K4 both-OOD    pos0ρ=+0.942  pos1ρ=+0.813  vel0ρ=+0.940  vel1ρ=+nan

--- [K=4] decoded vel ρ from PRED latents vs horizon (test, aggregate) ---
  h=  4  n=  100  vel0ρ=+0.927  vel1ρ=+nan
  h=  8  n=  100  vel0ρ=+0.936  vel1ρ=+nan
  h= 16  n=  100  vel0ρ=+0.924  vel1ρ=+nan
  h= 28  n=  100  vel0ρ=+0.934  vel1ρ=+nan

Total 66s
