[norm] action mean=[ 0.24667731 -0.40296947], std=[0.08836433 0.229554  ]  (from phyworld_parabola_id1k.h5)
[ckpt] /data1/likun-share/junjxu/.stable_worldmodel/parabola_rerun_w5p0_f2_id1k/parabola_rerun_w5p0_f2_id1k_epoch_20_object.ckpt  tag=rerun_w5p0
  rolled out 100 trajs, t=17s
  rolled out 200 trajs, t=29s
  rolled out 300 trajs, t=41s
  rolled out 400 trajs, t=53s
  rolled out 500 trajs, t=66s

[data] 500 trajs, 14500 (frame,pred) pairs, emb dim=192
/home/likun-share/junjxu/wm/phyworld/scripts/rollout_eval_id1k.py:242: ConstantInputWarning: An input array is constant; the correlation coefficient is not defined.
  rhos = [pearsonr(vel_all[m][:, d], pv[:, d])[0] for d in range(vel_all.shape[1])]
/home/likun-share/junjxu/wm/phyworld/scripts/rollout_eval_id1k.py:242: NearConstantInputWarning: An input array is nearly constant; the computed correlation coefficient may be inaccurate.
  rhos = [pearsonr(vel_all[m][:, d], pv[:, d])[0] for d in range(vel_all.shape[1])]
/home/likun-share/junjxu/wm/phyworld/scripts/rollout_eval_id1k.py:242: NearConstantInputWarning: An input array is nearly constant; the computed correlation coefficient may be inaccurate.
  rhos = [pearsonr(vel_all[m][:, d], pv[:, d])[0] for d in range(vel_all.shape[1])]
/home/likun-share/junjxu/wm/le-wm/.venv/lib/python3.10/site-packages/sklearn/linear_model/_ridge.py:213: LinAlgWarning: Ill-conditioned matrix (rcond=5.15259e-08): result may not be accurate.
  return linalg.solve(A, Xy, assume_a="pos", overwrite_a=True).T
/home/likun-share/junjxu/wm/le-wm/.venv/lib/python3.10/site-packages/sklearn/linear_model/_ridge.py:213: LinAlgWarning: Ill-conditioned matrix (rcond=5.15259e-08): result may not be accurate.
  return linalg.solve(A, Xy, assume_a="pos", overwrite_a=True).T
/home/likun-share/junjxu/wm/phyworld/scripts/rollout_eval_id1k.py:296: ConstantInputWarning: An input array is constant; the correlation coefficient is not defined.
  rhos = [pearsonr(vel_all[m][:, d], pv[:, d])[0] for d in range(vel_all.shape[1])]
/home/likun-share/junjxu/wm/phyworld/scripts/rollout_eval_id1k.py:296: NearConstantInputWarning: An input array is nearly constant; the computed correlation coefficient may be inaccurate.
  rhos = [pearsonr(vel_all[m][:, d], pv[:, d])[0] for d in range(vel_all.shape[1])]
/home/likun-share/junjxu/wm/phyworld/scripts/rollout_eval_id1k.py:296: NearConstantInputWarning: An input array is nearly constant; the computed correlation coefficient may be inaccurate.
  rhos = [pearsonr(vel_all[m][:, d], pv[:, d])[0] for d in range(vel_all.shape[1])]

=== parabola AR ROLLOUT (LeWM ID-only FT, history_size=3) ===
--- latent fidelity (pred vs real emb), test trajs, by partition ---
  ID         n=  464  cos=+0.9749  nMSE=0.0380
  r/m-OOD    n=  319  cos=+0.8873  nMSE=0.1949
  v-OOD      n=  928  cos=+0.7846  nMSE=0.3151
  both-OOD   n= 1189  cos=+0.7540  nMSE=0.5636

--- latent fidelity vs horizon (test, aggregate) ---
  h=  1  n=  100  cos=+0.9789  nMSE=0.0339
  h=  2  n=  100  cos=+0.9550  nMSE=0.0818
  h=  4  n=  100  cos=+0.9314  nMSE=0.1745
  h=  8  n=  100  cos=+0.9052  nMSE=0.3858
  h= 16  n=  100  cos=+0.6932  nMSE=0.6654
  h= 28  n=  100  cos=+0.8674  nMSE=6835475.0000

--- decoded pos/vel ρ from ROLLED-OUT latents (test), by partition ---
  [baseline] probe applied to REAL embs:
  REAL ID                   pos0ρ=+0.950  pos1ρ=+0.981  vel0ρ=+0.202  vel1ρ=+0.985
  REAL r/m-OOD              pos0ρ=+0.916  pos1ρ=+0.979  vel0ρ=+0.450  vel1ρ=+0.984
  REAL v-OOD                pos0ρ=+0.888  pos1ρ=+0.903  vel0ρ=+0.619  vel1ρ=+0.952
  REAL both-OOD             pos0ρ=+0.853  pos1ρ=+0.913  vel0ρ=+0.657  vel1ρ=+0.958
  [rollout] probe applied to PREDICTED embs:
  PRED ID                   pos0ρ=+0.946  pos1ρ=+0.976  vel0ρ=+0.186  vel1ρ=+0.981
  PRED r/m-OOD              pos0ρ=+0.873  pos1ρ=+0.966  vel0ρ=+0.507  vel1ρ=+0.980
  PRED v-OOD                pos0ρ=+0.893  pos1ρ=+0.903  vel0ρ=+0.388  vel1ρ=+0.949
  PRED both-OOD             pos0ρ=+0.837  pos1ρ=+0.880  vel0ρ=+0.539  vel1ρ=+0.939

--- decoded vel ρ from PRED latents vs horizon (test, aggregate) ---
  h=  1  n=  100  vel0ρ=+0.181  vel1ρ=+0.311
  h=  2  n=  100  vel0ρ=+0.169  vel1ρ=-0.246
  h=  4  n=  100  vel0ρ=+0.097  vel1ρ=+0.043
  h=  8  n=  100  vel0ρ=+0.447  vel1ρ=+nan
  h= 16  n=  100  vel0ρ=+0.668  vel1ρ=+0.165
  h= 28  n=  100  vel0ρ=-0.404  vel1ρ=+0.052

--- [K=4] decoded pos/vel ρ from ROLLED-OUT latents (test), by partition ---
  [K=4] probe applied to PREDICTED embs (stack 4 consecutive predicted latents):
  PRED-K4 ID          pos0ρ=+0.939  pos1ρ=+0.981  vel0ρ=+0.690  vel1ρ=+0.985
  PRED-K4 r/m-OOD     pos0ρ=+0.884  pos1ρ=+0.967  vel0ρ=+0.719  vel1ρ=+0.981
  PRED-K4 v-OOD       pos0ρ=+0.896  pos1ρ=+0.924  vel0ρ=+0.681  vel1ρ=+0.941
  PRED-K4 both-OOD    pos0ρ=+0.851  pos1ρ=+0.908  vel0ρ=+0.763  vel1ρ=+0.933

--- [K=4] decoded vel ρ from PRED latents vs horizon (test, aggregate) ---
  h=  4  n=  100  vel0ρ=+0.839  vel1ρ=-0.280
  h=  8  n=  100  vel0ρ=+0.773  vel1ρ=+nan
  h= 16  n=  100  vel0ρ=+0.807  vel1ρ=+0.159
  h= 28  n=  100  vel0ρ=+0.259  vel1ρ=+0.051

Total 66s
