[norm] action mean=[ 0.24667731 -0.40296947], std=[0.08836433 0.229554  ]  (from phyworld_parabola_id1k.h5)
[ckpt] /data1/likun-share/junjxu/.stable_worldmodel/parabola_rerun_w10p0_f2_id1k/parabola_rerun_w10p0_f2_id1k_epoch_20_object.ckpt  tag=rerun_w10p0
  rolled out 100 trajs, t=16s
  rolled out 200 trajs, t=28s
  rolled out 300 trajs, t=40s
  rolled out 400 trajs, t=53s
  rolled out 500 trajs, t=65s

[data] 500 trajs, 14500 (frame,pred) pairs, emb dim=192
/home/likun-share/junjxu/wm/phyworld/scripts/rollout_eval_id1k.py:242: ConstantInputWarning: An input array is constant; the correlation coefficient is not defined.
  rhos = [pearsonr(vel_all[m][:, d], pv[:, d])[0] for d in range(vel_all.shape[1])]
/home/likun-share/junjxu/wm/phyworld/scripts/rollout_eval_id1k.py:242: NearConstantInputWarning: An input array is nearly constant; the computed correlation coefficient may be inaccurate.
  rhos = [pearsonr(vel_all[m][:, d], pv[:, d])[0] for d in range(vel_all.shape[1])]
/home/likun-share/junjxu/wm/phyworld/scripts/rollout_eval_id1k.py:242: NearConstantInputWarning: An input array is nearly constant; the computed correlation coefficient may be inaccurate.
  rhos = [pearsonr(vel_all[m][:, d], pv[:, d])[0] for d in range(vel_all.shape[1])]
/home/likun-share/junjxu/wm/le-wm/.venv/lib/python3.10/site-packages/sklearn/linear_model/_ridge.py:213: LinAlgWarning: Ill-conditioned matrix (rcond=4.35964e-08): result may not be accurate.
  return linalg.solve(A, Xy, assume_a="pos", overwrite_a=True).T
/home/likun-share/junjxu/wm/le-wm/.venv/lib/python3.10/site-packages/sklearn/linear_model/_ridge.py:213: LinAlgWarning: Ill-conditioned matrix (rcond=4.35964e-08): result may not be accurate.
  return linalg.solve(A, Xy, assume_a="pos", overwrite_a=True).T
/home/likun-share/junjxu/wm/phyworld/scripts/rollout_eval_id1k.py:296: ConstantInputWarning: An input array is constant; the correlation coefficient is not defined.
  rhos = [pearsonr(vel_all[m][:, d], pv[:, d])[0] for d in range(vel_all.shape[1])]
/home/likun-share/junjxu/wm/phyworld/scripts/rollout_eval_id1k.py:296: NearConstantInputWarning: An input array is nearly constant; the computed correlation coefficient may be inaccurate.
  rhos = [pearsonr(vel_all[m][:, d], pv[:, d])[0] for d in range(vel_all.shape[1])]
/home/likun-share/junjxu/wm/phyworld/scripts/rollout_eval_id1k.py:296: NearConstantInputWarning: An input array is nearly constant; the computed correlation coefficient may be inaccurate.
  rhos = [pearsonr(vel_all[m][:, d], pv[:, d])[0] for d in range(vel_all.shape[1])]

=== parabola AR ROLLOUT (LeWM ID-only FT, history_size=3) ===
--- latent fidelity (pred vs real emb), test trajs, by partition ---
  ID         n=  464  cos=+0.9827  nMSE=0.0195
  r/m-OOD    n=  319  cos=+0.9168  nMSE=0.1011
  v-OOD      n=  928  cos=+0.8243  nMSE=0.2502
  both-OOD   n= 1189  cos=+0.8400  nMSE=0.2347

--- latent fidelity vs horizon (test, aggregate) ---
  h=  1  n=  100  cos=+0.9936  nMSE=0.0137
  h=  2  n=  100  cos=+0.9861  nMSE=0.0275
  h=  4  n=  100  cos=+0.9753  nMSE=0.0546
  h=  8  n=  100  cos=+0.9643  nMSE=0.1086
  h= 16  n=  100  cos=+0.7131  nMSE=0.6375
  h= 28  n=  100  cos=+0.8493  nMSE=26128164.0000

--- decoded pos/vel ρ from ROLLED-OUT latents (test), by partition ---
  [baseline] probe applied to REAL embs:
  REAL ID                   pos0ρ=+0.952  pos1ρ=+0.985  vel0ρ=+0.190  vel1ρ=+0.989
  REAL r/m-OOD              pos0ρ=+0.917  pos1ρ=+0.980  vel0ρ=+0.440  vel1ρ=+0.985
  REAL v-OOD                pos0ρ=+0.889  pos1ρ=+0.904  vel0ρ=+0.602  vel1ρ=+0.953
  REAL both-OOD             pos0ρ=+0.854  pos1ρ=+0.916  vel0ρ=+0.659  vel1ρ=+0.960
  [rollout] probe applied to PREDICTED embs:
  PRED ID                   pos0ρ=+0.951  pos1ρ=+0.984  vel0ρ=+0.160  vel1ρ=+0.989
  PRED r/m-OOD              pos0ρ=+0.936  pos1ρ=+0.973  vel0ρ=+0.408  vel1ρ=+0.983
  PRED v-OOD                pos0ρ=+0.905  pos1ρ=+0.957  vel0ρ=+0.627  vel1ρ=+0.978
  PRED both-OOD             pos0ρ=+0.864  pos1ρ=+0.947  vel0ρ=+0.587  vel1ρ=+0.975

--- decoded vel ρ from PRED latents vs horizon (test, aggregate) ---
  h=  1  n=  100  vel0ρ=+0.405  vel1ρ=+0.088
  h=  2  n=  100  vel0ρ=+0.470  vel1ρ=-0.126
  h=  4  n=  100  vel0ρ=+0.447  vel1ρ=-0.084
  h=  8  n=  100  vel0ρ=+0.603  vel1ρ=+nan
  h= 16  n=  100  vel0ρ=+0.828  vel1ρ=-0.247
  h= 28  n=  100  vel0ρ=-0.447  vel1ρ=-0.041

--- [K=4] decoded pos/vel ρ from ROLLED-OUT latents (test), by partition ---
  [K=4] probe applied to PREDICTED embs (stack 4 consecutive predicted latents):
  PRED-K4 ID          pos0ρ=+0.944  pos1ρ=+0.988  vel0ρ=+0.755  vel1ρ=+0.991
  PRED-K4 r/m-OOD     pos0ρ=+0.962  pos1ρ=+0.973  vel0ρ=+0.727  vel1ρ=+0.975
  PRED-K4 v-OOD       pos0ρ=+0.935  pos1ρ=+0.972  vel0ρ=+0.791  vel1ρ=+0.980
  PRED-K4 both-OOD    pos0ρ=+0.903  pos1ρ=+0.960  vel0ρ=+0.839  vel1ρ=+0.965

--- [K=4] decoded vel ρ from PRED latents vs horizon (test, aggregate) ---
  h=  4  n=  100  vel0ρ=+0.931  vel1ρ=-0.234
  h=  8  n=  100  vel0ρ=+0.919  vel1ρ=+nan
  h= 16  n=  100  vel0ρ=+0.756  vel1ρ=-0.275
  h= 28  n=  100  vel0ρ=+0.657  vel1ρ=-0.110

Total 66s
