[norm] action mean=[-0.01484401  0.          0.01575156  0.        ], std=[7.72976437e-02 1.00000000e-08 8.20558954e-02 1.00000000e-08]  (from phyworld_collision_id1k.h5)
[ckpt] /data1/likun-share/junjxu/.stable_worldmodel/collision_rerun_w1p0_f2_id1k/collision_rerun_w1p0_f2_id1k_epoch_20_object.ckpt  tag=rerun_w1p0
  rolled out 100 trajs, t=15s
  rolled out 200 trajs, t=28s
  rolled out 300 trajs, t=40s
  rolled out 400 trajs, t=53s
  rolled out 500 trajs, t=65s

[data] 500 trajs, 14500 (frame,pred) pairs, emb dim=192

=== collision AR ROLLOUT (LeWM ID-only FT, history_size=3) ===
--- latent fidelity (pred vs real emb), test trajs, by partition ---
  ID         n=  203  cos=+0.6956  nMSE=0.6449
  r/m-OOD    n=  754  cos=+0.5133  nMSE=1.0282
  v-OOD      n=  290  cos=+0.4701  nMSE=1.1799
  both-OOD   n= 1653  cos=+0.4554  nMSE=1.1681

--- latent fidelity vs horizon (test, aggregate) ---
  h=  1  n=  100  cos=+0.9880  nMSE=0.0269
  h=  2  n=  100  cos=+0.9603  nMSE=0.0870
  h=  4  n=  100  cos=+0.8590  nMSE=0.3049
  h=  8  n=  100  cos=+0.6453  nMSE=0.7524
  h= 16  n=  100  cos=+0.3780  nMSE=1.2893
  h= 28  n=  100  cos=+0.2358  nMSE=1.6994

--- decoded pos/vel ρ from ROLLED-OUT latents (test), by partition ---
  [baseline] probe applied to REAL embs:
  REAL ID                   pos0ρ=+0.913  pos1ρ=+0.937  vel0ρ=+0.707  vel1ρ=+0.733
  REAL r/m-OOD              pos0ρ=+0.818  pos1ρ=+0.783  vel0ρ=+0.785  vel1ρ=+0.743
  REAL v-OOD                pos0ρ=+0.818  pos1ρ=+0.875  vel0ρ=+0.584  vel1ρ=+0.612
  REAL both-OOD             pos0ρ=+0.901  pos1ρ=+0.857  vel0ρ=+0.897  vel1ρ=+0.772
  [rollout] probe applied to PREDICTED embs:
  PRED ID                   pos0ρ=+0.509  pos1ρ=+0.807  vel0ρ=+0.413  vel1ρ=+0.594
  PRED r/m-OOD              pos0ρ=+0.204  pos1ρ=+0.351  vel0ρ=+0.365  vel1ρ=+0.419
  PRED v-OOD                pos0ρ=+0.399  pos1ρ=+0.512  vel0ρ=+0.209  vel1ρ=+0.409
  PRED both-OOD             pos0ρ=+0.435  pos1ρ=+0.270  vel0ρ=+0.555  vel1ρ=+0.420

--- decoded vel ρ from PRED latents vs horizon (test, aggregate) ---
  h=  1  n=  100  vel0ρ=+0.250  vel1ρ=+0.159
  h=  2  n=  100  vel0ρ=+0.244  vel1ρ=+0.172
  h=  4  n=  100  vel0ρ=+0.187  vel1ρ=+0.233
  h=  8  n=  100  vel0ρ=+0.322  vel1ρ=+0.337
  h= 16  n=  100  vel0ρ=+0.465  vel1ρ=+0.432
  h= 28  n=  100  vel0ρ=+0.431  vel1ρ=+0.424

--- [K=4] decoded pos/vel ρ from ROLLED-OUT latents (test), by partition ---
  [K=4] probe applied to PREDICTED embs (stack 4 consecutive predicted latents):
  PRED-K4 ID          pos0ρ=+0.619  pos1ρ=+0.789  vel0ρ=+0.639  vel1ρ=+0.652
  PRED-K4 r/m-OOD     pos0ρ=+0.237  pos1ρ=+0.397  vel0ρ=+0.429  vel1ρ=+0.495
  PRED-K4 v-OOD       pos0ρ=+0.268  pos1ρ=+0.512  vel0ρ=+0.168  vel1ρ=+0.598
  PRED-K4 both-OOD    pos0ρ=+0.450  pos1ρ=+0.306  vel0ρ=+0.622  vel1ρ=+0.492

--- [K=4] decoded vel ρ from PRED latents vs horizon (test, aggregate) ---
  h=  4  n=  100  vel0ρ=+0.341  vel1ρ=+0.553
  h=  8  n=  100  vel0ρ=+0.615  vel1ρ=+0.517
  h= 16  n=  100  vel0ρ=+0.522  vel1ρ=+0.516
  h= 28  n=  100  vel0ρ=+0.444  vel1ρ=+0.412

Total 65s
