[ckpt] pp_probe_s3072_epoch_20_object.ckpt  pp_probe_s3072
  100 trajs t=50s
  200 trajs t=101s
  300 trajs t=149s
[data] 300 trajs, 32836 (frame,pred) pairs, dim=192
/home/likun-share/junjxu/wm/phyworld/scripts/physion/rollout_eval_physionpp.py:130: ConstantInputWarning: An input array is constant; the correlation coefficient is not defined.
  line += f" vel{d}ρ={pearsonr(vel_all[mask][:, d], pv[:, d])[0]:+.2f}"
/home/likun-share/junjxu/wm/phyworld/scripts/physion/rollout_eval_physionpp.py:130: ConstantInputWarning: An input array is constant; the correlation coefficient is not defined.
  line += f" vel{d}ρ={pearsonr(vel_all[mask][:, d], pv[:, d])[0]:+.2f}"

=== Physion++ AR ROLLOUT  pp_probe_s3072  (HS=3) ===
--- latent fidelity vs HORIZON (long-horizon drift, test) ---
  h=  1  n=   60  cos=+0.9941  nMSE=0.0128
  h=  2  n=   60  cos=+0.9922  nMSE=0.0168
  h=  4  n=   60  cos=+0.9912  nMSE=0.0194
  h=  8  n=   60  cos=+0.9894  nMSE=0.0239
  h= 16  n=   60  cos=+0.9805  nMSE=0.0488
  h= 32  n=   60  cos=+0.8686  nMSE=0.2107
  h= 64  n=   56  cos=+0.7572  nMSE=0.3729
--- latent fidelity by SCENE (physical-property OOD, test) ---
  bouncy_platform      n=  578  cos=+0.9823  nMSE=0.0445
  bouncy_wall          n=  433  cos=+0.9135  nMSE=0.2263
  deform_clothhang     n=  890  cos=+0.2526  nMSE=1.6094
  deform_clothhit      n=  705  cos=+0.6150  nMSE=0.9998
  friction_cloth       n=  980  cos=+0.9847  nMSE=0.0373
  friction_collision   n=  752  cos=+0.9816  nMSE=0.0567
  friction_platform    n=  315  cos=+0.9816  nMSE=0.2337
  mass_collision       n=  678  cos=+0.7661  nMSE=0.6266
  mass_dominoes        n=  525  cos=+0.8706  nMSE=0.3601
  mass_waterpush       n=  452  cos=+0.8642  nMSE=0.4548
--- decoded target pos/vel ρ from ROLLED-OUT latents (test, by scene) ---
  PRED bouncy_platform   pos0ρ=+0.74 pos1ρ=+0.72 pos2ρ=+0.15 vel0ρ=+0.38 vel1ρ=+0.15 vel2ρ=+0.34
  PRED bouncy_wall       pos0ρ=+0.77 pos1ρ=+0.78 pos2ρ=+0.94 vel0ρ=+0.69 vel1ρ=+0.41 vel2ρ=-0.19
  PRED deform_clothhang  pos0ρ=+0.59 pos1ρ=+0.00 pos2ρ=+0.88 vel0ρ=-0.03 vel1ρ=+0.00 vel2ρ=-0.21
  PRED deform_clothhit   pos0ρ=+0.66 pos1ρ=+0.42 pos2ρ=+0.13 vel0ρ=+0.61 vel1ρ=+nan vel2ρ=+0.56
  PRED friction_cloth    pos0ρ=+1.00 pos1ρ=+0.98 pos2ρ=+0.01 vel0ρ=+0.05 vel1ρ=+0.21 vel2ρ=-0.12
  PRED friction_collision pos0ρ=+0.92 pos1ρ=+0.94 pos2ρ=+0.98 vel0ρ=+0.22 vel1ρ=-0.27 vel2ρ=-0.01
  PRED friction_platform pos0ρ=+0.81 pos1ρ=+0.96 pos2ρ=+0.59 vel0ρ=+0.36 vel1ρ=+0.44 vel2ρ=-0.21
  PRED mass_collision    pos0ρ=+0.34 pos1ρ=+0.10 pos2ρ=+0.25 vel0ρ=-0.11 vel1ρ=-0.01 vel2ρ=+0.17
  PRED mass_dominoes     pos0ρ=+0.80 pos1ρ=+0.85 pos2ρ=+0.86 vel0ρ=+0.19 vel1ρ=-0.13 vel2ρ=+0.20
  PRED mass_waterpush    pos0ρ=+0.76 pos1ρ=-0.08 pos2ρ=+0.47 vel0ρ=-0.13 vel1ρ=+nan vel2ρ=+0.16
