[ckpt] pp_consacc_s42_epoch_20_object.ckpt  pp_consacc_s42
  100 trajs t=52s
  200 trajs t=105s
  300 trajs t=154s
[data] 300 trajs, 32836 (frame,pred) pairs, dim=192
/home/likun-share/junjxu/wm/phyworld/scripts/physion/rollout_eval_physionpp.py:130: ConstantInputWarning: An input array is constant; the correlation coefficient is not defined.
  line += f" vel{d}ρ={pearsonr(vel_all[mask][:, d], pv[:, d])[0]:+.2f}"
/home/likun-share/junjxu/wm/phyworld/scripts/physion/rollout_eval_physionpp.py:130: ConstantInputWarning: An input array is constant; the correlation coefficient is not defined.
  line += f" vel{d}ρ={pearsonr(vel_all[mask][:, d], pv[:, d])[0]:+.2f}"

=== Physion++ AR ROLLOUT  pp_consacc_s42  (HS=3) ===
--- latent fidelity vs HORIZON (long-horizon drift, test) ---
  h=  1  n=   60  cos=+0.9926  nMSE=0.0165
  h=  2  n=   60  cos=+0.9906  nMSE=0.0209
  h=  4  n=   60  cos=+0.9897  nMSE=0.0228
  h=  8  n=   60  cos=+0.9888  nMSE=0.0247
  h= 16  n=   60  cos=+0.9850  nMSE=0.0340
  h= 32  n=   60  cos=+0.9540  nMSE=0.0927
  h= 64  n=   56  cos=+0.7137  nMSE=0.4642
--- latent fidelity by SCENE (physical-property OOD, test) ---
  bouncy_platform      n=  578  cos=+0.9772  nMSE=0.0595
  bouncy_wall          n=  433  cos=+0.9001  nMSE=0.2534
  deform_clothhang     n=  890  cos=+0.3694  nMSE=1.4298
  deform_clothhit      n=  705  cos=+0.4401  nMSE=1.4931
  friction_cloth       n=  980  cos=+0.9677  nMSE=0.0795
  friction_collision   n=  752  cos=+0.9729  nMSE=0.0755
  friction_platform    n=  315  cos=+0.9743  nMSE=0.1630
  mass_collision       n=  678  cos=+0.8028  nMSE=0.5312
  mass_dominoes        n=  525  cos=+0.8214  nMSE=0.5126
  mass_waterpush       n=  452  cos=+0.9061  nMSE=0.3473
--- decoded target pos/vel ρ from ROLLED-OUT latents (test, by scene) ---
  PRED bouncy_platform   pos0ρ=+0.63 pos1ρ=+0.66 pos2ρ=+0.28 vel0ρ=+0.44 vel1ρ=+0.12 vel2ρ=+0.07
  PRED bouncy_wall       pos0ρ=+0.57 pos1ρ=+0.67 pos2ρ=+0.96 vel0ρ=+0.48 vel1ρ=+0.38 vel2ρ=+0.06
  PRED deform_clothhang  pos0ρ=+0.47 pos1ρ=+0.06 pos2ρ=+0.88 vel0ρ=+0.14 vel1ρ=-0.03 vel2ρ=+0.26
  PRED deform_clothhit   pos0ρ=-0.20 pos1ρ=+0.94 pos2ρ=+0.15 vel0ρ=+0.05 vel1ρ=+nan vel2ρ=-0.00
  PRED friction_cloth    pos0ρ=+0.99 pos1ρ=+0.97 pos2ρ=+0.03 vel0ρ=-0.16 vel1ρ=+0.26 vel2ρ=+0.04
  PRED friction_collision pos0ρ=+0.92 pos1ρ=+0.95 pos2ρ=+0.97 vel0ρ=-0.21 vel1ρ=-0.01 vel2ρ=+0.12
  PRED friction_platform pos0ρ=+0.96 pos1ρ=+0.97 pos2ρ=+0.78 vel0ρ=+0.66 vel1ρ=+0.47 vel2ρ=+0.00
  PRED mass_collision    pos0ρ=+0.54 pos1ρ=+0.75 pos2ρ=+0.82 vel0ρ=+0.05 vel1ρ=+0.19 vel2ρ=-0.11
  PRED mass_dominoes     pos0ρ=+0.76 pos1ρ=+0.94 pos2ρ=+0.85 vel0ρ=-0.03 vel1ρ=+0.12 vel2ρ=+0.28
  PRED mass_waterpush    pos0ρ=+0.79 pos1ρ=+0.93 pos2ρ=+0.66 vel0ρ=-0.16 vel1ρ=+nan vel2ρ=+0.03
