[ckpt] pp_fr_bs64_s42_epoch_20_object.ckpt  pp_fr_bs64_s42
  100 trajs t=78s
  200 trajs t=162s
  300 trajs t=241s
[data] 300 trajs, 32836 (frame,pred) pairs, dim=192
/home/likun-share/junjxu/wm/phyworld/scripts/physion/rollout_eval_physionpp.py:130: ConstantInputWarning: An input array is constant; the correlation coefficient is not defined.
  line += f" vel{d}ρ={pearsonr(vel_all[mask][:, d], pv[:, d])[0]:+.2f}"
/home/likun-share/junjxu/wm/phyworld/scripts/physion/rollout_eval_physionpp.py:130: ConstantInputWarning: An input array is constant; the correlation coefficient is not defined.
  line += f" vel{d}ρ={pearsonr(vel_all[mask][:, d], pv[:, d])[0]:+.2f}"

=== Physion++ AR ROLLOUT  pp_fr_bs64_s42  (HS=3) ===
--- latent fidelity vs HORIZON (long-horizon drift, test) ---
  h=  1  n=   60  cos=+0.9995  nMSE=0.0011
  h=  2  n=   60  cos=+0.9992  nMSE=0.0018
  h=  4  n=   60  cos=+0.9986  nMSE=0.0031
  h=  8  n=   60  cos=+0.9976  nMSE=0.0060
  h= 16  n=   60  cos=+0.9942  nMSE=0.0182
  h= 32  n=   60  cos=+0.9383  nMSE=0.1121
  h= 64  n=   56  cos=+0.8753  nMSE=0.1705
--- latent fidelity by SCENE (physical-property OOD, test) ---
  bouncy_platform      n=  578  cos=+0.9894  nMSE=0.0289
  bouncy_wall          n=  433  cos=+0.9689  nMSE=0.1050
  deform_clothhang     n=  890  cos=+0.4682  nMSE=1.1284
  deform_clothhit      n=  705  cos=+0.7773  nMSE=0.5571
  friction_cloth       n=  980  cos=+0.9713  nMSE=0.0692
  friction_collision   n=  752  cos=+0.9864  nMSE=0.0341
  friction_platform    n=  315  cos=+0.9739  nMSE=0.4798
  mass_collision       n=  678  cos=+0.9174  nMSE=0.2369
  mass_dominoes        n=  525  cos=+0.9693  nMSE=0.0838
  mass_waterpush       n=  452  cos=+0.9616  nMSE=0.1243
--- decoded target pos/vel ρ from ROLLED-OUT latents (test, by scene) ---
  PRED bouncy_platform   pos0ρ=+0.14 pos1ρ=+0.10 pos2ρ=-0.07 vel0ρ=+0.06 vel1ρ=+0.04 vel2ρ=-0.27
  PRED bouncy_wall       pos0ρ=-0.04 pos1ρ=-0.03 pos2ρ=+0.73 vel0ρ=+0.51 vel1ρ=+0.26 vel2ρ=+0.05
  PRED deform_clothhang  pos0ρ=+0.03 pos1ρ=+0.23 pos2ρ=+0.16 vel0ρ=-0.11 vel1ρ=+0.07 vel2ρ=+0.18
  PRED deform_clothhit   pos0ρ=+0.37 pos1ρ=+0.16 pos2ρ=+0.66 vel0ρ=+0.31 vel1ρ=+nan vel2ρ=+0.44
  PRED friction_cloth    pos0ρ=+0.77 pos1ρ=+0.58 pos2ρ=+0.03 vel0ρ=-0.27 vel1ρ=+0.01 vel2ρ=+0.08
  PRED friction_collision pos0ρ=-0.33 pos1ρ=+0.57 pos2ρ=+0.55 vel0ρ=-0.18 vel1ρ=-0.27 vel2ρ=-0.11
  PRED friction_platform pos0ρ=-0.31 pos1ρ=-0.06 pos2ρ=+0.38 vel0ρ=-0.14 vel1ρ=+0.18 vel2ρ=-0.11
  PRED mass_collision    pos0ρ=-0.26 pos1ρ=-0.36 pos2ρ=-0.44 vel0ρ=-0.08 vel1ρ=+0.10 vel2ρ=+0.33
  PRED mass_dominoes     pos0ρ=+0.29 pos1ρ=+0.73 pos2ρ=+0.29 vel0ρ=-0.15 vel1ρ=+0.13 vel2ρ=+0.15
  PRED mass_waterpush    pos0ρ=+0.40 pos1ρ=+0.45 pos2ρ=-0.09 vel0ρ=+0.07 vel1ρ=+nan vel2ρ=+0.30
