[ckpt] pp_struct_s42_epoch_20_object.ckpt  pp_struct_s42
  100 trajs t=53s
  200 trajs t=108s
  300 trajs t=159s
[data] 300 trajs, 32836 (frame,pred) pairs, dim=192
/home/likun-share/junjxu/wm/phyworld/scripts/physion/rollout_eval_physionpp.py:130: ConstantInputWarning: An input array is constant; the correlation coefficient is not defined.
  line += f" vel{d}ρ={pearsonr(vel_all[mask][:, d], pv[:, d])[0]:+.2f}"
/home/likun-share/junjxu/wm/phyworld/scripts/physion/rollout_eval_physionpp.py:130: ConstantInputWarning: An input array is constant; the correlation coefficient is not defined.
  line += f" vel{d}ρ={pearsonr(vel_all[mask][:, d], pv[:, d])[0]:+.2f}"

=== Physion++ AR ROLLOUT  pp_struct_s42  (HS=3) ===
--- latent fidelity vs HORIZON (long-horizon drift, test) ---
  h=  1  n=   60  cos=+0.9930  nMSE=0.0155
  h=  2  n=   60  cos=+0.9906  nMSE=0.0210
  h=  4  n=   60  cos=+0.9890  nMSE=0.0244
  h=  8  n=   60  cos=+0.9878  nMSE=0.0269
  h= 16  n=   60  cos=+0.9807  nMSE=0.0432
  h= 32  n=   60  cos=+0.8674  nMSE=0.2063
  h= 64  n=   56  cos=+0.7691  nMSE=0.3699
--- latent fidelity by SCENE (physical-property OOD, test) ---
  bouncy_platform      n=  578  cos=+0.9757  nMSE=0.0643
  bouncy_wall          n=  433  cos=+0.8852  nMSE=0.2761
  deform_clothhang     n=  890  cos=+0.4604  nMSE=1.1838
  deform_clothhit      n=  705  cos=+0.5077  nMSE=1.0255
  friction_cloth       n=  980  cos=+0.9754  nMSE=0.0576
  friction_collision   n=  752  cos=+0.9488  nMSE=0.1453
  friction_platform    n=  315  cos=+0.9699  nMSE=0.2277
  mass_collision       n=  678  cos=+0.7733  nMSE=0.6059
  mass_dominoes        n=  525  cos=+0.9003  nMSE=0.2908
  mass_waterpush       n=  452  cos=+0.8782  nMSE=0.4493
--- decoded target pos/vel ρ from ROLLED-OUT latents (test, by scene) ---
  PRED bouncy_platform   pos0ρ=+0.72 pos1ρ=+0.65 pos2ρ=+0.14 vel0ρ=+0.45 vel1ρ=+0.11 vel2ρ=+0.30
  PRED bouncy_wall       pos0ρ=+0.74 pos1ρ=+0.71 pos2ρ=+0.96 vel0ρ=+0.64 vel1ρ=+0.35 vel2ρ=-0.02
  PRED deform_clothhang  pos0ρ=+0.38 pos1ρ=+0.20 pos2ρ=+0.87 vel0ρ=-0.17 vel1ρ=+0.08 vel2ρ=-0.01
  PRED deform_clothhit   pos0ρ=+0.92 pos1ρ=+0.55 pos2ρ=+0.55 vel0ρ=+0.14 vel1ρ=+nan vel2ρ=+0.36
  PRED friction_cloth    pos0ρ=+1.00 pos1ρ=+0.98 pos2ρ=+0.09 vel0ρ=-0.10 vel1ρ=+0.17 vel2ρ=+0.04
  PRED friction_collision pos0ρ=+0.83 pos1ρ=+0.95 pos2ρ=+0.98 vel0ρ=-0.01 vel1ρ=-0.18 vel2ρ=-0.08
  PRED friction_platform pos0ρ=+0.94 pos1ρ=+0.96 pos2ρ=+0.58 vel0ρ=+0.49 vel1ρ=+0.35 vel2ρ=+0.06
  PRED mass_collision    pos0ρ=+0.34 pos1ρ=+0.43 pos2ρ=+0.59 vel0ρ=+0.14 vel1ρ=+0.11 vel2ρ=+0.28
  PRED mass_dominoes     pos0ρ=+0.90 pos1ρ=+0.94 pos2ρ=+0.86 vel0ρ=+0.06 vel1ρ=-0.01 vel2ρ=-0.01
  PRED mass_waterpush    pos0ρ=+0.84 pos1ρ=+0.92 pos2ρ=+0.73 vel0ρ=-0.13 vel1ρ=+nan vel2ρ=+0.14
