[ckpt] pp_probe_s1234_epoch_20_object.ckpt  pp_probe_s1234
  100 trajs t=49s
  200 trajs t=99s
  300 trajs t=145s
[data] 300 trajs, 32836 (frame,pred) pairs, dim=192
/home/likun-share/junjxu/wm/phyworld/scripts/physion/rollout_eval_physionpp.py:130: ConstantInputWarning: An input array is constant; the correlation coefficient is not defined.
  line += f" vel{d}ρ={pearsonr(vel_all[mask][:, d], pv[:, d])[0]:+.2f}"
/home/likun-share/junjxu/wm/phyworld/scripts/physion/rollout_eval_physionpp.py:130: ConstantInputWarning: An input array is constant; the correlation coefficient is not defined.
  line += f" vel{d}ρ={pearsonr(vel_all[mask][:, d], pv[:, d])[0]:+.2f}"

=== Physion++ AR ROLLOUT  pp_probe_s1234  (HS=3) ===
--- latent fidelity vs HORIZON (long-horizon drift, test) ---
  h=  1  n=   60  cos=+0.9938  nMSE=0.0136
  h=  2  n=   60  cos=+0.9928  nMSE=0.0157
  h=  4  n=   60  cos=+0.9920  nMSE=0.0175
  h=  8  n=   60  cos=+0.9903  nMSE=0.0215
  h= 16  n=   60  cos=+0.9833  nMSE=0.0403
  h= 32  n=   60  cos=+0.8908  nMSE=0.1796
  h= 64  n=   56  cos=+0.7271  nMSE=0.4270
--- latent fidelity by SCENE (physical-property OOD, test) ---
  bouncy_platform      n=  578  cos=+0.9795  nMSE=0.0516
  bouncy_wall          n=  433  cos=+0.9020  nMSE=0.2563
  deform_clothhang     n=  890  cos=+0.3920  nMSE=1.3362
  deform_clothhit      n=  705  cos=+0.4664  nMSE=1.2392
  friction_cloth       n=  980  cos=+0.9779  nMSE=0.0594
  friction_collision   n=  752  cos=+0.9773  nMSE=0.0653
  friction_platform    n=  315  cos=+0.9782  nMSE=0.2371
  mass_collision       n=  678  cos=+0.7176  nMSE=0.7542
  mass_dominoes        n=  525  cos=+0.9113  nMSE=0.2568
  mass_waterpush       n=  452  cos=+0.8402  nMSE=0.5421
--- decoded target pos/vel ρ from ROLLED-OUT latents (test, by scene) ---
  PRED bouncy_platform   pos0ρ=+0.67 pos1ρ=+0.76 pos2ρ=-0.20 vel0ρ=+0.38 vel1ρ=+0.21 vel2ρ=-0.06
  PRED bouncy_wall       pos0ρ=+0.72 pos1ρ=+0.78 pos2ρ=+0.97 vel0ρ=+0.53 vel1ρ=+0.42 vel2ρ=-0.15
  PRED deform_clothhang  pos0ρ=+0.31 pos1ρ=+0.07 pos2ρ=+0.48 vel0ρ=-0.06 vel1ρ=+0.20 vel2ρ=+0.13
  PRED deform_clothhit   pos0ρ=+0.92 pos1ρ=-0.15 pos2ρ=+0.59 vel0ρ=+0.30 vel1ρ=+nan vel2ρ=+0.32
  PRED friction_cloth    pos0ρ=+0.99 pos1ρ=+0.96 pos2ρ=+0.07 vel0ρ=-0.06 vel1ρ=+0.27 vel2ρ=+0.06
  PRED friction_collision pos0ρ=+0.94 pos1ρ=+0.95 pos2ρ=+0.97 vel0ρ=+0.25 vel1ρ=+0.34 vel2ρ=+0.13
  PRED friction_platform pos0ρ=+0.83 pos1ρ=+0.93 pos2ρ=+0.48 vel0ρ=+0.40 vel1ρ=+0.45 vel2ρ=+0.21
  PRED mass_collision    pos0ρ=+0.19 pos1ρ=+0.50 pos2ρ=+0.53 vel0ρ=-0.08 vel1ρ=+0.04 vel2ρ=+0.17
  PRED mass_dominoes     pos0ρ=+0.82 pos1ρ=+0.89 pos2ρ=+0.90 vel0ρ=+0.06 vel1ρ=-0.08 vel2ρ=+0.21
  PRED mass_waterpush    pos0ρ=+0.58 pos1ρ=-0.06 pos2ρ=+0.45 vel0ρ=-0.10 vel1ρ=+nan vel2ρ=+0.09
