[ckpt] pp_probeslot_s3072_epoch_20_object.ckpt  pp_probeslot_s3072
  100 trajs t=48s
  200 trajs t=97s
  300 trajs t=143s
[data] 300 trajs, 32836 (frame,pred) pairs, dim=192
/home/likun-share/junjxu/wm/phyworld/scripts/physion/rollout_eval_physionpp.py:130: ConstantInputWarning: An input array is constant; the correlation coefficient is not defined.
  line += f" vel{d}ρ={pearsonr(vel_all[mask][:, d], pv[:, d])[0]:+.2f}"
/home/likun-share/junjxu/wm/phyworld/scripts/physion/rollout_eval_physionpp.py:130: ConstantInputWarning: An input array is constant; the correlation coefficient is not defined.
  line += f" vel{d}ρ={pearsonr(vel_all[mask][:, d], pv[:, d])[0]:+.2f}"

=== Physion++ AR ROLLOUT  pp_probeslot_s3072  (HS=3) ===
--- latent fidelity vs HORIZON (long-horizon drift, test) ---
  h=  1  n=   60  cos=+0.9896  nMSE=0.0223
  h=  2  n=   60  cos=+0.9881  nMSE=0.0259
  h=  4  n=   60  cos=+0.9871  nMSE=0.0282
  h=  8  n=   60  cos=+0.9861  nMSE=0.0302
  h= 16  n=   60  cos=+0.9806  nMSE=0.0450
  h= 32  n=   60  cos=+0.9084  nMSE=0.1631
  h= 64  n=   56  cos=+0.6918  nMSE=0.4753
--- latent fidelity by SCENE (physical-property OOD, test) ---
  bouncy_platform      n=  578  cos=+0.9688  nMSE=0.0821
  bouncy_wall          n=  433  cos=+0.9142  nMSE=0.2141
  deform_clothhang     n=  890  cos=+0.3167  nMSE=1.5712
  deform_clothhit      n=  705  cos=+0.3181  nMSE=1.5146
  friction_cloth       n=  980  cos=+0.9796  nMSE=0.0547
  friction_collision   n=  752  cos=+0.9583  nMSE=0.1202
  friction_platform    n=  315  cos=+0.9688  nMSE=0.2251
  mass_collision       n=  678  cos=+0.7419  nMSE=0.7436
  mass_dominoes        n=  525  cos=+0.7850  nMSE=0.6136
  mass_waterpush       n=  452  cos=+0.8752  nMSE=0.4155
--- decoded target pos/vel ρ from ROLLED-OUT latents (test, by scene) ---
  PRED bouncy_platform   pos0ρ=+0.66 pos1ρ=+0.67 pos2ρ=-0.01 vel0ρ=+0.51 vel1ρ=+0.10 vel2ρ=+0.20
  PRED bouncy_wall       pos0ρ=+0.67 pos1ρ=+0.70 pos2ρ=+0.96 vel0ρ=+0.59 vel1ρ=+0.40 vel2ρ=+0.11
  PRED deform_clothhang  pos0ρ=+0.79 pos1ρ=+0.27 pos2ρ=+0.79 vel0ρ=-0.03 vel1ρ=+0.19 vel2ρ=+0.08
  PRED deform_clothhit   pos0ρ=+0.44 pos1ρ=+0.13 pos2ρ=+0.30 vel0ρ=-0.12 vel1ρ=+nan vel2ρ=-0.12
  PRED friction_cloth    pos0ρ=+1.00 pos1ρ=+0.99 pos2ρ=+0.06 vel0ρ=-0.07 vel1ρ=+0.30 vel2ρ=+0.02
  PRED friction_collision pos0ρ=+0.91 pos1ρ=+0.94 pos2ρ=+0.98 vel0ρ=+0.10 vel1ρ=+0.12 vel2ρ=+0.08
  PRED friction_platform pos0ρ=+0.88 pos1ρ=+0.96 pos2ρ=+0.77 vel0ρ=+0.70 vel1ρ=+0.52 vel2ρ=+0.14
  PRED mass_collision    pos0ρ=+0.42 pos1ρ=+0.35 pos2ρ=+0.52 vel0ρ=+0.10 vel1ρ=+0.05 vel2ρ=-0.07
  PRED mass_dominoes     pos0ρ=+0.78 pos1ρ=+0.91 pos2ρ=+0.71 vel0ρ=-0.05 vel1ρ=+0.02 vel2ρ=+0.02
  PRED mass_waterpush    pos0ρ=+0.79 pos1ρ=+0.10 pos2ρ=+0.66 vel0ρ=+0.01 vel1ρ=+nan vel2ρ=+0.05
