[ckpt] pp_fr_bs64_s1234_epoch_20_object.ckpt  pp_fr_bs64_s1234
  100 trajs t=56s
  200 trajs t=111s
  300 trajs t=163s
[data] 300 trajs, 32836 (frame,pred) pairs, dim=192
/home/likun-share/junjxu/wm/phyworld/scripts/physion/rollout_eval_physionpp.py:130: ConstantInputWarning: An input array is constant; the correlation coefficient is not defined.
  line += f" vel{d}ρ={pearsonr(vel_all[mask][:, d], pv[:, d])[0]:+.2f}"
/home/likun-share/junjxu/wm/phyworld/scripts/physion/rollout_eval_physionpp.py:130: ConstantInputWarning: An input array is constant; the correlation coefficient is not defined.
  line += f" vel{d}ρ={pearsonr(vel_all[mask][:, d], pv[:, d])[0]:+.2f}"

=== Physion++ AR ROLLOUT  pp_fr_bs64_s1234  (HS=3) ===
--- latent fidelity vs HORIZON (long-horizon drift, test) ---
  h=  1  n=   60  cos=+0.9996  nMSE=0.0010
  h=  2  n=   60  cos=+0.9992  nMSE=0.0017
  h=  4  n=   60  cos=+0.9988  nMSE=0.0027
  h=  8  n=   60  cos=+0.9979  nMSE=0.0050
  h= 16  n=   60  cos=+0.9949  nMSE=0.0155
  h= 32  n=   60  cos=+0.9482  nMSE=0.0946
  h= 64  n=   56  cos=+0.8527  nMSE=0.2066
--- latent fidelity by SCENE (physical-property OOD, test) ---
  bouncy_platform      n=  578  cos=+0.9837  nMSE=0.0440
  bouncy_wall          n=  433  cos=+0.9847  nMSE=0.0466
  deform_clothhang     n=  890  cos=+0.3434  nMSE=1.4507
  deform_clothhit      n=  705  cos=+0.6053  nMSE=1.0813
  friction_cloth       n=  980  cos=+0.9755  nMSE=0.0681
  friction_collision   n=  752  cos=+0.9852  nMSE=0.0419
  friction_platform    n=  315  cos=+0.9859  nMSE=0.1380
  mass_collision       n=  678  cos=+0.9381  nMSE=0.1922
  mass_dominoes        n=  525  cos=+0.9788  nMSE=0.0661
  mass_waterpush       n=  452  cos=+0.9619  nMSE=0.1207
--- decoded target pos/vel ρ from ROLLED-OUT latents (test, by scene) ---
  PRED bouncy_platform   pos0ρ=-0.11 pos1ρ=-0.06 pos2ρ=+0.07 vel0ρ=+0.14 vel1ρ=+0.03 vel2ρ=-0.16
  PRED bouncy_wall       pos0ρ=-0.36 pos1ρ=+0.26 pos2ρ=-0.92 vel0ρ=-0.50 vel1ρ=-0.12 vel2ρ=+0.09
  PRED deform_clothhang  pos0ρ=+0.09 pos1ρ=+0.28 pos2ρ=+0.14 vel0ρ=-0.24 vel1ρ=+0.15 vel2ρ=-0.04
  PRED deform_clothhit   pos0ρ=+0.56 pos1ρ=+0.15 pos2ρ=+0.92 vel0ρ=+0.50 vel1ρ=+nan vel2ρ=+0.57
  PRED friction_cloth    pos0ρ=+0.48 pos1ρ=-0.06 pos2ρ=+0.22 vel0ρ=+0.14 vel1ρ=+0.03 vel2ρ=-0.03
  PRED friction_collision pos0ρ=-0.47 pos1ρ=+0.09 pos2ρ=+0.50 vel0ρ=-0.11 vel1ρ=-0.29 vel2ρ=-0.07
  PRED friction_platform pos0ρ=+0.00 pos1ρ=+0.09 pos2ρ=-0.60 vel0ρ=-0.08 vel1ρ=-0.18 vel2ρ=+0.14
  PRED mass_collision    pos0ρ=+0.04 pos1ρ=-0.47 pos2ρ=-0.51 vel0ρ=-0.12 vel1ρ=+0.20 vel2ρ=+0.26
  PRED mass_dominoes     pos0ρ=+0.12 pos1ρ=+0.41 pos2ρ=+0.48 vel0ρ=+0.24 vel1ρ=-0.18 vel2ρ=+0.10
  PRED mass_waterpush    pos0ρ=+0.38 pos1ρ=-0.09 pos2ρ=+0.08 vel0ρ=+0.01 vel1ρ=+nan vel2ρ=+0.25
