[ckpt] pp_probeslot_s1234_epoch_20_object.ckpt  pp_probeslot_s1234
  100 trajs t=49s
  200 trajs t=99s
  300 trajs t=146s
[data] 300 trajs, 32836 (frame,pred) pairs, dim=192
/home/likun-share/junjxu/wm/phyworld/scripts/physion/rollout_eval_physionpp.py:130: ConstantInputWarning: An input array is constant; the correlation coefficient is not defined.
  line += f" vel{d}ρ={pearsonr(vel_all[mask][:, d], pv[:, d])[0]:+.2f}"
/home/likun-share/junjxu/wm/phyworld/scripts/physion/rollout_eval_physionpp.py:130: ConstantInputWarning: An input array is constant; the correlation coefficient is not defined.
  line += f" vel{d}ρ={pearsonr(vel_all[mask][:, d], pv[:, d])[0]:+.2f}"

=== Physion++ AR ROLLOUT  pp_probeslot_s1234  (HS=3) ===
--- latent fidelity vs HORIZON (long-horizon drift, test) ---
  h=  1  n=   60  cos=+0.9885  nMSE=0.0248
  h=  2  n=   60  cos=+0.9886  nMSE=0.0246
  h=  4  n=   60  cos=+0.9864  nMSE=0.0294
  h=  8  n=   60  cos=+0.9846  nMSE=0.0335
  h= 16  n=   60  cos=+0.9763  nMSE=0.0504
  h= 32  n=   60  cos=+0.9090  nMSE=0.1598
  h= 64  n=   56  cos=+0.7317  nMSE=0.4317
--- latent fidelity by SCENE (physical-property OOD, test) ---
  bouncy_platform      n=  578  cos=+0.9640  nMSE=0.0940
  bouncy_wall          n=  433  cos=+0.9163  nMSE=0.2216
  deform_clothhang     n=  890  cos=+0.4947  nMSE=1.1627
  deform_clothhit      n=  705  cos=+0.7427  nMSE=0.7268
  friction_cloth       n=  980  cos=+0.9594  nMSE=0.1105
  friction_collision   n=  752  cos=+0.9616  nMSE=0.1137
  friction_platform    n=  315  cos=+0.9727  nMSE=0.1792
  mass_collision       n=  678  cos=+0.6137  nMSE=0.9653
  mass_dominoes        n=  525  cos=+0.7100  nMSE=0.8893
  mass_waterpush       n=  452  cos=+0.8224  nMSE=0.6708
--- decoded target pos/vel ρ from ROLLED-OUT latents (test, by scene) ---
  PRED bouncy_platform   pos0ρ=+0.82 pos1ρ=+0.83 pos2ρ=+0.34 vel0ρ=+0.55 vel1ρ=+0.20 vel2ρ=+0.00
  PRED bouncy_wall       pos0ρ=+0.70 pos1ρ=+0.67 pos2ρ=+0.98 vel0ρ=+0.59 vel1ρ=+0.34 vel2ρ=+0.17
  PRED deform_clothhang  pos0ρ=+0.69 pos1ρ=+0.24 pos2ρ=+0.72 vel0ρ=+0.07 vel1ρ=+0.14 vel2ρ=+0.21
  PRED deform_clothhit   pos0ρ=+0.96 pos1ρ=+0.87 pos2ρ=+0.91 vel0ρ=+0.26 vel1ρ=+nan vel2ρ=+0.28
  PRED friction_cloth    pos0ρ=+0.99 pos1ρ=+0.95 pos2ρ=+0.16 vel0ρ=+0.02 vel1ρ=+0.31 vel2ρ=+0.05
  PRED friction_collision pos0ρ=+0.90 pos1ρ=+0.94 pos2ρ=+0.98 vel0ρ=-0.13 vel1ρ=+0.24 vel2ρ=-0.10
  PRED friction_platform pos0ρ=+0.91 pos1ρ=+0.97 pos2ρ=+0.60 vel0ρ=+0.63 vel1ρ=+0.47 vel2ρ=+0.25
  PRED mass_collision    pos0ρ=+0.29 pos1ρ=+0.25 pos2ρ=+0.72 vel0ρ=+0.22 vel1ρ=-0.01 vel2ρ=-0.13
  PRED mass_dominoes     pos0ρ=+0.54 pos1ρ=+0.91 pos2ρ=+0.79 vel0ρ=-0.26 vel1ρ=-0.09 vel2ρ=-0.01
  PRED mass_waterpush    pos0ρ=+0.72 pos1ρ=+0.79 pos2ρ=+0.39 vel0ρ=-0.16 vel1ρ=+nan vel2ρ=+0.07
