[ckpt] pp_cons_s42_epoch_20_object.ckpt  pp_cons_s42
  100 trajs t=80s
  200 trajs t=154s
  300 trajs t=220s
[data] 300 trajs, 32836 (frame,pred) pairs, dim=192
/home/likun-share/junjxu/wm/phyworld/scripts/physion/rollout_eval_physionpp.py:130: ConstantInputWarning: An input array is constant; the correlation coefficient is not defined.
  line += f" vel{d}ρ={pearsonr(vel_all[mask][:, d], pv[:, d])[0]:+.2f}"
/home/likun-share/junjxu/wm/phyworld/scripts/physion/rollout_eval_physionpp.py:130: ConstantInputWarning: An input array is constant; the correlation coefficient is not defined.
  line += f" vel{d}ρ={pearsonr(vel_all[mask][:, d], pv[:, d])[0]:+.2f}"

=== Physion++ AR ROLLOUT  pp_cons_s42  (HS=3) ===
--- latent fidelity vs HORIZON (long-horizon drift, test) ---
  h=  1  n=   60  cos=+0.9937  nMSE=0.0144
  h=  2  n=   60  cos=+0.9921  nMSE=0.0178
  h=  4  n=   60  cos=+0.9895  nMSE=0.0233
  h=  8  n=   60  cos=+0.9877  nMSE=0.0268
  h= 16  n=   60  cos=+0.9820  nMSE=0.0410
  h= 32  n=   60  cos=+0.9141  nMSE=0.1538
  h= 64  n=   56  cos=+0.7122  nMSE=0.4507
--- latent fidelity by SCENE (physical-property OOD, test) ---
  bouncy_platform      n=  578  cos=+0.9709  nMSE=0.0791
  bouncy_wall          n=  433  cos=+0.8927  nMSE=0.2691
  deform_clothhang     n=  890  cos=+0.4715  nMSE=1.1408
  deform_clothhit      n=  705  cos=+0.3396  nMSE=1.6326
  friction_cloth       n=  980  cos=+0.9806  nMSE=0.0477
  friction_collision   n=  752  cos=+0.9670  nMSE=0.0969
  friction_platform    n=  315  cos=+0.9600  nMSE=0.3060
  mass_collision       n=  678  cos=+0.7329  nMSE=0.6540
  mass_dominoes        n=  525  cos=+0.7846  nMSE=0.6046
  mass_waterpush       n=  452  cos=+0.8443  nMSE=0.5423
--- decoded target pos/vel ρ from ROLLED-OUT latents (test, by scene) ---
  PRED bouncy_platform   pos0ρ=+0.68 pos1ρ=+0.69 pos2ρ=+0.05 vel0ρ=+0.49 vel1ρ=+0.14 vel2ρ=+0.09
  PRED bouncy_wall       pos0ρ=+0.54 pos1ρ=+0.67 pos2ρ=+0.98 vel0ρ=+0.55 vel1ρ=+0.42 vel2ρ=+0.04
  PRED deform_clothhang  pos0ρ=-0.02 pos1ρ=+0.01 pos2ρ=+0.80 vel0ρ=-0.09 vel1ρ=-0.04 vel2ρ=+0.18
  PRED deform_clothhit   pos0ρ=+0.56 pos1ρ=+0.09 pos2ρ=+0.42 vel0ρ=+0.15 vel1ρ=+nan vel2ρ=+0.27
  PRED friction_cloth    pos0ρ=+1.00 pos1ρ=+0.97 pos2ρ=-0.01 vel0ρ=-0.04 vel1ρ=+0.16 vel2ρ=+0.18
  PRED friction_collision pos0ρ=+0.88 pos1ρ=+0.96 pos2ρ=+0.98 vel0ρ=+0.20 vel1ρ=+0.05 vel2ρ=-0.16
  PRED friction_platform pos0ρ=+0.92 pos1ρ=+0.98 pos2ρ=+0.79 vel0ρ=+0.64 vel1ρ=+0.47 vel2ρ=-0.07
  PRED mass_collision    pos0ρ=+0.48 pos1ρ=+0.52 pos2ρ=+0.61 vel0ρ=-0.00 vel1ρ=-0.00 vel2ρ=+0.12
  PRED mass_dominoes     pos0ρ=+0.75 pos1ρ=+0.90 pos2ρ=+0.76 vel0ρ=+0.02 vel1ρ=+0.11 vel2ρ=-0.18
  PRED mass_waterpush    pos0ρ=+0.77 pos1ρ=+0.54 pos2ρ=+0.35 vel0ρ=-0.01 vel1ρ=+nan vel2ρ=+0.22
