[norm] action mean=[ 0.24667731 -0.40296947], std=[0.08836433 0.229554  ]  (from phyworld_parabola_id1k.h5)
[ckpt] /data1/likun-share/junjxu/.stable_worldmodel/pp2_par_scratch_off_s42/pp2_par_scratch_off_s42_epoch_120_object.ckpt  tag=pp2_par_scratch_off_s42
  rolled out 100 trajs, t=14s
  rolled out 200 trajs, t=26s
  rolled out 300 trajs, t=37s
  rolled out 400 trajs, t=48s
  rolled out 500 trajs, t=60s

[data] 500 trajs, 14500 (frame,pred) pairs, emb dim=192
/home/likun-share/junjxu/wm/phyworld/scripts/rollout_eval_id1k.py:242: ConstantInputWarning: An input array is constant; the correlation coefficient is not defined.
  rhos = [pearsonr(vel_all[m][:, d], pv[:, d])[0] for d in range(vel_all.shape[1])]
/home/likun-share/junjxu/wm/phyworld/scripts/rollout_eval_id1k.py:242: NearConstantInputWarning: An input array is nearly constant; the computed correlation coefficient may be inaccurate.
  rhos = [pearsonr(vel_all[m][:, d], pv[:, d])[0] for d in range(vel_all.shape[1])]
/home/likun-share/junjxu/wm/phyworld/scripts/rollout_eval_id1k.py:242: NearConstantInputWarning: An input array is nearly constant; the computed correlation coefficient may be inaccurate.
  rhos = [pearsonr(vel_all[m][:, d], pv[:, d])[0] for d in range(vel_all.shape[1])]
/home/likun-share/junjxu/wm/phyworld/scripts/rollout_eval_id1k.py:296: ConstantInputWarning: An input array is constant; the correlation coefficient is not defined.
  rhos = [pearsonr(vel_all[m][:, d], pv[:, d])[0] for d in range(vel_all.shape[1])]
/home/likun-share/junjxu/wm/phyworld/scripts/rollout_eval_id1k.py:296: NearConstantInputWarning: An input array is nearly constant; the computed correlation coefficient may be inaccurate.
  rhos = [pearsonr(vel_all[m][:, d], pv[:, d])[0] for d in range(vel_all.shape[1])]
/home/likun-share/junjxu/wm/phyworld/scripts/rollout_eval_id1k.py:296: NearConstantInputWarning: An input array is nearly constant; the computed correlation coefficient may be inaccurate.
  rhos = [pearsonr(vel_all[m][:, d], pv[:, d])[0] for d in range(vel_all.shape[1])]

=== parabola AR ROLLOUT (LeWM ID-only FT, history_size=3) ===
--- latent fidelity (pred vs real emb), test trajs, by partition ---
  ID         n=  464  cos=+0.9874  nMSE=0.0162
  r/m-OOD    n=  319  cos=+0.8388  nMSE=0.6656
  v-OOD      n=  928  cos=+0.7796  nMSE=0.4212
  both-OOD   n= 1189  cos=+0.6501  nMSE=1.1856

--- latent fidelity vs horizon (test, aggregate) ---
  h=  1  n=  100  cos=+0.9005  nMSE=0.1928
  h=  2  n=  100  cos=+0.8479  nMSE=0.3452
  h=  4  n=  100  cos=+0.8136  nMSE=0.5229
  h=  8  n=  100  cos=+0.7477  nMSE=0.6270
  h= 16  n=  100  cos=+0.6315  nMSE=0.6094
  h= 28  n=  100  cos=+0.9379  nMSE=429042.8438

--- decoded pos/vel ρ from ROLLED-OUT latents (test), by partition ---
  [baseline] probe applied to REAL embs:
  REAL ID                   pos0ρ=+0.594  pos1ρ=+0.737  vel0ρ=+0.278  vel1ρ=+0.702
  REAL r/m-OOD              pos0ρ=+0.846  pos1ρ=+0.922  vel0ρ=+0.481  vel1ρ=+0.909
  REAL v-OOD                pos0ρ=+0.812  pos1ρ=+0.802  vel0ρ=+0.612  vel1ρ=+0.821
  REAL both-OOD             pos0ρ=+0.805  pos1ρ=+0.864  vel0ρ=+0.554  vel1ρ=+0.886
  [rollout] probe applied to PREDICTED embs:
  PRED ID                   pos0ρ=+0.409  pos1ρ=+0.531  vel0ρ=+0.219  vel1ρ=+0.468
  PRED r/m-OOD              pos0ρ=+0.672  pos1ρ=+0.834  vel0ρ=+0.392  vel1ρ=+0.822
  PRED v-OOD                pos0ρ=+0.640  pos1ρ=+0.526  vel0ρ=+0.310  vel1ρ=+0.501
  PRED both-OOD             pos0ρ=+0.602  pos1ρ=+0.634  vel0ρ=+0.328  vel1ρ=+0.669

--- decoded vel ρ from PRED latents vs horizon (test, aggregate) ---
  h=  1  n=  100  vel0ρ=-0.380  vel1ρ=-0.125
  h=  2  n=  100  vel0ρ=-0.341  vel1ρ=+0.165
  h=  4  n=  100  vel0ρ=-0.407  vel1ρ=+0.098
  h=  8  n=  100  vel0ρ=+0.116  vel1ρ=+nan
  h= 16  n=  100  vel0ρ=+0.559  vel1ρ=-0.014
  h= 28  n=  100  vel0ρ=+0.864  vel1ρ=+0.020

--- [K=4] decoded pos/vel ρ from ROLLED-OUT latents (test), by partition ---
  [K=4] probe applied to PREDICTED embs (stack 4 consecutive predicted latents):
  PRED-K4 ID          pos0ρ=+0.711  pos1ρ=+0.828  vel0ρ=+0.339  vel1ρ=+0.822
  PRED-K4 r/m-OOD     pos0ρ=+0.641  pos1ρ=+0.835  vel0ρ=+0.581  vel1ρ=+0.846
  PRED-K4 v-OOD       pos0ρ=+0.733  pos1ρ=+0.504  vel0ρ=+0.306  vel1ρ=+0.465
  PRED-K4 both-OOD    pos0ρ=+0.537  pos1ρ=+0.676  vel0ρ=+0.464  vel1ρ=+0.678

--- [K=4] decoded vel ρ from PRED latents vs horizon (test, aggregate) ---
  h=  4  n=  100  vel0ρ=+0.118  vel1ρ=-0.015
  h=  8  n=  100  vel0ρ=-0.008  vel1ρ=+nan
  h= 16  n=  100  vel0ρ=+0.681  vel1ρ=-0.245
  h= 28  n=  100  vel0ρ=+0.577  vel1ρ=-0.079

Total 60s
