[norm] action mean=[ 0.24667731 -0.40296947], std=[0.08836433 0.229554  ]  (from phyworld_parabola_id1k.h5)
[ckpt] /data1/likun-share/junjxu/.stable_worldmodel/pp2_par_scratch_on_s1234/pp2_par_scratch_on_s1234_epoch_120_object.ckpt  tag=pp2_par_scratch_on_s1234
  rolled out 100 trajs, t=15s
  rolled out 200 trajs, t=27s
  rolled out 300 trajs, t=39s
  rolled out 400 trajs, t=51s
  rolled out 500 trajs, t=63s

[data] 500 trajs, 14500 (frame,pred) pairs, emb dim=192
/home/likun-share/junjxu/wm/phyworld/scripts/rollout_eval_id1k.py:242: ConstantInputWarning: An input array is constant; the correlation coefficient is not defined.
  rhos = [pearsonr(vel_all[m][:, d], pv[:, d])[0] for d in range(vel_all.shape[1])]
/home/likun-share/junjxu/wm/phyworld/scripts/rollout_eval_id1k.py:242: NearConstantInputWarning: An input array is nearly constant; the computed correlation coefficient may be inaccurate.
  rhos = [pearsonr(vel_all[m][:, d], pv[:, d])[0] for d in range(vel_all.shape[1])]
/home/likun-share/junjxu/wm/phyworld/scripts/rollout_eval_id1k.py:242: NearConstantInputWarning: An input array is nearly constant; the computed correlation coefficient may be inaccurate.
  rhos = [pearsonr(vel_all[m][:, d], pv[:, d])[0] for d in range(vel_all.shape[1])]
/home/likun-share/junjxu/wm/le-wm/.venv/lib/python3.10/site-packages/sklearn/linear_model/_ridge.py:213: LinAlgWarning: Ill-conditioned matrix (rcond=5.92479e-08): result may not be accurate.
  return linalg.solve(A, Xy, assume_a="pos", overwrite_a=True).T
/home/likun-share/junjxu/wm/le-wm/.venv/lib/python3.10/site-packages/sklearn/linear_model/_ridge.py:213: LinAlgWarning: Ill-conditioned matrix (rcond=5.92479e-08): result may not be accurate.
  return linalg.solve(A, Xy, assume_a="pos", overwrite_a=True).T
/home/likun-share/junjxu/wm/phyworld/scripts/rollout_eval_id1k.py:296: ConstantInputWarning: An input array is constant; the correlation coefficient is not defined.
  rhos = [pearsonr(vel_all[m][:, d], pv[:, d])[0] for d in range(vel_all.shape[1])]
/home/likun-share/junjxu/wm/phyworld/scripts/rollout_eval_id1k.py:296: NearConstantInputWarning: An input array is nearly constant; the computed correlation coefficient may be inaccurate.
  rhos = [pearsonr(vel_all[m][:, d], pv[:, d])[0] for d in range(vel_all.shape[1])]
/home/likun-share/junjxu/wm/phyworld/scripts/rollout_eval_id1k.py:296: NearConstantInputWarning: An input array is nearly constant; the computed correlation coefficient may be inaccurate.
  rhos = [pearsonr(vel_all[m][:, d], pv[:, d])[0] for d in range(vel_all.shape[1])]

=== parabola AR ROLLOUT (LeWM ID-only FT, history_size=3) ===
--- latent fidelity (pred vs real emb), test trajs, by partition ---
  ID         n=  464  cos=+0.9743  nMSE=0.0311
  r/m-OOD    n=  319  cos=+0.8240  nMSE=0.4936
  v-OOD      n=  928  cos=+0.7853  nMSE=0.4139
  both-OOD   n= 1189  cos=+0.6117  nMSE=1.1751

--- latent fidelity vs horizon (test, aggregate) ---
  h=  1  n=  100  cos=+0.9548  nMSE=0.1245
  h=  2  n=  100  cos=+0.9282  nMSE=0.1918
  h=  4  n=  100  cos=+0.9077  nMSE=0.2810
  h=  8  n=  100  cos=+0.8695  nMSE=0.3878
  h= 16  n=  100  cos=+0.6986  nMSE=0.6264
  h= 28  n=  100  cos=+0.6726  nMSE=175993536.0000

--- decoded pos/vel ρ from ROLLED-OUT latents (test), by partition ---
  [baseline] probe applied to REAL embs:
  REAL ID                   pos0ρ=+0.947  pos1ρ=+0.981  vel0ρ=+0.310  vel1ρ=+0.986
  REAL r/m-OOD              pos0ρ=+0.910  pos1ρ=+0.970  vel0ρ=+0.474  vel1ρ=+0.969
  REAL v-OOD                pos0ρ=+0.880  pos1ρ=+0.895  vel0ρ=+0.570  vel1ρ=+0.942
  REAL both-OOD             pos0ρ=+0.838  pos1ρ=+0.899  vel0ρ=+0.564  vel1ρ=+0.935
  [rollout] probe applied to PREDICTED embs:
  PRED ID                   pos0ρ=+0.941  pos1ρ=+0.955  vel0ρ=+0.078  vel1ρ=+0.936
  PRED r/m-OOD              pos0ρ=+0.204  pos1ρ=+0.627  vel0ρ=+0.347  vel1ρ=+0.366
  PRED v-OOD                pos0ρ=+0.906  pos1ρ=+0.907  vel0ρ=-0.150  vel1ρ=+0.903
  PRED both-OOD             pos0ρ=+0.011  pos1ρ=+0.097  vel0ρ=+0.415  vel1ρ=-0.020

--- decoded vel ρ from PRED latents vs horizon (test, aggregate) ---
  h=  1  n=  100  vel0ρ=+0.075  vel1ρ=+0.047
  h=  2  n=  100  vel0ρ=+0.414  vel1ρ=-0.156
  h=  4  n=  100  vel0ρ=+0.589  vel1ρ=+0.144
  h=  8  n=  100  vel0ρ=+0.679  vel1ρ=+nan
  h= 16  n=  100  vel0ρ=+0.433  vel1ρ=-0.155
  h= 28  n=  100  vel0ρ=-0.118  vel1ρ=+0.080

--- [K=4] decoded pos/vel ρ from ROLLED-OUT latents (test), by partition ---
  [K=4] probe applied to PREDICTED embs (stack 4 consecutive predicted latents):
  PRED-K4 ID          pos0ρ=+0.893  pos1ρ=+0.934  vel0ρ=+0.342  vel1ρ=+0.915
  PRED-K4 r/m-OOD     pos0ρ=+0.495  pos1ρ=+0.483  vel0ρ=+0.415  vel1ρ=+0.334
  PRED-K4 v-OOD       pos0ρ=+0.620  pos1ρ=+0.886  vel0ρ=-0.122  vel1ρ=+0.868
  PRED-K4 both-OOD    pos0ρ=+0.107  pos1ρ=+0.088  vel0ρ=+0.475  vel1ρ=+0.011

--- [K=4] decoded vel ρ from PRED latents vs horizon (test, aggregate) ---
  h=  4  n=  100  vel0ρ=+0.584  vel1ρ=+0.102
  h=  8  n=  100  vel0ρ=+0.740  vel1ρ=+nan
  h= 16  n=  100  vel0ρ=+0.408  vel1ρ=-0.150
  h= 28  n=  100  vel0ρ=-0.142  vel1ρ=+0.075

Total 64s
