[norm] action mean=[-0.01484401  0.          0.01575156  0.        ], std=[7.72976437e-02 1.00000000e-08 8.20558954e-02 1.00000000e-08]  (from phyworld_collision_id1k.h5)
[ckpt] /data1/likun-share/junjxu/.stable_worldmodel/pp2_col_scratch_on_s1234/pp2_col_scratch_on_s1234_epoch_60_object.ckpt  tag=pp2_col_scratch_on_s1234
  rolled out 100 trajs, t=19s
  rolled out 200 trajs, t=33s
  rolled out 300 trajs, t=47s
  rolled out 400 trajs, t=60s
  rolled out 500 trajs, t=74s

[data] 500 trajs, 14500 (frame,pred) pairs, emb dim=192

=== collision AR ROLLOUT (LeWM ID-only FT, history_size=3) ===
--- latent fidelity (pred vs real emb), test trajs, by partition ---
  ID         n=  203  cos=+0.8433  nMSE=0.3378
  r/m-OOD    n=  754  cos=+0.7684  nMSE=0.5145
  v-OOD      n=  290  cos=+0.6769  nMSE=0.7658
  both-OOD   n= 1653  cos=+0.6933  nMSE=0.6613

--- latent fidelity vs horizon (test, aggregate) ---
  h=  1  n=  100  cos=+0.9907  nMSE=0.0385
  h=  2  n=  100  cos=+0.9853  nMSE=0.0537
  h=  4  n=  100  cos=+0.9732  nMSE=0.0870
  h=  8  n=  100  cos=+0.9500  nMSE=0.1435
  h= 16  n=  100  cos=+0.7602  nMSE=0.5655
  h= 28  n=  100  cos=+0.2992  nMSE=1.6661

--- decoded pos/vel ρ from ROLLED-OUT latents (test), by partition ---
  [baseline] probe applied to REAL embs:
  REAL ID                   pos0ρ=+0.950  pos1ρ=+0.949  vel0ρ=+0.709  vel1ρ=+0.759
  REAL r/m-OOD              pos0ρ=+0.822  pos1ρ=+0.797  vel0ρ=+0.784  vel1ρ=+0.737
  REAL v-OOD                pos0ρ=+0.948  pos1ρ=+0.963  vel0ρ=+0.723  vel1ρ=+0.750
  REAL both-OOD             pos0ρ=+0.900  pos1ρ=+0.860  vel0ρ=+0.900  vel1ρ=+0.784
  [rollout] probe applied to PREDICTED embs:
  PRED ID                   pos0ρ=+0.469  pos1ρ=+0.692  vel0ρ=+0.294  vel1ρ=+0.598
  PRED r/m-OOD              pos0ρ=+0.004  pos1ρ=+0.232  vel0ρ=+0.010  vel1ρ=+0.316
  PRED v-OOD                pos0ρ=+0.321  pos1ρ=+0.071  vel0ρ=+0.227  vel1ρ=+0.027
  PRED both-OOD             pos0ρ=+0.154  pos1ρ=+0.620  vel0ρ=+0.288  vel1ρ=+0.567

--- decoded vel ρ from PRED latents vs horizon (test, aggregate) ---
  h=  1  n=  100  vel0ρ=+0.041  vel1ρ=-0.274
  h=  2  n=  100  vel0ρ=+0.081  vel1ρ=-0.065
  h=  4  n=  100  vel0ρ=+0.198  vel1ρ=+0.164
  h=  8  n=  100  vel0ρ=+0.329  vel1ρ=+0.619
  h= 16  n=  100  vel0ρ=+0.243  vel1ρ=+0.602
  h= 28  n=  100  vel0ρ=+0.056  vel1ρ=+0.476

--- [K=4] decoded pos/vel ρ from ROLLED-OUT latents (test), by partition ---
  [K=4] probe applied to PREDICTED embs (stack 4 consecutive predicted latents):
  PRED-K4 ID          pos0ρ=+0.602  pos1ρ=+0.762  vel0ρ=+0.312  vel1ρ=+0.731
  PRED-K4 r/m-OOD     pos0ρ=+0.019  pos1ρ=+0.274  vel0ρ=-0.012  vel1ρ=+0.336
  PRED-K4 v-OOD       pos0ρ=+0.354  pos1ρ=+0.128  vel0ρ=-0.041  vel1ρ=+0.196
  PRED-K4 both-OOD    pos0ρ=+0.165  pos1ρ=+0.665  vel0ρ=+0.081  vel1ρ=+0.680

--- [K=4] decoded vel ρ from PRED latents vs horizon (test, aggregate) ---
  h=  4  n=  100  vel0ρ=+0.221  vel1ρ=-0.046
  h=  8  n=  100  vel0ρ=+0.243  vel1ρ=+0.656
  h= 16  n=  100  vel0ρ=+0.045  vel1ρ=+0.691
  h= 28  n=  100  vel0ρ=-0.092  vel1ρ=+0.493

Total 74s
