[norm] action mean=[ 0.24667731 -0.40296947], std=[0.08836433 0.229554  ]  (from phyworld_parabola_id1k.h5)
[ckpt] /data1/likun-share/junjxu/.stable_worldmodel/pp2_par_pusht_off/pp2_par_pusht_off_epoch_120_object.ckpt  tag=pp2_par_pusht_off
  rolled out 100 trajs, t=16s
  rolled out 200 trajs, t=29s
  rolled out 300 trajs, t=43s
  rolled out 400 trajs, t=56s
  rolled out 500 trajs, t=69s

[data] 500 trajs, 14500 (frame,pred) pairs, emb dim=192
/home/likun-share/junjxu/wm/phyworld/scripts/rollout_eval_id1k.py:242: ConstantInputWarning: An input array is constant; the correlation coefficient is not defined.
  rhos = [pearsonr(vel_all[m][:, d], pv[:, d])[0] for d in range(vel_all.shape[1])]
/home/likun-share/junjxu/wm/phyworld/scripts/rollout_eval_id1k.py:242: NearConstantInputWarning: An input array is nearly constant; the computed correlation coefficient may be inaccurate.
  rhos = [pearsonr(vel_all[m][:, d], pv[:, d])[0] for d in range(vel_all.shape[1])]
/home/likun-share/junjxu/wm/phyworld/scripts/rollout_eval_id1k.py:242: NearConstantInputWarning: An input array is nearly constant; the computed correlation coefficient may be inaccurate.
  rhos = [pearsonr(vel_all[m][:, d], pv[:, d])[0] for d in range(vel_all.shape[1])]
/home/likun-share/junjxu/wm/phyworld/scripts/rollout_eval_id1k.py:296: ConstantInputWarning: An input array is constant; the correlation coefficient is not defined.
  rhos = [pearsonr(vel_all[m][:, d], pv[:, d])[0] for d in range(vel_all.shape[1])]
/home/likun-share/junjxu/wm/phyworld/scripts/rollout_eval_id1k.py:296: NearConstantInputWarning: An input array is nearly constant; the computed correlation coefficient may be inaccurate.
  rhos = [pearsonr(vel_all[m][:, d], pv[:, d])[0] for d in range(vel_all.shape[1])]
/home/likun-share/junjxu/wm/phyworld/scripts/rollout_eval_id1k.py:296: NearConstantInputWarning: An input array is nearly constant; the computed correlation coefficient may be inaccurate.
  rhos = [pearsonr(vel_all[m][:, d], pv[:, d])[0] for d in range(vel_all.shape[1])]

=== parabola AR ROLLOUT (LeWM ID-only FT, history_size=3) ===
--- latent fidelity (pred vs real emb), test trajs, by partition ---
  ID         n=  464  cos=+0.9851  nMSE=0.0112
  r/m-OOD    n=  319  cos=+0.9526  nMSE=0.1241
  v-OOD      n=  928  cos=+0.8280  nMSE=0.1949
  both-OOD   n= 1189  cos=+0.8215  nMSE=0.3142

--- latent fidelity vs horizon (test, aggregate) ---
  h=  1  n=  100  cos=+0.9860  nMSE=0.0326
  h=  2  n=  100  cos=+0.9754  nMSE=0.0588
  h=  4  n=  100  cos=+0.9620  nMSE=0.0974
  h=  8  n=  100  cos=+0.9434  nMSE=0.1456
  h= 16  n=  100  cos=+0.7283  nMSE=0.3572
  h= 28  n=  100  cos=+0.9531  nMSE=12887.5723

--- decoded pos/vel ρ from ROLLED-OUT latents (test), by partition ---
  [baseline] probe applied to REAL embs:
  REAL ID                   pos0ρ=+0.282  pos1ρ=+0.389  vel0ρ=+0.273  vel1ρ=+0.315
  REAL r/m-OOD              pos0ρ=+0.893  pos1ρ=+0.938  vel0ρ=+0.472  vel1ρ=+0.945
  REAL v-OOD                pos0ρ=+0.736  pos1ρ=+0.730  vel0ρ=+0.605  vel1ρ=+0.723
  REAL both-OOD             pos0ρ=+0.836  pos1ρ=+0.904  vel0ρ=+0.652  vel1ρ=+0.944
  [rollout] probe applied to PREDICTED embs:
  PRED ID                   pos0ρ=+0.199  pos1ρ=+0.283  vel0ρ=+0.293  vel1ρ=+0.201
  PRED r/m-OOD              pos0ρ=+0.744  pos1ρ=+0.866  vel0ρ=+0.428  vel1ρ=+0.834
  PRED v-OOD                pos0ρ=+0.308  pos1ρ=+0.473  vel0ρ=+0.478  vel1ρ=+0.450
  PRED both-OOD             pos0ρ=+0.490  pos1ρ=+0.664  vel0ρ=+0.640  vel1ρ=+0.677

--- decoded vel ρ from PRED latents vs horizon (test, aggregate) ---
  h=  1  n=  100  vel0ρ=+0.141  vel1ρ=+0.115
  h=  2  n=  100  vel0ρ=+0.262  vel1ρ=+0.075
  h=  4  n=  100  vel0ρ=+0.387  vel1ρ=+0.318
  h=  8  n=  100  vel0ρ=+0.652  vel1ρ=+nan
  h= 16  n=  100  vel0ρ=+0.823  vel1ρ=+0.181
  h= 28  n=  100  vel0ρ=-0.404  vel1ρ=-0.087

--- [K=4] decoded pos/vel ρ from ROLLED-OUT latents (test), by partition ---
  [K=4] probe applied to PREDICTED embs (stack 4 consecutive predicted latents):
  PRED-K4 ID          pos0ρ=+0.772  pos1ρ=+0.879  vel0ρ=+0.488  vel1ρ=+0.874
  PRED-K4 r/m-OOD     pos0ρ=+0.849  pos1ρ=+0.934  vel0ρ=+0.692  vel1ρ=+0.953
  PRED-K4 v-OOD       pos0ρ=+0.592  pos1ρ=+0.768  vel0ρ=+0.687  vel1ρ=+0.777
  PRED-K4 both-OOD    pos0ρ=+0.641  pos1ρ=+0.772  vel0ρ=+0.825  vel1ρ=+0.785

--- [K=4] decoded vel ρ from PRED latents vs horizon (test, aggregate) ---
  h=  4  n=  100  vel0ρ=+0.749  vel1ρ=-0.181
  h=  8  n=  100  vel0ρ=+0.820  vel1ρ=+nan
  h= 16  n=  100  vel0ρ=+0.873  vel1ρ=+0.280
  h= 28  n=  100  vel0ρ=-0.038  vel1ρ=-0.042

Total 70s
