[norm] action mean=[ 0.24667731 -0.40296947], std=[0.08836433 0.229554  ]  (from phyworld_parabola_id1k.h5)
[ckpt] /data1/likun-share/junjxu/.stable_worldmodel/pp2_par_scratch_off/pp2_par_scratch_off_epoch_120_object.ckpt  tag=pp2_par_scratch_off
  rolled out 100 trajs, t=16s
  rolled out 200 trajs, t=30s
  rolled out 300 trajs, t=43s
  rolled out 400 trajs, t=56s
  rolled out 500 trajs, t=70s

[data] 500 trajs, 14500 (frame,pred) pairs, emb dim=192
/home/likun-share/junjxu/wm/phyworld/scripts/rollout_eval_id1k.py:242: ConstantInputWarning: An input array is constant; the correlation coefficient is not defined.
  rhos = [pearsonr(vel_all[m][:, d], pv[:, d])[0] for d in range(vel_all.shape[1])]
/home/likun-share/junjxu/wm/phyworld/scripts/rollout_eval_id1k.py:242: NearConstantInputWarning: An input array is nearly constant; the computed correlation coefficient may be inaccurate.
  rhos = [pearsonr(vel_all[m][:, d], pv[:, d])[0] for d in range(vel_all.shape[1])]
/home/likun-share/junjxu/wm/phyworld/scripts/rollout_eval_id1k.py:242: NearConstantInputWarning: An input array is nearly constant; the computed correlation coefficient may be inaccurate.
  rhos = [pearsonr(vel_all[m][:, d], pv[:, d])[0] for d in range(vel_all.shape[1])]
/home/likun-share/junjxu/wm/phyworld/scripts/rollout_eval_id1k.py:296: ConstantInputWarning: An input array is constant; the correlation coefficient is not defined.
  rhos = [pearsonr(vel_all[m][:, d], pv[:, d])[0] for d in range(vel_all.shape[1])]
/home/likun-share/junjxu/wm/phyworld/scripts/rollout_eval_id1k.py:296: NearConstantInputWarning: An input array is nearly constant; the computed correlation coefficient may be inaccurate.
  rhos = [pearsonr(vel_all[m][:, d], pv[:, d])[0] for d in range(vel_all.shape[1])]
/home/likun-share/junjxu/wm/phyworld/scripts/rollout_eval_id1k.py:296: NearConstantInputWarning: An input array is nearly constant; the computed correlation coefficient may be inaccurate.
  rhos = [pearsonr(vel_all[m][:, d], pv[:, d])[0] for d in range(vel_all.shape[1])]

=== parabola AR ROLLOUT (LeWM ID-only FT, history_size=3) ===
--- latent fidelity (pred vs real emb), test trajs, by partition ---
  ID         n=  464  cos=+0.9865  nMSE=0.0147
  r/m-OOD    n=  319  cos=+0.8925  nMSE=0.3430
  v-OOD      n=  928  cos=+0.7492  nMSE=0.3989
  both-OOD   n= 1189  cos=+0.6921  nMSE=0.6514

--- latent fidelity vs horizon (test, aggregate) ---
  h=  1  n=  100  cos=+0.9294  nMSE=0.1296
  h=  2  n=  100  cos=+0.8795  nMSE=0.2522
  h=  4  n=  100  cos=+0.8442  nMSE=0.3879
  h=  8  n=  100  cos=+0.7926  nMSE=0.4550
  h= 16  n=  100  cos=+0.5766  nMSE=0.4030
  h= 28  n=  100  cos=+0.9108  nMSE=1976290.5000

--- decoded pos/vel ρ from ROLLED-OUT latents (test), by partition ---
  [baseline] probe applied to REAL embs:
  REAL ID                   pos0ρ=+0.494  pos1ρ=+0.625  vel0ρ=+0.319  vel1ρ=+0.591
  REAL r/m-OOD              pos0ρ=+0.844  pos1ρ=+0.925  vel0ρ=+0.468  vel1ρ=+0.912
  REAL v-OOD                pos0ρ=+0.743  pos1ρ=+0.751  vel0ρ=+0.515  vel1ρ=+0.753
  REAL both-OOD             pos0ρ=+0.794  pos1ρ=+0.856  vel0ρ=+0.504  vel1ρ=+0.880
  [rollout] probe applied to PREDICTED embs:
  PRED ID                   pos0ρ=+0.416  pos1ρ=+0.545  vel0ρ=+0.289  vel1ρ=+0.494
  PRED r/m-OOD              pos0ρ=+0.730  pos1ρ=+0.667  vel0ρ=+0.293  vel1ρ=+0.677
  PRED v-OOD                pos0ρ=+0.473  pos1ρ=+0.561  vel0ρ=+0.525  vel1ρ=+0.545
  PRED both-OOD             pos0ρ=+0.639  pos1ρ=+0.686  vel0ρ=+0.608  vel1ρ=+0.744

--- decoded vel ρ from PRED latents vs horizon (test, aggregate) ---
  h=  1  n=  100  vel0ρ=+0.375  vel1ρ=+0.232
  h=  2  n=  100  vel0ρ=+0.413  vel1ρ=-0.213
  h=  4  n=  100  vel0ρ=+0.341  vel1ρ=-0.027
  h=  8  n=  100  vel0ρ=+0.707  vel1ρ=+nan
  h= 16  n=  100  vel0ρ=+0.802  vel1ρ=-0.066
  h= 28  n=  100  vel0ρ=-0.960  vel1ρ=+0.064

--- [K=4] decoded pos/vel ρ from ROLLED-OUT latents (test), by partition ---
  [K=4] probe applied to PREDICTED embs (stack 4 consecutive predicted latents):
  PRED-K4 ID          pos0ρ=+0.787  pos1ρ=+0.889  vel0ρ=+0.351  vel1ρ=+0.885
  PRED-K4 r/m-OOD     pos0ρ=+0.648  pos1ρ=+0.792  vel0ρ=+0.293  vel1ρ=+0.789
  PRED-K4 v-OOD       pos0ρ=+0.649  pos1ρ=+0.741  vel0ρ=+0.608  vel1ρ=+0.771
  PRED-K4 both-OOD    pos0ρ=+0.586  pos1ρ=+0.786  vel0ρ=+0.625  vel1ρ=+0.787

--- [K=4] decoded vel ρ from PRED latents vs horizon (test, aggregate) ---
  h=  4  n=  100  vel0ρ=+0.504  vel1ρ=+0.043
  h=  8  n=  100  vel0ρ=+0.647  vel1ρ=+nan
  h= 16  n=  100  vel0ρ=+0.842  vel1ρ=-0.067
  h= 28  n=  100  vel0ρ=-0.376  vel1ρ=-0.006

Total 71s
