[norm] action mean=[ 0.24667731 -0.40296947], std=[0.08836433 0.229554  ]  (from phyworld_parabola_id1k.h5)
[ckpt] /data1/likun-share/junjxu/.stable_worldmodel/pp2_par_scratch_on_s42/pp2_par_scratch_on_s42_epoch_120_object.ckpt  tag=pp2_par_scratch_on_s42
  rolled out 100 trajs, t=18s
  rolled out 200 trajs, t=33s
  rolled out 300 trajs, t=47s
  rolled out 400 trajs, t=62s
  rolled out 500 trajs, t=76s

[data] 500 trajs, 14500 (frame,pred) pairs, emb dim=192
/home/likun-share/junjxu/wm/phyworld/scripts/rollout_eval_id1k.py:242: ConstantInputWarning: An input array is constant; the correlation coefficient is not defined.
  rhos = [pearsonr(vel_all[m][:, d], pv[:, d])[0] for d in range(vel_all.shape[1])]
/home/likun-share/junjxu/wm/phyworld/scripts/rollout_eval_id1k.py:242: NearConstantInputWarning: An input array is nearly constant; the computed correlation coefficient may be inaccurate.
  rhos = [pearsonr(vel_all[m][:, d], pv[:, d])[0] for d in range(vel_all.shape[1])]
/home/likun-share/junjxu/wm/phyworld/scripts/rollout_eval_id1k.py:242: NearConstantInputWarning: An input array is nearly constant; the computed correlation coefficient may be inaccurate.
  rhos = [pearsonr(vel_all[m][:, d], pv[:, d])[0] for d in range(vel_all.shape[1])]
/home/likun-share/junjxu/wm/phyworld/scripts/rollout_eval_id1k.py:296: ConstantInputWarning: An input array is constant; the correlation coefficient is not defined.
  rhos = [pearsonr(vel_all[m][:, d], pv[:, d])[0] for d in range(vel_all.shape[1])]
/home/likun-share/junjxu/wm/phyworld/scripts/rollout_eval_id1k.py:296: NearConstantInputWarning: An input array is nearly constant; the computed correlation coefficient may be inaccurate.
  rhos = [pearsonr(vel_all[m][:, d], pv[:, d])[0] for d in range(vel_all.shape[1])]
/home/likun-share/junjxu/wm/phyworld/scripts/rollout_eval_id1k.py:296: NearConstantInputWarning: An input array is nearly constant; the computed correlation coefficient may be inaccurate.
  rhos = [pearsonr(vel_all[m][:, d], pv[:, d])[0] for d in range(vel_all.shape[1])]

=== parabola AR ROLLOUT (LeWM ID-only FT, history_size=3) ===
--- latent fidelity (pred vs real emb), test trajs, by partition ---
  ID         n=  464  cos=+0.9773  nMSE=0.0267
  r/m-OOD    n=  319  cos=+0.8161  nMSE=0.4727
  v-OOD      n=  928  cos=+0.7913  nMSE=0.4276
  both-OOD   n= 1189  cos=+0.5911  nMSE=0.9041

--- latent fidelity vs horizon (test, aggregate) ---
  h=  1  n=  100  cos=+0.9460  nMSE=0.1185
  h=  2  n=  100  cos=+0.8999  nMSE=0.2064
  h=  4  n=  100  cos=+0.8620  nMSE=0.2849
  h=  8  n=  100  cos=+0.8135  nMSE=0.4383
  h= 16  n=  100  cos=+0.7146  nMSE=0.4821
  h= 28  n=  100  cos=+0.6990  nMSE=287770016.0000

--- decoded pos/vel ρ from ROLLED-OUT latents (test), by partition ---
  [baseline] probe applied to REAL embs:
  REAL ID                   pos0ρ=+0.945  pos1ρ=+0.979  vel0ρ=+0.247  vel1ρ=+0.983
  REAL r/m-OOD              pos0ρ=+0.907  pos1ρ=+0.970  vel0ρ=+0.482  vel1ρ=+0.970
  REAL v-OOD                pos0ρ=+0.881  pos1ρ=+0.896  vel0ρ=+0.607  vel1ρ=+0.941
  REAL both-OOD             pos0ρ=+0.837  pos1ρ=+0.895  vel0ρ=+0.553  vel1ρ=+0.930
  [rollout] probe applied to PREDICTED embs:
  PRED ID                   pos0ρ=+0.916  pos1ρ=+0.939  vel0ρ=+0.079  vel1ρ=+0.925
  PRED r/m-OOD              pos0ρ=+0.072  pos1ρ=+0.303  vel0ρ=+0.427  vel1ρ=+0.142
  PRED v-OOD                pos0ρ=+0.901  pos1ρ=+0.926  vel0ρ=+0.292  vel1ρ=+0.897
  PRED both-OOD             pos0ρ=+0.099  pos1ρ=+0.188  vel0ρ=+0.484  vel1ρ=+0.108

--- decoded vel ρ from PRED latents vs horizon (test, aggregate) ---
  h=  1  n=  100  vel0ρ=+0.108  vel1ρ=+0.040
  h=  2  n=  100  vel0ρ=+0.310  vel1ρ=+0.007
  h=  4  n=  100  vel0ρ=+0.590  vel1ρ=+0.029
  h=  8  n=  100  vel0ρ=+0.793  vel1ρ=+nan
  h= 16  n=  100  vel0ρ=+0.604  vel1ρ=-0.096
  h= 28  n=  100  vel0ρ=-0.273  vel1ρ=+0.072

--- [K=4] decoded pos/vel ρ from ROLLED-OUT latents (test), by partition ---
  [K=4] probe applied to PREDICTED embs (stack 4 consecutive predicted latents):
  PRED-K4 ID          pos0ρ=+0.857  pos1ρ=+0.931  vel0ρ=+0.514  vel1ρ=+0.915
  PRED-K4 r/m-OOD     pos0ρ=+0.058  pos1ρ=+0.284  vel0ρ=+0.308  vel1ρ=+0.144
  PRED-K4 v-OOD       pos0ρ=+0.905  pos1ρ=+0.888  vel0ρ=+0.814  vel1ρ=+0.872
  PRED-K4 both-OOD    pos0ρ=+0.094  pos1ρ=+0.170  vel0ρ=+0.267  vel1ρ=+0.103

--- [K=4] decoded vel ρ from PRED latents vs horizon (test, aggregate) ---
  h=  4  n=  100  vel0ρ=+0.492  vel1ρ=-0.153
  h=  8  n=  100  vel0ρ=+0.746  vel1ρ=+nan
  h= 16  n=  100  vel0ρ=+0.595  vel1ρ=-0.056
  h= 28  n=  100  vel0ρ=+0.097  vel1ρ=+0.101

Total 77s
