[norm] action mean=[0.24667731 0.        ], std=[8.83643282e-02 1.00000000e-08]  (from phyworld_uniform_motion_id1k.h5)
[ckpt] /data1/likun-share/junjxu/.stable_worldmodel/pp2_um_scratch_off_s42/pp2_um_scratch_off_s42_epoch_60_object.ckpt  tag=pp2_um_scratch_off_s42
  rolled out 100 trajs, t=18s
  rolled out 200 trajs, t=32s
  rolled out 300 trajs, t=46s
  rolled out 400 trajs, t=61s
  rolled out 500 trajs, t=76s

[data] 500 trajs, 14500 (frame,pred) pairs, emb dim=192
/home/likun-share/junjxu/wm/phyworld/scripts/rollout_eval_id1k.py:197: ConstantInputWarning: An input array is constant; the correlation coefficient is not defined.
  rho = pearsonr(vel_all[mask][:, d], pv[:, d])[0]
/home/likun-share/junjxu/wm/phyworld/scripts/rollout_eval_id1k.py:197: ConstantInputWarning: An input array is constant; the correlation coefficient is not defined.
  rho = pearsonr(vel_all[mask][:, d], pv[:, d])[0]
/home/likun-share/junjxu/wm/phyworld/scripts/rollout_eval_id1k.py:197: ConstantInputWarning: An input array is constant; the correlation coefficient is not defined.
  rho = pearsonr(vel_all[mask][:, d], pv[:, d])[0]
/home/likun-share/junjxu/wm/phyworld/scripts/rollout_eval_id1k.py:197: ConstantInputWarning: An input array is constant; the correlation coefficient is not defined.
  rho = pearsonr(vel_all[mask][:, d], pv[:, d])[0]
/home/likun-share/junjxu/wm/phyworld/scripts/rollout_eval_id1k.py:197: ConstantInputWarning: An input array is constant; the correlation coefficient is not defined.
  rho = pearsonr(vel_all[mask][:, d], pv[:, d])[0]
/home/likun-share/junjxu/wm/phyworld/scripts/rollout_eval_id1k.py:197: ConstantInputWarning: An input array is constant; the correlation coefficient is not defined.
  rho = pearsonr(vel_all[mask][:, d], pv[:, d])[0]
/home/likun-share/junjxu/wm/phyworld/scripts/rollout_eval_id1k.py:197: ConstantInputWarning: An input array is constant; the correlation coefficient is not defined.
  rho = pearsonr(vel_all[mask][:, d], pv[:, d])[0]
/home/likun-share/junjxu/wm/phyworld/scripts/rollout_eval_id1k.py:197: ConstantInputWarning: An input array is constant; the correlation coefficient is not defined.
  rho = pearsonr(vel_all[mask][:, d], pv[:, d])[0]
/home/likun-share/junjxu/wm/phyworld/scripts/rollout_eval_id1k.py:242: ConstantInputWarning: An input array is constant; the correlation coefficient is not defined.
  rhos = [pearsonr(vel_all[m][:, d], pv[:, d])[0] for d in range(vel_all.shape[1])]
/home/likun-share/junjxu/wm/phyworld/scripts/rollout_eval_id1k.py:242: ConstantInputWarning: An input array is constant; the correlation coefficient is not defined.
  rhos = [pearsonr(vel_all[m][:, d], pv[:, d])[0] for d in range(vel_all.shape[1])]
/home/likun-share/junjxu/wm/phyworld/scripts/rollout_eval_id1k.py:242: ConstantInputWarning: An input array is constant; the correlation coefficient is not defined.
  rhos = [pearsonr(vel_all[m][:, d], pv[:, d])[0] for d in range(vel_all.shape[1])]
/home/likun-share/junjxu/wm/phyworld/scripts/rollout_eval_id1k.py:242: ConstantInputWarning: An input array is constant; the correlation coefficient is not defined.
  rhos = [pearsonr(vel_all[m][:, d], pv[:, d])[0] for d in range(vel_all.shape[1])]
/home/likun-share/junjxu/wm/phyworld/scripts/rollout_eval_id1k.py:242: ConstantInputWarning: An input array is constant; the correlation coefficient is not defined.
  rhos = [pearsonr(vel_all[m][:, d], pv[:, d])[0] for d in range(vel_all.shape[1])]
/home/likun-share/junjxu/wm/phyworld/scripts/rollout_eval_id1k.py:242: ConstantInputWarning: An input array is constant; the correlation coefficient is not defined.
  rhos = [pearsonr(vel_all[m][:, d], pv[:, d])[0] for d in range(vel_all.shape[1])]
/home/likun-share/junjxu/wm/phyworld/scripts/rollout_eval_id1k.py:288: ConstantInputWarning: An input array is constant; the correlation coefficient is not defined.
  line += f"  vel{d}ρ={pearsonr(vel_all[m][:, d], pv[:, d])[0]:+.3f}"
/home/likun-share/junjxu/wm/phyworld/scripts/rollout_eval_id1k.py:288: ConstantInputWarning: An input array is constant; the correlation coefficient is not defined.
  line += f"  vel{d}ρ={pearsonr(vel_all[m][:, d], pv[:, d])[0]:+.3f}"
/home/likun-share/junjxu/wm/phyworld/scripts/rollout_eval_id1k.py:288: ConstantInputWarning: An input array is constant; the correlation coefficient is not defined.
  line += f"  vel{d}ρ={pearsonr(vel_all[m][:, d], pv[:, d])[0]:+.3f}"
/home/likun-share/junjxu/wm/phyworld/scripts/rollout_eval_id1k.py:288: ConstantInputWarning: An input array is constant; the correlation coefficient is not defined.
  line += f"  vel{d}ρ={pearsonr(vel_all[m][:, d], pv[:, d])[0]:+.3f}"
/home/likun-share/junjxu/wm/phyworld/scripts/rollout_eval_id1k.py:296: ConstantInputWarning: An input array is constant; the correlation coefficient is not defined.
  rhos = [pearsonr(vel_all[m][:, d], pv[:, d])[0] for d in range(vel_all.shape[1])]
/home/likun-share/junjxu/wm/phyworld/scripts/rollout_eval_id1k.py:296: ConstantInputWarning: An input array is constant; the correlation coefficient is not defined.
  rhos = [pearsonr(vel_all[m][:, d], pv[:, d])[0] for d in range(vel_all.shape[1])]
/home/likun-share/junjxu/wm/phyworld/scripts/rollout_eval_id1k.py:296: ConstantInputWarning: An input array is constant; the correlation coefficient is not defined.
  rhos = [pearsonr(vel_all[m][:, d], pv[:, d])[0] for d in range(vel_all.shape[1])]
/home/likun-share/junjxu/wm/phyworld/scripts/rollout_eval_id1k.py:296: ConstantInputWarning: An input array is constant; the correlation coefficient is not defined.
  rhos = [pearsonr(vel_all[m][:, d], pv[:, d])[0] for d in range(vel_all.shape[1])]

=== uniform_motion AR ROLLOUT (LeWM ID-only FT, history_size=3) ===
--- latent fidelity (pred vs real emb), test trajs, by partition ---
  ID         n=  406  cos=+0.9243  nMSE=0.1075
  r/m-OOD    n=  464  cos=+0.8215  nMSE=0.3493
  v-OOD      n=  841  cos=+0.8785  nMSE=0.2174
  both-OOD   n= 1189  cos=+0.8787  nMSE=0.2455

--- latent fidelity vs horizon (test, aggregate) ---
  h=  1  n=  100  cos=+0.9864  nMSE=0.0244
  h=  2  n=  100  cos=+0.9869  nMSE=0.0344
  h=  4  n=  100  cos=+0.9823  nMSE=0.0438
  h=  8  n=  100  cos=+0.9417  nMSE=0.1248
  h= 16  n=  100  cos=+0.7751  nMSE=0.3816
  h= 28  n=  100  cos=+0.8465  nMSE=0.3188

--- decoded pos/vel ρ from ROLLED-OUT latents (test), by partition ---
  [baseline] probe applied to REAL embs:
  REAL ID                   pos0ρ=+0.941  pos1ρ=+0.041  vel0ρ=+0.546  vel1ρ=+nan
  REAL r/m-OOD              pos0ρ=+0.898  pos1ρ=+0.183  vel0ρ=+0.290  vel1ρ=+nan
  REAL v-OOD                pos0ρ=+0.933  pos1ρ=-0.204  vel0ρ=+0.584  vel1ρ=+nan
  REAL both-OOD             pos0ρ=+0.906  pos1ρ=+0.144  vel0ρ=+0.589  vel1ρ=+nan
  [rollout] probe applied to PREDICTED embs:
  PRED ID                   pos0ρ=+0.400  pos1ρ=+0.441  vel0ρ=+0.268  vel1ρ=+nan
  PRED r/m-OOD              pos0ρ=+0.169  pos1ρ=+0.448  vel0ρ=+0.401  vel1ρ=+nan
  PRED v-OOD                pos0ρ=-0.618  pos1ρ=+0.170  vel0ρ=-0.037  vel1ρ=+nan
  PRED both-OOD             pos0ρ=-0.357  pos1ρ=+0.026  vel0ρ=+0.324  vel1ρ=+nan

--- decoded vel ρ from PRED latents vs horizon (test, aggregate) ---
  h=  1  n=  100  vel0ρ=+0.046  vel1ρ=+nan
  h=  2  n=  100  vel0ρ=-0.042  vel1ρ=+nan
  h=  4  n=  100  vel0ρ=-0.043  vel1ρ=+nan
  h=  8  n=  100  vel0ρ=+0.143  vel1ρ=+nan
  h= 16  n=  100  vel0ρ=+0.303  vel1ρ=+nan
  h= 28  n=  100  vel0ρ=+0.188  vel1ρ=+nan

--- [K=4] decoded pos/vel ρ from ROLLED-OUT latents (test), by partition ---
  [K=4] probe applied to PREDICTED embs (stack 4 consecutive predicted latents):
  PRED-K4 ID          pos0ρ=+0.311  pos1ρ=+0.454  vel0ρ=+0.205  vel1ρ=+nan
  PRED-K4 r/m-OOD     pos0ρ=+0.201  pos1ρ=+0.283  vel0ρ=+0.294  vel1ρ=+nan
  PRED-K4 v-OOD       pos0ρ=-0.679  pos1ρ=+0.167  vel0ρ=+0.214  vel1ρ=+nan
  PRED-K4 both-OOD    pos0ρ=-0.479  pos1ρ=+0.108  vel0ρ=+0.347  vel1ρ=+nan

--- [K=4] decoded vel ρ from PRED latents vs horizon (test, aggregate) ---
  h=  4  n=  100  vel0ρ=-0.041  vel1ρ=+nan
  h=  8  n=  100  vel0ρ=+0.149  vel1ρ=+nan
  h= 16  n=  100  vel0ρ=+0.144  vel1ρ=+nan
  h= 28  n=  100  vel0ρ=+0.664  vel1ρ=+nan

Total 77s
