[norm] action mean=[ 0.24667731 -0.40296947], std=[0.08836433 0.229554  ]  (from phyworld_parabola_id1k.h5)
[ckpt] /data1/likun-share/junjxu/.stable_worldmodel/pp_par_scratch_off/pp_par_scratch_off_epoch_60_object.ckpt  tag=pp_par_scratch_off
  rolled out 100 trajs, t=16s
  rolled out 200 trajs, t=29s
  rolled out 300 trajs, t=41s
  rolled out 400 trajs, t=54s
  rolled out 500 trajs, t=66s

[data] 500 trajs, 14500 (frame,pred) pairs, emb dim=192
/home/likun-share/junjxu/wm/phyworld/scripts/rollout_eval_id1k.py:242: ConstantInputWarning: An input array is constant; the correlation coefficient is not defined.
  rhos = [pearsonr(vel_all[m][:, d], pv[:, d])[0] for d in range(vel_all.shape[1])]
/home/likun-share/junjxu/wm/phyworld/scripts/rollout_eval_id1k.py:242: NearConstantInputWarning: An input array is nearly constant; the computed correlation coefficient may be inaccurate.
  rhos = [pearsonr(vel_all[m][:, d], pv[:, d])[0] for d in range(vel_all.shape[1])]
/home/likun-share/junjxu/wm/phyworld/scripts/rollout_eval_id1k.py:242: NearConstantInputWarning: An input array is nearly constant; the computed correlation coefficient may be inaccurate.
  rhos = [pearsonr(vel_all[m][:, d], pv[:, d])[0] for d in range(vel_all.shape[1])]
/home/likun-share/junjxu/wm/le-wm/.venv/lib/python3.10/site-packages/sklearn/linear_model/_ridge.py:213: LinAlgWarning: Ill-conditioned matrix (rcond=4.6519e-08): result may not be accurate.
  return linalg.solve(A, Xy, assume_a="pos", overwrite_a=True).T
/home/likun-share/junjxu/wm/le-wm/.venv/lib/python3.10/site-packages/sklearn/linear_model/_ridge.py:213: LinAlgWarning: Ill-conditioned matrix (rcond=4.6519e-08): result may not be accurate.
  return linalg.solve(A, Xy, assume_a="pos", overwrite_a=True).T
/home/likun-share/junjxu/wm/phyworld/scripts/rollout_eval_id1k.py:296: ConstantInputWarning: An input array is constant; the correlation coefficient is not defined.
  rhos = [pearsonr(vel_all[m][:, d], pv[:, d])[0] for d in range(vel_all.shape[1])]
/home/likun-share/junjxu/wm/phyworld/scripts/rollout_eval_id1k.py:296: NearConstantInputWarning: An input array is nearly constant; the computed correlation coefficient may be inaccurate.
  rhos = [pearsonr(vel_all[m][:, d], pv[:, d])[0] for d in range(vel_all.shape[1])]
/home/likun-share/junjxu/wm/phyworld/scripts/rollout_eval_id1k.py:296: NearConstantInputWarning: An input array is nearly constant; the computed correlation coefficient may be inaccurate.
  rhos = [pearsonr(vel_all[m][:, d], pv[:, d])[0] for d in range(vel_all.shape[1])]

=== parabola AR ROLLOUT (LeWM ID-only FT, history_size=3) ===
--- latent fidelity (pred vs real emb), test trajs, by partition ---
  ID         n=  464  cos=+0.9727  nMSE=0.0325
  r/m-OOD    n=  319  cos=+0.9398  nMSE=0.2629
  v-OOD      n=  928  cos=+0.8251  nMSE=0.3403
  both-OOD   n= 1189  cos=+0.7919  nMSE=0.5590

--- latent fidelity vs horizon (test, aggregate) ---
  h=  1  n=  100  cos=+0.9436  nMSE=0.1979
  h=  2  n=  100  cos=+0.9173  nMSE=0.3076
  h=  4  n=  100  cos=+0.8938  nMSE=0.3748
  h=  8  n=  100  cos=+0.8421  nMSE=0.4655
  h= 16  n=  100  cos=+0.7681  nMSE=0.3971
  h= 28  n=  100  cos=+0.8973  nMSE=4253.4258

--- decoded pos/vel ρ from ROLLED-OUT latents (test), by partition ---
  [baseline] probe applied to REAL embs:
  REAL ID                   pos0ρ=+0.815  pos1ρ=+0.901  vel0ρ=+0.205  vel1ρ=+0.888
  REAL r/m-OOD              pos0ρ=+0.860  pos1ρ=+0.929  vel0ρ=+0.436  vel1ρ=+0.922
  REAL v-OOD                pos0ρ=+0.859  pos1ρ=+0.865  vel0ρ=+0.632  vel1ρ=+0.902
  REAL both-OOD             pos0ρ=+0.820  pos1ρ=+0.881  vel0ρ=+0.601  vel1ρ=+0.917
  [rollout] probe applied to PREDICTED embs:
  PRED ID                   pos0ρ=+0.354  pos1ρ=+0.363  vel0ρ=+0.266  vel1ρ=+0.355
  PRED r/m-OOD              pos0ρ=+0.611  pos1ρ=+0.519  vel0ρ=+0.221  vel1ρ=+0.499
  PRED v-OOD                pos0ρ=+0.297  pos1ρ=+0.289  vel0ρ=+0.274  vel1ρ=+0.229
  PRED both-OOD             pos0ρ=+0.427  pos1ρ=+0.312  vel0ρ=+0.229  vel1ρ=+0.240

--- decoded vel ρ from PRED latents vs horizon (test, aggregate) ---
  h=  1  n=  100  vel0ρ=-0.586  vel1ρ=-0.093
  h=  2  n=  100  vel0ρ=-0.574  vel1ρ=+0.160
  h=  4  n=  100  vel0ρ=-0.469  vel1ρ=-0.070
  h=  8  n=  100  vel0ρ=-0.169  vel1ρ=+nan
  h= 16  n=  100  vel0ρ=+0.777  vel1ρ=-0.119
  h= 28  n=  100  vel0ρ=+0.362  vel1ρ=+0.022

--- [K=4] decoded pos/vel ρ from ROLLED-OUT latents (test), by partition ---
  [K=4] probe applied to PREDICTED embs (stack 4 consecutive predicted latents):
  PRED-K4 ID          pos0ρ=+0.651  pos1ρ=+0.690  vel0ρ=+0.611  vel1ρ=+0.711
  PRED-K4 r/m-OOD     pos0ρ=+0.742  pos1ρ=+0.589  vel0ρ=+0.495  vel1ρ=+0.598
  PRED-K4 v-OOD       pos0ρ=+0.675  pos1ρ=+0.508  vel0ρ=+0.612  vel1ρ=+0.334
  PRED-K4 both-OOD    pos0ρ=+0.746  pos1ρ=+0.442  vel0ρ=+0.535  vel1ρ=+0.247

--- [K=4] decoded vel ρ from PRED latents vs horizon (test, aggregate) ---
  h=  4  n=  100  vel0ρ=+0.159  vel1ρ=+0.154
  h=  8  n=  100  vel0ρ=+0.020  vel1ρ=+nan
  h= 16  n=  100  vel0ρ=+0.929  vel1ρ=-0.134
  h= 28  n=  100  vel0ρ=+0.191  vel1ρ=-0.129

Total 66s
