[norm] action mean=[-0.01484401  0.          0.01575156  0.        ], std=[7.72976437e-02 1.00000000e-08 8.20558954e-02 1.00000000e-08]  (from phyworld_collision_id1k.h5)
[ckpt] /data1/likun-share/junjxu/.stable_worldmodel/pp2_col_scratch_off_s42/pp2_col_scratch_off_s42_epoch_60_object.ckpt  tag=pp2_col_scratch_off_s42
  rolled out 100 trajs, t=14s
  rolled out 200 trajs, t=26s
  rolled out 300 trajs, t=38s
  rolled out 400 trajs, t=49s
  rolled out 500 trajs, t=61s

[data] 500 trajs, 14500 (frame,pred) pairs, emb dim=192

=== collision AR ROLLOUT (LeWM ID-only FT, history_size=3) ===
--- latent fidelity (pred vs real emb), test trajs, by partition ---
  ID         n=  203  cos=+0.7240  nMSE=0.4676
  r/m-OOD    n=  754  cos=+0.8890  nMSE=0.2311
  v-OOD      n=  290  cos=+0.7478  nMSE=0.4800
  both-OOD   n= 1653  cos=+0.8143  nMSE=0.4535

--- latent fidelity vs horizon (test, aggregate) ---
  h=  1  n=  100  cos=+0.9900  nMSE=0.0179
  h=  2  n=  100  cos=+0.9883  nMSE=0.0229
  h=  4  n=  100  cos=+0.9808  nMSE=0.0350
  h=  8  n=  100  cos=+0.9702  nMSE=0.0634
  h= 16  n=  100  cos=+0.7934  nMSE=0.4775
  h= 28  n=  100  cos=+0.6147  nMSE=0.9451

--- decoded pos/vel ρ from ROLLED-OUT latents (test), by partition ---
  [baseline] probe applied to REAL embs:
  REAL ID                   pos0ρ=+0.414  pos1ρ=+0.704  vel0ρ=+0.381  vel1ρ=+0.700
  REAL r/m-OOD              pos0ρ=+0.656  pos1ρ=+0.612  vel0ρ=+0.664  vel1ρ=+0.652
  REAL v-OOD                pos0ρ=+0.664  pos1ρ=+0.731  vel0ρ=+0.565  vel1ρ=+0.497
  REAL both-OOD             pos0ρ=+0.776  pos1ρ=+0.740  vel0ρ=+0.816  vel1ρ=+0.717
  [rollout] probe applied to PREDICTED embs:
  PRED ID                   pos0ρ=+0.515  pos1ρ=-0.076  vel0ρ=+0.476  vel1ρ=+0.086
  PRED r/m-OOD              pos0ρ=-0.155  pos1ρ=-0.130  vel0ρ=-0.115  vel1ρ=+0.423
  PRED v-OOD                pos0ρ=+0.487  pos1ρ=+0.053  vel0ρ=+0.127  vel1ρ=+0.314
  PRED both-OOD             pos0ρ=-0.321  pos1ρ=-0.469  vel0ρ=-0.480  vel1ρ=+0.060

--- decoded vel ρ from PRED latents vs horizon (test, aggregate) ---
  h=  1  n=  100  vel0ρ=-0.117  vel1ρ=-0.096
  h=  2  n=  100  vel0ρ=-0.069  vel1ρ=+0.084
  h=  4  n=  100  vel0ρ=-0.054  vel1ρ=+0.165
  h=  8  n=  100  vel0ρ=-0.487  vel1ρ=+0.322
  h= 16  n=  100  vel0ρ=-0.522  vel1ρ=+0.269
  h= 28  n=  100  vel0ρ=-0.476  vel1ρ=+0.342

--- [K=4] decoded pos/vel ρ from ROLLED-OUT latents (test), by partition ---
  [K=4] probe applied to PREDICTED embs (stack 4 consecutive predicted latents):
  PRED-K4 ID          pos0ρ=+0.584  pos1ρ=-0.089  vel0ρ=+0.521  vel1ρ=-0.046
  PRED-K4 r/m-OOD     pos0ρ=-0.165  pos1ρ=-0.030  vel0ρ=-0.162  vel1ρ=+0.583
  PRED-K4 v-OOD       pos0ρ=+0.378  pos1ρ=-0.022  vel0ρ=+0.206  vel1ρ=+0.382
  PRED-K4 both-OOD    pos0ρ=-0.414  pos1ρ=-0.321  vel0ρ=-0.533  vel1ρ=+0.568

--- [K=4] decoded vel ρ from PRED latents vs horizon (test, aggregate) ---
  h=  4  n=  100  vel0ρ=-0.124  vel1ρ=+0.240
  h=  8  n=  100  vel0ρ=-0.353  vel1ρ=+0.443
  h= 16  n=  100  vel0ρ=-0.499  vel1ρ=+0.614
  h= 28  n=  100  vel0ρ=-0.519  vel1ρ=+0.602

Total 62s
