[norm] action mean=[ 0.24667731 -0.40296947], std=[0.08836433 0.229554  ]  (from phyworld_parabola_id1k.h5)
[ckpt] /data1/likun-share/junjxu/.stable_worldmodel/pp_par_pusht_on/pp_par_pusht_on_epoch_60_object.ckpt  tag=pp_par_pusht_on
  rolled out 100 trajs, t=14s
  rolled out 200 trajs, t=26s
  rolled out 300 trajs, t=38s
  rolled out 400 trajs, t=50s
  rolled out 500 trajs, t=62s

[data] 500 trajs, 14500 (frame,pred) pairs, emb dim=192
/home/likun-share/junjxu/wm/phyworld/scripts/rollout_eval_id1k.py:242: ConstantInputWarning: An input array is constant; the correlation coefficient is not defined.
  rhos = [pearsonr(vel_all[m][:, d], pv[:, d])[0] for d in range(vel_all.shape[1])]
/home/likun-share/junjxu/wm/phyworld/scripts/rollout_eval_id1k.py:242: NearConstantInputWarning: An input array is nearly constant; the computed correlation coefficient may be inaccurate.
  rhos = [pearsonr(vel_all[m][:, d], pv[:, d])[0] for d in range(vel_all.shape[1])]
/home/likun-share/junjxu/wm/phyworld/scripts/rollout_eval_id1k.py:242: NearConstantInputWarning: An input array is nearly constant; the computed correlation coefficient may be inaccurate.
  rhos = [pearsonr(vel_all[m][:, d], pv[:, d])[0] for d in range(vel_all.shape[1])]
/home/likun-share/junjxu/wm/phyworld/scripts/rollout_eval_id1k.py:296: ConstantInputWarning: An input array is constant; the correlation coefficient is not defined.
  rhos = [pearsonr(vel_all[m][:, d], pv[:, d])[0] for d in range(vel_all.shape[1])]
/home/likun-share/junjxu/wm/phyworld/scripts/rollout_eval_id1k.py:296: NearConstantInputWarning: An input array is nearly constant; the computed correlation coefficient may be inaccurate.
  rhos = [pearsonr(vel_all[m][:, d], pv[:, d])[0] for d in range(vel_all.shape[1])]
/home/likun-share/junjxu/wm/phyworld/scripts/rollout_eval_id1k.py:296: NearConstantInputWarning: An input array is nearly constant; the computed correlation coefficient may be inaccurate.
  rhos = [pearsonr(vel_all[m][:, d], pv[:, d])[0] for d in range(vel_all.shape[1])]

=== parabola AR ROLLOUT (LeWM ID-only FT, history_size=3) ===
--- latent fidelity (pred vs real emb), test trajs, by partition ---
  ID         n=  464  cos=+0.9857  nMSE=0.0119
  r/m-OOD    n=  319  cos=+0.9199  nMSE=0.1581
  v-OOD      n=  928  cos=+0.8293  nMSE=0.2373
  both-OOD   n= 1189  cos=+0.7026  nMSE=0.4667

--- latent fidelity vs horizon (test, aggregate) ---
  h=  1  n=  100  cos=+0.9883  nMSE=0.0300
  h=  2  n=  100  cos=+0.9775  nMSE=0.0555
  h=  4  n=  100  cos=+0.9623  nMSE=0.0945
  h=  8  n=  100  cos=+0.9318  nMSE=0.1796
  h= 16  n=  100  cos=+0.7049  nMSE=0.4277
  h= 28  n=  100  cos=+0.7451  nMSE=40489908.0000

--- decoded pos/vel ρ from ROLLED-OUT latents (test), by partition ---
  [baseline] probe applied to REAL embs:
  REAL ID                   pos0ρ=+0.950  pos1ρ=+0.984  vel0ρ=+0.251  vel1ρ=+0.987
  REAL r/m-OOD              pos0ρ=+0.917  pos1ρ=+0.979  vel0ρ=+0.472  vel1ρ=+0.983
  REAL v-OOD                pos0ρ=+0.888  pos1ρ=+0.903  vel0ρ=+0.582  vel1ρ=+0.950
  REAL both-OOD             pos0ρ=+0.855  pos1ρ=+0.915  vel0ρ=+0.637  vel1ρ=+0.959
  [rollout] probe applied to PREDICTED embs:
  PRED ID                   pos0ρ=+0.939  pos1ρ=+0.980  vel0ρ=-0.069  vel1ρ=+0.948
  PRED r/m-OOD              pos0ρ=+0.570  pos1ρ=+0.689  vel0ρ=+0.339  vel1ρ=+0.627
  PRED v-OOD                pos0ρ=+0.909  pos1ρ=+0.957  vel0ρ=-0.201  vel1ρ=+0.907
  PRED both-OOD             pos0ρ=+0.281  pos1ρ=+0.521  vel0ρ=-0.040  vel1ρ=+0.469

--- decoded vel ρ from PRED latents vs horizon (test, aggregate) ---
  h=  1  n=  100  vel0ρ=+0.554  vel1ρ=-0.211
  h=  2  n=  100  vel0ρ=+0.623  vel1ρ=+0.188
  h=  4  n=  100  vel0ρ=+0.618  vel1ρ=+0.235
  h=  8  n=  100  vel0ρ=+0.638  vel1ρ=+nan
  h= 16  n=  100  vel0ρ=+0.363  vel1ρ=-0.068
  h= 28  n=  100  vel0ρ=-0.858  vel1ρ=+0.076

--- [K=4] decoded pos/vel ρ from ROLLED-OUT latents (test), by partition ---
  [K=4] probe applied to PREDICTED embs (stack 4 consecutive predicted latents):
  PRED-K4 ID          pos0ρ=+0.855  pos1ρ=+0.954  vel0ρ=-0.008  vel1ρ=+0.940
  PRED-K4 r/m-OOD     pos0ρ=+0.535  pos1ρ=+0.675  vel0ρ=+0.330  vel1ρ=+0.644
  PRED-K4 v-OOD       pos0ρ=+0.224  pos1ρ=+0.916  vel0ρ=-0.238  vel1ρ=+0.898
  PRED-K4 both-OOD    pos0ρ=-0.062  pos1ρ=+0.544  vel0ρ=-0.078  vel1ρ=+0.480

--- [K=4] decoded vel ρ from PRED latents vs horizon (test, aggregate) ---
  h=  4  n=  100  vel0ρ=+0.908  vel1ρ=+0.058
  h=  8  n=  100  vel0ρ=+0.909  vel1ρ=+nan
  h= 16  n=  100  vel0ρ=+0.006  vel1ρ=-0.071
  h= 28  n=  100  vel0ρ=-0.862  vel1ρ=+0.082

Total 63s
