[norm] action mean=[-0.01484401  0.          0.01575156  0.        ], std=[7.72976437e-02 1.00000000e-08 8.20558954e-02 1.00000000e-08]  (from phyworld_collision_id1k.h5)
[ckpt] /data1/likun-share/junjxu/.stable_worldmodel/pp2_col_scratch_off_s1234/pp2_col_scratch_off_s1234_epoch_60_object.ckpt  tag=pp2_col_scratch_off_s1234
  rolled out 100 trajs, t=15s
  rolled out 200 trajs, t=27s
  rolled out 300 trajs, t=39s
  rolled out 400 trajs, t=52s
  rolled out 500 trajs, t=64s

[data] 500 trajs, 14500 (frame,pred) pairs, emb dim=192

=== collision AR ROLLOUT (LeWM ID-only FT, history_size=3) ===
--- latent fidelity (pred vs real emb), test trajs, by partition ---
  ID         n=  203  cos=+0.8301  nMSE=0.3649
  r/m-OOD    n=  754  cos=+0.8536  nMSE=0.2410
  v-OOD      n=  290  cos=+0.6717  nMSE=0.5078
  both-OOD   n= 1653  cos=+0.8052  nMSE=0.5134

--- latent fidelity vs horizon (test, aggregate) ---
  h=  1  n=  100  cos=+0.9931  nMSE=0.0201
  h=  2  n=  100  cos=+0.9899  nMSE=0.0272
  h=  4  n=  100  cos=+0.9832  nMSE=0.0428
  h=  8  n=  100  cos=+0.9647  nMSE=0.0764
  h= 16  n=  100  cos=+0.7504  nMSE=0.5405
  h= 28  n=  100  cos=+0.6169  nMSE=0.9977

--- decoded pos/vel ρ from ROLLED-OUT latents (test), by partition ---
  [baseline] probe applied to REAL embs:
  REAL ID                   pos0ρ=+0.135  pos1ρ=+0.667  vel0ρ=+0.301  vel1ρ=+0.626
  REAL r/m-OOD              pos0ρ=+0.669  pos1ρ=+0.628  vel0ρ=+0.672  vel1ρ=+0.664
  REAL v-OOD                pos0ρ=+0.767  pos1ρ=+0.691  vel0ρ=+0.730  vel1ρ=+0.536
  REAL both-OOD             pos0ρ=+0.810  pos1ρ=+0.742  vel0ρ=+0.816  vel1ρ=+0.717
  [rollout] probe applied to PREDICTED embs:
  PRED ID                   pos0ρ=-0.142  pos1ρ=+0.063  vel0ρ=-0.048  vel1ρ=+0.142
  PRED r/m-OOD              pos0ρ=-0.277  pos1ρ=-0.172  vel0ρ=-0.188  vel1ρ=+0.036
  PRED v-OOD                pos0ρ=+0.452  pos1ρ=+0.017  vel0ρ=+0.524  vel1ρ=+0.041
  PRED both-OOD             pos0ρ=-0.304  pos1ρ=-0.138  vel0ρ=-0.248  vel1ρ=-0.077

--- decoded vel ρ from PRED latents vs horizon (test, aggregate) ---
  h=  1  n=  100  vel0ρ=-0.106  vel1ρ=-0.034
  h=  2  n=  100  vel0ρ=-0.062  vel1ρ=-0.139
  h=  4  n=  100  vel0ρ=-0.059  vel1ρ=-0.107
  h=  8  n=  100  vel0ρ=-0.468  vel1ρ=-0.096
  h= 16  n=  100  vel0ρ=-0.268  vel1ρ=-0.199
  h= 28  n=  100  vel0ρ=-0.194  vel1ρ=-0.075

--- [K=4] decoded pos/vel ρ from ROLLED-OUT latents (test), by partition ---
  [K=4] probe applied to PREDICTED embs (stack 4 consecutive predicted latents):
  PRED-K4 ID          pos0ρ=-0.230  pos1ρ=+0.068  vel0ρ=-0.200  vel1ρ=+0.191
  PRED-K4 r/m-OOD     pos0ρ=-0.294  pos1ρ=-0.246  vel0ρ=-0.152  vel1ρ=-0.079
  PRED-K4 v-OOD       pos0ρ=+0.474  pos1ρ=+0.090  vel0ρ=+0.410  vel1ρ=+0.298
  PRED-K4 both-OOD    pos0ρ=-0.472  pos1ρ=-0.329  vel0ρ=-0.386  vel1ρ=-0.338

--- [K=4] decoded vel ρ from PRED latents vs horizon (test, aggregate) ---
  h=  4  n=  100  vel0ρ=-0.089  vel1ρ=-0.119
  h=  8  n=  100  vel0ρ=-0.333  vel1ρ=-0.305
  h= 16  n=  100  vel0ρ=-0.313  vel1ρ=-0.328
  h= 28  n=  100  vel0ρ=-0.235  vel1ρ=-0.229

Total 65s
