[norm] action mean=[ 0.24667731 -0.40296947], std=[0.08836433 0.229554  ]  (from phyworld_parabola_id1k.h5)
[ckpt] /data1/likun-share/junjxu/.stable_worldmodel/pp2_par_scratch_on/pp2_par_scratch_on_epoch_120_object.ckpt  tag=pp2_par_scratch_on
  rolled out 100 trajs, t=17s
  rolled out 200 trajs, t=31s
  rolled out 300 trajs, t=45s
  rolled out 400 trajs, t=59s
  rolled out 500 trajs, t=73s

[data] 500 trajs, 14500 (frame,pred) pairs, emb dim=192
/home/likun-share/junjxu/wm/phyworld/scripts/rollout_eval_id1k.py:242: ConstantInputWarning: An input array is constant; the correlation coefficient is not defined.
  rhos = [pearsonr(vel_all[m][:, d], pv[:, d])[0] for d in range(vel_all.shape[1])]
/home/likun-share/junjxu/wm/phyworld/scripts/rollout_eval_id1k.py:242: NearConstantInputWarning: An input array is nearly constant; the computed correlation coefficient may be inaccurate.
  rhos = [pearsonr(vel_all[m][:, d], pv[:, d])[0] for d in range(vel_all.shape[1])]
/home/likun-share/junjxu/wm/phyworld/scripts/rollout_eval_id1k.py:242: NearConstantInputWarning: An input array is nearly constant; the computed correlation coefficient may be inaccurate.
  rhos = [pearsonr(vel_all[m][:, d], pv[:, d])[0] for d in range(vel_all.shape[1])]
/home/likun-share/junjxu/wm/le-wm/.venv/lib/python3.10/site-packages/sklearn/linear_model/_ridge.py:213: LinAlgWarning: Ill-conditioned matrix (rcond=5.44424e-08): result may not be accurate.
  return linalg.solve(A, Xy, assume_a="pos", overwrite_a=True).T
/home/likun-share/junjxu/wm/le-wm/.venv/lib/python3.10/site-packages/sklearn/linear_model/_ridge.py:213: LinAlgWarning: Ill-conditioned matrix (rcond=5.44424e-08): result may not be accurate.
  return linalg.solve(A, Xy, assume_a="pos", overwrite_a=True).T
/home/likun-share/junjxu/wm/phyworld/scripts/rollout_eval_id1k.py:296: ConstantInputWarning: An input array is constant; the correlation coefficient is not defined.
  rhos = [pearsonr(vel_all[m][:, d], pv[:, d])[0] for d in range(vel_all.shape[1])]
/home/likun-share/junjxu/wm/phyworld/scripts/rollout_eval_id1k.py:296: NearConstantInputWarning: An input array is nearly constant; the computed correlation coefficient may be inaccurate.
  rhos = [pearsonr(vel_all[m][:, d], pv[:, d])[0] for d in range(vel_all.shape[1])]
/home/likun-share/junjxu/wm/phyworld/scripts/rollout_eval_id1k.py:296: NearConstantInputWarning: An input array is nearly constant; the computed correlation coefficient may be inaccurate.
  rhos = [pearsonr(vel_all[m][:, d], pv[:, d])[0] for d in range(vel_all.shape[1])]

=== parabola AR ROLLOUT (LeWM ID-only FT, history_size=3) ===
--- latent fidelity (pred vs real emb), test trajs, by partition ---
  ID         n=  464  cos=+0.9737  nMSE=0.0313
  r/m-OOD    n=  319  cos=+0.8286  nMSE=0.3747
  v-OOD      n=  928  cos=+0.7878  nMSE=0.4102
  both-OOD   n= 1189  cos=+0.5793  nMSE=1.2011

--- latent fidelity vs horizon (test, aggregate) ---
  h=  1  n=  100  cos=+0.9279  nMSE=0.1167
  h=  2  n=  100  cos=+0.8840  nMSE=0.1980
  h=  4  n=  100  cos=+0.8707  nMSE=0.2725
  h=  8  n=  100  cos=+0.8266  nMSE=0.3945
  h= 16  n=  100  cos=+0.6995  nMSE=0.6078
  h= 28  n=  100  cos=+0.6718  nMSE=378735200.0000

--- decoded pos/vel ρ from ROLLED-OUT latents (test), by partition ---
  [baseline] probe applied to REAL embs:
  REAL ID                   pos0ρ=+0.944  pos1ρ=+0.982  vel0ρ=+0.339  vel1ρ=+0.985
  REAL r/m-OOD              pos0ρ=+0.898  pos1ρ=+0.968  vel0ρ=+0.484  vel1ρ=+0.965
  REAL v-OOD                pos0ρ=+0.882  pos1ρ=+0.896  vel0ρ=+0.560  vel1ρ=+0.941
  REAL both-OOD             pos0ρ=+0.829  pos1ρ=+0.896  vel0ρ=+0.558  vel1ρ=+0.930
  [rollout] probe applied to PREDICTED embs:
  PRED ID                   pos0ρ=+0.913  pos1ρ=+0.926  vel0ρ=+0.092  vel1ρ=+0.909
  PRED r/m-OOD              pos0ρ=+0.148  pos1ρ=+0.443  vel0ρ=+0.367  vel1ρ=+0.365
  PRED v-OOD                pos0ρ=+0.867  pos1ρ=+0.806  vel0ρ=-0.333  vel1ρ=+0.865
  PRED both-OOD             pos0ρ=+0.009  pos1ρ=+0.204  vel0ρ=+0.158  vel1ρ=+0.114

--- decoded vel ρ from PRED latents vs horizon (test, aggregate) ---
  h=  1  n=  100  vel0ρ=+0.187  vel1ρ=-0.026
  h=  2  n=  100  vel0ρ=+0.438  vel1ρ=-0.087
  h=  4  n=  100  vel0ρ=+0.177  vel1ρ=-0.017
  h=  8  n=  100  vel0ρ=+0.240  vel1ρ=+nan
  h= 16  n=  100  vel0ρ=-0.008  vel1ρ=-0.111
  h= 28  n=  100  vel0ρ=-0.262  vel1ρ=+0.069

--- [K=4] decoded pos/vel ρ from ROLLED-OUT latents (test), by partition ---
  [K=4] probe applied to PREDICTED embs (stack 4 consecutive predicted latents):
  PRED-K4 ID          pos0ρ=+0.851  pos1ρ=+0.896  vel0ρ=+0.220  vel1ρ=+0.887
  PRED-K4 r/m-OOD     pos0ρ=+0.144  pos1ρ=+0.440  vel0ρ=+0.451  vel1ρ=+0.398
  PRED-K4 v-OOD       pos0ρ=+0.802  pos1ρ=+0.816  vel0ρ=-0.255  vel1ρ=+0.854
  PRED-K4 both-OOD    pos0ρ=+0.050  pos1ρ=+0.156  vel0ρ=+0.211  vel1ρ=+0.083

--- [K=4] decoded vel ρ from PRED latents vs horizon (test, aggregate) ---
  h=  4  n=  100  vel0ρ=+0.669  vel1ρ=+0.063
  h=  8  n=  100  vel0ρ=+0.378  vel1ρ=+nan
  h= 16  n=  100  vel0ρ=+0.047  vel1ρ=-0.154
  h= 28  n=  100  vel0ρ=-0.209  vel1ρ=+0.076

Total 74s
