[norm] action mean=[-0.01484401  0.          0.01575156  0.        ], std=[7.72976437e-02 1.00000000e-08 8.20558954e-02 1.00000000e-08]  (from phyworld_collision_id1k.h5)
[ckpt] /data1/likun-share/junjxu/.stable_worldmodel/pp_col_scratch_off/pp_col_scratch_off_epoch_60_object.ckpt  tag=pp_col_scratch_off
  rolled out 100 trajs, t=16s
  rolled out 200 trajs, t=28s
  rolled out 300 trajs, t=41s
  rolled out 400 trajs, t=54s
  rolled out 500 trajs, t=66s

[data] 500 trajs, 14500 (frame,pred) pairs, emb dim=192

=== collision AR ROLLOUT (LeWM ID-only FT, history_size=3) ===
--- latent fidelity (pred vs real emb), test trajs, by partition ---
  ID         n=  203  cos=+0.7508  nMSE=0.4554
  r/m-OOD    n=  754  cos=+0.9006  nMSE=0.1824
  v-OOD      n=  290  cos=+0.7314  nMSE=0.4552
  both-OOD   n= 1653  cos=+0.8198  nMSE=0.3590

--- latent fidelity vs horizon (test, aggregate) ---
  h=  1  n=  100  cos=+0.9949  nMSE=0.0110
  h=  2  n=  100  cos=+0.9926  nMSE=0.0159
  h=  4  n=  100  cos=+0.9871  nMSE=0.0283
  h=  8  n=  100  cos=+0.9738  nMSE=0.0530
  h= 16  n=  100  cos=+0.8563  nMSE=0.3021
  h= 28  n=  100  cos=+0.6007  nMSE=0.8052

--- decoded pos/vel ρ from ROLLED-OUT latents (test), by partition ---
  [baseline] probe applied to REAL embs:
  REAL ID                   pos0ρ=+0.307  pos1ρ=+0.556  vel0ρ=+0.356  vel1ρ=+0.603
  REAL r/m-OOD              pos0ρ=+0.539  pos1ρ=+0.530  vel0ρ=+0.546  vel1ρ=+0.590
  REAL v-OOD                pos0ρ=+0.573  pos1ρ=+0.609  vel0ρ=+0.646  vel1ρ=+0.579
  REAL both-OOD             pos0ρ=+0.778  pos1ρ=+0.729  vel0ρ=+0.807  vel1ρ=+0.718
  [rollout] probe applied to PREDICTED embs:
  PRED ID                   pos0ρ=+0.374  pos1ρ=+0.316  vel0ρ=+0.383  vel1ρ=+0.432
  PRED r/m-OOD              pos0ρ=-0.021  pos1ρ=+0.019  vel0ρ=+0.125  vel1ρ=+0.431
  PRED v-OOD                pos0ρ=+0.392  pos1ρ=+0.355  vel0ρ=+0.344  vel1ρ=+0.331
  PRED both-OOD             pos0ρ=+0.074  pos1ρ=+0.322  vel0ρ=+0.252  vel1ρ=+0.522

--- decoded vel ρ from PRED latents vs horizon (test, aggregate) ---
  h=  1  n=  100  vel0ρ=+0.052  vel1ρ=-0.129
  h=  2  n=  100  vel0ρ=+0.023  vel1ρ=-0.203
  h=  4  n=  100  vel0ρ=+0.022  vel1ρ=-0.180
  h=  8  n=  100  vel0ρ=+0.201  vel1ρ=+0.587
  h= 16  n=  100  vel0ρ=+0.264  vel1ρ=+0.648
  h= 28  n=  100  vel0ρ=+0.163  vel1ρ=+0.595

--- [K=4] decoded pos/vel ρ from ROLLED-OUT latents (test), by partition ---
  [K=4] probe applied to PREDICTED embs (stack 4 consecutive predicted latents):
  PRED-K4 ID          pos0ρ=+0.256  pos1ρ=+0.455  vel0ρ=+0.168  vel1ρ=+0.396
  PRED-K4 r/m-OOD     pos0ρ=+0.004  pos1ρ=+0.099  vel0ρ=+0.303  vel1ρ=+0.465
  PRED-K4 v-OOD       pos0ρ=+0.289  pos1ρ=+0.550  vel0ρ=+0.035  vel1ρ=+0.400
  PRED-K4 both-OOD    pos0ρ=+0.077  pos1ρ=+0.355  vel0ρ=+0.405  vel1ρ=+0.625

--- [K=4] decoded vel ρ from PRED latents vs horizon (test, aggregate) ---
  h=  4  n=  100  vel0ρ=-0.052  vel1ρ=-0.276
  h=  8  n=  100  vel0ρ=+0.227  vel1ρ=+0.521
  h= 16  n=  100  vel0ρ=+0.421  vel1ρ=+0.664
  h= 28  n=  100  vel0ρ=+0.363  vel1ρ=+0.631

Total 67s
