[norm] action mean=[-0.01484401  0.          0.01575156  0.        ], std=[7.72976437e-02 1.00000000e-08 8.20558954e-02 1.00000000e-08]  (from phyworld_collision_id1k.h5)
[ckpt] /data1/likun-share/junjxu/.stable_worldmodel/pp2_col_scratch_on_s42/pp2_col_scratch_on_s42_epoch_60_object.ckpt  tag=pp2_col_scratch_on_s42
  rolled out 100 trajs, t=16s
  rolled out 200 trajs, t=29s
  rolled out 300 trajs, t=42s
  rolled out 400 trajs, t=55s
  rolled out 500 trajs, t=68s

[data] 500 trajs, 14500 (frame,pred) pairs, emb dim=192

=== collision AR ROLLOUT (LeWM ID-only FT, history_size=3) ===
--- latent fidelity (pred vs real emb), test trajs, by partition ---
  ID         n=  203  cos=+0.8219  nMSE=0.3491
  r/m-OOD    n=  754  cos=+0.7767  nMSE=0.5078
  v-OOD      n=  290  cos=+0.7165  nMSE=0.7353
  both-OOD   n= 1653  cos=+0.7134  nMSE=0.6488

--- latent fidelity vs horizon (test, aggregate) ---
  h=  1  n=  100  cos=+0.9919  nMSE=0.0288
  h=  2  n=  100  cos=+0.9863  nMSE=0.0481
  h=  4  n=  100  cos=+0.9737  nMSE=0.0858
  h=  8  n=  100  cos=+0.9536  nMSE=0.1360
  h= 16  n=  100  cos=+0.7658  nMSE=0.5542
  h= 28  n=  100  cos=+0.3587  nMSE=1.5660

--- decoded pos/vel ρ from ROLLED-OUT latents (test), by partition ---
  [baseline] probe applied to REAL embs:
  REAL ID                   pos0ρ=+0.950  pos1ρ=+0.959  vel0ρ=+0.689  vel1ρ=+0.763
  REAL r/m-OOD              pos0ρ=+0.828  pos1ρ=+0.802  vel0ρ=+0.785  vel1ρ=+0.743
  REAL v-OOD                pos0ρ=+0.945  pos1ρ=+0.934  vel0ρ=+0.728  vel1ρ=+0.738
  REAL both-OOD             pos0ρ=+0.901  pos1ρ=+0.852  vel0ρ=+0.903  vel1ρ=+0.776
  [rollout] probe applied to PREDICTED embs:
  PRED ID                   pos0ρ=+0.095  pos1ρ=+0.358  vel0ρ=-0.115  vel1ρ=+0.154
  PRED r/m-OOD              pos0ρ=-0.149  pos1ρ=+0.043  vel0ρ=-0.055  vel1ρ=+0.194
  PRED v-OOD                pos0ρ=+0.372  pos1ρ=+0.097  vel0ρ=+0.132  vel1ρ=-0.195
  PRED both-OOD             pos0ρ=-0.179  pos1ρ=+0.588  vel0ρ=-0.215  vel1ρ=+0.566

--- decoded vel ρ from PRED latents vs horizon (test, aggregate) ---
  h=  1  n=  100  vel0ρ=+0.041  vel1ρ=-0.275
  h=  2  n=  100  vel0ρ=+0.030  vel1ρ=-0.144
  h=  4  n=  100  vel0ρ=+0.010  vel1ρ=-0.086
  h=  8  n=  100  vel0ρ=-0.254  vel1ρ=+0.363
  h= 16  n=  100  vel0ρ=-0.138  vel1ρ=+0.563
  h= 28  n=  100  vel0ρ=-0.257  vel1ρ=+0.527

--- [K=4] decoded pos/vel ρ from ROLLED-OUT latents (test), by partition ---
  [K=4] probe applied to PREDICTED embs (stack 4 consecutive predicted latents):
  PRED-K4 ID          pos0ρ=+0.184  pos1ρ=+0.402  vel0ρ=+0.227  vel1ρ=+0.487
  PRED-K4 r/m-OOD     pos0ρ=-0.121  pos1ρ=+0.071  vel0ρ=-0.021  vel1ρ=+0.318
  PRED-K4 v-OOD       pos0ρ=+0.453  pos1ρ=-0.014  vel0ρ=+0.065  vel1ρ=-0.125
  PRED-K4 both-OOD    pos0ρ=-0.084  pos1ρ=+0.621  vel0ρ=-0.298  vel1ρ=+0.629

--- [K=4] decoded vel ρ from PRED latents vs horizon (test, aggregate) ---
  h=  4  n=  100  vel0ρ=+0.117  vel1ρ=+0.170
  h=  8  n=  100  vel0ρ=-0.372  vel1ρ=+0.340
  h= 16  n=  100  vel0ρ=-0.126  vel1ρ=+0.582
  h= 28  n=  100  vel0ρ=-0.282  vel1ρ=+0.591

Total 69s
