[norm] action mean=[ 0.24667731 -0.40296947], std=[0.08836433 0.229554  ]  (from phyworld_parabola_id1k.h5)
[ckpt] /data1/likun-share/junjxu/.stable_worldmodel/pp2_par_pusht_on/pp2_par_pusht_on_epoch_120_object.ckpt  tag=pp2_par_pusht_on
  rolled out 100 trajs, t=17s
  rolled out 200 trajs, t=31s
  rolled out 300 trajs, t=45s
  rolled out 400 trajs, t=60s
  rolled out 500 trajs, t=76s

[data] 500 trajs, 14500 (frame,pred) pairs, emb dim=192
/home/likun-share/junjxu/wm/phyworld/scripts/rollout_eval_id1k.py:242: ConstantInputWarning: An input array is constant; the correlation coefficient is not defined.
  rhos = [pearsonr(vel_all[m][:, d], pv[:, d])[0] for d in range(vel_all.shape[1])]
/home/likun-share/junjxu/wm/phyworld/scripts/rollout_eval_id1k.py:242: NearConstantInputWarning: An input array is nearly constant; the computed correlation coefficient may be inaccurate.
  rhos = [pearsonr(vel_all[m][:, d], pv[:, d])[0] for d in range(vel_all.shape[1])]
/home/likun-share/junjxu/wm/phyworld/scripts/rollout_eval_id1k.py:242: NearConstantInputWarning: An input array is nearly constant; the computed correlation coefficient may be inaccurate.
  rhos = [pearsonr(vel_all[m][:, d], pv[:, d])[0] for d in range(vel_all.shape[1])]
/home/likun-share/junjxu/wm/phyworld/scripts/rollout_eval_id1k.py:296: ConstantInputWarning: An input array is constant; the correlation coefficient is not defined.
  rhos = [pearsonr(vel_all[m][:, d], pv[:, d])[0] for d in range(vel_all.shape[1])]
/home/likun-share/junjxu/wm/phyworld/scripts/rollout_eval_id1k.py:296: NearConstantInputWarning: An input array is nearly constant; the computed correlation coefficient may be inaccurate.
  rhos = [pearsonr(vel_all[m][:, d], pv[:, d])[0] for d in range(vel_all.shape[1])]
/home/likun-share/junjxu/wm/phyworld/scripts/rollout_eval_id1k.py:296: NearConstantInputWarning: An input array is nearly constant; the computed correlation coefficient may be inaccurate.
  rhos = [pearsonr(vel_all[m][:, d], pv[:, d])[0] for d in range(vel_all.shape[1])]

=== parabola AR ROLLOUT (LeWM ID-only FT, history_size=3) ===
--- latent fidelity (pred vs real emb), test trajs, by partition ---
  ID         n=  464  cos=+0.9835  nMSE=0.0149
  r/m-OOD    n=  319  cos=+0.9172  nMSE=0.1980
  v-OOD      n=  928  cos=+0.8371  nMSE=0.1904
  both-OOD   n= 1189  cos=+0.7664  nMSE=0.3769

--- latent fidelity vs horizon (test, aggregate) ---
  h=  1  n=  100  cos=+0.9870  nMSE=0.0366
  h=  2  n=  100  cos=+0.9720  nMSE=0.0727
  h=  4  n=  100  cos=+0.9537  nMSE=0.1164
  h=  8  n=  100  cos=+0.9432  nMSE=0.1413
  h= 16  n=  100  cos=+0.7402  nMSE=0.3329
  h= 28  n=  100  cos=+0.8192  nMSE=9155853.0000

--- decoded pos/vel ρ from ROLLED-OUT latents (test), by partition ---
  [baseline] probe applied to REAL embs:
  REAL ID                   pos0ρ=+0.949  pos1ρ=+0.983  vel0ρ=+0.290  vel1ρ=+0.986
  REAL r/m-OOD              pos0ρ=+0.915  pos1ρ=+0.979  vel0ρ=+0.456  vel1ρ=+0.983
  REAL v-OOD                pos0ρ=+0.888  pos1ρ=+0.903  vel0ρ=+0.596  vel1ρ=+0.951
  REAL both-OOD             pos0ρ=+0.855  pos1ρ=+0.915  vel0ρ=+0.640  vel1ρ=+0.959
  [rollout] probe applied to PREDICTED embs:
  PRED ID                   pos0ρ=+0.923  pos1ρ=+0.974  vel0ρ=+0.105  vel1ρ=+0.968
  PRED r/m-OOD              pos0ρ=+0.812  pos1ρ=+0.889  vel0ρ=+0.237  vel1ρ=+0.881
  PRED v-OOD                pos0ρ=+0.902  pos1ρ=+0.956  vel0ρ=-0.188  vel1ρ=+0.930
  PRED both-OOD             pos0ρ=+0.616  pos1ρ=+0.712  vel0ρ=-0.211  vel1ρ=+0.678

--- decoded vel ρ from PRED latents vs horizon (test, aggregate) ---
  h=  1  n=  100  vel0ρ=+0.319  vel1ρ=+0.129
  h=  2  n=  100  vel0ρ=+0.417  vel1ρ=-0.292
  h=  4  n=  100  vel0ρ=+0.502  vel1ρ=-0.211
  h=  8  n=  100  vel0ρ=+0.629  vel1ρ=+nan
  h= 16  n=  100  vel0ρ=+0.001  vel1ρ=+0.001
  h= 28  n=  100  vel0ρ=-0.880  vel1ρ=+0.102

--- [K=4] decoded pos/vel ρ from ROLLED-OUT latents (test), by partition ---
  [K=4] probe applied to PREDICTED embs (stack 4 consecutive predicted latents):
  PRED-K4 ID          pos0ρ=+0.793  pos1ρ=+0.967  vel0ρ=+0.088  vel1ρ=+0.965
  PRED-K4 r/m-OOD     pos0ρ=+0.650  pos1ρ=+0.876  vel0ρ=+0.190  vel1ρ=+0.888
  PRED-K4 v-OOD       pos0ρ=+0.097  pos1ρ=+0.930  vel0ρ=-0.249  vel1ρ=+0.924
  PRED-K4 both-OOD    pos0ρ=+0.007  pos1ρ=+0.698  vel0ρ=-0.278  vel1ρ=+0.703

--- [K=4] decoded vel ρ from PRED latents vs horizon (test, aggregate) ---
  h=  4  n=  100  vel0ρ=+0.782  vel1ρ=-0.080
  h=  8  n=  100  vel0ρ=+0.761  vel1ρ=+nan
  h= 16  n=  100  vel0ρ=-0.242  vel1ρ=-0.001
  h= 28  n=  100  vel0ρ=-0.864  vel1ρ=+0.098

Total 77s
