[norm] action mean=[ 0.24667731 -0.40296947], std=[0.08836433 0.229554  ]  (from phyworld_parabola_id1k.h5)
[ckpt] /data1/likun-share/junjxu/.stable_worldmodel/pp_par_scratch_on/pp_par_scratch_on_epoch_60_object.ckpt  tag=pp_par_scratch_on
  rolled out 100 trajs, t=15s
  rolled out 200 trajs, t=28s
  rolled out 300 trajs, t=40s
  rolled out 400 trajs, t=52s
  rolled out 500 trajs, t=65s

[data] 500 trajs, 14500 (frame,pred) pairs, emb dim=192
/home/likun-share/junjxu/wm/phyworld/scripts/rollout_eval_id1k.py:242: ConstantInputWarning: An input array is constant; the correlation coefficient is not defined.
  rhos = [pearsonr(vel_all[m][:, d], pv[:, d])[0] for d in range(vel_all.shape[1])]
/home/likun-share/junjxu/wm/phyworld/scripts/rollout_eval_id1k.py:242: NearConstantInputWarning: An input array is nearly constant; the computed correlation coefficient may be inaccurate.
  rhos = [pearsonr(vel_all[m][:, d], pv[:, d])[0] for d in range(vel_all.shape[1])]
/home/likun-share/junjxu/wm/phyworld/scripts/rollout_eval_id1k.py:242: NearConstantInputWarning: An input array is nearly constant; the computed correlation coefficient may be inaccurate.
  rhos = [pearsonr(vel_all[m][:, d], pv[:, d])[0] for d in range(vel_all.shape[1])]
/home/likun-share/junjxu/wm/le-wm/.venv/lib/python3.10/site-packages/sklearn/linear_model/_ridge.py:213: LinAlgWarning: Ill-conditioned matrix (rcond=4.49916e-08): result may not be accurate.
  return linalg.solve(A, Xy, assume_a="pos", overwrite_a=True).T
/home/likun-share/junjxu/wm/le-wm/.venv/lib/python3.10/site-packages/sklearn/linear_model/_ridge.py:213: LinAlgWarning: Ill-conditioned matrix (rcond=4.49916e-08): result may not be accurate.
  return linalg.solve(A, Xy, assume_a="pos", overwrite_a=True).T
/home/likun-share/junjxu/wm/phyworld/scripts/rollout_eval_id1k.py:296: ConstantInputWarning: An input array is constant; the correlation coefficient is not defined.
  rhos = [pearsonr(vel_all[m][:, d], pv[:, d])[0] for d in range(vel_all.shape[1])]
/home/likun-share/junjxu/wm/phyworld/scripts/rollout_eval_id1k.py:296: NearConstantInputWarning: An input array is nearly constant; the computed correlation coefficient may be inaccurate.
  rhos = [pearsonr(vel_all[m][:, d], pv[:, d])[0] for d in range(vel_all.shape[1])]
/home/likun-share/junjxu/wm/phyworld/scripts/rollout_eval_id1k.py:296: NearConstantInputWarning: An input array is nearly constant; the computed correlation coefficient may be inaccurate.
  rhos = [pearsonr(vel_all[m][:, d], pv[:, d])[0] for d in range(vel_all.shape[1])]

=== parabola AR ROLLOUT (LeWM ID-only FT, history_size=3) ===
--- latent fidelity (pred vs real emb), test trajs, by partition ---
  ID         n=  464  cos=+0.9712  nMSE=0.0295
  r/m-OOD    n=  319  cos=+0.8536  nMSE=0.3197
  v-OOD      n=  928  cos=+0.8128  nMSE=0.3993
  both-OOD   n= 1189  cos=+0.6650  nMSE=0.6775

--- latent fidelity vs horizon (test, aggregate) ---
  h=  1  n=  100  cos=+0.9743  nMSE=0.1082
  h=  2  n=  100  cos=+0.9575  nMSE=0.1501
  h=  4  n=  100  cos=+0.9397  nMSE=0.1923
  h=  8  n=  100  cos=+0.9158  nMSE=0.2845
  h= 16  n=  100  cos=+0.7444  nMSE=0.4925
  h= 28  n=  100  cos=+0.6721  nMSE=95176624.0000

--- decoded pos/vel ρ from ROLLED-OUT latents (test), by partition ---
  [baseline] probe applied to REAL embs:
  REAL ID                   pos0ρ=+0.947  pos1ρ=+0.984  vel0ρ=+0.226  vel1ρ=+0.988
  REAL r/m-OOD              pos0ρ=+0.914  pos1ρ=+0.975  vel0ρ=+0.490  vel1ρ=+0.978
  REAL v-OOD                pos0ρ=+0.882  pos1ρ=+0.897  vel0ρ=+0.622  vel1ρ=+0.944
  REAL both-OOD             pos0ρ=+0.844  pos1ρ=+0.903  vel0ρ=+0.615  vel1ρ=+0.942
  [rollout] probe applied to PREDICTED embs:
  PRED ID                   pos0ρ=+0.846  pos1ρ=+0.857  vel0ρ=+0.037  vel1ρ=+0.835
  PRED r/m-OOD              pos0ρ=+0.004  pos1ρ=+0.097  vel0ρ=+0.420  vel1ρ=+0.015
  PRED v-OOD                pos0ρ=+0.926  pos1ρ=+0.861  vel0ρ=-0.036  vel1ρ=+0.842
  PRED both-OOD             pos0ρ=+0.001  pos1ρ=+0.018  vel0ρ=+0.267  vel1ρ=-0.023

--- decoded vel ρ from PRED latents vs horizon (test, aggregate) ---
  h=  1  n=  100  vel0ρ=+0.393  vel1ρ=-0.209
  h=  2  n=  100  vel0ρ=+0.336  vel1ρ=-0.032
  h=  4  n=  100  vel0ρ=+0.266  vel1ρ=-0.028
  h=  8  n=  100  vel0ρ=+0.607  vel1ρ=+nan
  h= 16  n=  100  vel0ρ=+0.513  vel1ρ=-0.122
  h= 28  n=  100  vel0ρ=-0.535  vel1ρ=+0.069

--- [K=4] decoded pos/vel ρ from ROLLED-OUT latents (test), by partition ---
  [K=4] probe applied to PREDICTED embs (stack 4 consecutive predicted latents):
  PRED-K4 ID          pos0ρ=+0.781  pos1ρ=+0.846  vel0ρ=+0.267  vel1ρ=+0.819
  PRED-K4 r/m-OOD     pos0ρ=+0.014  pos1ρ=+0.092  vel0ρ=+0.419  vel1ρ=+0.019
  PRED-K4 v-OOD       pos0ρ=+0.808  pos1ρ=+0.836  vel0ρ=+0.071  vel1ρ=+0.811
  PRED-K4 both-OOD    pos0ρ=+0.014  pos1ρ=+0.014  vel0ρ=+0.250  vel1ρ=-0.019

--- [K=4] decoded vel ρ from PRED latents vs horizon (test, aggregate) ---
  h=  4  n=  100  vel0ρ=+0.698  vel1ρ=-0.003
  h=  8  n=  100  vel0ρ=+0.578  vel1ρ=+nan
  h= 16  n=  100  vel0ρ=+0.244  vel1ρ=-0.134
  h= 28  n=  100  vel0ρ=-0.522  vel1ρ=+0.067

Total 65s
