[norm] action mean=[ 0.24667731 -0.40296947], std=[0.08836433 0.229554  ]  (from phyworld_parabola_id1k.h5)
[ckpt] /data1/likun-share/junjxu/.stable_worldmodel/pp2_par_scratch_off_s1234/pp2_par_scratch_off_s1234_epoch_120_object.ckpt  tag=pp2_par_scratch_off_s1234
  rolled out 100 trajs, t=17s
  rolled out 200 trajs, t=33s
  rolled out 300 trajs, t=48s
  rolled out 400 trajs, t=63s
  rolled out 500 trajs, t=77s

[data] 500 trajs, 14500 (frame,pred) pairs, emb dim=192
/home/likun-share/junjxu/wm/phyworld/scripts/rollout_eval_id1k.py:242: ConstantInputWarning: An input array is constant; the correlation coefficient is not defined.
  rhos = [pearsonr(vel_all[m][:, d], pv[:, d])[0] for d in range(vel_all.shape[1])]
/home/likun-share/junjxu/wm/phyworld/scripts/rollout_eval_id1k.py:242: NearConstantInputWarning: An input array is nearly constant; the computed correlation coefficient may be inaccurate.
  rhos = [pearsonr(vel_all[m][:, d], pv[:, d])[0] for d in range(vel_all.shape[1])]
/home/likun-share/junjxu/wm/phyworld/scripts/rollout_eval_id1k.py:242: NearConstantInputWarning: An input array is nearly constant; the computed correlation coefficient may be inaccurate.
  rhos = [pearsonr(vel_all[m][:, d], pv[:, d])[0] for d in range(vel_all.shape[1])]
/home/likun-share/junjxu/wm/le-wm/.venv/lib/python3.10/site-packages/sklearn/linear_model/_ridge.py:213: LinAlgWarning: Ill-conditioned matrix (rcond=5.56305e-08): result may not be accurate.
  return linalg.solve(A, Xy, assume_a="pos", overwrite_a=True).T
/home/likun-share/junjxu/wm/le-wm/.venv/lib/python3.10/site-packages/sklearn/linear_model/_ridge.py:213: LinAlgWarning: Ill-conditioned matrix (rcond=5.56305e-08): result may not be accurate.
  return linalg.solve(A, Xy, assume_a="pos", overwrite_a=True).T
/home/likun-share/junjxu/wm/phyworld/scripts/rollout_eval_id1k.py:296: ConstantInputWarning: An input array is constant; the correlation coefficient is not defined.
  rhos = [pearsonr(vel_all[m][:, d], pv[:, d])[0] for d in range(vel_all.shape[1])]
/home/likun-share/junjxu/wm/phyworld/scripts/rollout_eval_id1k.py:296: NearConstantInputWarning: An input array is nearly constant; the computed correlation coefficient may be inaccurate.
  rhos = [pearsonr(vel_all[m][:, d], pv[:, d])[0] for d in range(vel_all.shape[1])]
/home/likun-share/junjxu/wm/phyworld/scripts/rollout_eval_id1k.py:296: NearConstantInputWarning: An input array is nearly constant; the computed correlation coefficient may be inaccurate.
  rhos = [pearsonr(vel_all[m][:, d], pv[:, d])[0] for d in range(vel_all.shape[1])]

=== parabola AR ROLLOUT (LeWM ID-only FT, history_size=3) ===
--- latent fidelity (pred vs real emb), test trajs, by partition ---
  ID         n=  464  cos=+0.9853  nMSE=0.0182
  r/m-OOD    n=  319  cos=+0.8663  nMSE=0.4196
  v-OOD      n=  928  cos=+0.6857  nMSE=0.4829
  both-OOD   n= 1189  cos=+0.6211  nMSE=0.8294

--- latent fidelity vs horizon (test, aggregate) ---
  h=  1  n=  100  cos=+0.8956  nMSE=0.1612
  h=  2  n=  100  cos=+0.8494  nMSE=0.2531
  h=  4  n=  100  cos=+0.8019  nMSE=0.4208
  h=  8  n=  100  cos=+0.7382  nMSE=0.6121
  h= 16  n=  100  cos=+0.5699  nMSE=0.4732
  h= 28  n=  100  cos=+0.8403  nMSE=3355950.5000

--- decoded pos/vel ρ from ROLLED-OUT latents (test), by partition ---
  [baseline] probe applied to REAL embs:
  REAL ID                   pos0ρ=+0.504  pos1ρ=+0.646  vel0ρ=+0.267  vel1ρ=+0.591
  REAL r/m-OOD              pos0ρ=+0.857  pos1ρ=+0.924  vel0ρ=+0.486  vel1ρ=+0.923
  REAL v-OOD                pos0ρ=+0.767  pos1ρ=+0.745  vel0ρ=+0.593  vel1ρ=+0.748
  REAL both-OOD             pos0ρ=+0.802  pos1ρ=+0.865  vel0ρ=+0.535  vel1ρ=+0.888
  [rollout] probe applied to PREDICTED embs:
  PRED ID                   pos0ρ=+0.429  pos1ρ=+0.476  vel0ρ=+0.174  vel1ρ=+0.411
  PRED r/m-OOD              pos0ρ=+0.800  pos1ρ=+0.858  vel0ρ=+0.117  vel1ρ=+0.860
  PRED v-OOD                pos0ρ=+0.393  pos1ρ=+0.513  vel0ρ=+0.561  vel1ρ=+0.538
  PRED both-OOD             pos0ρ=+0.546  pos1ρ=+0.651  vel0ρ=+0.380  vel1ρ=+0.701

--- decoded vel ρ from PRED latents vs horizon (test, aggregate) ---
  h=  1  n=  100  vel0ρ=+0.226  vel1ρ=-0.009
  h=  2  n=  100  vel0ρ=+0.216  vel1ρ=+0.000
  h=  4  n=  100  vel0ρ=+0.229  vel1ρ=+0.128
  h=  8  n=  100  vel0ρ=+0.478  vel1ρ=+nan
  h= 16  n=  100  vel0ρ=+0.776  vel1ρ=-0.021
  h= 28  n=  100  vel0ρ=+0.889  vel1ρ=-0.015

--- [K=4] decoded pos/vel ρ from ROLLED-OUT latents (test), by partition ---
  [K=4] probe applied to PREDICTED embs (stack 4 consecutive predicted latents):
  PRED-K4 ID          pos0ρ=+0.807  pos1ρ=+0.862  vel0ρ=+0.235  vel1ρ=+0.865
  PRED-K4 r/m-OOD     pos0ρ=+0.809  pos1ρ=+0.733  vel0ρ=+0.078  vel1ρ=+0.628
  PRED-K4 v-OOD       pos0ρ=+0.599  pos1ρ=+0.567  vel0ρ=+0.498  vel1ρ=+0.529
  PRED-K4 both-OOD    pos0ρ=+0.630  pos1ρ=+0.371  vel0ρ=+0.501  vel1ρ=+0.204

--- [K=4] decoded vel ρ from PRED latents vs horizon (test, aggregate) ---
  h=  4  n=  100  vel0ρ=+0.639  vel1ρ=+0.102
  h=  8  n=  100  vel0ρ=+0.641  vel1ρ=+nan
  h= 16  n=  100  vel0ρ=+0.670  vel1ρ=-0.190
  h= 28  n=  100  vel0ρ=+0.271  vel1ρ=-0.031

Total 78s
