[ckpt] trained = /data1/likun-share/junjxu/.stable_worldmodel/collision_sw_w0p1_f4_id1k/collision_sw_w0p1_f4_id1k_epoch_20_object.ckpt
[frozen] target encoder = /data1/likun-share/junjxu/.stable_worldmodel/lewm_paper_pusht/weights.pt
  rolled out 100 trajs, t=19s
  rolled out 200 trajs, t=37s
  rolled out 300 trajs, t=55s

[data] 300 trajs, 8700 pairs, emb dim=192

=== cos by partition — TRAINED-target (original loop) vs FROZEN-target ===
  partition  | trained-target | frozen-target |   Δ
  -----------+----------------+---------------+--------
  ID         | +0.6545        | +0.0537      | -0.6008
  r/m-OOD    | +0.6482        | +0.0627      | -0.5854

=== cos vs horizon — TRAINED-target vs FROZEN-target ===
    h | trained-target | frozen-target |   Δ
  ----+----------------+---------------+--------
    1 | +0.9927        | +0.0818      | -0.9110
    2 | +0.9843        | +0.0930      | -0.8913
    4 | +0.9488        | +0.1093      | -0.8395
    8 | +0.8294        | +0.1064      | -0.7230
   16 | +0.6079        | +0.0480      | -0.5599
   28 | +0.3607        | +0.0115      | -0.3492
