[ckpt] trained = /data1/likun-share/junjxu/.stable_worldmodel/parabola_sw_w50p0_f2_id1k/parabola_sw_w50p0_f2_id1k_epoch_20_object.ckpt
[frozen] target encoder = /data1/likun-share/junjxu/.stable_worldmodel/lewm_paper_pusht/weights.pt
  rolled out 100 trajs, t=16s
  rolled out 200 trajs, t=33s
  rolled out 300 trajs, t=49s

[data] 300 trajs, 8700 pairs, emb dim=192

=== cos by partition — TRAINED-target (original loop) vs FROZEN-target ===
  partition  | trained-target | frozen-target |   Δ
  -----------+----------------+---------------+--------
  ID         | +0.8929        | -0.0436      | -0.9365
  r/m-OOD    | +0.8181        | +0.0282      | -0.7899
  v-OOD      | +0.8756        | -0.0654      | -0.9410
  both-OOD   | +0.7469        | +0.1684      | -0.5785

=== cos vs horizon — TRAINED-target vs FROZEN-target ===
    h | trained-target | frozen-target |   Δ
  ----+----------------+---------------+--------
    1 | +0.9870        | +0.0343      | -0.9527
    2 | +0.9839        | +0.0388      | -0.9450
    4 | +0.9728        | +0.0422      | -0.9306
    8 | +0.9583        | +0.1153      | -0.8430
   16 | +0.8800        | +0.1672      | -0.7127
   28 | +0.6667        | -0.3484      | -1.0150
