[ckpt] trained = /data1/likun-share/junjxu/.stable_worldmodel/uniform_sw_w50p0_f4_id1k/uniform_sw_w50p0_f4_id1k_epoch_20_object.ckpt
[frozen] target encoder = /data1/likun-share/junjxu/.stable_worldmodel/lewm_paper_pusht/weights.pt
  rolled out 100 trajs, t=19s
  rolled out 200 trajs, t=37s
  rolled out 300 trajs, t=55s

[data] 300 trajs, 8700 pairs, emb dim=192

=== cos by partition — TRAINED-target (original loop) vs FROZEN-target ===
  partition  | trained-target | frozen-target |   Δ
  -----------+----------------+---------------+--------
  ID         | +0.9660        | +0.1771      | -0.7888
  r/m-OOD    | +0.9538        | +0.4016      | -0.5522
  v-OOD      | +0.9468        | +0.1238      | -0.8231

=== cos vs horizon — TRAINED-target vs FROZEN-target ===
    h | trained-target | frozen-target |   Δ
  ----+----------------+---------------+--------
    1 | +0.9910        | +0.0102      | -0.9807
    2 | +0.9867        | +0.0139      | -0.9727
    4 | +0.9771        | +0.0243      | -0.9528
    8 | +0.9581        | +0.0768      | -0.8813
   16 | +0.9533        | +0.2976      | -0.6557
   28 | +0.9531        | +0.3253      | -0.6278
